################################################################################
#                                                                              #
#      IAR Universal Linker V6.4.6.89                                          #
#                                                                              #
#           Link time     =  25/Nov/2019  20:02:25                             #
#           Target CPU    =  x51                                               #
#           List file     =  "\\vmware-host\Shared Folders\Projects\WMNU\IAR\P #
#                            RJ_UNITEST\Debug\List\unitest.map"                #
#           Output file 1 =  "\\vmware-host\Shared Folders\Projects\WMNU\IAR\P #
#                            RJ_UNITEST\Debug\Exe\unitest.d51"                 #
#                            Format: ubrof10                                   #
#                            UBROF version 10.0.6                              #
#                            Using library modules for C-SPY (-rt)             #
#           Command line  =  -f                                                #
#                            C:\Users\08A4~1\AppData\Local\Temp\EW2D2D.tmp     #
#                            ("\\vmware-host\Shared Folders\Projects\WMNU\IAR\ #
#                            PRJ_UNITEST\Debug\Obj\coder.r51"                  #
#                            "\\vmware-host\Shared Folders\Projects\WMNU\IAR\P #
#                            RJ_UNITEST\Debug\Obj\delays.r51"                  #
#                            "\\vmware-host\Shared Folders\Projects\WMNU\IAR\P #
#                            RJ_UNITEST\Debug\Obj\fbuf.r51"                    #
#                            "\\vmware-host\Shared Folders\Projects\WMNU\IAR\P #
#                            RJ_UNITEST\Debug\Obj\frame.r51"                   #
#                            "\\vmware-host\Shared Folders\Projects\WMNU\IAR\P #
#                            RJ_UNITEST\Debug\Obj\LLC.r51"                     #
#                            "\\vmware-host\Shared Folders\Projects\WMNU\IAR\P #
#                            RJ_UNITEST\Debug\Obj\MAC.r51"                     #
#                            "\\vmware-host\Shared Folders\Projects\WMNU\IAR\P #
#                            RJ_UNITEST\Debug\Obj\NTMR.r51"                    #
#                            "\\vmware-host\Shared Folders\Projects\WMNU\IAR\P #
#                            RJ_UNITEST\Debug\Obj\nwdebuger.r51"               #
#                            "\\vmware-host\Shared Folders\Projects\WMNU\IAR\P #
#                            RJ_UNITEST\Debug\Obj\RADIO.r51"                   #
#                            "\\vmware-host\Shared Folders\Projects\WMNU\IAR\P #
#                            RJ_UNITEST\Debug\Obj\TIC.r51"                     #
#                            "\\vmware-host\Shared Folders\Projects\WMNU\IAR\P #
#                            RJ_UNITEST\Debug\Obj\utest.r51"                   #
#                            "\\vmware-host\Shared Folders\Projects\WMNU\IAR\P #
#                            RJ_UNITEST\Debug\Obj\utest_coder.r51"             #
#                            "\\vmware-host\Shared Folders\Projects\WMNU\IAR\P #
#                            RJ_UNITEST\Debug\Obj\utest_delays.r51"            #
#                            "\\vmware-host\Shared Folders\Projects\WMNU\IAR\P #
#                            RJ_UNITEST\Debug\Obj\utest_fbuf.r51"              #
#                            "\\vmware-host\Shared Folders\Projects\WMNU\IAR\P #
#                            RJ_UNITEST\Debug\Obj\utest_frame.r51"             #
#                            "\\vmware-host\Shared Folders\Projects\WMNU\IAR\P #
#                            RJ_UNITEST\Debug\Obj\utest_Frames.r51"            #
#                            "\\vmware-host\Shared Folders\Projects\WMNU\IAR\P #
#                            RJ_UNITEST\Debug\Obj\utest_LLC.r51"               #
#                            "\\vmware-host\Shared Folders\Projects\WMNU\IAR\P #
#                            RJ_UNITEST\Debug\Obj\utest_MAC.r51"               #
#                            "\\vmware-host\Shared Folders\Projects\WMNU\IAR\P #
#                            RJ_UNITEST\Debug\Obj\utest_NTMR.r51"              #
#                            "\\vmware-host\Shared Folders\Projects\WMNU\IAR\P #
#                            RJ_UNITEST\Debug\Obj\utest_printf_uart.r51"       #
#                            "\\vmware-host\Shared Folders\Projects\WMNU\IAR\P #
#                            RJ_UNITEST\Debug\Obj\utest_radio.r51"             #
#                            "\\vmware-host\Shared Folders\Projects\WMNU\IAR\P #
#                            RJ_UNITEST\Debug\Obj\utest_suite.r51"             #
#                            "\\vmware-host\Shared Folders\Projects\WMNU\IAR\P #
#                            RJ_UNITEST\Debug\Obj\utest_TIC.r51"               #
#                            -o                                                #
#                            "\\vmware-host\Shared Folders\Projects\WMNU\IAR\P #
#                            RJ_UNITEST\Debug\Exe\unitest.d51"                 #
#                            -l                                                #
#                            "\\vmware-host\Shared Folders\Projects\WMNU\IAR\P #
#                            RJ_UNITEST\Debug\List\unitest.map"                #
#                            -xms                                              #
#                            "-IC:\Program Files (x86)\IAR Systems\Embedded Wo #
#                            rkbench 8.0\8051\LIB\"                            #
#                            -f                                                #
#                            "C:\Program Files (x86)\IAR Systems\Embedded Work #
#                            bench 8.0\8051\config\devices\Texas Instruments\l #
#                            nk51ew_CC2530F256_banked.xcl"                     #
#                            (-D_IDATA0_START=0x00 -D_IDATA0_END=0xFF          #
#                            -D_PDATA0_START=0x1E00 -D_PDATA0_END=0x1EFF       #
#                            -D_IXDATA0_START=0x0001 -D_IXDATA0_END=0x1EFF     #
#                            -D_XDATA0_START=_IXDATA0_START                    #
#                            -D_XDATA0_END=_IXDATA0_END                        #
#                            -D_NEAR_CODE_START=0x0000                         #
#                            -D_FIRST_BANK_ADDR=0x10000 -D?REGISTER_BANK=0x0   #
#                            -D_REGISTER_BANK_START=0x0 -D_BREG_START=0x00     #
#                            -D?VB=0x20 -Z(BIT)BREG=_BREG_START                #
#                            -Z(BIT)BIT_N=0-7F                                 #
#                            -Z(DATA)REGISTERS+8=_REGISTER_BANK_START          #
#                            -Z(DATA)BDATA_Z,BDATA_N,BDATA_I=20-2F             #
#                            -Z(DATA)VREG=08-7F -Z(DATA)PSP,XSP=08-7F          #
#                            -Z(DATA)DOVERLAY=08-7F                            #
#                            -Z(DATA)DATA_I,DATA_Z,DATA_N=08-7F                #
#                            -U(IDATA)0-7F=(DATA)0-7F                          #
#                            -Z(IDATA)IDATA_I,IDATA_Z,IDATA_N=08-_IDATA0_END   #
#                            -Z(IDATA)ISTACK+_IDATA_STACK_SIZE#08-_IDATA0_END  #
#                            -Z(IDATA)IOVERLAY=08-FF -Z(CODE)INTVEC=0          #
#                            -Z(CODE)CSTART=_NEAR_CODE_START-(_CODEBANK_START- #
#                            1)                                                #
#                            -Z(CODE)BIT_ID,BDATA_ID,DATA_ID,IDATA_ID,IXDATA_I #
#                            D,PDATA_ID,XDATA_ID=_NEAR_CODE_START-(_CODEBANK_S #
#                            TART-1)                                           #
#                            -Z(CODE)BANK_RELAYS,RCODE,DIFUNCT,CODE_C,CODE_N,N #
#                            EAR_CODE=_NEAR_CODE_START-(_CODEBANK_START-1)     #
#                            -P(CODE)BANKED_CODE=_NEAR_CODE_START-(_CODEBANK_S #
#                            TART-1),[(_CODEBANK_START+_FIRST_BANK_ADDR)-(_COD #
#                            EBANK_END+_FIRST_BANK_ADDR)]*_NR_OF_BANKS+10000   #
#                            -Z(CODE)CHECKSUM#(_CODEBANK_START-1)              #
#                            -Z(XDATA)PDATA_Z,PDATA_I=_PDATA0_START-_PDATA0_EN #
#                            D                                                 #
#                            -P(XDATA)PDATA_N=_PDATA0_START-_PDATA0_END        #
#                            -Z(XDATA)PSTACK+_PDATA_STACK_SIZE=_PDATA0_START-_ #
#                            PDATA0_END                                        #
#                            -Z(XDATA)EXT_STACK+_EXTENDED_STACK_SIZE=_EXTENDED #
#                            _STACK_START                                      #
#                            -Z(XDATA)XSTACK+_XDATA_STACK_SIZE=_XDATA0_START-_ #
#                            XDATA0_END                                        #
#                            -Z(XDATA)IXDATA_Z,IXDATA_I=_IXDATA0_START-_IXDATA #
#                            0_END                                             #
#                            -P(XDATA)IXDATA_N=_IXDATA0_START-_IXDATA0_END     #
#                            -Z(XDATA)XDATA_Z,XDATA_I=_XDATA0_START-_XDATA0_EN #
#                            D                                                 #
#                            -P(XDATA)XDATA_N=_XDATA0_START-_XDATA0_END        #
#                            -Z(XDATA)XDATA_HEAP+_XDATA_HEAP_SIZE=_XDATA0_STAR #
#                            T-_XDATA0_END                                     #
#                            -Z(CONST)XDATA_ROM_C=_XDATA0_START-_XDATA0_END    #
#                            -cx51                                             #
#                            -M(CODE)[(_CODEBANK_START+_FIRST_BANK_ADDR)-(_COD #
#                            EBANK_END+_FIRST_BANK_ADDR)]*_NR_OF_BANKS+0x10000 #
#                            =0x8000                                           #
#                            -ww69=i -D_BANK0_START=0x00000                    #
#                            -D_BANK0_END=0x07FFF -D_BANK1_START=0x18000       #
#                            -D_BANK1_END=0x1FFFF -D_BANK2_START=0x28000       #
#                            -D_BANK2_END=0x2FFFF -D_BANK3_START=0x38000       #
#                            -D_BANK3_END=0x3FFFF -D_BANK4_START=0x48000       #
#                            -D_BANK4_END=0x4FFFF -D_BANK5_START=0x58000       #
#                            -D_BANK5_END=0x5FFFF -D_BANK6_START=0x68000       #
#                            -D_BANK6_END=0x6FFFF -D_BANK7_START=0x78000       #
#                            -D_BANK7_END=0x7FFFF                              #
#                            -P(CODE)BANK0=_BANK0_START-_BANK0_END             #
#                            -P(CODE)BANK1=_BANK1_START-_BANK1_END             #
#                            -P(CODE)BANK2=_BANK2_START-_BANK2_END             #
#                            -P(CODE)BANK3=_BANK3_START-_BANK3_END             #
#                            -P(CODE)BANK4=_BANK4_START-_BANK4_END             #
#                            -P(CODE)BANK5=_BANK5_START-_BANK5_END             #
#                            -P(CODE)BANK6=_BANK6_START-_BANK6_END             #
#                            -P(CODE)BANK7=_BANK7_START-_BANK7_END             #
#                            -D_FLASH_LOCK_BITS_START=0x7FFF0                  #
#                            -D_FLASH_LOCK_BITS_END=0x7FFFF                    #
#                            -Z(CODE)FLASH_LOCK_BITS=_FLASH_LOCK_BITS_START-_F #
#                            LASH_LOCK_BITS_END                                #
#                            -U(CODE)0x0000=(CODE)_FLASH_LOCK_BITS_START-_FLAS #
#                            H_LOCK_BITS_END)                                  #
#                            -D_NR_OF_VIRTUAL_REGISTERS=8 -D?PBANK=0x93        #
#                            -D?CBANK=0x9F -D?CBANK_MASK=0xFF                  #
#                            -e?BCALL_FF=?BCALL -e?BRET_FF=?BRET               #
#                            -e?BDISPATCH_FF=?BDISPATCH                        #
#                            -D_CODEBANK_START=0x8000 -D_CODEBANK_END=0xFFFF   #
#                            -D_NR_OF_BANKS=0x07                               #
#                            "-IC:\Program Files (x86)\IAR Systems\Embedded Wo #
#                            rkbench 8.0\8051\CONFIG\"                         #
#                            -e_PrintfLarge=_Printf -e_ScanfLarge=_Scanf -rt   #
#                            -s __program_start                                #
#                            "C:\Program Files (x86)\IAR Systems\Embedded Work #
#                            bench 8.0\8051\LIB\DLIB\dl-pli-blxd-1e16x01n.r51" #
#                            -D_IDATA_STACK_SIZE=0x40 -D?ESP=0 -D?ESP_MASK=0   #
#                            -D_EXTENDED_STACK_START=0                         #
#                            -D_EXTENDED_STACK_SIZE=0                          #
#                            -D_PDATA_STACK_SIZE=0x80                          #
#                            -D_XDATA_STACK_SIZE=0xEFF                         #
#                            -D_XDATA_HEAP_SIZE=0x800 -D_FAR_HEAP_SIZE=0xFFF   #
#                            -D_HUGE_HEAP_SIZE=0xFFF                           #
#                            -D_FAR22_HEAP_SIZE=0xFFF)                         #
#                                                                              #
#                           Copyright (C) 1987-2016 IAR Systems AB.            #
################################################################################





                ****************************************
                *                                      *
                *           CROSS REFERENCE            *
                *                                      *
                ****************************************

       Program entry at : CODE      00000085  Relocatable, from module : CSTARTUP




                ****************************************
                *                                      *
                *            RUNTIME MODEL             *
                *                                      *
                ****************************************

  __Heap_Handler             = Basic
  __SystemLibrary            = DLib
  __calling_convention       = xdata_reentrant
  __code_model               = banked
  __core                     = plain
  __data_model               = large
  __dlib_file_descriptor     = 0
  __dlib_full_locale_support = 0
  __dptr_size                = 16
  __extended_stack           = disabled
  __location_for_constants   = data
  __number_of_dptrs          = 1
  __register_banks           = *
  __rt_version               = 1

                ****************************************
                *                                      *
                *    AUTOMATIC SYMBOL REDIRECTIONS     *
                *                                      *
                ****************************************

                  There are no automatic symbol redirections.



                ****************************************
                *                                      *
                *              MODULE MAP              *
                *                                      *
                ****************************************


  DEFINED ABSOLUTE ENTRIES
    *************************************************************************

  DEFINED ABSOLUTE ENTRIES
  PROGRAM MODULE, NAME : ?ABS_ENTRY_MOD

Absolute parts
           ENTRY                   ADDRESS         REF BY
           =====                   =======         ======
           _FAR22_HEAP_SIZE        00000FFF 
           _HUGE_HEAP_SIZE         00000FFF 
           _FAR_HEAP_SIZE          00000FFF 
           _XDATA_HEAP_SIZE        00000800 
           _XDATA_STACK_SIZE       00000EFF 
           _PDATA_STACK_SIZE       00000080 
           _EXTENDED_STACK_SIZE    00000000 
           _EXTENDED_STACK_START   00000000 
           ?ESP_MASK               00000000 
           ?ESP                    00000000 
           _IDATA_STACK_SIZE       00000040 
           _NR_OF_BANKS            00000007 
           _CODEBANK_END           0000FFFF 
           _CODEBANK_START         00008000 
           ?CBANK_MASK             000000FF 
           ?CBANK                  0000009F        ?RESET_CODE_BANK (CSTARTUP)
                                                   Segment part 0 (?BANKED_CODE_SUPPORT)
           ?PBANK                  00000093 
           _NR_OF_VIRTUAL_REGISTERS
                                   00000008 
           _FLASH_LOCK_BITS_END    0003FFFF 
           _FLASH_LOCK_BITS_START
                                   0003FFF0 
           _BANK7_END              0003FFFF 
           _BANK7_START            00038000 
           _BANK6_END              00037FFF 
           _BANK6_START            00030000 
           _BANK5_END              0002FFFF 
           _BANK5_START            00028000 
           _BANK4_END              00027FFF 
           _BANK4_START            00020000 
           _BANK3_END              0001FFFF 
           _BANK3_START            00018000 
           _BANK2_END              00017FFF 
           _BANK2_START            00010000 
           _BANK1_END              0000FFFF 
           _BANK1_START            00008000 
           _BANK0_END              00007FFF 
           _BANK0_START            00000000 
           ?VB                     00000020        ?BANKED_ENTER_XDATA (?BANKED_ENTER_XDATA)
                                                   ?BANKED_LEAVE_XDATA (?BANKED_LEAVE_XDATA)
                                                   ?INTERRUPT_ENTER_XSP (?INTERRUPT_ENTER_XSP)
                                                   ?INTERRUPT_LEAVE_XSP (?INTERRUPT_LEAVE_XSP)
                                                   AES_StreamCoder (coder)
                                                   MAC_TX_HNDL (MAC)
                                                   RI_Receive (RADIO)
                                                   RI_Send (RADIO)
                                                   RecvData (RADIO)
                                                   SendData (RADIO)
                                                   TIC_SetTXState (TIC)
           _BREG_START             00000000 
           _REGISTER_BANK_START    00000000 
           ?REGISTER_BANK          00000000        Segment part 6 (CSTARTUP)
           _FIRST_BANK_ADDR        00010000 
           _NEAR_CODE_START        00000000 
           _XDATA0_END             00001EFF 
           _XDATA0_START           00000001 
           _IXDATA0_END            00001EFF 
           _IXDATA0_START          00000001 
           _PDATA0_END             00001EFF 
           _PDATA0_START           00001E00 
           _IDATA0_END             000000FF 
           _IDATA0_START           00000000 
    *************************************************************************

  FILE NAME : \\vmware-host\Shared Folders\Projects\WMNU\IAR\PRJ_UNITEST\Debug\Obj\coder.r51
  PROGRAM MODULE, NAME : coder

  SEGMENTS IN THE MODULE
  ======================
SFR_AN
  Relative segment, address: DATA 000000B3 - 000000B3 (0x1 bytes), align: 0
  Segment part 1. ROOT        Intra module refs:   AES_StreamCoder
           ENTRY                   ADDRESS         REF BY
           =====                   =======         ======
           ENCCS                   000000B3 
    -------------------------------------------------------------------------
SFR_AN
  Relative segment, address: DATA 000000D2 - 000000D2 (0x1 bytes), align: 0
  Segment part 2. ROOT        Intra module refs:   AES_init
           ENTRY                   ADDRESS         REF BY
           =====                   =======         ======
           DMA1CFGL                000000D2 
    -------------------------------------------------------------------------
SFR_AN
  Relative segment, address: DATA 000000D3 - 000000D3 (0x1 bytes), align: 0
  Segment part 3. ROOT        Intra module refs:   AES_init
           ENTRY                   ADDRESS         REF BY
           =====                   =======         ======
           DMA1CFGH                000000D3 
    -------------------------------------------------------------------------
SFR_AN
  Relative segment, address: DATA 000000D4 - 000000D4 (0x1 bytes), align: 0
  Segment part 4. ROOT        Intra module refs:   AES_init
           ENTRY                   ADDRESS         REF BY
           =====                   =======         ======
           DMA0CFGL                000000D4 
    -------------------------------------------------------------------------
SFR_AN
  Relative segment, address: DATA 000000D5 - 000000D5 (0x1 bytes), align: 0
  Segment part 5. ROOT        Intra module refs:   AES_init
           ENTRY                   ADDRESS         REF BY
           =====                   =======         ======
           DMA0CFGH                000000D5 
    -------------------------------------------------------------------------
SFR_AN
  Relative segment, address: DATA 000000D6 - 000000D6 (0x1 bytes), align: 0
  Segment part 6. ROOT        Intra module refs:   AES_StreamCoder
           ENTRY                   ADDRESS         REF BY
           =====                   =======         ======
           DMAARM                  000000D6 
    -------------------------------------------------------------------------
SFR_AN
  Relative segment, address: DATA 000000D7 - 000000D7 (0x1 bytes), align: 0
  Segment part 7. ROOT        Intra module refs:   AES_StreamCoder
           ENTRY                   ADDRESS         REF BY
           =====                   =======         ======
           DMAREQ                  000000D7 
    -------------------------------------------------------------------------
XDATA_Z
  Relative segment, address: XDATA 00000F00 - 00000F07 (0x8 bytes), align: 0
  Segment part 14.            Intra module refs:   AES_StreamCoder
                                                   AES_init
           ENTRY                   ADDRESS         REF BY
           =====                   =======         ======
           DMA_AES_DW              00000F00 
    -------------------------------------------------------------------------
XDATA_Z
  Relative segment, address: XDATA 00000F08 - 00000F0F (0x8 bytes), align: 0
  Segment part 15.            Intra module refs:   AES_StreamCoder
                                                   AES_init
           ENTRY                   ADDRESS         REF BY
           =====                   =======         ======
           DMA_AES_UP              00000F08 
    -------------------------------------------------------------------------
<BANKED_CODE> 1 (was BANKED_CODE)
  Relative segment, address: CODE 00004A3A - 00004B28 (0xef bytes), align: 0
  Segment part 16.            Intra module refs:   AES_init::?relay
           ENTRY                   ADDRESS         REF BY
           =====                   =======         ======
           AES_init                00004A3A 
               ISTACK = 00000000 ( 00000002 )
    -------------------------------------------------------------------------
<BANKED_CODE> 1 (was BANKED_CODE)
  Relative segment, address: CODE 00004B29 - 00004D68 (0x240 bytes), align: 0
  Segment part 18.            Intra module refs:   AES_StreamCoder::?relay
           ENTRY                   ADDRESS         REF BY
           =====                   =======         ======
           AES_StreamCoder         00004B29 
               calls direct
               XSTACK = 00000004 ( 00000027 )
    -------------------------------------------------------------------------
BANK_RELAYS
  Relative segment, address: CODE 0000058B - 00000590 (0x6 bytes), align: 0
  Segment part 17.
           ENTRY                   ADDRESS         REF BY
           =====                   =======         ======
           AES_init::?relay        0000058B        MAC_Init (MAC)
    -------------------------------------------------------------------------
BANK_RELAYS
  Relative segment, address: CODE 00000591 - 00000596 (0x6 bytes), align: 0
  Segment part 19.
           ENTRY                   ADDRESS         REF BY
           =====                   =======         ======
           AES_StreamCoder::?relay
                                   00000591        RI_BitRawCrypt (RADIO)
                                                   RI_BitRawDecrypt (RADIO)

    *************************************************************************

  FILE NAME : \\vmware-host\Shared Folders\Projects\WMNU\IAR\PRJ_UNITEST\Debug\Obj\delays.r51
  PROGRAM MODULE, NAME : delays

  SEGMENTS IN THE MODULE
  ======================
SFR_AN
  Relative segment, address: DATA 00000094 - 00000094 (0x1 bytes), align: 0
  Segment part 1. ROOT        Intra module refs:   TIM_init
           ENTRY                   ADDRESS         REF BY
           =====                   =======         ======
           T2CTRL                  00000094 
    -------------------------------------------------------------------------
SFR_AN
  Relative segment, address: DATA 000000A2 - 000000A2 (0x1 bytes), align: 0
  Segment part 2. ROOT        Intra module refs:   TIM_TimeStamp
           ENTRY                   ADDRESS         REF BY
           =====                   =======         ======
           T2M0                    000000A2 
    -------------------------------------------------------------------------
SFR_AN
  Relative segment, address: DATA 000000A3 - 000000A3 (0x1 bytes), align: 0
  Segment part 3. ROOT        Intra module refs:   TIM_TimeStamp
           ENTRY                   ADDRESS         REF BY
           =====                   =======         ======
           T2M1                    000000A3 
    -------------------------------------------------------------------------
SFR_AN
  Relative segment, address: DATA 000000A4 - 000000A4 (0x1 bytes), align: 0
  Segment part 4. ROOT        Intra module refs:   TIM_TimeStamp
           ENTRY                   ADDRESS         REF BY
           =====                   =======         ======
           T2MOVF0                 000000A4 
    -------------------------------------------------------------------------
SFR_AN
  Relative segment, address: DATA 000000A5 - 000000A5 (0x1 bytes), align: 0
  Segment part 5. ROOT        Intra module refs:   TIM_TimeStamp
           ENTRY                   ADDRESS         REF BY
           =====                   =======         ======
           T2MOVF1                 000000A5 
    -------------------------------------------------------------------------
XDATA_I
  Relative segment, address: XDATA 000011A4 - 000011A7 (0x4 bytes), align: 0
  Segment part 11.            Intra module refs:   Interval
           LOCAL                   ADDRESS         
           =====                   =======         
           MAC_TIMER_MAX           000011A4 
    -------------------------------------------------------------------------
XDATA_I
  Relative segment, address: XDATA 000011A8 - 000011AB (0x4 bytes), align: 0
  Segment part 14.            Intra module refs:   DelayCalibrate
           ENTRY                   ADDRESS         REF BY
           =====                   =======         ======
           __Constant_1f4          000011A8 
    -------------------------------------------------------------------------
XDATA_I
  Relative segment, address: XDATA 000011AC - 000011AF (0x4 bytes), align: 0
  Segment part 16.            Intra module refs:   DelayCalibrate
           ENTRY                   ADDRESS         REF BY
           =====                   =======         ======
           __Constant_fffffe0c     000011AC 
    -------------------------------------------------------------------------
XDATA_I
  Relative segment, address: XDATA 000011B0 - 000011B3 (0x4 bytes), align: 0
  Segment part 18.            Intra module refs:   DelayCalibrate
                                                   TIM_delay
           ENTRY                   ADDRESS         REF BY
           =====                   =======         ======
           __Constant_20           000011B0 
    -------------------------------------------------------------------------
XDATA_I
  Relative segment, address: XDATA 000011B4 - 000011B7 (0x4 bytes), align: 0
  Segment part 20.            Intra module refs:   TIM_passedTime
           ENTRY                   ADDRESS         REF BY
           =====                   =======         ======
           __Constant_3d000000     000011B4 
    -------------------------------------------------------------------------
XDATA_Z
  Relative segment, address: XDATA 00000F10 - 00000F13 (0x4 bytes), align: 0
  Segment part 13.            Intra module refs:   DelayCalibrate
                                                   TIM_delay
           LOCAL                   ADDRESS         
           =====                   =======         
           DELAY_CALIBRATE_TICS    00000F10 
    -------------------------------------------------------------------------
<BANKED_CODE> 1 (was BANKED_CODE)
  Relative segment, address: CODE 0000500E - 0000501E (0x11 bytes), align: 0
  Segment part 22.            Intra module refs:   TIM_init::?relay
           ENTRY                   ADDRESS         REF BY
           =====                   =======         ======
           TIM_init                0000500E 
               calls direct
               ISTACK = 00000000 ( 00000002 )
    -------------------------------------------------------------------------
<BANKED_CODE> 1 (was BANKED_CODE)
  Relative segment, address: CODE 0000501F - 0000505B (0x3d bytes), align: 0
  Segment part 24.            Intra module refs:   TIM_TimeStamp::?relay
           ENTRY                   ADDRESS         REF BY
           =====                   =======         ======
           TIM_TimeStamp           0000501F 
               XSTACK = 00000028 ( 00000000 )
               ISTACK = 00000000 ( 00000003 )
    -------------------------------------------------------------------------
<BANKED_CODE> 1 (was BANKED_CODE)
  Relative segment, address: CODE 0000505C - 000050EE (0x93 bytes), align: 0
  Segment part 26.            Intra module refs:   DelayCalibrate::?relay
           LOCAL                   ADDRESS         
           =====                   =======         
           DelayCalibrate          0000505C 
               calls direct
               XSTACK = 00000000 ( 00000028 )
    -------------------------------------------------------------------------
<BANKED_CODE> 1 (was BANKED_CODE)
  Relative segment, address: CODE 000050EF - 00005191 (0xa3 bytes), align: 0
  Segment part 28.            Intra module refs:   Interval::?relay
           LOCAL                   ADDRESS         
           =====                   =======         
           Interval                000050EF 
               XSTACK = 00000024 ( 00000012 )
    -------------------------------------------------------------------------
<BANKED_CODE> 1 (was BANKED_CODE)
  Relative segment, address: CODE 00005192 - 000051EF (0x5e bytes), align: 0
  Segment part 30.            Intra module refs:   TIM_passedTime::?relay
           ENTRY                   ADDRESS         REF BY
           =====                   =======         ======
           TIM_passedTime          00005192 
               calls direct
               XSTACK = 00000028 ( 00000012 )
    -------------------------------------------------------------------------
<BANKED_CODE> 1 (was BANKED_CODE)
  Relative segment, address: CODE 000051F0 - 00005274 (0x85 bytes), align: 0
  Segment part 32.            Intra module refs:   TIM_delay::?relay
           ENTRY                   ADDRESS         REF BY
           =====                   =======         ======
           TIM_delay               000051F0 
               calls direct
               XSTACK = 00000028 ( 00000024 )
    -------------------------------------------------------------------------
XDATA_ID
  Relative segment, address: CODE 000000B5 - 000000B8 (0x4 bytes), align: 0
  Segment part 12.            Intra module refs:   MAC_TIMER_MAX
    -------------------------------------------------------------------------
XDATA_ID
  Relative segment, address: CODE 000000B9 - 000000BC (0x4 bytes), align: 0
  Segment part 15.            Intra module refs:   __Constant_1f4
    -------------------------------------------------------------------------
XDATA_ID
  Relative segment, address: CODE 000000BD - 000000C0 (0x4 bytes), align: 0
  Segment part 17.            Intra module refs:   __Constant_fffffe0c
    -------------------------------------------------------------------------
XDATA_ID
  Relative segment, address: CODE 000000C1 - 000000C4 (0x4 bytes), align: 0
  Segment part 19.            Intra module refs:   __Constant_20
    -------------------------------------------------------------------------
XDATA_ID
  Relative segment, address: CODE 000000C5 - 000000C8 (0x4 bytes), align: 0
  Segment part 21.            Intra module refs:   __Constant_3d000000
    -------------------------------------------------------------------------
BANK_RELAYS
  Relative segment, address: CODE 00000597 - 0000059C (0x6 bytes), align: 0
  Segment part 23.
           ENTRY                   ADDRESS         REF BY
           =====                   =======         ======
           TIM_init::?relay        00000597        MAC_Init (MAC)
    -------------------------------------------------------------------------
BANK_RELAYS
  Relative segment, address: CODE 0000059D - 000005A2 (0x6 bytes), align: 0
  Segment part 25.            Intra module refs:   DelayCalibrate
                                                   TIM_delay
           ENTRY                   ADDRESS         REF BY
           =====                   =======         ======
           TIM_TimeStamp::?relay   0000059D        RI_Receive (RADIO)
                                                   RI_Send (RADIO)
                                                   RecvData (RADIO)
                                                   TIC_HW_Timer_IRQ (TIC)
                                                   TIC_Init (TIC)
    -------------------------------------------------------------------------
BANK_RELAYS
  Relative segment, address: CODE 000005A3 - 000005A8 (0x6 bytes), align: 0
  Segment part 27.            Intra module refs:   TIM_init
           LOCAL                   ADDRESS         
           =====                   =======         
           DelayCalibrate::?relay
                                   000005A3 
    -------------------------------------------------------------------------
BANK_RELAYS
  Relative segment, address: CODE 000005A9 - 000005AE (0x6 bytes), align: 0
  Segment part 29.            Intra module refs:   TIM_delay
                                                   TIM_passedTime
           LOCAL                   ADDRESS         
           =====                   =======         
           Interval::?relay        000005A9 
    -------------------------------------------------------------------------
BANK_RELAYS
  Relative segment, address: CODE 000005AF - 000005B4 (0x6 bytes), align: 0
  Segment part 31.            Intra module refs:   DelayCalibrate
           ENTRY                   ADDRESS         REF BY
           =====                   =======         ======
           TIM_passedTime::?relay
                                   000005AF        RI_Receive (RADIO)
                                                   RI_Send (RADIO)
                                                   RecvData (RADIO)
    -------------------------------------------------------------------------
BANK_RELAYS
  Relative segment, address: CODE 000005B5 - 000005BA (0x6 bytes), align: 0
  Segment part 33.            Intra module refs:   DelayCalibrate
           ENTRY                   ADDRESS         REF BY
           =====                   =======         ======
           TIM_delay::?relay       000005B5        MAC_TX_HNDL (MAC)

    *************************************************************************

  FILE NAME : \\vmware-host\Shared Folders\Projects\WMNU\IAR\PRJ_UNITEST\Debug\Obj\fbuf.r51
  PROGRAM MODULE, NAME : fbuf

  SEGMENTS IN THE MODULE
  ======================
<BANKED_CODE> 1 (was BANKED_CODE)
  Relative segment, address: CODE 0000540D - 00005421 (0x15 bytes), align: 0
  Segment part 18.            Intra module refs:   free::?relay
           ENTRY                   ADDRESS         REF BY
           =====                   =======         ======
           free                    0000540D 
               calls direct
               XSTACK = 00000009 ( 00000009 )
    -------------------------------------------------------------------------
<BANKED_CODE> 1 (was BANKED_CODE)
  Relative segment, address: CODE 00005422 - 00005436 (0x15 bytes), align: 0
  Segment part 20.            Intra module refs:   malloc::?relay
           ENTRY                   ADDRESS         REF BY
           =====                   =======         ======
           malloc                  00005422 
               calls direct
               XSTACK = 00000010 ( 00000009 )
    -------------------------------------------------------------------------
<BANKED_CODE> 1 (was BANKED_CODE)
  Relative segment, address: CODE 00005437 - 00005589 (0x153 bytes), align: 0
  Segment part 22.            Intra module refs:   fbuf_create::?relay
           ENTRY                   ADDRESS         REF BY
           =====                   =======         ======
           fbuf_create             00005437 
               calls direct
               XSTACK = 00000000 ( 00000014 )
               ISTACK = 00000000 ( 00000001 )
    -------------------------------------------------------------------------
XDATA_ID
  Relative segment, address: CODE 000000C9 - 000000D9 (0x11 bytes), align: 0
  Segment part 7.             Intra module refs:   Segment part 6
    -------------------------------------------------------------------------
XDATA_ID
  Relative segment, address: CODE 000000DA - 000000E0 (0x7 bytes), align: 0
  Segment part 9.             Intra module refs:   Segment part 8
    -------------------------------------------------------------------------
XDATA_ID
  Relative segment, address: CODE 000000E1 - 000000F4 (0x14 bytes), align: 0
  Segment part 11.            Intra module refs:   Segment part 10
    -------------------------------------------------------------------------
XDATA_ID
  Relative segment, address: CODE 000000F5 - 0000010F (0x1b bytes), align: 0
  Segment part 13.            Intra module refs:   Segment part 12
    -------------------------------------------------------------------------
XDATA_ID
  Relative segment, address: CODE 00000110 - 0000011C (0xd bytes), align: 0
  Segment part 15.            Intra module refs:   Segment part 14
    -------------------------------------------------------------------------
XDATA_ID
  Relative segment, address: CODE 0000011D - 00000126 (0xa bytes), align: 0
  Segment part 17.            Intra module refs:   Segment part 16
    -------------------------------------------------------------------------
BANK_RELAYS
  Relative segment, address: CODE 000005BB - 000005C0 (0x6 bytes), align: 0
  Segment part 19.            Intra module refs:   LLC_Shelduler (LLC)
                                                   RI_Receive (RADIO)
                                                   SendData (RADIO)
                                                   frame_delete (frame)
           ENTRY                   ADDRESS         REF BY
           =====                   =======         ======
           free::?relay            000005BB 
    -------------------------------------------------------------------------
BANK_RELAYS
  Relative segment, address: CODE 000005C1 - 000005C6 (0x6 bytes), align: 0
  Segment part 21.            Intra module refs:   LLC_AddTask (LLC)
                                                   LLC_TimeAlloc (LLC)
                                                   RI_Receive (RADIO)
                                                   fbuf_create
                                                   frame_create (frame)
                                                   frame_merge (frame)
           ENTRY                   ADDRESS         REF BY
           =====                   =======         ======
           malloc::?relay          000005C1 
    -------------------------------------------------------------------------
BANK_RELAYS
  Relative segment, address: CODE 000005C7 - 000005CC (0x6 bytes), align: 0
  Segment part 23.
           ENTRY                   ADDRESS         REF BY
           =====                   =======         ======
           fbuf_create::?relay     000005C7        RI_Receive (RADIO)
                                                   getFrame (utest_LLC)
    -------------------------------------------------------------------------
XDATA_I
  Relative segment, address: XDATA 000011B8 - 000011C8 (0x11 bytes), align: 0
  Segment part 6.             Intra module refs:   fbuf_create
    -------------------------------------------------------------------------
XDATA_I
  Relative segment, address: XDATA 000011C9 - 000011CF (0x7 bytes), align: 0
  Segment part 8.             Intra module refs:   fbuf_create
    -------------------------------------------------------------------------
XDATA_I
  Relative segment, address: XDATA 000011D0 - 000011E3 (0x14 bytes), align: 0
  Segment part 10.            Intra module refs:   fbuf_create
    -------------------------------------------------------------------------
XDATA_I
  Relative segment, address: XDATA 000011E4 - 000011FE (0x1b bytes), align: 0
  Segment part 12.            Intra module refs:   fbuf_create
    -------------------------------------------------------------------------
XDATA_I
  Relative segment, address: XDATA 000011FF - 0000120B (0xd bytes), align: 0
  Segment part 14.            Intra module refs:   fbuf_create
    -------------------------------------------------------------------------
XDATA_I
  Relative segment, address: XDATA 0000120C - 00001215 (0xa bytes), align: 0
  Segment part 16.            Intra module refs:   fbuf_create

    *************************************************************************

  FILE NAME : \\vmware-host\Shared Folders\Projects\WMNU\IAR\PRJ_UNITEST\Debug\Obj\frame.r51
  PROGRAM MODULE, NAME : frame

  SEGMENTS IN THE MODULE
  ======================
<BANKED_CODE> 1 (was BANKED_CODE)
  Relative segment, address: CODE 00004D69 - 00004DF6 (0x8e bytes), align: 0
  Segment part 24.            Intra module refs:   frame_create::?relay
           ENTRY                   ADDRESS         REF BY
           =====                   =======         ======
           frame_create            00004D69 
               calls direct
               XSTACK = 00000000 ( 0000000E )
    -------------------------------------------------------------------------
<BANKED_CODE> 1 (was BANKED_CODE)
  Relative segment, address: CODE 00004DF7 - 00004E38 (0x42 bytes), align: 0
  Segment part 26.            Intra module refs:   frame_delete::?relay
           ENTRY                   ADDRESS         REF BY
           =====                   =======         ======
           frame_delete            00004DF7 
               calls direct
               XSTACK = 00000000 ( 0000000C )
    -------------------------------------------------------------------------
<BANKED_CODE> 1 (was BANKED_CODE)
  Relative segment, address: CODE 00004E39 - 00004E80 (0x48 bytes), align: 0
  Segment part 28.            Intra module refs:   frame_insert_head::?relay
           ENTRY                   ADDRESS         REF BY
           =====                   =======         ======
           frame_insert_head       00004E39 
               XSTACK = 00000000 ( 00000009 )
    -------------------------------------------------------------------------
<BANKED_CODE> 1 (was BANKED_CODE)
  Relative segment, address: CODE 00004E81 - 00004FDC (0x15c bytes), align: 0
  Segment part 36.            Intra module refs:   frame_merge::?relay
           ENTRY                   ADDRESS         REF BY
           =====                   =======         ======
           frame_merge             00004E81 
               calls direct
               XSTACK = 00000000 ( 00000018 )
               ISTACK = 00000000 ( 00000001 )
    -------------------------------------------------------------------------
<BANKED_CODE> 1 (was BANKED_CODE)
  Relative segment, address: CODE 00004FDD - 0000500D (0x31 bytes), align: 0
  Segment part 38.            Intra module refs:   frame_len::?relay
           ENTRY                   ADDRESS         REF BY
           =====                   =======         ======
           frame_len               00004FDD 
               XSTACK = 00000014 ( 00000000 )
               ISTACK = 00000000 ( 00000002 )
    -------------------------------------------------------------------------
XDATA_ID
  Relative segment, address: CODE 00000127 - 00000137 (0x11 bytes), align: 0
  Segment part 7.             Intra module refs:   Segment part 6
    -------------------------------------------------------------------------
XDATA_ID
  Relative segment, address: CODE 00000138 - 0000013F (0x8 bytes), align: 0
  Segment part 9.             Intra module refs:   Segment part 8
    -------------------------------------------------------------------------
XDATA_ID
  Relative segment, address: CODE 00000140 - 00000149 (0xa bytes), align: 0
  Segment part 11.            Intra module refs:   Segment part 10
    -------------------------------------------------------------------------
XDATA_ID
  Relative segment, address: CODE 0000014A - 00000164 (0x1b bytes), align: 0
  Segment part 13.            Intra module refs:   Segment part 12
    -------------------------------------------------------------------------
XDATA_ID
  Relative segment, address: CODE 00000165 - 00000171 (0xd bytes), align: 0
  Segment part 15.            Intra module refs:   Segment part 14
    -------------------------------------------------------------------------
XDATA_ID
  Relative segment, address: CODE 00000172 - 00000177 (0x6 bytes), align: 0
  Segment part 17.            Intra module refs:   Segment part 16
    -------------------------------------------------------------------------
BANK_RELAYS
  Relative segment, address: CODE 000005CD - 000005D2 (0x6 bytes), align: 0
  Segment part 25.
           ENTRY                   ADDRESS         REF BY
           =====                   =======         ======
           frame_create::?relay    000005CD        RI_Receive (RADIO)
                                                   getFrame (utest_LLC)
    -------------------------------------------------------------------------
BANK_RELAYS
  Relative segment, address: CODE 000005D3 - 000005D8 (0x6 bytes), align: 0
  Segment part 27.
           ENTRY                   ADDRESS         REF BY
           =====                   =======         ======
           frame_delete::?relay    000005D3        MAC_RX_HNDL (MAC)
                                                   MAC_TX_HNDL (MAC)
    -------------------------------------------------------------------------
BANK_RELAYS
  Relative segment, address: CODE 000005D9 - 000005DE (0x6 bytes), align: 0
  Segment part 29.
           ENTRY                   ADDRESS         REF BY
           =====                   =======         ======
           frame_insert_head::?relay
                                   000005D9        RI_Receive (RADIO)
                                                   getFrame (utest_LLC)
    -------------------------------------------------------------------------
BANK_RELAYS
  Relative segment, address: CODE 000005DF - 000005E4 (0x6 bytes), align: 0
  Segment part 37.
           ENTRY                   ADDRESS         REF BY
           =====                   =======         ======
           frame_merge::?relay     000005DF        SendData (RADIO)
    -------------------------------------------------------------------------
BANK_RELAYS
  Relative segment, address: CODE 000005E5 - 000005EA (0x6 bytes), align: 0
  Segment part 39.            Intra module refs:   frame_merge
           ENTRY                   ADDRESS         REF BY
           =====                   =======         ======
           frame_len::?relay       000005E5 
    -------------------------------------------------------------------------
XDATA_I
  Relative segment, address: XDATA 00001216 - 00001226 (0x11 bytes), align: 0
  Segment part 6.             Intra module refs:   frame_create
                                                   frame_merge
    -------------------------------------------------------------------------
XDATA_I
  Relative segment, address: XDATA 00001227 - 0000122E (0x8 bytes), align: 0
  Segment part 8.             Intra module refs:   frame_create
                                                   frame_merge
    -------------------------------------------------------------------------
XDATA_I
  Relative segment, address: XDATA 0000122F - 00001238 (0xa bytes), align: 0
  Segment part 10.            Intra module refs:   frame_create
                                                   frame_merge
    -------------------------------------------------------------------------
XDATA_I
  Relative segment, address: XDATA 00001239 - 00001253 (0x1b bytes), align: 0
  Segment part 12.            Intra module refs:   frame_create
                                                   frame_merge
    -------------------------------------------------------------------------
XDATA_I
  Relative segment, address: XDATA 00001254 - 00001260 (0xd bytes), align: 0
  Segment part 14.            Intra module refs:   frame_create
                                                   frame_merge
    -------------------------------------------------------------------------
XDATA_I
  Relative segment, address: XDATA 00001261 - 00001266 (0x6 bytes), align: 0
  Segment part 16.            Intra module refs:   frame_merge

    *************************************************************************

  FILE NAME : \\vmware-host\Shared Folders\Projects\WMNU\IAR\PRJ_UNITEST\Debug\Obj\LLC.r51
  PROGRAM MODULE, NAME : LLC

  SEGMENTS IN THE MODULE
  ======================
XDATA_Z
  Relative segment, address: XDATA 00000F14 - 00000F14 (0x1 bytes), align: 0
  Segment part 30.            Intra module refs:   LLC_AddTask
                                                   LLC_Init
                                                   LLC_Shelduler
           LOCAL                   ADDRESS         
           =====                   =======         
           tasksBLOCK              00000F14 
    -------------------------------------------------------------------------
XDATA_Z
  Relative segment, address: XDATA 00000F15 - 00000F16 (0x2 bytes), align: 0
  Segment part 31.            Intra module refs:   LLC_AddTask
                                                   LLC_Init
                                                   LLC_Shelduler
           LOCAL                   ADDRESS         
           =====                   =======         
           FirstTask               00000F15 
    -------------------------------------------------------------------------
XDATA_Z
  Relative segment, address: XDATA 00000F17 - 00000F17 (0x1 bytes), align: 0
  Segment part 32.            Intra module refs:   LLC_AddTask
                                                   LLC_GetTaskLen
                                                   LLC_Init
                                                   LLC_Shelduler
           LOCAL                   ADDRESS         
           =====                   =======         
           nbrTasks                00000F17 
    -------------------------------------------------------------------------
XDATA_Z
  Relative segment, address: XDATA 00000F18 - 00000F19 (0x2 bytes), align: 0
  Segment part 33.            Intra module refs:   LLC_RX_HNDL
           LOCAL                   ADDRESS         
           =====                   =======         
           RXCallback              00000F18 
    -------------------------------------------------------------------------
XDATA_Z
  Relative segment, address: XDATA 00000F1A - 00000F1D (0x4 bytes), align: 0
  Segment part 34.            Intra module refs:   LLC_RunTimeAlloc
                                                   LLC_TimeAlloc
           LOCAL                   ADDRESS         
           =====                   =======         
           HeadAllocFunc           00000F1A 
    -------------------------------------------------------------------------
<BANKED_CODE> 1 (was BANKED_CODE)
  Relative segment, address: CODE 00003E55 - 00003E86 (0x32 bytes), align: 0
  Segment part 39.            Intra module refs:   LLC_Init::?relay
           ENTRY                   ADDRESS         REF BY
           =====                   =======         ======
           LLC_Init                00003E55 
               calls direct
               ISTACK = 00000000 ( 00000002 )
    -------------------------------------------------------------------------
<BANKED_CODE> 1 (was BANKED_CODE)
  Relative segment, address: CODE 00003E87 - 00003E96 (0x10 bytes), align: 0
  Segment part 41.            Intra module refs:   LLC_GetTaskLen::?relay
           ENTRY                   ADDRESS         REF BY
           =====                   =======         ======
           LLC_GetTaskLen          00003E87 
               ISTACK = 00000000 ( 00000002 )
    -------------------------------------------------------------------------
<BANKED_CODE> 1 (was BANKED_CODE)
  Relative segment, address: CODE 00003E97 - 00003F2B (0x95 bytes), align: 0
  Segment part 45.            Intra module refs:   LLC_TimeAlloc::?relay
           ENTRY                   ADDRESS         REF BY
           =====                   =======         ======
           LLC_TimeAlloc           00003E97 
               calls direct
               XSTACK = 00000000 ( 00000010 )
    -------------------------------------------------------------------------
<BANKED_CODE> 1 (was BANKED_CODE)
  Relative segment, address: CODE 00003F2C - 000040BD (0x192 bytes), align: 0
  Segment part 47.            Intra module refs:   LLC_AddTask::?relay
           ENTRY                   ADDRESS         REF BY
           =====                   =======         ======
           LLC_AddTask             00003F2C 
               calls direct
               XSTACK = 00000000 ( 00000012 )
               ISTACK = 00000000 ( 00000001 )
    -------------------------------------------------------------------------
<BANKED_CODE> 1 (was BANKED_CODE)
  Relative segment, address: CODE 000040BE - 000041C2 (0x105 bytes), align: 0
  Segment part 49.            Intra module refs:   LLC_Shelduler::?relay
           LOCAL                   ADDRESS         
           =====                   =======         
           LLC_Shelduler           000040BE 
               calls direct
               XSTACK = 00000009 ( 00000013 )
    -------------------------------------------------------------------------
<BANKED_CODE> 1 (was BANKED_CODE)
  Relative segment, address: CODE 000041C3 - 000041D6 (0x14 bytes), align: 0
  Segment part 51.            Intra module refs:   LLC_SE_HNDL::?relay
           LOCAL                   ADDRESS         
           =====                   =======         
           LLC_SE_HNDL             000041C3 
               calls direct, is indirectly called
               XSTACK = 00000000 ( 00000009 )
    -------------------------------------------------------------------------
<BANKED_CODE> 1 (was BANKED_CODE)
  Relative segment, address: CODE 000041D7 - 00004239 (0x63 bytes), align: 0
  Segment part 53.            Intra module refs:   LLC_RX_HNDL::?relay
           LOCAL                   ADDRESS         
           =====                   =======         
           LLC_RX_HNDL             000041D7 
               calls direct, is indirectly called
               XSTACK = 00000000 ( 0000000E )
    -------------------------------------------------------------------------
<BANKED_CODE> 1 (was BANKED_CODE)
  Relative segment, address: CODE 0000423A - 0000427C (0x43 bytes), align: 0
  Segment part 55.            Intra module refs:   LLC_RunTimeAlloc::?relay
           LOCAL                   ADDRESS         
           =====                   =======         
           LLC_RunTimeAlloc        0000423A 
               XSTACK = 00000009 ( 00000009 )
    -------------------------------------------------------------------------
XDATA_ID
  Relative segment, address: CODE 00000178 - 00000188 (0x11 bytes), align: 0
  Segment part 7.             Intra module refs:   Segment part 6
    -------------------------------------------------------------------------
XDATA_ID
  Relative segment, address: CODE 00000189 - 0000018E (0x6 bytes), align: 0
  Segment part 9.             Intra module refs:   Segment part 8
    -------------------------------------------------------------------------
XDATA_ID
  Relative segment, address: CODE 0000018F - 000001A9 (0x1b bytes), align: 0
  Segment part 13.            Intra module refs:   Segment part 12
    -------------------------------------------------------------------------
XDATA_ID
  Relative segment, address: CODE 000001AA - 000001B6 (0xd bytes), align: 0
  Segment part 15.            Intra module refs:   Segment part 14
    -------------------------------------------------------------------------
XDATA_ID
  Relative segment, address: CODE 000001B7 - 000001CE (0x18 bytes), align: 0
  Segment part 17.            Intra module refs:   Segment part 16
    -------------------------------------------------------------------------
XDATA_ID
  Relative segment, address: CODE 000001CF - 000001D6 (0x8 bytes), align: 0
  Segment part 19.            Intra module refs:   Segment part 18
    -------------------------------------------------------------------------
XDATA_ID
  Relative segment, address: CODE 000001D7 - 000001EE (0x18 bytes), align: 0
  Segment part 21.            Intra module refs:   Segment part 20
    -------------------------------------------------------------------------
XDATA_ID
  Relative segment, address: CODE 000001EF - 00000201 (0x13 bytes), align: 0
  Segment part 23.            Intra module refs:   Segment part 22
    -------------------------------------------------------------------------
XDATA_ID
  Relative segment, address: CODE 00000202 - 00000223 (0x22 bytes), align: 0
  Segment part 25.            Intra module refs:   Segment part 24
    -------------------------------------------------------------------------
XDATA_ID
  Relative segment, address: CODE 00000224 - 00000243 (0x20 bytes), align: 0
  Segment part 27.            Intra module refs:   Segment part 26
    -------------------------------------------------------------------------
XDATA_ID
  Relative segment, address: CODE 00000244 - 00000258 (0x15 bytes), align: 0
  Segment part 29.            Intra module refs:   Segment part 28
    -------------------------------------------------------------------------
BANK_RELAYS
  Relative segment, address: CODE 000005EB - 000005F0 (0x6 bytes), align: 0
  Segment part 40.
           ENTRY                   ADDRESS         REF BY
           =====                   =======         ======
           LLC_Init::?relay        000005EB        test_create (utest_LLC)
    -------------------------------------------------------------------------
BANK_RELAYS
  Relative segment, address: CODE 000005F1 - 000005F6 (0x6 bytes), align: 0
  Segment part 42.
           ENTRY                   ADDRESS         REF BY
           =====                   =======         ======
           LLC_GetTaskLen::?relay
                                   000005F1        test_create (utest_LLC)
    -------------------------------------------------------------------------
BANK_RELAYS
  Relative segment, address: CODE 000005F7 - 000005FC (0x6 bytes), align: 0
  Segment part 46.
           ENTRY                   ADDRESS         REF BY
           =====                   =======         ======
           LLC_TimeAlloc::?relay   000005F7        test_create (utest_LLC)
    -------------------------------------------------------------------------
BANK_RELAYS
  Relative segment, address: CODE 000005FD - 00000602 (0x6 bytes), align: 0
  Segment part 48.
           ENTRY                   ADDRESS         REF BY
           =====                   =======         ======
           LLC_AddTask::?relay     000005FD        test_create (utest_LLC)
    -------------------------------------------------------------------------
BANK_RELAYS
  Relative segment, address: CODE 00000603 - 00000608 (0x6 bytes), align: 0
  Segment part 50.            Intra module refs:   LLC_SE_HNDL
           LOCAL                   ADDRESS         
           =====                   =======         
           LLC_Shelduler::?relay   00000603 
    -------------------------------------------------------------------------
BANK_RELAYS
  Relative segment, address: CODE 00000609 - 0000060E (0x6 bytes), align: 0
  Segment part 52.            Intra module refs:   LLC_Init
           LOCAL                   ADDRESS         
           =====                   =======         
           LLC_SE_HNDL::?relay     00000609 
    -------------------------------------------------------------------------
BANK_RELAYS
  Relative segment, address: CODE 0000060F - 00000614 (0x6 bytes), align: 0
  Segment part 54.            Intra module refs:   LLC_Init
           LOCAL                   ADDRESS         
           =====                   =======         
           LLC_RX_HNDL::?relay     0000060F 
    -------------------------------------------------------------------------
BANK_RELAYS
  Relative segment, address: CODE 00000615 - 0000061A (0x6 bytes), align: 0
  Segment part 56.            Intra module refs:   LLC_SE_HNDL
           LOCAL                   ADDRESS         
           =====                   =======         
           LLC_RunTimeAlloc::?relay
                                   00000615 
    -------------------------------------------------------------------------
XDATA_I
  Relative segment, address: XDATA 00001267 - 00001277 (0x11 bytes), align: 0
  Segment part 6.             Intra module refs:   LLC_AddTask
                                                   LLC_RX_HNDL
                                                   LLC_TimeAlloc
    -------------------------------------------------------------------------
XDATA_I
  Relative segment, address: XDATA 00001278 - 0000127D (0x6 bytes), align: 0
  Segment part 8.             Intra module refs:   LLC_AddTask
                                                   LLC_RX_HNDL
                                                   LLC_Shelduler
                                                   LLC_TimeAlloc
    -------------------------------------------------------------------------
XDATA_I
  Relative segment, address: XDATA 0000127E - 00001298 (0x1b bytes), align: 0
  Segment part 12.            Intra module refs:   LLC_AddTask
                                                   LLC_RX_HNDL
                                                   LLC_TimeAlloc
    -------------------------------------------------------------------------
XDATA_I
  Relative segment, address: XDATA 00001299 - 000012A5 (0xd bytes), align: 0
  Segment part 14.            Intra module refs:   LLC_AddTask
                                                   LLC_RX_HNDL
                                                   LLC_TimeAlloc
    -------------------------------------------------------------------------
XDATA_I
  Relative segment, address: XDATA 000012A6 - 000012BD (0x18 bytes), align: 0
  Segment part 16.            Intra module refs:   LLC_TimeAlloc
    -------------------------------------------------------------------------
XDATA_I
  Relative segment, address: XDATA 000012BE - 000012C5 (0x8 bytes), align: 0
  Segment part 18.            Intra module refs:   LLC_AddTask
    -------------------------------------------------------------------------
XDATA_I
  Relative segment, address: XDATA 000012C6 - 000012DD (0x18 bytes), align: 0
  Segment part 20.            Intra module refs:   LLC_AddTask
    -------------------------------------------------------------------------
XDATA_I
  Relative segment, address: XDATA 000012DE - 000012F0 (0x13 bytes), align: 0
  Segment part 22.            Intra module refs:   LLC_AddTask
                                                   LLC_Shelduler
    -------------------------------------------------------------------------
XDATA_I
  Relative segment, address: XDATA 000012F1 - 00001312 (0x22 bytes), align: 0
  Segment part 24.            Intra module refs:   LLC_AddTask
    -------------------------------------------------------------------------
XDATA_I
  Relative segment, address: XDATA 00001313 - 00001332 (0x20 bytes), align: 0
  Segment part 26.            Intra module refs:   LLC_Shelduler
    -------------------------------------------------------------------------
XDATA_I
  Relative segment, address: XDATA 00001333 - 00001347 (0x15 bytes), align: 0
  Segment part 28.            Intra module refs:   LLC_RX_HNDL

    *************************************************************************

  FILE NAME : \\vmware-host\Shared Folders\Projects\WMNU\IAR\PRJ_UNITEST\Debug\Obj\MAC.r51
  PROGRAM MODULE, NAME : MAC

  SEGMENTS IN THE MODULE
  ======================
XDATA_Z
  Relative segment, address: XDATA 00000F1E - 00000F1F (0x2 bytes), align: 0
  Segment part 26.            Intra module refs:   MAC_RX_HNDL
                                                   MAC_SetRXCallback
           LOCAL                   ADDRESS         
           =====                   =======         
           RXCallback              00000F1E 
    -------------------------------------------------------------------------
XDATA_Z
  Relative segment, address: XDATA 00000F20 - 00000F21 (0x2 bytes), align: 0
  Segment part 27.            Intra module refs:   MAC_TX_HNDL
           ENTRY                   ADDRESS         REF BY
           =====                   =======         ======
           isACK_OK                00000F20 
    -------------------------------------------------------------------------
XDATA_I
  Relative segment, address: XDATA 00001348 - 00001358 (0x11 bytes), align: 0
  Segment part 6.             Intra module refs:   MAC_GetTXState
                                                   MAC_RX_HNDL
                                                   MAC_Send
                                                   MAC_TX_HNDL
    -------------------------------------------------------------------------
XDATA_I
  Relative segment, address: XDATA 00001359 - 0000135E (0x6 bytes), align: 0
  Segment part 8.             Intra module refs:   MAC_GetTXState
                                                   MAC_RX_HNDL
                                                   MAC_Send
                                                   MAC_TX_HNDL
    -------------------------------------------------------------------------
XDATA_I
  Relative segment, address: XDATA 0000135F - 0000136B (0xd bytes), align: 0
  Segment part 10.            Intra module refs:   MAC_GetTXState
                                                   MAC_RX_HNDL
                                                   MAC_TX_HNDL
    -------------------------------------------------------------------------
XDATA_I
  Relative segment, address: XDATA 0000136C - 00001386 (0x1b bytes), align: 0
  Segment part 12.            Intra module refs:   MAC_GetTXState
                                                   MAC_RX_HNDL
                                                   MAC_Send
                                                   MAC_TX_HNDL
    -------------------------------------------------------------------------
XDATA_I
  Relative segment, address: XDATA 00001387 - 00001393 (0xd bytes), align: 0
  Segment part 14.            Intra module refs:   MAC_GetTXState
                                                   MAC_RX_HNDL
                                                   MAC_Send
                                                   MAC_TX_HNDL
    -------------------------------------------------------------------------
XDATA_I
  Relative segment, address: XDATA 00001394 - 0000139C (0x9 bytes), align: 0
  Segment part 16.            Intra module refs:   MAC_Send
    -------------------------------------------------------------------------
XDATA_I
  Relative segment, address: XDATA 0000139D - 000013A9 (0xd bytes), align: 0
  Segment part 18.            Intra module refs:   MAC_Send
    -------------------------------------------------------------------------
XDATA_I
  Relative segment, address: XDATA 000013AA - 000013BC (0x13 bytes), align: 0
  Segment part 20.            Intra module refs:   MAC_TX_HNDL
    -------------------------------------------------------------------------
XDATA_I
  Relative segment, address: XDATA 000013BD - 000013DD (0x21 bytes), align: 0
  Segment part 22.            Intra module refs:   MAC_TX_HNDL
    -------------------------------------------------------------------------
XDATA_I
  Relative segment, address: XDATA 000013DE - 000013F0 (0x13 bytes), align: 0
  Segment part 24.            Intra module refs:   MAC_TX_HNDL
    -------------------------------------------------------------------------
XDATA_I
  Relative segment, address: XDATA 000013F1 - 00001400 (0x10 bytes), align: 0
  Segment part 28.            Intra module refs:   MAC_Init
           ENTRY                   ADDRESS         REF BY
           =====                   =======         ======
           KEY                     000013F1 
    -------------------------------------------------------------------------
XDATA_I
  Relative segment, address: XDATA 00001401 - 00001410 (0x10 bytes), align: 0
  Segment part 30.            Intra module refs:   MAC_Init
           ENTRY                   ADDRESS         REF BY
           =====                   =======         ======
           IV                      00001401 
    -------------------------------------------------------------------------
XDATA_I
  Relative segment, address: XDATA 00001411 - 00001414 (0x4 bytes), align: 0
  Segment part 33.            Intra module refs:   MAC_TX_HNDL
           ENTRY                   ADDRESS         REF BY
           =====                   =======         ======
           __Constant_7d0          00001411 
    -------------------------------------------------------------------------
XDATA_Z
  Relative segment, address: XDATA 00000F22 - 0000107F (0x15e bytes), align: 0
  Segment part 32.            Intra module refs:   MAC_GetTXState
                                                   MAC_Init
                                                   MAC_RX_HNDL
                                                   MAC_Send
                                                   MAC_TX_HNDL
           ENTRY                   ADDRESS         REF BY
           =====                   =======         ======
           MACSlotTable            00000F22 
    -------------------------------------------------------------------------
<BANKED_CODE> 1 (was BANKED_CODE)
  Relative segment, address: CODE 000037F3 - 00003844 (0x52 bytes), align: 0
  Segment part 37.            Intra module refs:   MAC_Init::?relay
           ENTRY                   ADDRESS         REF BY
           =====                   =======         ======
           MAC_Init                000037F3 
               calls direct
               XSTACK = 00000000 ( 0000000C )
    -------------------------------------------------------------------------
<BANKED_CODE> 1 (was BANKED_CODE)
  Relative segment, address: CODE 00003845 - 00003996 (0x152 bytes), align: 0
  Segment part 43.            Intra module refs:   MAC_Send::?relay
           ENTRY                   ADDRESS         REF BY
           =====                   =======         ======
           MAC_Send                00003845 
               calls direct
               XSTACK = 00000000 ( 00000010 )
               ISTACK = 00000000 ( 00000001 )
    -------------------------------------------------------------------------
<BANKED_CODE> 1 (was BANKED_CODE)
  Relative segment, address: CODE 00003997 - 000039A9 (0x13 bytes), align: 0
  Segment part 49.            Intra module refs:   MAC_SetRXCallback::?relay
           ENTRY                   ADDRESS         REF BY
           =====                   =======         ======
           MAC_SetRXCallback       00003997 
               ISTACK = 00000000 ( 00000002 )
    -------------------------------------------------------------------------
<BANKED_CODE> 1 (was BANKED_CODE)
  Relative segment, address: CODE 000039AA - 00003A18 (0x6f bytes), align: 0
  Segment part 51.            Intra module refs:   MAC_GetTXState::?relay
           ENTRY                   ADDRESS         REF BY
           =====                   =======         ======
           MAC_GetTXState          000039AA 
               calls direct
               XSTACK = 00000000 ( 0000000E )
    -------------------------------------------------------------------------
<BANKED_CODE> 1 (was BANKED_CODE)
  Relative segment, address: CODE 00003A19 - 00003AB7 (0x9f bytes), align: 0
  Segment part 55.            Intra module refs:   MAC_RX_HNDL::?relay
           LOCAL                   ADDRESS         
           =====                   =======         
           MAC_RX_HNDL             00003A19 
               calls direct, is indirectly called
               XSTACK = 00000000 ( 00000010 )
    -------------------------------------------------------------------------
<BANKED_CODE> 1 (was BANKED_CODE)
  Relative segment, address: CODE 00003AB8 - 00003E54 (0x39d bytes), align: 0
  Segment part 57.            Intra module refs:   MAC_TX_HNDL::?relay
           LOCAL                   ADDRESS         
           =====                   =======         
           MAC_TX_HNDL             00003AB8 
               calls direct, is indirectly called
               XSTACK = 00000000 ( 00000012 )
               ISTACK = 00000000 ( 00000001 )
    -------------------------------------------------------------------------
XDATA_ID
  Relative segment, address: CODE 00000259 - 00000269 (0x11 bytes), align: 0
  Segment part 7.             Intra module refs:   Segment part 6
    -------------------------------------------------------------------------
XDATA_ID
  Relative segment, address: CODE 0000026A - 0000026F (0x6 bytes), align: 0
  Segment part 9.             Intra module refs:   Segment part 8
    -------------------------------------------------------------------------
XDATA_ID
  Relative segment, address: CODE 00000270 - 0000027C (0xd bytes), align: 0
  Segment part 11.            Intra module refs:   Segment part 10
    -------------------------------------------------------------------------
XDATA_ID
  Relative segment, address: CODE 0000027D - 00000297 (0x1b bytes), align: 0
  Segment part 13.            Intra module refs:   Segment part 12
    -------------------------------------------------------------------------
XDATA_ID
  Relative segment, address: CODE 00000298 - 000002A4 (0xd bytes), align: 0
  Segment part 15.            Intra module refs:   Segment part 14
    -------------------------------------------------------------------------
XDATA_ID
  Relative segment, address: CODE 000002A5 - 000002AD (0x9 bytes), align: 0
  Segment part 17.            Intra module refs:   Segment part 16
    -------------------------------------------------------------------------
XDATA_ID
  Relative segment, address: CODE 000002AE - 000002BA (0xd bytes), align: 0
  Segment part 19.            Intra module refs:   Segment part 18
    -------------------------------------------------------------------------
XDATA_ID
  Relative segment, address: CODE 000002BB - 000002CD (0x13 bytes), align: 0
  Segment part 21.            Intra module refs:   Segment part 20
    -------------------------------------------------------------------------
XDATA_ID
  Relative segment, address: CODE 000002CE - 000002EE (0x21 bytes), align: 0
  Segment part 23.            Intra module refs:   Segment part 22
    -------------------------------------------------------------------------
XDATA_ID
  Relative segment, address: CODE 000002EF - 00000301 (0x13 bytes), align: 0
  Segment part 25.            Intra module refs:   Segment part 24
    -------------------------------------------------------------------------
XDATA_ID
  Relative segment, address: CODE 00000302 - 00000311 (0x10 bytes), align: 0
  Segment part 29.            Intra module refs:   KEY
    -------------------------------------------------------------------------
XDATA_ID
  Relative segment, address: CODE 00000312 - 00000321 (0x10 bytes), align: 0
  Segment part 31.            Intra module refs:   IV
    -------------------------------------------------------------------------
XDATA_ID
  Relative segment, address: CODE 00000322 - 00000325 (0x4 bytes), align: 0
  Segment part 34.            Intra module refs:   __Constant_7d0
    -------------------------------------------------------------------------
BANK_RELAYS
  Relative segment, address: CODE 0000061B - 00000620 (0x6 bytes), align: 0
  Segment part 38.
           ENTRY                   ADDRESS         REF BY
           =====                   =======         ======
           MAC_Init::?relay        0000061B        LLC_Init (LLC)
    -------------------------------------------------------------------------
BANK_RELAYS
  Relative segment, address: CODE 00000621 - 00000626 (0x6 bytes), align: 0
  Segment part 44.
           ENTRY                   ADDRESS         REF BY
           =====                   =======         ======
           MAC_Send::?relay        00000621        LLC_Shelduler (LLC)
[...]
    -------------------------------------------------------------------------
<BANKED_CODE> 1 (was BANKED_CODE)
  Relative segment, address: CODE 00002FFC - 00003006 (0xb bytes), align: 0
  Segment part 157.           Intra module refs:   Segment part 119
                                                   _PutcharsLarge
    -------------------------------------------------------------------------
XDATA_ID
  Relative segment, address: CODE 0000055A - 00000560 (0x7 bytes), align: 0
  Segment part 7.             Intra module refs:   Segment part 6
    -------------------------------------------------------------------------
XDATA_ID
  Relative segment, address: CODE 00000561 - 00000564 (0x4 bytes), align: 0
  Segment part 9.             Intra module refs:   Segment part 8
    -------------------------------------------------------------------------
XDATA_ID
  Relative segment, address: CODE 00000565 - 00000568 (0x4 bytes), align: 0
  Segment part 11.            Intra module refs:   Segment part 10
    -------------------------------------------------------------------------
XDATA_ID
  Relative segment, address: CODE 00000569 - 0000056C (0x4 bytes), align: 0
  Segment part 13.            Intra module refs:   Segment part 12
    -------------------------------------------------------------------------
XDATA_ID
  Relative segment, address: CODE 0000056D - 00000570 (0x4 bytes), align: 0
  Segment part 15.            Intra module refs:   Segment part 14
    -------------------------------------------------------------------------
XDATA_ID
  Relative segment, address: CODE 00000571 - 00000572 (0x2 bytes), align: 0
  Segment part 17.            Intra module refs:   Segment part 16
    -------------------------------------------------------------------------
XDATA_ID
  Relative segment, address: CODE 00000573 - 00000576 (0x4 bytes), align: 0
  Segment part 19.            Intra module refs:   __Constant_ffff
    -------------------------------------------------------------------------
XDATA_ID
  Relative segment, address: CODE 00000577 - 0000057A (0x4 bytes), align: 0
  Segment part 21.            Intra module refs:   __Constant_0
    -------------------------------------------------------------------------
XDATA_ID
  Relative segment, address: CODE 0000057B - 0000057E (0x4 bytes), align: 0
  Segment part 23.            Intra module refs:   __Constant_7597
    -------------------------------------------------------------------------
XDATA_ID
  Relative segment, address: CODE 0000057F - 00000582 (0x4 bytes), align: 0
  Segment part 25.            Intra module refs:   __Constant_186a0
    -------------------------------------------------------------------------
XDATA_ID
  Relative segment, address: CODE 00000583 - 00000586 (0x4 bytes), align: 0
  Segment part 27.            Intra module refs:   __Constant_3f800000
    -------------------------------------------------------------------------
XDATA_ID
  Relative segment, address: CODE 00000587 - 0000058A (0x4 bytes), align: 0
  Segment part 31.            Intra module refs:   __Constant_4cbebc20
    -------------------------------------------------------------------------
BANK_RELAYS
  Relative segment, address: CODE 000007DD - 000007E2 (0x6 bytes), align: 0
  Segment part 33.
           ENTRY                   ADDRESS         REF BY
           =====                   =======         ======
           _PrintfLarge::?relay    000007DD        printf (?printf)
    -------------------------------------------------------------------------
BANK_RELAYS
  Relative segment, address: CODE 000007E3 - 000007E8 (0x6 bytes), align: 0
  Segment part 63.            Intra module refs:   _PrintfLarge
           LOCAL                   ADDRESS         
           =====                   =======         
           pad::?relay             000007E3 
    -------------------------------------------------------------------------
BANK_RELAYS
  Relative segment, address: CODE 000007E9 - 000007EE (0x6 bytes), align: 0
  Segment part 65.            Intra module refs:   _PrintfLarge
           LOCAL                   ADDRESS         
           =====                   =======         
           _LitobLarge::?relay     000007E9 
    -------------------------------------------------------------------------
BANK_RELAYS
  Relative segment, address: CODE 000007EF - 000007F4 (0x6 bytes), align: 0
  Segment part 79.            Intra module refs:   _LdtobLarge
           LOCAL                   ADDRESS         
           =====                   =======         
           scale::?relay           000007EF 
    -------------------------------------------------------------------------
BANK_RELAYS
  Relative segment, address: CODE 000007F5 - 000007FA (0x6 bytes), align: 0
  Segment part 82.            Intra module refs:   _PrintfLarge
           LOCAL                   ADDRESS         
           =====                   =======         
           _LdtobLarge::?relay     000007F5 
    -------------------------------------------------------------------------
BANK_RELAYS
  Relative segment, address: CODE 000007FB - 00000800 (0x6 bytes), align: 0
  Segment part 115.           Intra module refs:   _LdtobLarge
           LOCAL                   ADDRESS         
           =====                   =======         
           _GenldLarge::?relay     000007FB 
    -------------------------------------------------------------------------
BANK_RELAYS
  Relative segment, address: CODE 00000801 - 00000806 (0x6 bytes), align: 0
  Segment part 154.           Intra module refs:   _PrintfLarge
                                                   _PutcharsLarge
           LOCAL                   ADDRESS         
           =====                   =======         
           _PutcharLarge::?relay   00000801 
    -------------------------------------------------------------------------
BANK_RELAYS
  Relative segment, address: CODE 00000807 - 0000080C (0x6 bytes), align: 0
  Segment part 156.           Intra module refs:   _PrintfLarge
                                                   pad
           LOCAL                   ADDRESS         
           =====                   =======         
           _PutcharsLarge::?relay
                                   00000807 
    -------------------------------------------------------------------------
XDATA_I
  Relative segment, address: XDATA 00001649 - 0000164F (0x7 bytes), align: 0
  Segment part 6.             Intra module refs:   _PrintfLarge
    -------------------------------------------------------------------------
XDATA_I
  Relative segment, address: XDATA 00001650 - 00001653 (0x4 bytes), align: 0
  Segment part 8.             Intra module refs:   _LdtobLarge
    -------------------------------------------------------------------------
XDATA_I
  Relative segment, address: XDATA 00001654 - 00001657 (0x4 bytes), align: 0
  Segment part 10.            Intra module refs:   _LdtobLarge
    -------------------------------------------------------------------------
XDATA_I
  Relative segment, address: XDATA 00001658 - 0000165B (0x4 bytes), align: 0
  Segment part 12.            Intra module refs:   _LdtobLarge
    -------------------------------------------------------------------------
XDATA_I
  Relative segment, address: XDATA 0000165C - 0000165F (0x4 bytes), align: 0
  Segment part 14.            Intra module refs:   _LdtobLarge
    -------------------------------------------------------------------------
XDATA_I
  Relative segment, address: XDATA 00001660 - 00001661 (0x2 bytes), align: 0
  Segment part 16.            Intra module refs:   _GenldLarge
    -------------------------------------------------------------------------
XDATA_I
  Relative segment, address: XDATA 00001662 - 00001665 (0x4 bytes), align: 0
  Segment part 18.            Intra module refs:   _PrintfLarge
           ENTRY                   ADDRESS         REF BY
           =====                   =======         ======
           __Constant_ffff         00001662 
    -------------------------------------------------------------------------
XDATA_I
  Relative segment, address: XDATA 00001666 - 00001669 (0x4 bytes), align: 0
  Segment part 20.            Intra module refs:   _LdtobLarge
                                                   _LitobLarge
                                                   _PrintfLarge
           ENTRY                   ADDRESS         REF BY
           =====                   =======         ======
           __Constant_0            00001666 
    -------------------------------------------------------------------------
XDATA_I
  Relative segment, address: XDATA 0000166A - 0000166D (0x4 bytes), align: 0
  Segment part 22.            Intra module refs:   _LdtobLarge
           ENTRY                   ADDRESS         REF BY
           =====                   =======         ======
           __Constant_7597         0000166A 
    -------------------------------------------------------------------------
XDATA_I
  Relative segment, address: XDATA 0000166E - 00001671 (0x4 bytes), align: 0
  Segment part 24.            Intra module refs:   _LdtobLarge
           ENTRY                   ADDRESS         REF BY
           =====                   =======         ======
           __Constant_186a0        0000166E 
    -------------------------------------------------------------------------
XDATA_I
  Relative segment, address: XDATA 00001672 - 00001675 (0x4 bytes), align: 0
  Segment part 26.            Intra module refs:   _LdtobLarge
           ENTRY                   ADDRESS         REF BY
           =====                   =======         ======
           __Constant_3f800000     00001672 
    -------------------------------------------------------------------------
XDATA_I
  Relative segment, address: XDATA 00001676 - 00001679 (0x4 bytes), align: 0
  Segment part 30.            Intra module refs:   _LdtobLarge
           ENTRY                   ADDRESS         REF BY
           =====                   =======         ======
           __Constant_4cbebc20     00001676 

    -------------------------------------------------------------------------
  LIBRARY MODULE, NAME : ?xprout

  SEGMENTS IN THE MODULE
  ======================
<BANKED_CODE> 1 (was BANKED_CODE)
  Relative segment, address: CODE 00005D9C - 00005DC6 (0x2b bytes), align: 0
  Segment part 6.             Intra module refs:   _Prout::?relay
           ENTRY                   ADDRESS         REF BY
           =====                   =======         ======
           _Prout                  00005D9C 
               calls direct
               XSTACK = 00000000 ( 0000000E )
    -------------------------------------------------------------------------
BANK_RELAYS
  Relative segment, address: CODE 0000080D - 00000812 (0x6 bytes), align: 0
  Segment part 7.
           ENTRY                   ADDRESS         REF BY
           =====                   =======         ======
           _Prout::?relay          0000080D        printf (?printf)

    -------------------------------------------------------------------------
  LIBRARY MODULE, NAME : ?xxmemxfree

  SEGMENTS IN THE MODULE
  ======================
<BANKED_CODE> 1 (was BANKED_CODE)
  Relative segment, address: CODE 000056FA - 00005831 (0x138 bytes), align: 0
  Segment part 6.             Intra module refs:   __xdata_free::?relay
           ENTRY                   ADDRESS         REF BY
           =====                   =======         ======
           __xdata_free            000056FA 
               XSTACK = 0000000A ( 0000000E )
    -------------------------------------------------------------------------
<BANKED_CODE> 1 (was BANKED_CODE)
  Relative segment, address: CODE 00005832 - 00005839 (0x8 bytes), align: 0
  Segment part 8.             Intra module refs:   __xdata_free
    -------------------------------------------------------------------------
BANK_RELAYS
  Relative segment, address: CODE 00000813 - 00000818 (0x6 bytes), align: 0
  Segment part 7.
           ENTRY                   ADDRESS         REF BY
           =====                   =======         ======
           __xdata_free::?relay    00000813        __xdata_malloc (?xxmemxmalloc)
                                                   free (fbuf)

    -------------------------------------------------------------------------
  LIBRARY MODULE, NAME : ?xxmemxmalloc

  SEGMENTS IN THE MODULE
  ======================
XDATA_Z
  Relative segment, address: XDATA 000011A0 - 000011A3 (0x4 bytes), align: 0
  Segment part 6.             Intra module refs:   __xdata_malloc
           ENTRY                   ADDRESS         REF BY
           =====                   =======         ======
           __xdata_Aldata          000011A0        __xdata_free (?xxmemxfree)
    -------------------------------------------------------------------------
<BANKED_CODE> 1 (was BANKED_CODE)
  Relative segment, address: CODE 00005275 - 000053E7 (0x173 bytes), align: 0
  Segment part 8.             Intra module refs:   __xdata_malloc::?relay
           ENTRY                   ADDRESS         REF BY
           =====                   =======         ======
           __xdata_malloc          00005275 
               calls direct
               XSTACK = 0000000A ( 0000000F )
    -------------------------------------------------------------------------
<BANKED_CODE> 1 (was BANKED_CODE)
  Relative segment, address: CODE 000053E8 - 000053F0 (0x9 bytes), align: 0
  Segment part 10.            Intra module refs:   __xdata_malloc
    -------------------------------------------------------------------------
<BANKED_CODE> 1 (was BANKED_CODE)
  Relative segment, address: CODE 000053F1 - 000053F4 (0x4 bytes), align: 0
  Segment part 11.            Intra module refs:   __xdata_malloc
    -------------------------------------------------------------------------
<BANKED_CODE> 1 (was BANKED_CODE)
  Relative segment, address: CODE 000053F5 - 000053FA (0x6 bytes), align: 0
  Segment part 12.            Intra module refs:   Segment part 11
                                                   __xdata_malloc
    -------------------------------------------------------------------------
<BANKED_CODE> 1 (was BANKED_CODE)
  Relative segment, address: CODE 000053FB - 000053FE (0x4 bytes), align: 0
  Segment part 13.            Intra module refs:   __xdata_malloc
    -------------------------------------------------------------------------
<BANKED_CODE> 1 (was BANKED_CODE)
  Relative segment, address: CODE 000053FF - 00005404 (0x6 bytes), align: 0
  Segment part 14.            Intra module refs:   Segment part 12
                                                   Segment part 13
                                                   __xdata_malloc
    -------------------------------------------------------------------------
<BANKED_CODE> 1 (was BANKED_CODE)
  Relative segment, address: CODE 00005405 - 0000540C (0x8 bytes), align: 0
  Segment part 15.            Intra module refs:   __xdata_malloc
    -------------------------------------------------------------------------
BANK_RELAYS
  Relative segment, address: CODE 00000819 - 0000081E (0x6 bytes), align: 0
  Segment part 9.
           ENTRY                   ADDRESS         REF BY
           =====                   =======         ======
           __xdata_malloc::?relay
                                   00000819        malloc (fbuf)




                ****************************************
                *                                      *
                *      SEGMENTS IN ADDRESS ORDER       *
                *                                      *
                ****************************************


SEGMENT              SPACE    START ADDRESS   END ADDRESS     SIZE  TYPE  ALIGN
=======              =====    =============   ===========     ====  ====  =====
INTVEC               CODE          00000000 - 0000002D          2E   com    0
CSTART               CODE          0000002E - 000000B4          87   rel    0
IXDATA_ID            CODE               000000B5                     dse    0
IDATA_ID             CODE               000000B5                     dse    0
BDATA_ID             CODE               000000B5                     dse    0
PDATA_ID             CODE               000000B5                     dse    0
BIT_ID               CODE               000000B5                     dse    0
DATA_ID              CODE               000000B5                     dse    0
XDATA_ID             CODE          000000B5 - 0000058A         4D6   rel    0
BANK_RELAYS          CODE          0000058B - 0000081E         294   rel    0
RCODE                CODE          0000081F - 00001553         D35   rel    0
CODE_C               CODE               00001554                     dse    0
DIFUNCT              CODE               00001554                     rel    0
CODE_N               CODE               00001554                     dse    0
NEAR_CODE            CODE          00001554 - 0000158F          3C   rel    0
<BANKED_CODE> 1      CODE          00001590 - 00005E3E        48AF   rel    0
REGISTERS            DATA          00000000 - 00000007           8   rel    0
VREG                 DATA          00000008 - 0000000F           8   rel    0
PSP                  DATA               00000010                     dse    0
XSP                  DATA          00000010 - 00000011           2   rel    0
BREG                 BIT        00000020.0  -  00000020.7        8   rel    0
SFR_AN               DATA          00000080 - 00000080           1   rel    0
                     DATA          00000086 - 00000086           1 
                     DATA          00000090 - 00000091           2 
                     DATA          00000094 - 00000097           4 
                     DATA          0000009D - 0000009E           2 
                     DATA          000000A2 - 000000A5           4 
                     DATA          000000A8 - 000000A8           1 
                     DATA          000000AD - 000000AD           1 
                     DATA          000000B3 - 000000B3           1 
                     DATA          000000C0 - 000000C2           3 
                     DATA          000000C5 - 000000C6           2 
                     DATA          000000D2 - 000000D7           6 
                     DATA          000000D9 - 000000D9           1 
                     DATA          000000E1 - 000000E1           1 
                     DATA          000000E9 - 000000E9           1 
                     DATA          000000F1 - 000000F1           1 
                     DATA          000000F3 - 000000F3           1 
                     DATA          000000FD - 000000FE           2 
XSTACK               XDATA         00000001 - 00000EFF         EFF   rel    0
XDATA_Z              XDATA         00000F00 - 000011A3         2A4   rel    0
XDATA_I              XDATA         000011A4 - 00001679         4D6   rel    0
XDATA_HEAP           XDATA         0000167A - 00001E79         800   dse    0
ISTACK               IDATA         000000C0 - 000000FF          40   rel    0

                ****************************************
                *                                      *
                *        END OF CROSS REFERENCE        *
                *                                      *
                ****************************************

 24 127 bytes of CODE  memory
     18 bytes of DATA  memory (+ 35 absolute )
  7 801 bytes of XDATA memory
     64 bytes of IDATA memory
      8 bits  of BIT   memory

Errors: none
Warnings: none

