################################################################################
#                                                                              #
#      IAR Universal Linker V6.4.6.89                                          #
#                                                                              #
#           Link time     =  16/Jan/2020  15:15:12                             #
#           Target CPU    =  x51                                               #
#           List file     =  "\\vmware-host\Shared Folders\Projects\WMNU\IAR\P #
#                            RJ_UNITEST\Debug\List\unitest.map"                #
#           Output file 1 =  "\\vmware-host\Shared Folders\Projects\WMNU\IAR\P #
#                            RJ_UNITEST\Debug\Exe\unitest.d51"                 #
#                            Format: ubrof10                                   #
#                            UBROF version 10.0.6                              #
#                            Using library modules for C-SPY (-rt)             #
#           Command line  =  -f                                                #
#                            C:\Users\08A4~1\AppData\Local\Temp\EW87AD.tmp     #
#                            ("\\vmware-host\Shared Folders\Projects\WMNU\IAR\ #
#                            PRJ_UNITEST\Debug\Obj\coder.r51"                  #
#                            "\\vmware-host\Shared Folders\Projects\WMNU\IAR\P #
#                            RJ_UNITEST\Debug\Obj\config.r51"                  #
#                            "\\vmware-host\Shared Folders\Projects\WMNU\IAR\P #
#                            RJ_UNITEST\Debug\Obj\delays.r51"                  #
#                            "\\vmware-host\Shared Folders\Projects\WMNU\IAR\P #
#                            RJ_UNITEST\Debug\Obj\ethernet.r51"                #
#                            "\\vmware-host\Shared Folders\Projects\WMNU\IAR\P #
#                            RJ_UNITEST\Debug\Obj\frame.r51"                   #
#                            "\\vmware-host\Shared Folders\Projects\WMNU\IAR\P #
#                            RJ_UNITEST\Debug\Obj\LLC.r51"                     #
#                            "\\vmware-host\Shared Folders\Projects\WMNU\IAR\P #
#                            RJ_UNITEST\Debug\Obj\MAC.r51"                     #
#                            "\\vmware-host\Shared Folders\Projects\WMNU\IAR\P #
#                            RJ_UNITEST\Debug\Obj\manager.r51"                 #
#                            "\\vmware-host\Shared Folders\Projects\WMNU\IAR\P #
#                            RJ_UNITEST\Debug\Obj\mem.r51"                     #
#                            "\\vmware-host\Shared Folders\Projects\WMNU\IAR\P #
#                            RJ_UNITEST\Debug\Obj\NTMR.r51"                    #
#                            "\\vmware-host\Shared Folders\Projects\WMNU\IAR\P #
#                            RJ_UNITEST\Debug\Obj\nwdebuger.r51"               #
#                            "\\vmware-host\Shared Folders\Projects\WMNU\IAR\P #
#                            RJ_UNITEST\Debug\Obj\RADIO.r51"                   #
#                            "\\vmware-host\Shared Folders\Projects\WMNU\IAR\P #
#                            RJ_UNITEST\Debug\Obj\sync.r51"                    #
#                            "\\vmware-host\Shared Folders\Projects\WMNU\IAR\P #
#                            RJ_UNITEST\Debug\Obj\TIC.r51"                     #
#                            "\\vmware-host\Shared Folders\Projects\WMNU\IAR\P #
#                            RJ_UNITEST\Debug\Obj\utest.r51"                   #
#                            "\\vmware-host\Shared Folders\Projects\WMNU\IAR\P #
#                            RJ_UNITEST\Debug\Obj\utest_GW.r51"                #
#                            "\\vmware-host\Shared Folders\Projects\WMNU\IAR\P #
#                            RJ_UNITEST\Debug\Obj\utest_NODE.r51"              #
#                            "\\vmware-host\Shared Folders\Projects\WMNU\IAR\P #
#                            RJ_UNITEST\Debug\Obj\utest_suite.r51"             #
#                            -o                                                #
#                            "\\vmware-host\Shared Folders\Projects\WMNU\IAR\P #
#                            RJ_UNITEST\Debug\Exe\unitest.d51"                 #
#                            -l                                                #
#                            "\\vmware-host\Shared Folders\Projects\WMNU\IAR\P #
#                            RJ_UNITEST\Debug\List\unitest.map"                #
#                            -xmsno                                            #
#                            "-IC:\Program Files (x86)\IAR Systems\Embedded Wo #
#                            rkbench 8.0\8051\LIB\"                            #
#                            -f                                                #
#                            "C:\Program Files (x86)\IAR Systems\Embedded Work #
#                            bench 8.0\8051\config\devices\Texas Instruments\l #
#                            nk51ew_CC2530F256_banked.xcl"                     #
#                            (-D_IDATA0_START=0x00 -D_IDATA0_END=0xFF          #
#                            -D_PDATA0_START=0x1E00 -D_PDATA0_END=0x1EFF       #
#                            -D_IXDATA0_START=0x0001 -D_IXDATA0_END=0x1EFF     #
#                            -D_XDATA0_START=_IXDATA0_START                    #
#                            -D_XDATA0_END=_IXDATA0_END                        #
#                            -D_NEAR_CODE_START=0x0000                         #
#                            -D_FIRST_BANK_ADDR=0x10000 -D?REGISTER_BANK=0x0   #
#                            -D_REGISTER_BANK_START=0x0 -D_BREG_START=0x00     #
#                            -D?VB=0x20 -Z(BIT)BREG=_BREG_START                #
#                            -Z(BIT)BIT_N=0-7F                                 #
#                            -Z(DATA)REGISTERS+8=_REGISTER_BANK_START          #
#                            -Z(DATA)BDATA_Z,BDATA_N,BDATA_I=20-2F             #
#                            -Z(DATA)VREG=08-7F -Z(DATA)PSP,XSP=08-7F          #
#                            -Z(DATA)DOVERLAY=08-7F                            #
#                            -Z(DATA)DATA_I,DATA_Z,DATA_N=08-7F                #
#                            -U(IDATA)0-7F=(DATA)0-7F                          #
#                            -Z(IDATA)IDATA_I,IDATA_Z,IDATA_N=08-_IDATA0_END   #
#                            -Z(IDATA)ISTACK+_IDATA_STACK_SIZE#08-_IDATA0_END  #
#                            -Z(IDATA)IOVERLAY=08-FF -Z(CODE)INTVEC=0          #
#                            -Z(CODE)CSTART=_NEAR_CODE_START-(_CODEBANK_START- #
#                            1)                                                #
#                            -Z(CODE)BIT_ID,BDATA_ID,DATA_ID,IDATA_ID,IXDATA_I #
#                            D,PDATA_ID,XDATA_ID=_NEAR_CODE_START-(_CODEBANK_S #
#                            TART-1)                                           #
#                            -Z(CODE)BANK_RELAYS,RCODE,DIFUNCT,CODE_C,CODE_N,N #
#                            EAR_CODE=_NEAR_CODE_START-(_CODEBANK_START-1)     #
#                            -P(CODE)BANKED_CODE=_NEAR_CODE_START-(_CODEBANK_S #
#                            TART-1),[(_CODEBANK_START+_FIRST_BANK_ADDR)-(_COD #
#                            EBANK_END+_FIRST_BANK_ADDR)]*_NR_OF_BANKS+10000   #
#                            -Z(CODE)CHECKSUM#(_CODEBANK_START-1)              #
#                            -Z(XDATA)PDATA_Z,PDATA_I=_PDATA0_START-_PDATA0_EN #
#                            D                                                 #
#                            -P(XDATA)PDATA_N=_PDATA0_START-_PDATA0_END        #
#                            -Z(XDATA)PSTACK+_PDATA_STACK_SIZE=_PDATA0_START-_ #
#                            PDATA0_END                                        #
#                            -Z(XDATA)EXT_STACK+_EXTENDED_STACK_SIZE=_EXTENDED #
#                            _STACK_START                                      #
#                            -Z(XDATA)XSTACK+_XDATA_STACK_SIZE=_XDATA0_START-_ #
#                            XDATA0_END                                        #
#                            -Z(XDATA)IXDATA_Z,IXDATA_I=_IXDATA0_START-_IXDATA #
#                            0_END                                             #
#                            -P(XDATA)IXDATA_N=_IXDATA0_START-_IXDATA0_END     #
#                            -Z(XDATA)XDATA_Z,XDATA_I=_XDATA0_START-_XDATA0_EN #
#                            D                                                 #
#                            -P(XDATA)XDATA_N=_XDATA0_START-_XDATA0_END        #
#                            -Z(XDATA)XDATA_HEAP+_XDATA_HEAP_SIZE=_XDATA0_STAR #
#                            T-_XDATA0_END                                     #
#                            -Z(CONST)XDATA_ROM_C=_XDATA0_START-_XDATA0_END    #
#                            -cx51                                             #
#                            -M(CODE)[(_CODEBANK_START+_FIRST_BANK_ADDR)-(_COD #
#                            EBANK_END+_FIRST_BANK_ADDR)]*_NR_OF_BANKS+0x10000 #
#                            =0x8000                                           #
#                            -ww69=i -D_BANK0_START=0x00000                    #
#                            -D_BANK0_END=0x07FFF -D_BANK1_START=0x18000       #
#                            -D_BANK1_END=0x1FFFF -D_BANK2_START=0x28000       #
#                            -D_BANK2_END=0x2FFFF -D_BANK3_START=0x38000       #
#                            -D_BANK3_END=0x3FFFF -D_BANK4_START=0x48000       #
#                            -D_BANK4_END=0x4FFFF -D_BANK5_START=0x58000       #
#                            -D_BANK5_END=0x5FFFF -D_BANK6_START=0x68000       #
#                            -D_BANK6_END=0x6FFFF -D_BANK7_START=0x78000       #
#                            -D_BANK7_END=0x7FFFF                              #
#                            -P(CODE)BANK0=_BANK0_START-_BANK0_END             #
#                            -P(CODE)BANK1=_BANK1_START-_BANK1_END             #
#                            -P(CODE)BANK2=_BANK2_START-_BANK2_END             #
#                            -P(CODE)BANK3=_BANK3_START-_BANK3_END             #
#                            -P(CODE)BANK4=_BANK4_START-_BANK4_END             #
#                            -P(CODE)BANK5=_BANK5_START-_BANK5_END             #
#                            -P(CODE)BANK6=_BANK6_START-_BANK6_END             #
#                            -P(CODE)BANK7=_BANK7_START-_BANK7_END             #
#                            -D_FLASH_LOCK_BITS_START=0x7FFF0                  #
#                            -D_FLASH_LOCK_BITS_END=0x7FFFF                    #
#                            -Z(CODE)FLASH_LOCK_BITS=_FLASH_LOCK_BITS_START-_F #
#                            LASH_LOCK_BITS_END                                #
#                            -U(CODE)0x0000=(CODE)_FLASH_LOCK_BITS_START-_FLAS #
#                            H_LOCK_BITS_END)                                  #
#                            -D_NR_OF_VIRTUAL_REGISTERS=8 -D?PBANK=0x93        #
#                            -D?CBANK=0x9F -D?CBANK_MASK=0xFF                  #
#                            -e?BCALL_FF=?BCALL -e?BRET_FF=?BRET               #
#                            -e?BDISPATCH_FF=?BDISPATCH                        #
#                            -D_CODEBANK_START=0x8000 -D_CODEBANK_END=0xFFFF   #
#                            -D_NR_OF_BANKS=0x07                               #
#                            "-IC:\Program Files (x86)\IAR Systems\Embedded Wo #
#                            rkbench 8.0\8051\CONFIG\"                         #
#                            -e_PrintfLarge=_Printf -e_ScanfLarge=_Scanf -rt   #
#                            -s __program_start                                #
#                            "C:\Program Files (x86)\IAR Systems\Embedded Work #
#                            bench 8.0\8051\LIB\DLIB\dl-pli-blxd-1e16x01n.r51" #
#                            -D_IDATA_STACK_SIZE=0x40 -D?ESP=0 -D?ESP_MASK=0   #
#                            -D_EXTENDED_STACK_START=0                         #
#                            -D_EXTENDED_STACK_SIZE=0                          #
#                            -D_PDATA_STACK_SIZE=0x80                          #
#                            -D_XDATA_STACK_SIZE=0x300                         #
#                            -D_XDATA_HEAP_SIZE=0x1300                         #
#                            -D_FAR_HEAP_SIZE=0x0FF -D_HUGE_HEAP_SIZE=0x0FF    #
#                            -D_FAR22_HEAP_SIZE=0x0FF)                         #
#                                                                              #
#                           Copyright (C) 1987-2016 IAR Systems AB.            #
################################################################################





                ****************************************
                *                                      *
                *           CROSS REFERENCE            *
                *                                      *
                ****************************************

       Program entry at : CODE      00000085  Relocatable, from module : CSTARTUP




                ****************************************
                *                                      *
                *            RUNTIME MODEL             *
                *                                      *
                ****************************************

  __Heap_Handler             = Basic
  __SystemLibrary            = DLib
  __calling_convention       = xdata_reentrant
  __code_model               = banked
  __core                     = plain
  __data_model               = large
  __dlib_file_descriptor     = 0
  __dlib_full_locale_support = 0
  __dptr_size                = 16
  __extended_stack           = disabled
  __location_for_constants   = data
  __number_of_dptrs          = 1
  __register_banks           = *
  __rt_version               = 1

                ****************************************
                *                                      *
                *    AUTOMATIC SYMBOL REDIRECTIONS     *
                *                                      *
                ****************************************

                  There are no automatic symbol redirections.



                ****************************************
                *                                      *
                *              MODULE MAP              *
                *                                      *
                ****************************************


  DEFINED ABSOLUTE ENTRIES
    *************************************************************************

  DEFINED ABSOLUTE ENTRIES
  PROGRAM MODULE, NAME : ?ABS_ENTRY_MOD

Absolute parts
           ENTRY                   ADDRESS         REF BY
           =====                   =======         ======
           _FAR22_HEAP_SIZE        000000FF 
           _HUGE_HEAP_SIZE         000000FF 
           _FAR_HEAP_SIZE          000000FF 
           _XDATA_HEAP_SIZE        00001300 
           _XDATA_STACK_SIZE       00000300 
           _PDATA_STACK_SIZE       00000080 
           _EXTENDED_STACK_SIZE    00000000 
           _EXTENDED_STACK_START   00000000 
           ?ESP_MASK               00000000 
           ?ESP                    00000000 
           _IDATA_STACK_SIZE       00000040 
           _NR_OF_BANKS            00000007 
           _CODEBANK_END           0000FFFF 
           _CODEBANK_START         00008000 
           ?CBANK_MASK             000000FF 
           ?CBANK                  0000009F        ?RESET_CODE_BANK (CSTARTUP)
                                                   Segment part 0 (?BANKED_CODE_SUPPORT)
           ?PBANK                  00000093 
           _NR_OF_VIRTUAL_REGISTERS
                                   00000008 
           _FLASH_LOCK_BITS_END    0003FFFF 
           _FLASH_LOCK_BITS_START
                                   0003FFF0 
           _BANK7_END              0003FFFF 
           _BANK7_START            00038000 
           _BANK6_END              00037FFF 
           _BANK6_START            00030000 
           _BANK5_END              0002FFFF 
           _BANK5_START            00028000 
           _BANK4_END              00027FFF 
           _BANK4_START            00020000 
           _BANK3_END              0001FFFF 
           _BANK3_START            00018000 
           _BANK2_END              00017FFF 
           _BANK2_START            00010000 
           _BANK1_END              0000FFFF 
           _BANK1_START            00008000 
           _BANK0_END              00007FFF 
           _BANK0_START            00000000 
           ?VB                     00000020        ?BANKED_ENTER_XDATA (?BANKED_ENTER_XDATA)
                                                   ?BANKED_LEAVE_XDATA (?BANKED_LEAVE_XDATA)
                                                   ?INTERRUPT_ENTER_XSP (?INTERRUPT_ENTER_XSP)
                                                   ?INTERRUPT_LEAVE_XSP (?INTERRUPT_LEAVE_XSP)
                                                   AES_StreamCoder (?__write)
                                                   MAC_ACK_Send (?__write)
                                                   MAC_TX_HNDL (?__write)
                                                   RI_Receive (?__write)
                                                   RI_Send (?__write)
                                                   RecvData (?__write)
                                                   SendData (?__write)
                                                   TIC_SetRXState (?__write)
                                                   TIC_SetTXState (?__write)
                                                   send_sync (?__write)
                                                   suite_GW (?__write)
           _BREG_START             00000000 
           _REGISTER_BANK_START    00000000 
           ?REGISTER_BANK          00000000        Segment part 6 (CSTARTUP)
           _FIRST_BANK_ADDR        00010000 
           _NEAR_CODE_START        00000000 
           _XDATA0_END             00001EFF 
           _XDATA0_START           00000001 
           _IXDATA0_END            00001EFF 
           _IXDATA0_START          00000001 
           _PDATA0_END             00001EFF 
           _PDATA0_START           00001E00 
           _IDATA0_END             000000FF 
           _IDATA0_START           00000000 
    *************************************************************************

  FILE NAME : \\vmware-host\Shared Folders\Projects\WMNU\IAR\PRJ_UNITEST\Debug\Obj\coder.r51
  PROGRAM MODULE, NAME : ?__write

  SEGMENTS IN THE MODULE
  ======================
SFR_AN
  Relative segment, address: DATA 00000086 - 00000086 (0x1 bytes), align: 0
  Segment part 1. ROOT        Intra module refs:   MyLowLevelPutchar
                                                   com_uart_init
                                                   uart_getchar
                                                   uart_init
                                                   uart_putchar
           ENTRY                   ADDRESS         REF BY
           =====                   =======         ======
           U0CSR                   00000086 
    -------------------------------------------------------------------------
SFR_AN
  Relative segment, address: DATA 00000087 - 00000087 (0x1 bytes), align: 0
  Segment part 2. ROOT 
           ENTRY                   ADDRESS         REF BY
           =====                   =======         ======
           PCON                    00000087 
    -------------------------------------------------------------------------
SFR_AN
  Relative segment, address: DATA 00000090 - 00000090 (0x1 bytes), align: 0
  Segment part 3. ROOT        Intra module refs:   SY_TS1_HNDL_MASTER
           ENTRY                   ADDRESS         REF BY
           =====                   =======         ======
           _A_P1                   00000090 
           LOCAL                   ADDRESS         
           =====                   =======         
           P1                      00000090 
    -------------------------------------------------------------------------
SFR_AN
  Relative segment, address: DATA 00000091 - 00000091 (0x1 bytes), align: 0
  Segment part 4. ROOT        Intra module refs:   SendData
           ENTRY                   ADDRESS         REF BY
           =====                   =======         ======
           RFIRQF1                 00000091 
    -------------------------------------------------------------------------
SFR_AN
  Relative segment, address: DATA 00000094 - 00000094 (0x1 bytes), align: 0
  Segment part 5. ROOT        Intra module refs:   TIM_init
           ENTRY                   ADDRESS         REF BY
           =====                   =======         ======
           T2CTRL                  00000094 
    -------------------------------------------------------------------------
SFR_AN
  Relative segment, address: DATA 00000095 - 00000095 (0x1 bytes), align: 0
  Segment part 6. ROOT        Intra module refs:   NT_WaitTime
                                                   ReadTimer
                                                   loadTimerCompare
           ENTRY                   ADDRESS         REF BY
           =====                   =======         ======
           ST0                     00000095 
    -------------------------------------------------------------------------
SFR_AN
  Relative segment, address: DATA 00000096 - 00000096 (0x1 bytes), align: 0
  Segment part 7. ROOT        Intra module refs:   NT_WaitTime
                                                   ReadTimer
                                                   loadTimerCompare
           ENTRY                   ADDRESS         REF BY
           =====                   =======         ======
           ST1                     00000096 
    -------------------------------------------------------------------------
SFR_AN
  Relative segment, address: DATA 00000097 - 00000097 (0x1 bytes), align: 0
  Segment part 8. ROOT        Intra module refs:   NT_WaitTime
                                                   ReadTimer
                                                   loadTimerCompare
           ENTRY                   ADDRESS         REF BY
           =====                   =======         ======
           ST2                     00000097 
    -------------------------------------------------------------------------
SFR_AN
  Relative segment, address: DATA 0000009D - 0000009D (0x1 bytes), align: 0
  Segment part 9. ROOT        Intra module refs:   NT_WaitTime
                                                   ReadTimer
           ENTRY                   ADDRESS         REF BY
           =====                   =======         ======
           SLEEPSTA                0000009D 
    -------------------------------------------------------------------------
SFR_AN
  Relative segment, address: DATA 0000009E - 0000009E (0x1 bytes), align: 0
  Segment part 10. ROOT       Intra module refs:   NT_Init
           ENTRY                   ADDRESS         REF BY
           =====                   =======         ======
           CLKCONSTA               0000009E 
    -------------------------------------------------------------------------
SFR_AN
  Relative segment, address: DATA 000000A2 - 000000A2 (0x1 bytes), align: 0
  Segment part 11. ROOT       Intra module refs:   TIM_TimeStamp
           ENTRY                   ADDRESS         REF BY
           =====                   =======         ======
           T2M0                    000000A2 
    -------------------------------------------------------------------------
SFR_AN
  Relative segment, address: DATA 000000A3 - 000000A3 (0x1 bytes), align: 0
  Segment part 12. ROOT       Intra module refs:   TIM_TimeStamp
           ENTRY                   ADDRESS         REF BY
           =====                   =======         ======
           T2M1                    000000A3 
    -------------------------------------------------------------------------
SFR_AN
  Relative segment, address: DATA 000000A4 - 000000A4 (0x1 bytes), align: 0
  Segment part 13. ROOT       Intra module refs:   TIM_TimeStamp
           ENTRY                   ADDRESS         REF BY
           =====                   =======         ======
           T2MOVF0                 000000A4 
    -------------------------------------------------------------------------
SFR_AN
  Relative segment, address: DATA 000000A5 - 000000A5 (0x1 bytes), align: 0
  Segment part 14. ROOT       Intra module refs:   TIM_TimeStamp
           ENTRY                   ADDRESS         REF BY
           =====                   =======         ======
           T2MOVF1                 000000A5 
    -------------------------------------------------------------------------
SFR_AN
  Relative segment, address: DATA 000000A8 - 000000A8 (0x1 bytes), align: 0
  Segment part 15. ROOT       Intra module refs:   MG_Connect
                                                   NT_IRQEnable
                                                   frame_addHeader
                                                   frame_create
                                                   frame_delete
                                                   isIRQEnable
                                                   re_free
                                                   re_malloc
                                                   re_memcpy
           ENTRY                   ADDRESS         REF BY
           =====                   =======         ======
           _A_IEN0                 000000A8 
           LOCAL                   ADDRESS         
           =====                   =======         
           IEN0                    000000A8 
    -------------------------------------------------------------------------
SFR_AN
  Relative segment, address: DATA 000000AD - 000000AD (0x1 bytes), align: 0
  Segment part 16. ROOT       Intra module refs:   loadTimerCompare
           ENTRY                   ADDRESS         REF BY
           =====                   =======         ======
           STLOAD                  000000AD 
    -------------------------------------------------------------------------
SFR_AN
  Relative segment, address: DATA 000000B3 - 000000B3 (0x1 bytes), align: 0
  Segment part 17. ROOT       Intra module refs:   AES_StreamCoder
           ENTRY                   ADDRESS         REF BY
           =====                   =======         ======
           ENCCS                   000000B3 
    -------------------------------------------------------------------------
SFR_AN
  Relative segment, address: DATA 000000BE - 000000BE (0x1 bytes), align: 0
  Segment part 18. ROOT 
           ENTRY                   ADDRESS         REF BY
           =====                   =======         ======
           SLEEPCMD                000000BE 
    -------------------------------------------------------------------------
SFR_AN
  Relative segment, address: DATA 000000C0 - 000000C0 (0x1 bytes), align: 0
  Segment part 19. ROOT       Intra module refs:   NT_IRQEnable
                                                   TimerCompareInterrupt
           ENTRY                   ADDRESS         REF BY
           =====                   =======         ======
           _A_IRCON                000000C0 
           LOCAL                   ADDRESS         
           =====                   =======         
           IRCON                   000000C0 
    -------------------------------------------------------------------------
SFR_AN
  Relative segment, address: DATA 000000C1 - 000000C1 (0x1 bytes), align: 0
  Segment part 20. ROOT       Intra module refs:   MyLowLevelPutchar
                                                   uart_getchar
                                                   uart_putchar
           ENTRY                   ADDRESS         REF BY
           =====                   =======         ======
           U0DBUF                  000000C1 
    -------------------------------------------------------------------------
SFR_AN
  Relative segment, address: DATA 000000C2 - 000000C2 (0x1 bytes), align: 0
  Segment part 21. ROOT       Intra module refs:   com_uart_init
                                                   uart_init
           ENTRY                   ADDRESS         REF BY
           =====                   =======         ======
           U0BAUD                  000000C2 
    -------------------------------------------------------------------------
SFR_AN
  Relative segment, address: DATA 000000C5 - 000000C5 (0x1 bytes), align: 0
  Segment part 22. ROOT       Intra module refs:   com_uart_init
                                                   uart_init
           ENTRY                   ADDRESS         REF BY
           =====                   =======         ======
           U0GCR                   000000C5 
    -------------------------------------------------------------------------
SFR_AN
  Relative segment, address: DATA 000000C6 - 000000C6 (0x1 bytes), align: 0
  Segment part 23. ROOT       Intra module refs:   NT_Init
           ENTRY                   ADDRESS         REF BY
           =====                   =======         ======
           CLKCONCMD               000000C6 
    -------------------------------------------------------------------------
SFR_AN
  Relative segment, address: DATA 000000D2 - 000000D2 (0x1 bytes), align: 0
  Segment part 24. ROOT       Intra module refs:   AES_init
           ENTRY                   ADDRESS         REF BY
           =====                   =======         ======
           DMA1CFGL                000000D2 
    -------------------------------------------------------------------------
SFR_AN
  Relative segment, address: DATA 000000D3 - 000000D3 (0x1 bytes), align: 0
  Segment part 25. ROOT       Intra module refs:   AES_init
           ENTRY                   ADDRESS         REF BY
           =====                   =======         ======
           DMA1CFGH                000000D3 
    -------------------------------------------------------------------------
SFR_AN
  Relative segment, address: DATA 000000D4 - 000000D4 (0x1 bytes), align: 0
  Segment part 26. ROOT       Intra module refs:   AES_init
           ENTRY                   ADDRESS         REF BY
           =====                   =======         ======
           DMA0CFGL                000000D4 
    -------------------------------------------------------------------------
SFR_AN
  Relative segment, address: DATA 000000D5 - 000000D5 (0x1 bytes), align: 0
  Segment part 27. ROOT       Intra module refs:   AES_init
           ENTRY                   ADDRESS         REF BY
           =====                   =======         ======
           DMA0CFGH                000000D5 
    -------------------------------------------------------------------------
SFR_AN
  Relative segment, address: DATA 000000D6 - 000000D6 (0x1 bytes), align: 0
  Segment part 28. ROOT       Intra module refs:   AES_StreamCoder
           ENTRY                   ADDRESS         REF BY
           =====                   =======         ======
           DMAARM                  000000D6 
    -------------------------------------------------------------------------
SFR_AN
  Relative segment, address: DATA 000000D7 - 000000D7 (0x1 bytes), align: 0
  Segment part 29. ROOT       Intra module refs:   AES_StreamCoder
           ENTRY                   ADDRESS         REF BY
           =====                   =======         ======
           DMAREQ                  000000D7 
    -------------------------------------------------------------------------
SFR_AN
  Relative segment, address: DATA 000000D9 - 000000D9 (0x1 bytes), align: 0
  Segment part 30. ROOT       Intra module refs:   LoadTXData
                                                   UnLoadRXData
           ENTRY                   ADDRESS         REF BY
           =====                   =======         ======
           RFD                     000000D9 
    -------------------------------------------------------------------------
SFR_AN
  Relative segment, address: DATA 000000E1 - 000000E1 (0x1 bytes), align: 0
  Segment part 31. ROOT       Intra module refs:   LoadTXData
                                                   RecvData
                                                   SendData
                                                   random_core_init
           ENTRY                   ADDRESS         REF BY
           =====                   =======         ======
           RFST                    000000E1 
    -------------------------------------------------------------------------
SFR_AN
  Relative segment, address: DATA 000000E9 - 000000E9 (0x1 bytes), align: 0
  Segment part 32. ROOT       Intra module refs:   RecvData
                                                   SendData
           ENTRY                   ADDRESS         REF BY
           =====                   =======         ======
           RFIRQF0                 000000E9 
    -------------------------------------------------------------------------
SFR_AN
  Relative segment, address: DATA 000000F1 - 000000F1 (0x1 bytes), align: 0
  Segment part 33. ROOT       Intra module refs:   com_uart_init
                                                   uart_init
           ENTRY                   ADDRESS         REF BY
           =====                   =======         ======
           PERCFG                  000000F1 
    -------------------------------------------------------------------------
SFR_AN
  Relative segment, address: DATA 000000F3 - 000000F3 (0x1 bytes), align: 0
  Segment part 34. ROOT       Intra module refs:   com_uart_init
                                                   uart_init
           ENTRY                   ADDRESS         REF BY
           =====                   =======         ======
           P0SEL                   000000F3 
    -------------------------------------------------------------------------
SFR_AN
  Relative segment, address: DATA 000000FE - 000000FE (0x1 bytes), align: 0
  Segment part 35. ROOT       Intra module refs:   utestSigTraceInit
           ENTRY                   ADDRESS         REF BY
           =====                   =======         ======
           P1DIR                   000000FE 
    -------------------------------------------------------------------------
XDATA_Z
  Relative segment, address: XDATA 00000301 - 00000308 (0x8 bytes), align: 0
  Segment part 171.           Intra module refs:   AES_StreamCoder
                                                   AES_init
           ENTRY                   ADDRESS         REF BY
           =====                   =======         ======
           DMA_AES_DW              00000301 
    -------------------------------------------------------------------------
XDATA_Z
  Relative segment, address: XDATA 00000309 - 00000310 (0x8 bytes), align: 0
  Segment part 172.           Intra module refs:   AES_StreamCoder
                                                   AES_init
           ENTRY                   ADDRESS         REF BY
           =====                   =======         ======
           DMA_AES_UP              00000309 
    -------------------------------------------------------------------------
<BANKED_CODE> 1 (was BANKED_CODE)
  Relative segment, address: CODE 000014D7 - 000015C5 (0xef bytes), align: 0
  Segment part 257.           Intra module refs:   AES_init::?relay
           ENTRY                   ADDRESS         REF BY
           =====                   =======         ======
           AES_init                000014D7 
               ISTACK = 00000000 ( 00000002 )
    -------------------------------------------------------------------------
<BANKED_CODE> 1 (was BANKED_CODE)
  Relative segment, address: CODE 000015C6 - 0000181D (0x258 bytes), align: 0
  Segment part 259.           Intra module refs:   AES_StreamCoder::?relay
           ENTRY                   ADDRESS         REF BY
           =====                   =======         ======
           AES_StreamCoder         000015C6 
               calls direct
               XSTACK = 00000010 ( 00000027 )
    -------------------------------------------------------------------------
XDATA_Z
  Relative segment, address: XDATA 00000311 - 00000334 (0x24 bytes), align: 0
  Segment part 173.           Intra module refs:   CF_init
                                                   re_start
                                                   send_sync
           ENTRY                   ADDRESS         REF BY
           =====                   =======         ======
           CONFIG                  00000311 
    -------------------------------------------------------------------------
XDATA_I
  Relative segment, address: XDATA 000005C1 - 000005D0 (0x10 bytes), align: 0
  Segment part 54.            Intra module refs:   frame_addHeader
           LOCAL                   ADDRESS         
           =====                   =======         
           frame_addHeader::__FUNCTION__
                                   000005C1 
    -------------------------------------------------------------------------
XDATA_I
  Relative segment, address: XDATA 000005D1 - 000005E6 (0x16 bytes), align: 0
  Segment part 56.            Intra module refs:   frame_addHeader
                                                   frame_create
    -------------------------------------------------------------------------
XDATA_I
  Relative segment, address: XDATA 000005E7 - 000005EE (0x8 bytes), align: 0
  Segment part 58.            Intra module refs:   frame_addHeader
                                                   frame_create
    -------------------------------------------------------------------------
XDATA_I
  Relative segment, address: XDATA 000005EF - 000005F1 (0x3 bytes), align: 0
  Segment part 60.            Intra module refs:   frame_addHeader
                                                   frame_create
    -------------------------------------------------------------------------
XDATA_I
  Relative segment, address: XDATA 000005F2 - 000005FE (0xd bytes), align: 0
  Segment part 64.            Intra module refs:   frame_create
           LOCAL                   ADDRESS         
           =====                   =======         
           frame_create::__FUNCTION__
                                   000005F2 
    -------------------------------------------------------------------------
XDATA_I
  Relative segment, address: XDATA 000005FF - 00000614 (0x16 bytes), align: 0
  Segment part 68.            Intra module refs:   LLC_RX_HNDL
                                                   LLC_Shelduler
    -------------------------------------------------------------------------
XDATA_I
  Relative segment, address: XDATA 00000615 - 0000061A (0x6 bytes), align: 0
  Segment part 70.            Intra module refs:   LLC_RX_HNDL
                                                   LLC_Shelduler
    -------------------------------------------------------------------------
XDATA_I
  Relative segment, address: XDATA 0000061B - 0000061D (0x3 bytes), align: 0
  Segment part 72.            Intra module refs:   LLC_RX_HNDL
                                                   LLC_Shelduler
    -------------------------------------------------------------------------
XDATA_I
  Relative segment, address: XDATA 0000061E - 0000062B (0xe bytes), align: 0
  Segment part 78.            Intra module refs:   LLC_Shelduler
           LOCAL                   ADDRESS         
           =====                   =======         
           LLC_Shelduler::__FUNCTION__
                                   0000061E 
    -------------------------------------------------------------------------
XDATA_I
  Relative segment, address: XDATA 0000062C - 00000637 (0xc bytes), align: 0
  Segment part 80.            Intra module refs:   LLC_RX_HNDL
           LOCAL                   ADDRESS         
           =====                   =======         
           LLC_RX_HNDL::__FUNCTION__
                                   0000062C 
    -------------------------------------------------------------------------
XDATA_I
  Relative segment, address: XDATA 00000638 - 0000064D (0x16 bytes), align: 0
  Segment part 84.            Intra module refs:   MAC_GetTXState
                                                   MAC_RX_HNDL
                                                   MAC_Send
                                                   MAC_TX_HNDL
    -------------------------------------------------------------------------
XDATA_I
  Relative segment, address: XDATA 0000064E - 00000653 (0x6 bytes), align: 0
  Segment part 86.            Intra module refs:   MAC_GetTXState
                                                   MAC_RX_HNDL
                                                   MAC_Send
                                                   MAC_TX_HNDL
    -------------------------------------------------------------------------
XDATA_I
  Relative segment, address: XDATA 00000654 - 00000656 (0x3 bytes), align: 0
  Segment part 88.            Intra module refs:   MAC_GetTXState
                                                   MAC_RX_HNDL
                                                   MAC_Send
                                                   MAC_TX_HNDL
    -------------------------------------------------------------------------
XDATA_I
  Relative segment, address: XDATA 00000657 - 0000065F (0x9 bytes), align: 0
  Segment part 92.            Intra module refs:   MAC_Send
           LOCAL                   ADDRESS         
           =====                   =======         
           MAC_Send::__FUNCTION__
                                   00000657 
    -------------------------------------------------------------------------
XDATA_I
  Relative segment, address: XDATA 00000660 - 0000066E (0xf bytes), align: 0
  Segment part 94.            Intra module refs:   MAC_GetTXState
           LOCAL                   ADDRESS         
           =====                   =======         
           MAC_GetTXState::__FUNCTION__
                                   00000660 
    -------------------------------------------------------------------------
XDATA_I
  Relative segment, address: XDATA 0000066F - 0000067A (0xc bytes), align: 0
  Segment part 98.            Intra module refs:   MAC_RX_HNDL
           LOCAL                   ADDRESS         
           =====                   =======         
           MAC_RX_HNDL::__FUNCTION__
                                   0000066F 
    -------------------------------------------------------------------------
XDATA_I
  Relative segment, address: XDATA 0000067B - 00000686 (0xc bytes), align: 0
  Segment part 100.           Intra module refs:   MAC_TX_HNDL
           LOCAL                   ADDRESS         
           =====                   =======         
           MAC_TX_HNDL::__FUNCTION__
                                   0000067B 
    -------------------------------------------------------------------------
XDATA_I
  Relative segment, address: XDATA 00000687 - 00000691 (0xb bytes), align: 0
  Segment part 102.           Intra module refs:   NT_SetTime
           LOCAL                   ADDRESS         
           =====                   =======         
           NT_SetTime::__FUNCTION__
                                   00000687 
    -------------------------------------------------------------------------
XDATA_I
  Relative segment, address: XDATA 00000692 - 000006A7 (0x16 bytes), align: 0
  Segment part 104.           Intra module refs:   NT_SetCompare
                                                   NT_SetTime
    -------------------------------------------------------------------------
XDATA_I
  Relative segment, address: XDATA 000006A8 - 000006AE (0x7 bytes), align: 0
  Segment part 106.           Intra module refs:   NT_SetCompare
                                                   NT_SetTime
    -------------------------------------------------------------------------
XDATA_I
  Relative segment, address: XDATA 000006AF - 000006B1 (0x3 bytes), align: 0
  Segment part 108.           Intra module refs:   NT_SetCompare
                                                   NT_SetTime
    -------------------------------------------------------------------------
XDATA_I
  Relative segment, address: XDATA 000006B2 - 000006BF (0xe bytes), align: 0
  Segment part 110.           Intra module refs:   NT_SetCompare
           LOCAL                   ADDRESS         
           =====                   =======         
           NT_SetCompare::__FUNCTION__
                                   000006B2 
    -------------------------------------------------------------------------
XDATA_I
  Relative segment, address: XDATA 000006C0 - 000006C7 (0x8 bytes), align: 0
  Segment part 112.           Intra module refs:   RI_Send
           LOCAL                   ADDRESS         
           =====                   =======         
           RI_Send::__FUNCTION__   000006C0 
    -------------------------------------------------------------------------
XDATA_I
  Relative segment, address: XDATA 000006C8 - 000006DD (0x16 bytes), align: 0
  Segment part 114.           Intra module refs:   RI_Send
                                                   setFreq
    -------------------------------------------------------------------------
XDATA_I
  Relative segment, address: XDATA 000006DE - 000006E5 (0x8 bytes), align: 0
  Segment part 116.           Intra module refs:   RI_Send
                                                   setFreq
    -------------------------------------------------------------------------
XDATA_I
  Relative segment, address: XDATA 000006E6 - 000006E8 (0x3 bytes), align: 0
  Segment part 118.           Intra module refs:   RI_Send
                                                   setFreq
    -------------------------------------------------------------------------
XDATA_I
  Relative segment, address: XDATA 000006E9 - 000006F0 (0x8 bytes), align: 0
  Segment part 120.           Intra module refs:   setFreq
           LOCAL                   ADDRESS         
           =====                   =======         
           setFreq::__FUNCTION__   000006E9 
    -------------------------------------------------------------------------
XDATA_I
  Relative segment, address: XDATA 000006F1 - 000006FD (0xd bytes), align: 0
  Segment part 122.           Intra module refs:   TIC_SetTimer
           LOCAL                   ADDRESS         
           =====                   =======         
           TIC_SetTimer::__FUNCTION__
                                   000006F1 
    -------------------------------------------------------------------------
XDATA_I
  Relative segment, address: XDATA 000006FE - 00000713 (0x16 bytes), align: 0
  Segment part 124.           Intra module refs:   Callback_execution
                                                   TIC_GetTXState
                                                   TIC_SetRXCallback
                                                   TIC_SetRXState
                                                   TIC_SetSECallback
                                                   TIC_SetSyncTimeAllocCallback
                                                   TIC_SetTS1Callback
                                                   TIC_SetTXCallback
                                                   TIC_SetTXState
                                                   TIC_SetTimer
    -------------------------------------------------------------------------
XDATA_I
  Relative segment, address: XDATA 00000714 - 00000719 (0x6 bytes), align: 0
  Segment part 126.           Intra module refs:   Callback_execution
                                                   TIC_GetTXState
                                                   TIC_SetRXCallback
                                                   TIC_SetRXState
                                                   TIC_SetSECallback
                                                   TIC_SetSyncTimeAllocCallback
                                                   TIC_SetTS1Callback
                                                   TIC_SetTXCallback
                                                   TIC_SetTXState
                                                   TIC_SetTimer
    -------------------------------------------------------------------------
XDATA_I
  Relative segment, address: XDATA 0000071A - 0000071C (0x3 bytes), align: 0
  Segment part 128.           Intra module refs:   Callback_execution
                                                   TIC_GetTXState
                                                   TIC_SetRXCallback
                                                   TIC_SetRXState
                                                   TIC_SetSECallback
                                                   TIC_SetSyncTimeAllocCallback
                                                   TIC_SetTS1Callback
                                                   TIC_SetTXCallback
                                                   TIC_SetTXState
                                                   TIC_SetTimer
    -------------------------------------------------------------------------
XDATA_I
  Relative segment, address: XDATA 0000071D - 0000072B (0xf bytes), align: 0
  Segment part 130.           Intra module refs:   TIC_SetTXState
           LOCAL                   ADDRESS         
           =====                   =======         
           TIC_SetTXState::__FUNCTION__
                                   0000071D 
    -------------------------------------------------------------------------
XDATA_I
  Relative segment, address: XDATA 0000072C - 0000073A (0xf bytes), align: 0
  Segment part 132.           Intra module refs:   TIC_SetRXState
           LOCAL                   ADDRESS         
           =====                   =======         
           TIC_SetRXState::__FUNCTION__
                                   0000072C 
    -------------------------------------------------------------------------
XDATA_I
  Relative segment, address: XDATA 0000073B - 00000749 (0xf bytes), align: 0
  Segment part 134.           Intra module refs:   TIC_GetTXState
           LOCAL                   ADDRESS         
           =====                   =======         
           TIC_GetTXState::__FUNCTION__
                                   0000073B 
    -------------------------------------------------------------------------
XDATA_I
  Relative segment, address: XDATA 0000074A - 0000075C (0x13 bytes), align: 0
  Segment part 138.           Intra module refs:   TIC_SetTS1Callback
           LOCAL                   ADDRESS         
           =====                   =======         
           TIC_SetTS1Callback::__FUNCTION__
                                   0000074A 
    -------------------------------------------------------------------------
XDATA_I
  Relative segment, address: XDATA 0000075D - 0000076E (0x12 bytes), align: 0
  Segment part 140.           Intra module refs:   TIC_SetRXCallback
           LOCAL                   ADDRESS         
           =====                   =======         
           TIC_SetRXCallback::__FUNCTION__
                                   0000075D 
    -------------------------------------------------------------------------
XDATA_I
  Relative segment, address: XDATA 0000076F - 0000078B (0x1d bytes), align: 0
  Segment part 142.           Intra module refs:   TIC_SetSyncTimeAllocCallback
           LOCAL                   ADDRESS         
           =====                   =======         
           TIC_SetSyncTimeAllocCallback::__FUNCTION__
                                   0000076F 
    -------------------------------------------------------------------------
XDATA_I
  Relative segment, address: XDATA 0000078C - 0000079D (0x12 bytes), align: 0
  Segment part 144.           Intra module refs:   TIC_SetTXCallback
           LOCAL                   ADDRESS         
           =====                   =======         
           TIC_SetTXCallback::__FUNCTION__
                                   0000078C 
    -------------------------------------------------------------------------
XDATA_I
  Relative segment, address: XDATA 0000079E - 000007AF (0x12 bytes), align: 0
  Segment part 146.           Intra module refs:   TIC_SetSECallback
           LOCAL                   ADDRESS         
           =====                   =======         
           TIC_SetSECallback::__FUNCTION__
                                   0000079E 
    -------------------------------------------------------------------------
XDATA_I
  Relative segment, address: XDATA 000007B0 - 000007C2 (0x13 bytes), align: 0
  Segment part 148.           Intra module refs:   Callback_execution
           LOCAL                   ADDRESS         
           =====                   =======         
           Callback_execution::__FUNCTION__
                                   000007B0 
    -------------------------------------------------------------------------
XDATA_I
  Relative segment, address: XDATA 000007C3 - 000007EB (0x29 bytes), align: 0
  Segment part 156.           Intra module refs:   umsg_line
    -------------------------------------------------------------------------
XDATA_I
  Relative segment, address: XDATA 000007EC - 000007F0 (0x5 bytes), align: 0
  Segment part 158.           Intra module refs:   umsg_line
    -------------------------------------------------------------------------
XDATA_I
  Relative segment, address: XDATA 000007F1 - 00000802 (0x12 bytes), align: 0
  Segment part 160.           Intra module refs:   umsg_summary
    -------------------------------------------------------------------------
XDATA_I
  Relative segment, address: XDATA 00000803 - 0000080F (0xd bytes), align: 0
  Segment part 162.           Intra module refs:   umsg_summary
    -------------------------------------------------------------------------
XDATA_I
  Relative segment, address: XDATA 00000810 - 0000081C (0xd bytes), align: 0
  Segment part 164.           Intra module refs:   umsg_summary
    -------------------------------------------------------------------------
XDATA_I
  Relative segment, address: XDATA 0000081D - 0000082B (0xf bytes), align: 0
  Segment part 166.           Intra module refs:   umsg_summary
    -------------------------------------------------------------------------
XDATA_I
  Relative segment, address: XDATA 0000082C - 0000083A (0xf bytes), align: 0
  Segment part 168.           Intra module refs:   umsg_summary
    -------------------------------------------------------------------------
XDATA_I
  Relative segment, address: XDATA 0000083B - 0000084A (0x10 bytes), align: 0
  Segment part 174.           Intra module refs:   CF_init
           LOCAL                   ADDRESS         
           =====                   =======         
           default_key             0000083B 
    -------------------------------------------------------------------------
XDATA_I
  Relative segment, address: XDATA 0000084B - 0000085A (0x10 bytes), align: 0
  Segment part 176.           Intra module refs:   CF_init
           LOCAL                   ADDRESS         
           =====                   =======         
           default_iv              0000084B 
    -------------------------------------------------------------------------
<BANKED_CODE> 1 (was BANKED_CODE)
  Relative segment, address: CODE 0000181E - 00001875 (0x58 bytes), align: 0
  Segment part 271.           Intra module refs:   CF_init::?relay
           ENTRY                   ADDRESS         REF BY
           =====                   =======         ======
           CF_init                 0000181E 
               calls direct
               XSTACK = 00000000 ( 0000000C )
    -------------------------------------------------------------------------
XDATA_I
  Relative segment, address: XDATA 0000085B - 0000085E (0x4 bytes), align: 0
  Segment part 178.           Intra module refs:   Interval
           LOCAL                   ADDRESS         
           =====                   =======         
           MAC_TIMER_MAX           0000085B 
    -------------------------------------------------------------------------
XDATA_Z
  Relative segment, address: XDATA 00000335 - 00000338 (0x4 bytes), align: 0
  Segment part 180.           Intra module refs:   DelayCalibrate
                                                   TIM_delay
           LOCAL                   ADDRESS         
           =====                   =======         
           DELAY_CALIBRATE_TICS    00000335 
    -------------------------------------------------------------------------
<BANKED_CODE> 1 (was BANKED_CODE)
  Relative segment, address: CODE 00001876 - 00001886 (0x11 bytes), align: 0
  Segment part 273.           Intra module refs:   TIM_init::?relay
           ENTRY                   ADDRESS         REF BY
           =====                   =======         ======
           TIM_init                00001876 
               calls direct
               ISTACK = 00000000 ( 00000002 )
    -------------------------------------------------------------------------
<BANKED_CODE> 1 (was BANKED_CODE)
  Relative segment, address: CODE 00001887 - 000018C3 (0x3d bytes), align: 0
  Segment part 275.           Intra module refs:   TIM_TimeStamp::?relay
           ENTRY                   ADDRESS         REF BY
           =====                   =======         ======
           TIM_TimeStamp           00001887 
               XSTACK = 0000002C ( 00000000 )
               ISTACK = 00000000 ( 00000003 )
    -------------------------------------------------------------------------
<BANKED_CODE> 1 (was BANKED_CODE)
  Relative segment, address: CODE 000018C4 - 00001956 (0x93 bytes), align: 0
  Segment part 277.           Intra module refs:   DelayCalibrate::?relay
           LOCAL                   ADDRESS         
           =====                   =======         
           DelayCalibrate          000018C4 
               calls direct
               XSTACK = 00000000 ( 00000028 )
    -------------------------------------------------------------------------
<BANKED_CODE> 1 (was BANKED_CODE)
  Relative segment, address: CODE 00001957 - 000019F9 (0xa3 bytes), align: 0
  Segment part 279.           Intra module refs:   Interval::?relay
           LOCAL                   ADDRESS         
           =====                   =======         
           Interval                00001957 
               XSTACK = 00000024 ( 00000012 )
    -------------------------------------------------------------------------
<BANKED_CODE> 1 (was BANKED_CODE)
  Relative segment, address: CODE 000019FA - 00001A57 (0x5e bytes), align: 0
  Segment part 281.           Intra module refs:   TIM_passedTime::?relay
           ENTRY                   ADDRESS         REF BY
           =====                   =======         ======
           TIM_passedTime          000019FA 
               calls direct
               XSTACK = 0000002C ( 00000012 )
    -------------------------------------------------------------------------
<BANKED_CODE> 1 (was BANKED_CODE)
  Relative segment, address: CODE 00001A58 - 00001ADC (0x85 bytes), align: 0
  Segment part 283.           Intra module refs:   TIM_delay::?relay
           ENTRY                   ADDRESS         REF BY
           =====                   =======         ======
           TIM_delay               00001A58 
               calls direct
               XSTACK = 00000028 ( 00000024 )
    -------------------------------------------------------------------------
XDATA_Z
  Relative segment, address: XDATA 00000339 - 00000339 (0x1 bytes), align: 0
  Segment part 182.           Intra module refs:   frame_create
                                                   frame_delete
                                                   frame_getCount
           LOCAL                   ADDRESS         
           =====                   =======         
           NBR_FRAME               00000339 
    -------------------------------------------------------------------------
<BANKED_CODE> 1 (was BANKED_CODE)
  Relative segment, address: CODE 00001ADD - 00001AEC (0x10 bytes), align: 0
  Segment part 301.           Intra module refs:   frame_getCount::?relay
           ENTRY                   ADDRESS         REF BY
           =====                   =======         ======
           frame_getCount          00001ADD 
               ISTACK = 00000000 ( 00000002 )
    -------------------------------------------------------------------------
<BANKED_CODE> 1 (was BANKED_CODE)
  Relative segment, address: CODE 00001AED - 00001C5B (0x16f bytes), align: 0
  Segment part 303.           Intra module refs:   frame_addHeader::?relay
           ENTRY                   ADDRESS         REF BY
           =====                   =======         ======
           frame_addHeader         00001AED 
               calls direct
               XSTACK = 0000002C ( 00000018 )
               ISTACK = 00000000 ( 00000001 )
    -------------------------------------------------------------------------
<BANKED_CODE> 1 (was BANKED_CODE)
  Relative segment, address: CODE 00001C5C - 00001D03 (0xa8 bytes), align: 0
  Segment part 307.           Intra module refs:   frame_create::?relay
           ENTRY                   ADDRESS         REF BY
           =====                   =======         ======
           frame_create            00001C5C 
               calls direct
               XSTACK = 0000002C ( 00000012 )
    -------------------------------------------------------------------------
<BANKED_CODE> 1 (was BANKED_CODE)
  Relative segment, address: CODE 00001D04 - 00001D4A (0x47 bytes), align: 0
  Segment part 309.           Intra module refs:   frame_delete::?relay
           ENTRY                   ADDRESS         REF BY
           =====                   =======         ======
           frame_delete            00001D04 
               calls direct
               XSTACK = 0000002C ( 0000000A )
    -------------------------------------------------------------------------
XDATA_Z
  Relative segment, address: XDATA 0000033A - 0000033A (0x1 bytes), align: 0
  Segment part 183.           Intra module refs:   LLC_Init
                                                   LLC_Shelduler
           LOCAL                   ADDRESS         
           =====                   =======         
           tasksBLOCK              0000033A 
    -------------------------------------------------------------------------
XDATA_Z
  Relative segment, address: XDATA 0000033B - 0000033C (0x2 bytes), align: 0
  Segment part 184.           Intra module refs:   LLC_Init
                                                   LLC_Reset
                                                   LLC_Shelduler
           LOCAL                   ADDRESS         
           =====                   =======         
           FirstTask               0000033B 
    -------------------------------------------------------------------------
XDATA_Z
  Relative segment, address: XDATA 0000033D - 0000033D (0x1 bytes), align: 0
  Segment part 185.           Intra module refs:   LLC_Init
                                                   LLC_Shelduler
           LOCAL                   ADDRESS         
           =====                   =======         
           nbrTasks                0000033D 
    -------------------------------------------------------------------------
XDATA_Z
  Relative segment, address: XDATA 0000033E - 0000033F (0x2 bytes), align: 0
  Segment part 186.           Intra module refs:   LLC_RX_HNDL
           LOCAL                   ADDRESS         
           =====                   =======         
           RXCallback              0000033E 
    -------------------------------------------------------------------------
XDATA_Z
  Relative segment, address: XDATA 00000340 - 00000343 (0x4 bytes), align: 0
  Segment part 187.           Intra module refs:   LLC_RunTimeAlloc
           LOCAL                   ADDRESS         
           =====                   =======         
           HeadAllocFunc           00000340 
    -------------------------------------------------------------------------
<BANKED_CODE> 1 (was BANKED_CODE)
  Relative segment, address: CODE 00001D4B - 00001D79 (0x2f bytes), align: 0
  Segment part 313.           Intra module refs:   LLC_Init::?relay
           ENTRY                   ADDRESS         REF BY
           =====                   =======         ======
           LLC_Init                00001D4B 
               calls direct
               ISTACK = 00000000 ( 00000002 )
    -------------------------------------------------------------------------
<BANKED_CODE> 1 (was BANKED_CODE)
  Relative segment, address: CODE 00001D7A - 00001DA4 (0x2b bytes), align: 0
  Segment part 315.           Intra module refs:   LLC_Reset::?relay
           ENTRY                   ADDRESS         REF BY
           =====                   =======         ======
           LLC_Reset               00001D7A 
               calls direct
               XSTACK = 00000000 ( 0000000A )
    -------------------------------------------------------------------------
<BANKED_CODE> 1 (was BANKED_CODE)
  Relative segment, address: CODE 00001DA5 - 00001EE1 (0x13d bytes), align: 0
  Segment part 325.           Intra module refs:   LLC_Shelduler::?relay
           LOCAL                   ADDRESS         
           =====                   =======         
           LLC_Shelduler           00001DA5 
               calls direct
               XSTACK = 00000009 ( 00000016 )
    -------------------------------------------------------------------------
<BANKED_CODE> 1 (was BANKED_CODE)
  Relative segment, address: CODE 00001EE2 - 00001EF5 (0x14 bytes), align: 0
  Segment part 327.           Intra module refs:   LLC_SE_HNDL::?relay
           LOCAL                   ADDRESS         
           =====                   =======         
           LLC_SE_HNDL             00001EE2 
               calls direct, is indirectly called
               XSTACK = 00000000 ( 00000009 )
    -------------------------------------------------------------------------
<BANKED_CODE> 1 (was BANKED_CODE)
  Relative segment, address: CODE 00001EF6 - 00001F57 (0x62 bytes), align: 0
  Segment part 329.           Intra module refs:   LLC_RX_HNDL::?relay
           LOCAL                   ADDRESS         
           =====                   =======         
           LLC_RX_HNDL             00001EF6 
               calls direct, is indirectly called
               XSTACK = 00000000 ( 00000010 )
    -------------------------------------------------------------------------
<BANKED_CODE> 1 (was BANKED_CODE)
  Relative segment, address: CODE 00001F58 - 00001F9A (0x43 bytes), align: 0
  Segment part 331.           Intra module refs:   LLC_RunTimeAlloc::?relay
           LOCAL                   ADDRESS         
           =====                   =======         
           LLC_RunTimeAlloc        00001F58 
               XSTACK = 00000009 ( 00000009 )
    -------------------------------------------------------------------------
XDATA_Z
  Relative segment, address: XDATA 00000344 - 00000345 (0x2 bytes), align: 0
  Segment part 188.           Intra module refs:   MAC_RX_HNDL
                                                   MAC_SetRXCallback
           LOCAL                   ADDRESS         
           =====                   =======         
           RXCallback              00000344 
    -------------------------------------------------------------------------
XDATA_I
  Relative segment, address: XDATA 0000085F - 0000086E (0x10 bytes), align: 0
  Segment part 189.           Intra module refs:   BitRawCrypt
                                                   BitRawDecrypt
                                                   MAC_setKEY
           LOCAL                   ADDRESS         
           =====                   =======         
           KEY                     0000085F 
    -------------------------------------------------------------------------
XDATA_I
  Relative segment, address: XDATA 0000086F - 0000087E (0x10 bytes), align: 0
  Segment part 191.           Intra module refs:   BitRawCrypt
                                                   BitRawDecrypt
                                                   MAC_setIV
           LOCAL                   ADDRESS         
           =====                   =======         
           IV                      0000086F 
    -------------------------------------------------------------------------
XDATA_Z
  Relative segment, address: XDATA 00000346 - 00000346 (0x1 bytes), align: 0
  Segment part 193.           Intra module refs:   MAC_Enable
                                                   MAC_Init
                                                   MAC_RX_HNDL
                                                   MAC_Reset
                                                   MAC_TX_HNDL
           LOCAL                   ADDRESS         
           =====                   =======         
           MAC_ENABLE_MODULE       00000346 
    -------------------------------------------------------------------------
XDATA_Z
  Relative segment, address: XDATA 00000347 - 000004A4 (0x15e bytes), align: 0
  Segment part 194.           Intra module refs:   MAC_GetTXState
                                                   MAC_Init
                                                   MAC_RX_HNDL
                                                   MAC_Reset
                                                   MAC_Send
                                                   MAC_TX_HNDL
           ENTRY                   ADDRESS         REF BY
           =====                   =======         ======
           MACSlotTable            00000347 
    -------------------------------------------------------------------------
<BANKED_CODE> 1 (was BANKED_CODE)
  Relative segment, address: CODE 00001F9B - 00001FC3 (0x29 bytes), align: 0
  Segment part 333.           Intra module refs:   MAC_setIV::?relay
           ENTRY                   ADDRESS         REF BY
           =====                   =======         ======
           MAC_setIV               00001F9B 
               calls direct
               XSTACK = 00000000 ( 0000000C )
    -------------------------------------------------------------------------
<BANKED_CODE> 1 (was BANKED_CODE)
  Relative segment, address: CODE 00001FC4 - 00001FEC (0x29 bytes), align: 0
  Segment part 335.           Intra module refs:   MAC_setKEY::?relay
           ENTRY                   ADDRESS         REF BY
           =====                   =======         ======
           MAC_setKEY              00001FC4 
               calls direct
               XSTACK = 00000000 ( 0000000C )
    -------------------------------------------------------------------------
<BANKED_CODE> 1 (was BANKED_CODE)
  Relative segment, address: CODE 00001FED - 00002025 (0x39 bytes), align: 0
  Segment part 337.           Intra module refs:   MAC_Init::?relay
           ENTRY                   ADDRESS         REF BY
           =====                   =======         ======
           MAC_Init                00001FED 
               calls direct
               XSTACK = 00000000 ( 0000000C )
    -------------------------------------------------------------------------
<BANKED_CODE> 1 (was BANKED_CODE)
  Relative segment, address: CODE 00002026 - 000020AC (0x87 bytes), align: 0
  Segment part 339.           Intra module refs:   MAC_Reset::?relay
           ENTRY                   ADDRESS         REF BY
           =====                   =======         ======
           MAC_Reset               00002026 
               calls direct
               XSTACK = 00000000 ( 0000000C )
    -------------------------------------------------------------------------
<BANKED_CODE> 1 (was BANKED_CODE)
  Relative segment, address: CODE 000020AD - 00002252 (0x1a6 bytes), align: 0
  Segment part 345.           Intra module refs:   MAC_Send::?relay
           ENTRY                   ADDRESS         REF BY
           =====                   =======         ======
           MAC_Send                000020AD 
               calls direct
               XSTACK = 00000010 ( 00000012 )
               ISTACK = 00000000 ( 00000001 )
    -------------------------------------------------------------------------
<BANKED_CODE> 1 (was BANKED_CODE)
  Relative segment, address: CODE 00002253 - 00002269 (0x17 bytes), align: 0
  Segment part 347.           Intra module refs:   MAC_Enable::?relay
           ENTRY                   ADDRESS         REF BY
           =====                   =======         ======
           MAC_Enable              00002253 
               ISTACK = 00000000 ( 00000002 )
    -------------------------------------------------------------------------
<BANKED_CODE> 1 (was BANKED_CODE)
  Relative segment, address: CODE 0000226A - 000022A4 (0x3b bytes), align: 0
  Segment part 349.           Intra module refs:   xor_calc::?relay
           LOCAL                   ADDRESS         
           =====                   =======         
           xor_calc                0000226A 
               XSTACK = 0000000E ( 00000009 )
    -------------------------------------------------------------------------
<BANKED_CODE> 1 (was BANKED_CODE)
  Relative segment, address: CODE 000022A5 - 000022FF (0x5b bytes), align: 0
  Segment part 351.           Intra module refs:   MAC_ACK_Send::?relay
           LOCAL                   ADDRESS         
           =====                   =======         
           MAC_ACK_Send            000022A5 
               calls direct
               XSTACK = 0000000C ( 0000000C )
    -------------------------------------------------------------------------
XDATA_Z
  Relative segment, address: XDATA 000004A5 - 000004A6 (0x2 bytes), align: 0
  Segment part 195.           Intra module refs:   MAC_ACK_Send
           LOCAL                   ADDRESS         
           =====                   =======         
           MAC_ACK_Send::pACK      000004A5 
    -------------------------------------------------------------------------
<BANKED_CODE> 1 (was BANKED_CODE)
  Relative segment, address: CODE 00002300 - 0000236E (0x6f bytes), align: 0
  Segment part 353.           Intra module refs:   MAC_ACK_Recv::?relay
           LOCAL                   ADDRESS         
           =====                   =======         
           MAC_ACK_Recv            00002300 
               calls direct
               XSTACK = 0000000A ( 0000000E )
    -------------------------------------------------------------------------
<BANKED_CODE> 1 (was BANKED_CODE)
  Relative segment, address: CODE 0000236F - 00002381 (0x13 bytes), align: 0
  Segment part 355.           Intra module refs:   MAC_SetRXCallback::?relay
           ENTRY                   ADDRESS         REF BY
           =====                   =======         ======
           MAC_SetRXCallback       0000236F 
               ISTACK = 00000000 ( 00000002 )
    -------------------------------------------------------------------------
<BANKED_CODE> 1 (was BANKED_CODE)
  Relative segment, address: CODE 00002382 - 000023F2 (0x71 bytes), align: 0
  Segment part 357.           Intra module refs:   MAC_GetTXState::?relay
           ENTRY                   ADDRESS         REF BY
           =====                   =======         ======
           MAC_GetTXState          00002382 
               calls direct
               XSTACK = 00000010 ( 00000010 )
    -------------------------------------------------------------------------
<BANKED_CODE> 1 (was BANKED_CODE)
  Relative segment, address: CODE 000023F3 - 000024B5 (0xc3 bytes), align: 0
  Segment part 361.           Intra module refs:   MAC_RX_HNDL::?relay
           LOCAL                   ADDRESS         
           =====                   =======         
           MAC_RX_HNDL             000023F3 
               calls direct, is indirectly called
               XSTACK = 00000000 ( 00000012 )
    -------------------------------------------------------------------------
<BANKED_CODE> 1 (was BANKED_CODE)
  Relative segment, address: CODE 000024B6 - 00002708 (0x253 bytes), align: 0
  Segment part 363.           Intra module refs:   MAC_TX_HNDL::?relay
           LOCAL                   ADDRESS         
           =====                   =======         
           MAC_TX_HNDL             000024B6 
               calls direct, is indirectly called
               XSTACK = 00000000 ( 00000010 )
               ISTACK = 00000000 ( 00000001 )
    -------------------------------------------------------------------------
<BANKED_CODE> 1 (was BANKED_CODE)
  Relative segment, address: CODE 00002709 - 00002742 (0x3a bytes), align: 0
  Segment part 365.           Intra module refs:   BitRawDecrypt::?relay
           LOCAL                   ADDRESS         
           =====                   =======         
           BitRawDecrypt           00002709 
               calls direct
               XSTACK = 0000000C ( 00000010 )
    -------------------------------------------------------------------------
<BANKED_CODE> 1 (was BANKED_CODE)
  Relative segment, address: CODE 00002743 - 0000277C (0x3a bytes), align: 0
  Segment part 367.           Intra module refs:   BitRawCrypt::?relay
           LOCAL                   ADDRESS         
           =====                   =======         
           BitRawCrypt             00002743 
               calls direct
               XSTACK = 0000000C ( 00000010 )
    -------------------------------------------------------------------------
XDATA_Z
  Relative segment, address: XDATA 000004A7 - 000004A7 (0x1 bytes), align: 0
  Segment part 196.           Intra module refs:   re_start
           LOCAL                   ADDRESS         
[...]
                        | + function block  :  00000009 00000002
  10                    getRNDByte
                        | Stack used (prev) :  0000048C 0000000E
                        | + function block  :  00000009 00000002
                        |  Already listed
  10                    getRNDByte
                        | Stack used (prev) :  0000048C 0000000E
                        | + function block  :  00000009 00000002
                        |  Already listed
  10                    bits_count
                        | Stack used (prev) :  0000048C 0000000E
                        | + function block  :  00000009 00000000
  09                  readRandom
                      | Stack used (prev) :  00000495 00000010
                      | + function block  :  0000001B 00000000
  09                  readRandom
                      | Stack used (prev) :  00000495 00000010
                      | + function block  :  0000001B 00000000
                      |  Already listed
  09                  RI_cfg
                      | Stack used (prev) :  00000369 00000004
                      | + function block  :  0000002E 00000004
                      |  Already listed
  08                random_core_init
                    | Stack used (prev) :  000004B0 00000010
                    | + function block  :  00000012 00000000
  07              RI_init
                  | Stack used (prev) :  000004C2 00000010
                  | + function block  :  00000000 00000004
  08                NT_IRQEnable
                    | Stack used (prev) :  00000000 00000000
                    | + function block  :  0000000F 00000000
                    |  Already listed
  07              NT_Init
                  | Stack used (prev) :  0000048C 0000000E
                  | + function block  :  00000000 00000002
  08                memset
                    | Stack used (prev) :  00000074 00000002
                    | + function block  :  00000002 00000002
                    |  Already listed
  09                  printf
                      | Stack used (prev) :  00000326 00000004
                      | + function block  :  00000020 00000000
                      |  Already listed
  08                TIC_SetTXCallback
                    | Stack used (prev) :  0000048C 0000000E
                    | + function block  :  0000001A 00000000
  09                  printf
                      | Stack used (prev) :  00000326 00000004
                      | + function block  :  00000020 00000000
                      |  Already listed
  08                TIC_SetRXCallback
                    | Stack used (prev) :  0000048C 0000000E
                    | + function block  :  0000001A 00000000
  07              MAC_Init
                  | Stack used (prev) :  000004A6 0000000E
                  | + function block  :  00000014 00000000
  09                  printf
                      | Stack used (prev) :  00000326 00000004
                      | + function block  :  00000020 00000000
                      |  Already listed
  08                TIC_SetSECallback
                    | Stack used (prev) :  0000048C 0000000E
                    | + function block  :  00000010 00000000
  08                MAC_SetRXCallback
                    | Stack used (prev) :  0000048C 0000000E
                    | + function block  :  00000000 00000002
  07              LLC_Init
                  | Stack used (prev) :  0000049C 00000010
                  | + function block  :  00000000 00000004
  09                  TIM_delay
                      | Stack used (prev) :  000000AA 00000005
                      | + function block  :  00000070 00000000
                      |  Already listed
  09                  TIM_passedTime
                      | Stack used (prev) :  000000AA 00000002
                      | + function block  :  00000050 00000000
                      |  Already listed
  09                  TIM_TimeStamp
                      | Stack used (prev) :  00000074 00000002
                      | + function block  :  0000002C 00000003
                      |  Already listed
  09                  TIM_TimeStamp
                      | Stack used (prev) :  00000074 00000002
                      | + function block  :  0000002C 00000003
                      |  Already listed
  08                DelayCalibrate
                    | Stack used (prev) :  0000048C 0000000E
                    | + function block  :  00000028 00000000
  07              TIM_init
                  | Stack used (prev) :  000004B4 0000000E
                  | + function block  :  00000000 00000004
  08                memcpy
                    | Stack used (prev) :  00000074 00000002
                    | + function block  :  0000000B 00000001
                    |  Already listed
  07              CF_init
                  | Stack used (prev) :  0000048C 0000000E
                  | + function block  :  0000000C 00000000
  07              AES_init
                  | Stack used (prev) :  0000048C 0000000E
                  | + function block  :  00000000 00000002
  06            MG_Init
                | Stack used (prev) :  00000500 00000014
                | + function block  :  00000000 00000004
  07              memcpy
                  | Stack used (prev) :  00000074 00000002
                  | + function block  :  0000000B 00000001
                  |  Already listed
  06            MAC_setKEY
                | Stack used (prev) :  0000048C 0000000E
                | + function block  :  0000000C 00000000
  07              memcpy
                  | Stack used (prev) :  00000074 00000002
                  | + function block  :  0000000B 00000001
                  |  Already listed
  06            MAC_setIV
                | Stack used (prev) :  0000048C 0000000E
                | + function block  :  0000000C 00000000
  06            CF_init
                | Stack used (prev) :  0000048C 0000000E
                | + function block  :  0000000C 00000000
                |  Already listed
  05          re_start
              | Stack used (prev) :  00000500 00000018
              | + function block  :  00000000 00000004
  05          frame_getCount
              | Stack used (prev) :  0000048C 0000000E
              | + function block  :  00000000 00000002
  04        MG_Connect
            | Stack used (prev) :  00000500 0000001C
            | + function block  :  00000009 00000004
  03      suite_GW
          | Stack used (prev) :  00000509 00000020
          | + function block  :  00000012 00000000
  04        uart_init
            | Stack used (prev) :  0000048C 0000000E
            | + function block  :  00000000 00000000
  03      nwDebugerInit
          | Stack used (prev) :  0000048C 0000000E
          | + function block  :  00000000 00000004
  02    main
        | Stack used (prev) :  0000051B 00000020
        | + function block  :  00000000 00000000
  01  ?call_main
      | Stack used (prev) :  0000051B 00000020
      | + function block  :  00000000 00000000
  <-Sub-tree of type: Function tree
    | Stack used          :  0000051B 00000020


  ->Sub-tree of type: Function tree
                             XSTACK   ISTACK
    | Stack used (prev) :  0000051B 00000020
  01  __program_start
      | Stack used (prev) :  0000051B 00000020
      | + function block  :  00000000 00000000
  <-Sub-tree of type: Function tree
    | Stack used          :  0000051B 00000020


  ->Sub-tree of type: Function tree
                             XSTACK   ISTACK
    | Stack used (prev) :  0000051B 00000020
  01  div::?relay
      | Stack used (prev) :  0000051B 00000020
      | + function block  :  00000000 00000000
  <-Sub-tree of type: Function tree
    | Stack used          :  0000051B 00000020


  ->Sub-tree of type: Function tree
                             XSTACK   ISTACK
    | Stack used (prev) :  0000051B 00000020
  01  __iar_Memchr::?relay
      | Stack used (prev) :  0000051B 00000020
      | + function block  :  00000000 00000000
  <-Sub-tree of type: Function tree
    | Stack used          :  0000051B 00000020


  ->Sub-tree of type: Function tree
                             XSTACK   ISTACK
    | Stack used (prev) :  0000051B 00000020
  01  memcpy::?relay
      | Stack used (prev) :  0000051B 00000020
      | + function block  :  00000000 00000000
  <-Sub-tree of type: Function tree
    | Stack used          :  0000051B 00000020


  ->Sub-tree of type: Function tree
                             XSTACK   ISTACK
    | Stack used (prev) :  0000051B 00000020
  01  memset::?relay
      | Stack used (prev) :  0000051B 00000020
      | + function block  :  00000000 00000000
  <-Sub-tree of type: Function tree
    | Stack used          :  0000051B 00000020


  ->Sub-tree of type: Function tree
                             XSTACK   ISTACK
    | Stack used (prev) :  0000051B 00000020
  01  printf::?relay
      | Stack used (prev) :  0000051B 00000020
      | + function block  :  00000000 00000000
  <-Sub-tree of type: Function tree
    | Stack used          :  0000051B 00000020


  ->Sub-tree of type: Function tree
                             XSTACK   ISTACK
    | Stack used (prev) :  0000051B 00000020
  01  putchar::?relay
      | Stack used (prev) :  0000051B 00000020
      | + function block  :  00000000 00000000
  <-Sub-tree of type: Function tree
    | Stack used          :  0000051B 00000020


  ->Sub-tree of type: Function tree
                             XSTACK   ISTACK
    | Stack used (prev) :  0000051B 00000020
  01  rand::?relay
      | Stack used (prev) :  0000051B 00000020
      | + function block  :  00000000 00000000
  <-Sub-tree of type: Function tree
    | Stack used          :  0000051B 00000020


  ->Sub-tree of type: Function tree
                             XSTACK   ISTACK
    | Stack used (prev) :  0000051B 00000020
  01  srand::?relay
      | Stack used (prev) :  0000051B 00000020
      | + function block  :  00000000 00000000
  <-Sub-tree of type: Function tree
    | Stack used          :  0000051B 00000020


  ->Sub-tree of type: Function tree
                             XSTACK   ISTACK
    | Stack used (prev) :  0000051B 00000020
  01  __iar_Strchr::?relay
      | Stack used (prev) :  0000051B 00000020
      | + function block  :  00000000 00000000
  <-Sub-tree of type: Function tree
    | Stack used          :  0000051B 00000020


  ->Sub-tree of type: Function tree
                             XSTACK   ISTACK
    | Stack used (prev) :  0000051B 00000020
  01  strlen::?relay
      | Stack used (prev) :  0000051B 00000020
      | + function block  :  00000000 00000000
  <-Sub-tree of type: Function tree
    | Stack used          :  0000051B 00000020


  ->Sub-tree of type: Function tree
                             XSTACK   ISTACK
    | Stack used (prev) :  0000051B 00000020
  01  __xdata_GetMemChunk::?relay
      | Stack used (prev) :  0000051B 00000020
      | + function block  :  00000000 00000000
  <-Sub-tree of type: Function tree
    | Stack used          :  0000051B 00000020


  ->Sub-tree of type: Function tree
                             XSTACK   ISTACK
    | Stack used (prev) :  0000051B 00000020
  01  _PrintfLarge::?relay
      | Stack used (prev) :  0000051B 00000020
      | + function block  :  00000000 00000000
  <-Sub-tree of type: Function tree
    | Stack used          :  0000051B 00000020


  ->Sub-tree of type: Function tree
                             XSTACK   ISTACK
    | Stack used (prev) :  0000051B 00000020
  01  pad::?relay
      | Stack used (prev) :  0000051B 00000020
      | + function block  :  00000000 00000000
  <-Sub-tree of type: Function tree
    | Stack used          :  0000051B 00000020


  ->Sub-tree of type: Function tree
                             XSTACK   ISTACK
    | Stack used (prev) :  0000051B 00000020
  01  _LitobLarge::?relay
      | Stack used (prev) :  0000051B 00000020
      | + function block  :  00000000 00000000
  <-Sub-tree of type: Function tree
    | Stack used          :  0000051B 00000020


  ->Sub-tree of type: Function tree
                             XSTACK   ISTACK
    | Stack used (prev) :  0000051B 00000020
  01  scale::?relay
      | Stack used (prev) :  0000051B 00000020
      | + function block  :  00000000 00000000
  <-Sub-tree of type: Function tree
    | Stack used          :  0000051B 00000020


  ->Sub-tree of type: Function tree
                             XSTACK   ISTACK
    | Stack used (prev) :  0000051B 00000020
  01  _LdtobLarge::?relay
      | Stack used (prev) :  0000051B 00000020
      | + function block  :  00000000 00000000
  <-Sub-tree of type: Function tree
    | Stack used          :  0000051B 00000020


  ->Sub-tree of type: Function tree
                             XSTACK   ISTACK
    | Stack used (prev) :  0000051B 00000020
  01  _GenldLarge::?relay
      | Stack used (prev) :  0000051B 00000020
      | + function block  :  00000000 00000000
  <-Sub-tree of type: Function tree
    | Stack used          :  0000051B 00000020


  ->Sub-tree of type: Function tree
                             XSTACK   ISTACK
    | Stack used (prev) :  0000051B 00000020
  01  _PutcharLarge::?relay
      | Stack used (prev) :  0000051B 00000020
      | + function block  :  00000000 00000000
  <-Sub-tree of type: Function tree
    | Stack used          :  0000051B 00000020


  ->Sub-tree of type: Function tree
                             XSTACK   ISTACK
    | Stack used (prev) :  0000051B 00000020
  01  _PutcharsLarge::?relay
      | Stack used (prev) :  0000051B 00000020
      | + function block  :  00000000 00000000
  <-Sub-tree of type: Function tree
    | Stack used          :  0000051B 00000020


  ->Sub-tree of type: Function tree
                             XSTACK   ISTACK
    | Stack used (prev) :  0000051B 00000020
  03      __write
          | Stack used (prev) :  00000452 00000008
          | + function block  :  00000022 00000000
          |  Already listed
  02    putchar
        | Stack used (prev) :  0000051B 00000020
        | + function block  :  0000000D 00000001
  01  _Prout
      | Stack used (prev) :  00000528 00000021
      | + function block  :  0000001C 00000000
  <-Sub-tree of type: Function tree
    | Stack used          :  00000544 00000021


  ->Sub-tree of type: Function tree
                             XSTACK   ISTACK
    | Stack used (prev) :  00000544 00000021
  01  _Prout::?relay
      | Stack used (prev) :  00000544 00000021
      | + function block  :  00000000 00000000
  <-Sub-tree of type: Function tree
    | Stack used          :  00000544 00000021


  ->Sub-tree of type: Function tree
                             XSTACK   ISTACK
    | Stack used (prev) :  00000544 00000021
  01  __xdata_free::?relay
      | Stack used (prev) :  00000544 00000021
      | + function block  :  00000000 00000000
  <-Sub-tree of type: Function tree
    | Stack used          :  00000544 00000021


  ->Sub-tree of type: Function tree
                             XSTACK   ISTACK
    | Stack used (prev) :  00000544 00000021
  01  __xdata_malloc::?relay
      | Stack used (prev) :  00000544 00000021
      | + function block  :  00000000 00000000
  <-Sub-tree of type: Function tree
    | Stack used          :  00000544 00000021




                ****************************************
                *                                      *
                *      SEGMENTS IN ADDRESS ORDER       *
                *                                      *
                ****************************************


SEGMENT              SPACE    START ADDRESS   END ADDRESS     SIZE  TYPE  ALIGN
=======              =====    =============   ===========     ====  ====  =====
INTVEC               CODE          00000000 - 0000002D          2E   com    0
CSTART               CODE          0000002E - 000000B4          87   rel    0
DATA_ID              CODE               000000B5                     dse    0
BDATA_ID             CODE               000000B5                     dse    0
BIT_ID               CODE               000000B5                     dse    0
IDATA_ID             CODE               000000B5                     dse    0
IXDATA_ID            CODE               000000B5                     dse    0
PDATA_ID             CODE               000000B5                     dse    0
XDATA_ID             CODE          000000B5 - 00000403         34F   rel    0
BANK_RELAYS          CODE          00000404 - 00000733         330   rel    0
RCODE                CODE          00000734 - 0000149A         D67   rel    0
CODE_N               CODE               0000149B                     dse    0
CODE_C               CODE               0000149B                     dse    0
DIFUNCT              CODE               0000149B                     rel    0
NEAR_CODE            CODE          0000149B - 000014D6          3C   rel    0
<BANKED_CODE> 1      CODE          000014D7 - 00005F7C        4AA6   rel    0
REGISTERS            DATA          00000000 - 00000007           8   rel    0
VREG                 DATA          00000008 - 0000000F           8   rel    0
PSP                  DATA               00000010                     dse    0
XSP                  DATA          00000010 - 00000011           2   rel    0
BREG                 BIT        00000020.0  -  00000020.7        8   rel    0
SFR_AN               DATA          00000086 - 00000087           2   rel    0
                     DATA          00000090 - 00000091           2 
                     DATA          00000094 - 00000097           4 
                     DATA          0000009D - 0000009E           2 
                     DATA          000000A2 - 000000A5           4 
                     DATA          000000A8 - 000000A8           1 
                     DATA          000000AD - 000000AD           1 
                     DATA          000000B3 - 000000B3           1 
                     DATA          000000BE - 000000BE           1 
                     DATA          000000C0 - 000000C2           3 
                     DATA          000000C5 - 000000C6           2 
                     DATA          000000D2 - 000000D7           6 
                     DATA          000000D9 - 000000D9           1 
                     DATA          000000E1 - 000000E1           1 
                     DATA          000000E9 - 000000E9           1 
                     DATA          000000F1 - 000000F1           1 
                     DATA          000000F3 - 000000F3           1 
                     DATA          000000FE - 000000FE           1 
XSTACK               XDATA         00000001 - 00000300         300   rel    0
XDATA_Z              XDATA         00000301 - 000005C0         2C0   rel    0
XDATA_I              XDATA         000005C1 - 0000090F         34F   rel    0
XDATA_HEAP           XDATA         00000910 - 00001C0F        1300   dse    0
ISTACK               IDATA         000000C0 - 000000FF          40   rel    0

                ****************************************
                *                                      *
                *        END OF CROSS REFERENCE        *
                *                                      *
                ****************************************

 24 445 bytes of CODE  memory
     18 bytes of DATA  memory (+ 35 absolute )
  7 183 bytes of XDATA memory
     64 bytes of IDATA memory
      8 bits  of BIT   memory

Errors: none
Warnings: none

