################################################################################
#                                                                              #
#      IAR Universal Linker V6.4.6.89                                          #
#                                                                              #
#           Link time     =  19/Oct/2019  23:29:13                             #
#           Target CPU    =  x51                                               #
#           List file     =  "\\vmware-host\Shared Folders\Projects\WMNU\IAR\P #
#                            RJ_UNITEST\Debug\List\unitest.map"                #
#           Output file 1 =  "\\vmware-host\Shared Folders\Projects\WMNU\IAR\P #
#                            RJ_UNITEST\Debug\Exe\unitest.d51"                 #
#                            Format: ubrof10                                   #
#                            UBROF version 10.0.6                              #
#                            Using library modules for C-SPY (-rt)             #
#           Command line  =  -f                                                #
#                            C:\Users\08A4~1\AppData\Local\Temp\EWCA41.tmp     #
#                            ("\\vmware-host\Shared Folders\Projects\WMNU\IAR\ #
#                            PRJ_UNITEST\Debug\Obj\FChain.r51"                 #
#                            "\\vmware-host\Shared Folders\Projects\WMNU\IAR\P #
#                            RJ_UNITEST\Debug\Obj\FItem.r51"                   #
#                            "\\vmware-host\Shared Folders\Projects\WMNU\IAR\P #
#                            RJ_UNITEST\Debug\Obj\LLC.r51"                     #
#                            "\\vmware-host\Shared Folders\Projects\WMNU\IAR\P #
#                            RJ_UNITEST\Debug\Obj\MAC.r51"                     #
#                            "\\vmware-host\Shared Folders\Projects\WMNU\IAR\P #
#                            RJ_UNITEST\Debug\Obj\NTMR.r51"                    #
#                            "\\vmware-host\Shared Folders\Projects\WMNU\IAR\P #
#                            RJ_UNITEST\Debug\Obj\nwdebuger.r51"               #
#                            "\\vmware-host\Shared Folders\Projects\WMNU\IAR\P #
#                            RJ_UNITEST\Debug\Obj\RADIO.r51"                   #
#                            "\\vmware-host\Shared Folders\Projects\WMNU\IAR\P #
#                            RJ_UNITEST\Debug\Obj\TIC.r51"                     #
#                            "\\vmware-host\Shared Folders\Projects\WMNU\IAR\P #
#                            RJ_UNITEST\Debug\Obj\utest.r51"                   #
#                            "\\vmware-host\Shared Folders\Projects\WMNU\IAR\P #
#                            RJ_UNITEST\Debug\Obj\utest_FChain.r51"            #
#                            "\\vmware-host\Shared Folders\Projects\WMNU\IAR\P #
#                            RJ_UNITEST\Debug\Obj\utest_FItem.r51"             #
#                            "\\vmware-host\Shared Folders\Projects\WMNU\IAR\P #
#                            RJ_UNITEST\Debug\Obj\utest_Frames.r51"            #
#                            "\\vmware-host\Shared Folders\Projects\WMNU\IAR\P #
#                            RJ_UNITEST\Debug\Obj\utest_LLC.r51"               #
#                            "\\vmware-host\Shared Folders\Projects\WMNU\IAR\P #
#                            RJ_UNITEST\Debug\Obj\utest_MAC.r51"               #
#                            "\\vmware-host\Shared Folders\Projects\WMNU\IAR\P #
#                            RJ_UNITEST\Debug\Obj\utest_NTMR.r51"              #
#                            "\\vmware-host\Shared Folders\Projects\WMNU\IAR\P #
#                            RJ_UNITEST\Debug\Obj\utest_suite.r51"             #
#                            "\\vmware-host\Shared Folders\Projects\WMNU\IAR\P #
#                            RJ_UNITEST\Debug\Obj\utest_TIC.r51"               #
#                            -o                                                #
#                            "\\vmware-host\Shared Folders\Projects\WMNU\IAR\P #
#                            RJ_UNITEST\Debug\Exe\unitest.d51"                 #
#                            -l                                                #
#                            "\\vmware-host\Shared Folders\Projects\WMNU\IAR\P #
#                            RJ_UNITEST\Debug\List\unitest.map"                #
#                            -xms                                              #
#                            "-IC:\Program Files (x86)\IAR Systems\Embedded Wo #
#                            rkbench 8.0\8051\LIB\"                            #
#                            -f                                                #
#                            "C:\Program Files (x86)\IAR Systems\Embedded Work #
#                            bench 8.0\8051\config\devices\Texas Instruments\l #
#                            nk51ew_CC2530F256_banked.xcl"                     #
#                            (-D_IDATA0_START=0x00 -D_IDATA0_END=0xFF          #
#                            -D_PDATA0_START=0x1E00 -D_PDATA0_END=0x1EFF       #
#                            -D_IXDATA0_START=0x0001 -D_IXDATA0_END=0x1EFF     #
#                            -D_XDATA0_START=_IXDATA0_START                    #
#                            -D_XDATA0_END=_IXDATA0_END                        #
#                            -D_NEAR_CODE_START=0x0000                         #
#                            -D_FIRST_BANK_ADDR=0x10000 -D?REGISTER_BANK=0x0   #
#                            -D_REGISTER_BANK_START=0x0 -D_BREG_START=0x00     #
#                            -D?VB=0x20 -Z(BIT)BREG=_BREG_START                #
#                            -Z(BIT)BIT_N=0-7F                                 #
#                            -Z(DATA)REGISTERS+8=_REGISTER_BANK_START          #
#                            -Z(DATA)BDATA_Z,BDATA_N,BDATA_I=20-2F             #
#                            -Z(DATA)VREG=08-7F -Z(DATA)PSP,XSP=08-7F          #
#                            -Z(DATA)DOVERLAY=08-7F                            #
#                            -Z(DATA)DATA_I,DATA_Z,DATA_N=08-7F                #
#                            -U(IDATA)0-7F=(DATA)0-7F                          #
#                            -Z(IDATA)IDATA_I,IDATA_Z,IDATA_N=08-_IDATA0_END   #
#                            -Z(IDATA)ISTACK+_IDATA_STACK_SIZE#08-_IDATA0_END  #
#                            -Z(IDATA)IOVERLAY=08-FF -Z(CODE)INTVEC=0          #
#                            -Z(CODE)CSTART=_NEAR_CODE_START-(_CODEBANK_START- #
#                            1)                                                #
#                            -Z(CODE)BIT_ID,BDATA_ID,DATA_ID,IDATA_ID,IXDATA_I #
#                            D,PDATA_ID,XDATA_ID=_NEAR_CODE_START-(_CODEBANK_S #
#                            TART-1)                                           #
#                            -Z(CODE)BANK_RELAYS,RCODE,DIFUNCT,CODE_C,CODE_N,N #
#                            EAR_CODE=_NEAR_CODE_START-(_CODEBANK_START-1)     #
#                            -P(CODE)BANKED_CODE=_NEAR_CODE_START-(_CODEBANK_S #
#                            TART-1),[(_CODEBANK_START+_FIRST_BANK_ADDR)-(_COD #
#                            EBANK_END+_FIRST_BANK_ADDR)]*_NR_OF_BANKS+10000   #
#                            -Z(CODE)CHECKSUM#(_CODEBANK_START-1)              #
#                            -Z(XDATA)PDATA_Z,PDATA_I=_PDATA0_START-_PDATA0_EN #
#                            D                                                 #
#                            -P(XDATA)PDATA_N=_PDATA0_START-_PDATA0_END        #
#                            -Z(XDATA)PSTACK+_PDATA_STACK_SIZE=_PDATA0_START-_ #
#                            PDATA0_END                                        #
#                            -Z(XDATA)EXT_STACK+_EXTENDED_STACK_SIZE=_EXTENDED #
#                            _STACK_START                                      #
#                            -Z(XDATA)XSTACK+_XDATA_STACK_SIZE=_XDATA0_START-_ #
#                            XDATA0_END                                        #
#                            -Z(XDATA)IXDATA_Z,IXDATA_I=_IXDATA0_START-_IXDATA #
#                            0_END                                             #
#                            -P(XDATA)IXDATA_N=_IXDATA0_START-_IXDATA0_END     #
#                            -Z(XDATA)XDATA_Z,XDATA_I=_XDATA0_START-_XDATA0_EN #
#                            D                                                 #
#                            -P(XDATA)XDATA_N=_XDATA0_START-_XDATA0_END        #
#                            -Z(XDATA)XDATA_HEAP+_XDATA_HEAP_SIZE=_XDATA0_STAR #
#                            T-_XDATA0_END                                     #
#                            -Z(CONST)XDATA_ROM_C=_XDATA0_START-_XDATA0_END    #
#                            -cx51                                             #
#                            -M(CODE)[(_CODEBANK_START+_FIRST_BANK_ADDR)-(_COD #
#                            EBANK_END+_FIRST_BANK_ADDR)]*_NR_OF_BANKS+0x10000 #
#                            =0x8000                                           #
#                            -ww69=i -D_BANK0_START=0x00000                    #
#                            -D_BANK0_END=0x07FFF -D_BANK1_START=0x18000       #
#                            -D_BANK1_END=0x1FFFF -D_BANK2_START=0x28000       #
#                            -D_BANK2_END=0x2FFFF -D_BANK3_START=0x38000       #
#                            -D_BANK3_END=0x3FFFF -D_BANK4_START=0x48000       #
#                            -D_BANK4_END=0x4FFFF -D_BANK5_START=0x58000       #
#                            -D_BANK5_END=0x5FFFF -D_BANK6_START=0x68000       #
#                            -D_BANK6_END=0x6FFFF -D_BANK7_START=0x78000       #
#                            -D_BANK7_END=0x7FFFF                              #
#                            -P(CODE)BANK0=_BANK0_START-_BANK0_END             #
#                            -P(CODE)BANK1=_BANK1_START-_BANK1_END             #
#                            -P(CODE)BANK2=_BANK2_START-_BANK2_END             #
#                            -P(CODE)BANK3=_BANK3_START-_BANK3_END             #
#                            -P(CODE)BANK4=_BANK4_START-_BANK4_END             #
#                            -P(CODE)BANK5=_BANK5_START-_BANK5_END             #
#                            -P(CODE)BANK6=_BANK6_START-_BANK6_END             #
#                            -P(CODE)BANK7=_BANK7_START-_BANK7_END             #
#                            -D_FLASH_LOCK_BITS_START=0x7FFF0                  #
#                            -D_FLASH_LOCK_BITS_END=0x7FFFF                    #
#                            -Z(CODE)FLASH_LOCK_BITS=_FLASH_LOCK_BITS_START-_F #
#                            LASH_LOCK_BITS_END                                #
#                            -U(CODE)0x0000=(CODE)_FLASH_LOCK_BITS_START-_FLAS #
#                            H_LOCK_BITS_END)                                  #
#                            -D_NR_OF_VIRTUAL_REGISTERS=8 -D?PBANK=0x93        #
#                            -D?CBANK=0x9F -D?CBANK_MASK=0xFF                  #
#                            -e?BCALL_FF=?BCALL -e?BRET_FF=?BRET               #
#                            -e?BDISPATCH_FF=?BDISPATCH                        #
#                            -D_CODEBANK_START=0x8000 -D_CODEBANK_END=0xFFFF   #
#                            -D_NR_OF_BANKS=0x07                               #
#                            "-IC:\Program Files (x86)\IAR Systems\Embedded Wo #
#                            rkbench 8.0\8051\CONFIG\"                         #
#                            -e_PrintfLarge=_Printf -e_ScanfLarge=_Scanf -rt   #
#                            -s __program_start                                #
#                            "C:\Program Files (x86)\IAR Systems\Embedded Work #
#                            bench 8.0\8051\LIB\DLIB\dl-pli-blxd-1e16x01n.r51" #
#                            -D_IDATA_STACK_SIZE=0x40 -D?ESP=0 -D?ESP_MASK=0   #
#                            -D_EXTENDED_STACK_START=0                         #
#                            -D_EXTENDED_STACK_SIZE=0                          #
#                            -D_PDATA_STACK_SIZE=0x80                          #
#                            -D_XDATA_STACK_SIZE=0xEFF                         #
#                            -D_XDATA_HEAP_SIZE=0xFF -D_FAR_HEAP_SIZE=0xFFF    #
#                            -D_HUGE_HEAP_SIZE=0xFFF                           #
#                            -D_FAR22_HEAP_SIZE=0xFFF)                         #
#                                                                              #
#                           Copyright (C) 1987-2016 IAR Systems AB.            #
################################################################################





                ****************************************
                *                                      *
                *           CROSS REFERENCE            *
                *                                      *
                ****************************************

       Program entry at : CODE      0000005A  Relocatable, from module : CSTARTUP




                ****************************************
                *                                      *
                *            RUNTIME MODEL             *
                *                                      *
                ****************************************

  __Heap_Handler             = Basic
  __SystemLibrary            = DLib
  __calling_convention       = xdata_reentrant
  __code_model               = banked
  __core                     = plain
  __data_model               = large
  __dlib_file_descriptor     = 0
  __dlib_full_locale_support = 0
  __dptr_size                = 16
  __extended_stack           = disabled
  __location_for_constants   = data
  __number_of_dptrs          = 1
  __register_banks           = *
  __rt_version               = 1

                ****************************************
                *                                      *
                *    AUTOMATIC SYMBOL REDIRECTIONS     *
                *                                      *
                ****************************************

                  There are no automatic symbol redirections.



                ****************************************
                *                                      *
                *              MODULE MAP              *
                *                                      *
                ****************************************


  DEFINED ABSOLUTE ENTRIES
    *************************************************************************

  DEFINED ABSOLUTE ENTRIES
  PROGRAM MODULE, NAME : ?ABS_ENTRY_MOD

Absolute parts
           ENTRY                   ADDRESS         REF BY
           =====                   =======         ======
           _FAR22_HEAP_SIZE        00000FFF 
           _HUGE_HEAP_SIZE         00000FFF 
           _FAR_HEAP_SIZE          00000FFF 
           _XDATA_HEAP_SIZE        000000FF 
           _XDATA_STACK_SIZE       00000EFF 
           _PDATA_STACK_SIZE       00000080 
           _EXTENDED_STACK_SIZE    00000000 
           _EXTENDED_STACK_START   00000000 
           ?ESP_MASK               00000000 
           ?ESP                    00000000 
           _IDATA_STACK_SIZE       00000040 
           _NR_OF_BANKS            00000007 
           _CODEBANK_END           0000FFFF 
           _CODEBANK_START         00008000 
           ?CBANK_MASK             000000FF 
           ?CBANK                  0000009F        ?RESET_CODE_BANK (CSTARTUP)
                                                   Segment part 0 (?BANKED_CODE_SUPPORT)
           ?PBANK                  00000093 
           _NR_OF_VIRTUAL_REGISTERS
                                   00000008 
           _FLASH_LOCK_BITS_END    0003FFFF 
           _FLASH_LOCK_BITS_START
                                   0003FFF0 
           _BANK7_END              0003FFFF 
           _BANK7_START            00038000 
           _BANK6_END              00037FFF 
           _BANK6_START            00030000 
           _BANK5_END              0002FFFF 
           _BANK5_START            00028000 
           _BANK4_END              00027FFF 
           _BANK4_START            00020000 
           _BANK3_END              0001FFFF 
           _BANK3_START            00018000 
           _BANK2_END              00017FFF 
           _BANK2_START            00010000 
           _BANK1_END              0000FFFF 
           _BANK1_START            00008000 
           _BANK0_END              00007FFF 
           _BANK0_START            00000000 
           ?VB                     00000020        ?BANKED_ENTER_XDATA (?BANKED_ENTER_XDATA)
                                                   ?BANKED_LEAVE_XDATA (?BANKED_LEAVE_XDATA)
                                                   TIC_SetRXState (TIC)
                                                   TIC_SetTXState (TIC)
                                                   create_test (utest_TIC)
                                                   test_create (utest_FChain)
                                                   test_create (utest_FItem)
                                                   umsg (utest_suite)
           _BREG_START             00000000 
           _REGISTER_BANK_START    00000000 
           ?REGISTER_BANK          00000000        Segment part 6 (CSTARTUP)
           _FIRST_BANK_ADDR        00010000 
           _NEAR_CODE_START        00000000 
           _XDATA0_END             00001EFF 
           _XDATA0_START           00000001 
           _IXDATA0_END            00001EFF 
           _IXDATA0_START          00000001 
           _PDATA0_END             00001EFF 
           _PDATA0_START           00001E00 
           _IDATA0_END             000000FF 
           _IDATA0_START           00000000 
    *************************************************************************

  FILE NAME : \\vmware-host\Shared Folders\Projects\WMNU\IAR\PRJ_UNITEST\Debug\Obj\FChain.r51
  PROGRAM MODULE, NAME : FChain

  SEGMENTS IN THE MODULE
  ======================
<BANKED_CODE> 1 (was BANKED_CODE)
  Relative segment, address: CODE 00003F5F - 00003F73 (0x15 bytes), align: 0
  Segment part 37.            Intra module refs:   free::?relay
           ENTRY                   ADDRESS         REF BY
           =====                   =======         ======
           free                    00003F5F 
               calls direct
               XSTACK = 0000000E ( 00000009 )
    -------------------------------------------------------------------------
<BANKED_CODE> 1 (was BANKED_CODE)
  Relative segment, address: CODE 00003F74 - 00003F88 (0x15 bytes), align: 0
  Segment part 39.            Intra module refs:   malloc::?relay
           ENTRY                   ADDRESS         REF BY
           =====                   =======         ======
           malloc                  00003F74 
               calls direct
               XSTACK = 0000000A ( 00000009 )
    -------------------------------------------------------------------------
XDATA_Z
  Relative segment, address: XDATA 00000F00 - 00000F00 (0x1 bytes), align: 0
  Segment part 36.            Intra module refs:   FC_create
                                                   FC_getObjectQuantity
           LOCAL                   ADDRESS         
           =====                   =======         
           QUANTITY                00000F00 
    -------------------------------------------------------------------------
<BANKED_CODE> 1 (was BANKED_CODE)
  Relative segment, address: CODE 00003F89 - 00004024 (0x9c bytes), align: 0
  Segment part 41.            Intra module refs:   FC_create::?relay
           ENTRY                   ADDRESS         REF BY
           =====                   =======         ======
           FC_create               00003F89 
               calls direct
               XSTACK = 00000000 ( 0000000E )
    -------------------------------------------------------------------------
<BANKED_CODE> 1 (was BANKED_CODE)
  Relative segment, address: CODE 00004025 - 000040C1 (0x9d bytes), align: 0
  Segment part 43.            Intra module refs:   FC_delete::?relay
           ENTRY                   ADDRESS         REF BY
           =====                   =======         ======
           FC_delete               00004025 
               calls direct
               XSTACK = 00000000 ( 00000012 )
    -------------------------------------------------------------------------
<BANKED_CODE> 1 (was BANKED_CODE)
  Relative segment, address: CODE 000040C2 - 000040E3 (0x22 bytes), align: 0
  Segment part 45.            Intra module refs:   FC_iteratorToHead::?relay
           ENTRY                   ADDRESS         REF BY
           =====                   =======         ======
           FC_iteratorToHead       000040C2 
               ISTACK = 00000000 ( 00000002 )
    -------------------------------------------------------------------------
<BANKED_CODE> 1 (was BANKED_CODE)
  Relative segment, address: CODE 000040E4 - 00004107 (0x24 bytes), align: 0
  Segment part 47.            Intra module refs:   FC_iteratorToTail::?relay
           ENTRY                   ADDRESS         REF BY
           =====                   =======         ======
           FC_iteratorToTail       000040E4 
               ISTACK = 00000000 ( 00000002 )
    -------------------------------------------------------------------------
<BANKED_CODE> 1 (was BANKED_CODE)
  Relative segment, address: CODE 00004108 - 0000419E (0x97 bytes), align: 0
  Segment part 49.            Intra module refs:   FC_iteratorToType::?relay
           ENTRY                   ADDRESS         REF BY
           =====                   =======         ======
           FC_iteratorToType       00004108 
               calls direct
               XSTACK = 0000000B ( 00000012 )
    -------------------------------------------------------------------------
<BANKED_CODE> 1 (was BANKED_CODE)
  Relative segment, address: CODE 0000419F - 00004233 (0x95 bytes), align: 0
  Segment part 51.            Intra module refs:   FC_iteratorToTypeHead::?relay
           ENTRY                   ADDRESS         REF BY
           =====                   =======         ======
           FC_iteratorToTypeHead   0000419F 
               calls direct
               XSTACK = 00000000 ( 0000000F )
    -------------------------------------------------------------------------
<BANKED_CODE> 1 (was BANKED_CODE)
  Relative segment, address: CODE 00004234 - 000042C0 (0x8d bytes), align: 0
  Segment part 53.            Intra module refs:   FC_next::?relay
           ENTRY                   ADDRESS         REF BY
           =====                   =======         ======
           FC_next                 00004234 
               calls direct
               XSTACK = 00000000 ( 0000000E )
    -------------------------------------------------------------------------
<BANKED_CODE> 1 (was BANKED_CODE)
  Relative segment, address: CODE 000042C1 - 0000434D (0x8d bytes), align: 0
  Segment part 55.            Intra module refs:   FC_last::?relay
           ENTRY                   ADDRESS         REF BY
           =====                   =======         ======
           FC_last                 000042C1 
               calls direct
               XSTACK = 00000000 ( 0000000E )
    -------------------------------------------------------------------------
<BANKED_CODE> 1 (was BANKED_CODE)
  Relative segment, address: CODE 0000434E - 000044F3 (0x1a6 bytes), align: 0
  Segment part 57.            Intra module refs:   FC_insertAfter::?relay
           ENTRY                   ADDRESS         REF BY
           =====                   =======         ======
           FC_insertAfter          0000434E 
               calls direct
               XSTACK = 00000000 ( 00000014 )
    -------------------------------------------------------------------------
<BANKED_CODE> 1 (was BANKED_CODE)
  Relative segment, address: CODE 000044F4 - 00004697 (0x1a4 bytes), align: 0
  Segment part 59.            Intra module refs:   FC_insertBefore::?relay
           ENTRY                   ADDRESS         REF BY
           =====                   =======         ======
           FC_insertBefore         000044F4 
               calls direct
               XSTACK = 00000000 ( 00000014 )
    -------------------------------------------------------------------------
<BANKED_CODE> 1 (was BANKED_CODE)
  Relative segment, address: CODE 00004698 - 000046EA (0x53 bytes), align: 0
  Segment part 61.            Intra module refs:   FC_getQuantity::?relay
           ENTRY                   ADDRESS         REF BY
           =====                   =======         ======
           FC_getQuantity          00004698 
               calls direct
               XSTACK = 00000000 ( 0000000E )
    -------------------------------------------------------------------------
<BANKED_CODE> 1 (was BANKED_CODE)
  Relative segment, address: CODE 000046EB - 00004741 (0x57 bytes), align: 0
  Segment part 63.            Intra module refs:   FC_getIterator::?relay
           ENTRY                   ADDRESS         REF BY
           =====                   =======         ======
           FC_getIterator          000046EB 
               calls direct
               XSTACK = 00000000 ( 0000000E )
    -------------------------------------------------------------------------
<BANKED_CODE> 1 (was BANKED_CODE)
  Relative segment, address: CODE 00004742 - 00004751 (0x10 bytes), align: 0
  Segment part 65.            Intra module refs:   FC_getObjectQuantity::?relay
           ENTRY                   ADDRESS         REF BY
           =====                   =======         ======
           FC_getObjectQuantity    00004742 
               ISTACK = 00000000 ( 00000002 )
    -------------------------------------------------------------------------
<BANKED_CODE> 1 (was BANKED_CODE)
  Relative segment, address: CODE 00004752 - 000047E6 (0x95 bytes), align: 0
  Segment part 67.            Intra module refs:   FC_isHaveType::?relay
           ENTRY                   ADDRESS         REF BY
           =====                   =======         ======
           FC_isHaveType           00004752 
               calls direct
               XSTACK = 00000000 ( 0000000F )
    -------------------------------------------------------------------------
XDATA_ID
  Relative segment, address: CODE 0000008A - 0000009A (0x11 bytes), align: 0
  Segment part 7.             Intra module refs:   Segment part 6
    -------------------------------------------------------------------------
XDATA_ID
  Relative segment, address: CODE 0000009B - 000000A3 (0x9 bytes), align: 0
  Segment part 9.             Intra module refs:   Segment part 8
    -------------------------------------------------------------------------
XDATA_ID
  Relative segment, address: CODE 000000A4 - 000000BB (0x18 bytes), align: 0
  Segment part 11.            Intra module refs:   Segment part 10
    -------------------------------------------------------------------------
XDATA_ID
  Relative segment, address: CODE 000000BC - 000000D5 (0x1a bytes), align: 0
  Segment part 13.            Intra module refs:   Segment part 12
    -------------------------------------------------------------------------
XDATA_ID
  Relative segment, address: CODE 000000D6 - 000000E2 (0xd bytes), align: 0
  Segment part 15.            Intra module refs:   Segment part 14
    -------------------------------------------------------------------------
XDATA_ID
  Relative segment, address: CODE 000000E3 - 000000FA (0x18 bytes), align: 0
  Segment part 17.            Intra module refs:   Segment part 16
    -------------------------------------------------------------------------
XDATA_ID
  Relative segment, address: CODE 000000FB - 00000113 (0x19 bytes), align: 0
  Segment part 19.            Intra module refs:   Segment part 18
    -------------------------------------------------------------------------
XDATA_ID
  Relative segment, address: CODE 00000114 - 0000012D (0x1a bytes), align: 0
  Segment part 21.            Intra module refs:   Segment part 20
    -------------------------------------------------------------------------
XDATA_ID
  Relative segment, address: CODE 0000012E - 00000147 (0x1a bytes), align: 0
  Segment part 23.            Intra module refs:   Segment part 22
    -------------------------------------------------------------------------
XDATA_ID
  Relative segment, address: CODE 00000148 - 0000015F (0x18 bytes), align: 0
  Segment part 25.            Intra module refs:   Segment part 24
    -------------------------------------------------------------------------
XDATA_ID
  Relative segment, address: CODE 00000160 - 00000176 (0x17 bytes), align: 0
  Segment part 27.            Intra module refs:   Segment part 26
    -------------------------------------------------------------------------
XDATA_ID
  Relative segment, address: CODE 00000177 - 00000191 (0x1b bytes), align: 0
  Segment part 29.            Intra module refs:   Segment part 28
    -------------------------------------------------------------------------
XDATA_ID
  Relative segment, address: CODE 00000192 - 000001AB (0x1a bytes), align: 0
  Segment part 31.            Intra module refs:   Segment part 30
    -------------------------------------------------------------------------
XDATA_ID
  Relative segment, address: CODE 000001AC - 000001C9 (0x1e bytes), align: 0
  Segment part 33.            Intra module refs:   Segment part 32
    -------------------------------------------------------------------------
XDATA_ID
  Relative segment, address: CODE 000001CA - 000001E7 (0x1e bytes), align: 0
  Segment part 35.            Intra module refs:   Segment part 34
    -------------------------------------------------------------------------
BANK_RELAYS
  Relative segment, address: CODE 00000D39 - 00000D3E (0x6 bytes), align: 0
  Segment part 38.            Intra module refs:   FC_delete
                                                   FI_create (FItem)
                                                   FI_delete (FItem)
                                                   NT_Delete (NTMR)
                                                   TIC_Delete (TIC)
           ENTRY                   ADDRESS         REF BY
           =====                   =======         ======
           free::?relay            00000D39 
    -------------------------------------------------------------------------
BANK_RELAYS
  Relative segment, address: CODE 00000D3F - 00000D44 (0x6 bytes), align: 0
  Segment part 40.            Intra module refs:   FC_create
                                                   FI_create (FItem)
                                                   NT_Create (NTMR)
                                                   TIC_Create (TIC)
           ENTRY                   ADDRESS         REF BY
           =====                   =======         ======
           malloc::?relay          00000D3F 
    -------------------------------------------------------------------------
BANK_RELAYS
  Relative segment, address: CODE 00000D45 - 00000D4A (0x6 bytes), align: 0
  Segment part 42.
           ENTRY                   ADDRESS         REF BY
           =====                   =======         ======
           FC_create::?relay       00000D45        test_create (utest_FChain)
    -------------------------------------------------------------------------
BANK_RELAYS
  Relative segment, address: CODE 00000D4B - 00000D50 (0x6 bytes), align: 0
  Segment part 44.
           ENTRY                   ADDRESS         REF BY
           =====                   =======         ======
           FC_delete::?relay       00000D4B        test_create (utest_FChain)
    -------------------------------------------------------------------------
BANK_RELAYS
  Relative segment, address: CODE 00000D51 - 00000D56 (0x6 bytes), align: 0
  Segment part 46.
           ENTRY                   ADDRESS         REF BY
           =====                   =======         ======
           FC_iteratorToHead::?relay
                                   00000D51        test_create (utest_FChain)
    -------------------------------------------------------------------------
BANK_RELAYS
  Relative segment, address: CODE 00000D57 - 00000D5C (0x6 bytes), align: 0
  Segment part 48.
           ENTRY                   ADDRESS         REF BY
           =====                   =======         ======
           FC_iteratorToTail::?relay
                                   00000D57        test_create (utest_FChain)
    -------------------------------------------------------------------------
BANK_RELAYS
  Relative segment, address: CODE 00000D5D - 00000D62 (0x6 bytes), align: 0
  Segment part 50.            Intra module refs:   FC_isHaveType
                                                   FC_iteratorToTypeHead
           ENTRY                   ADDRESS         REF BY
           =====                   =======         ======
           FC_iteratorToType::?relay
                                   00000D5D        test_create (utest_FChain)
    -------------------------------------------------------------------------
BANK_RELAYS
  Relative segment, address: CODE 00000D63 - 00000D68 (0x6 bytes), align: 0
  Segment part 52.
           ENTRY                   ADDRESS         REF BY
           =====                   =======         ======
           FC_iteratorToTypeHead::?relay
                                   00000D63        test_create (utest_FChain)
    -------------------------------------------------------------------------
BANK_RELAYS
  Relative segment, address: CODE 00000D69 - 00000D6E (0x6 bytes), align: 0
  Segment part 54.
           ENTRY                   ADDRESS         REF BY
           =====                   =======         ======
           FC_next::?relay         00000D69        test_create (utest_FChain)
    -------------------------------------------------------------------------
BANK_RELAYS
  Relative segment, address: CODE 00000D6F - 00000D74 (0x6 bytes), align: 0
  Segment part 56.
           ENTRY                   ADDRESS         REF BY
           =====                   =======         ======
           FC_last::?relay         00000D6F        test_create (utest_FChain)
    -------------------------------------------------------------------------
BANK_RELAYS
  Relative segment, address: CODE 00000D75 - 00000D7A (0x6 bytes), align: 0
  Segment part 58.
           ENTRY                   ADDRESS         REF BY
           =====                   =======         ======
           FC_insertAfter::?relay
                                   00000D75        test_create (utest_FChain)
    -------------------------------------------------------------------------
BANK_RELAYS
  Relative segment, address: CODE 00000D7B - 00000D80 (0x6 bytes), align: 0
  Segment part 60.
           ENTRY                   ADDRESS         REF BY
           =====                   =======         ======
           FC_insertBefore::?relay
                                   00000D7B        test_create (utest_FChain)
    -------------------------------------------------------------------------
BANK_RELAYS
  Relative segment, address: CODE 00000D81 - 00000D86 (0x6 bytes), align: 0
  Segment part 62.
           ENTRY                   ADDRESS         REF BY
           =====                   =======         ======
           FC_getQuantity::?relay
                                   00000D81        test_create (utest_FChain)
    -------------------------------------------------------------------------
BANK_RELAYS
  Relative segment, address: CODE 00000D87 - 00000D8C (0x6 bytes), align: 0
  Segment part 64.
           ENTRY                   ADDRESS         REF BY
           =====                   =======         ======
           FC_getIterator::?relay
                                   00000D87        test_create (utest_FChain)
    -------------------------------------------------------------------------
BANK_RELAYS
  Relative segment, address: CODE 00000D8D - 00000D92 (0x6 bytes), align: 0
  Segment part 66.
           ENTRY                   ADDRESS         REF BY
           =====                   =======         ======
           FC_getObjectQuantity::?relay
                                   00000D8D        test_create (utest_FChain)
    -------------------------------------------------------------------------
BANK_RELAYS
  Relative segment, address: CODE 00000D93 - 00000D98 (0x6 bytes), align: 0
  Segment part 68.
           ENTRY                   ADDRESS         REF BY
           =====                   =======         ======
           FC_isHaveType::?relay   00000D93        test_create (utest_FChain)
    -------------------------------------------------------------------------
XDATA_I
  Relative segment, address: XDATA 00000F61 - 00000F71 (0x11 bytes), align: 0
  Segment part 6.             Intra module refs:   FC_create
                                                   FC_delete
                                                   FC_getIterator
                                                   FC_getQuantity
                                                   FC_insertAfter
                                                   FC_insertBefore
                                                   FC_isHaveType
                                                   FC_iteratorToType
                                                   FC_iteratorToTypeHead
                                                   FC_last
                                                   FC_next
    -------------------------------------------------------------------------
XDATA_I
  Relative segment, address: XDATA 00000F72 - 00000F7A (0x9 bytes), align: 0
  Segment part 8.             Intra module refs:   FC_create
                                                   FC_delete
                                                   FC_getIterator
                                                   FC_getQuantity
                                                   FC_insertAfter
                                                   FC_insertBefore
                                                   FC_isHaveType
                                                   FC_iteratorToType
                                                   FC_iteratorToTypeHead
                                                   FC_last
                                                   FC_next
    -------------------------------------------------------------------------
XDATA_I
  Relative segment, address: XDATA 00000F7B - 00000F92 (0x18 bytes), align: 0
  Segment part 10.            Intra module refs:   FC_create
    -------------------------------------------------------------------------
XDATA_I
  Relative segment, address: XDATA 00000F93 - 00000FAC (0x1a bytes), align: 0
  Segment part 12.            Intra module refs:   FC_create
                                                   FC_delete
                                                   FC_getIterator
                                                   FC_getQuantity
                                                   FC_insertAfter
                                                   FC_insertBefore
                                                   FC_isHaveType
                                                   FC_iteratorToType
                                                   FC_iteratorToTypeHead
                                                   FC_last
                                                   FC_next
    -------------------------------------------------------------------------
XDATA_I
  Relative segment, address: XDATA 00000FAD - 00000FB9 (0xd bytes), align: 0
  Segment part 14.            Intra module refs:   FC_create
                                                   FC_delete
                                                   FC_getIterator
                                                   FC_getQuantity
                                                   FC_insertAfter
                                                   FC_insertBefore
                                                   FC_isHaveType
                                                   FC_iteratorToType
                                                   FC_iteratorToTypeHead
                                                   FC_last
                                                   FC_next
    -------------------------------------------------------------------------
XDATA_I
  Relative segment, address: XDATA 00000FBA - 00000FD1 (0x18 bytes), align: 0
  Segment part 16.            Intra module refs:   FC_delete
    -------------------------------------------------------------------------
XDATA_I
  Relative segment, address: XDATA 00000FD2 - 00000FEA (0x19 bytes), align: 0
  Segment part 18.            Intra module refs:   FC_isHaveType
                                                   FC_iteratorToType
                                                   FC_iteratorToTypeHead
    -------------------------------------------------------------------------
XDATA_I
  Relative segment, address: XDATA 00000FEB - 00001004 (0x1a bytes), align: 0
  Segment part 20.            Intra module refs:   FC_next
    -------------------------------------------------------------------------
XDATA_I
  Relative segment, address: XDATA 00001005 - 0000101E (0x1a bytes), align: 0
  Segment part 22.            Intra module refs:   FC_last
    -------------------------------------------------------------------------
XDATA_I
  Relative segment, address: XDATA 0000101F - 00001036 (0x18 bytes), align: 0
  Segment part 24.            Intra module refs:   FC_insertAfter
                                                   FC_insertBefore
    -------------------------------------------------------------------------
XDATA_I
  Relative segment, address: XDATA 00001037 - 0000104D (0x17 bytes), align: 0
  Segment part 26.            Intra module refs:   FC_insertAfter
                                                   FC_insertBefore
    -------------------------------------------------------------------------
XDATA_I
  Relative segment, address: XDATA 0000104E - 00001068 (0x1b bytes), align: 0
  Segment part 28.            Intra module refs:   FC_insertAfter
    -------------------------------------------------------------------------
XDATA_I
  Relative segment, address: XDATA 00001069 - 00001082 (0x1a bytes), align: 0
  Segment part 30.            Intra module refs:   FC_insertBefore
    -------------------------------------------------------------------------
XDATA_I
  Relative segment, address: XDATA 00001083 - 000010A0 (0x1e bytes), align: 0
  Segment part 32.            Intra module refs:   FC_getQuantity
    -------------------------------------------------------------------------
XDATA_I
  Relative segment, address: XDATA 000010A1 - 000010BE (0x1e bytes), align: 0
  Segment part 34.            Intra module refs:   FC_getIterator

    *************************************************************************

  FILE NAME : \\vmware-host\Shared Folders\Projects\WMNU\IAR\PRJ_UNITEST\Debug\Obj\FItem.r51
  PROGRAM MODULE, NAME : FItem

  SEGMENTS IN THE MODULE
  ======================
XDATA_Z
  Relative segment, address: XDATA 00000F01 - 00000F01 (0x1 bytes), align: 0
  Segment part 28.            Intra module refs:   FI_create
                                                   FI_delete
                                                   FI_getObjectQuantity
           LOCAL                   ADDRESS         
           =====                   =======         
           QUANTITY                00000F01 
    -------------------------------------------------------------------------
<BANKED_CODE> 1 (was BANKED_CODE)
  Relative segment, address: CODE 000057CC - 0000591C (0x151 bytes), align: 0
  Segment part 33.            Intra module refs:   FI_create::?relay
           ENTRY                   ADDRESS         REF BY
           =====                   =======         ======
           FI_create               000057CC 
               calls direct
               XSTACK = 00000000 ( 00000012 )
               ISTACK = 00000000 ( 00000001 )
    -------------------------------------------------------------------------
<BANKED_CODE> 1 (was BANKED_CODE)
  Relative segment, address: CODE 0000591D - 000059D6 (0xba bytes), align: 0
  Segment part 35.            Intra module refs:   FI_delete::?relay
           ENTRY                   ADDRESS         REF BY
           =====                   =======         ======
           FI_delete               0000591D 
               calls direct
               XSTACK = 00000000 ( 0000000E )
    -------------------------------------------------------------------------
<BANKED_CODE> 1 (was BANKED_CODE)
  Relative segment, address: CODE 000059D7 - 00005A89 (0xb3 bytes), align: 0
  Segment part 37.            Intra module refs:   FI_setNext::?relay
           ENTRY                   ADDRESS         REF BY
           =====                   =======         ======
           FI_setNext              000059D7 
               calls direct
               XSTACK = 00000000 ( 00000010 )
    -------------------------------------------------------------------------
<BANKED_CODE> 1 (was BANKED_CODE)
  Relative segment, address: CODE 00005A8A - 00005B3C (0xb3 bytes), align: 0
  Segment part 39.            Intra module refs:   FI_setLast::?relay
           ENTRY                   ADDRESS         REF BY
           =====                   =======         ======
           FI_setLast              00005A8A 
               calls direct
               XSTACK = 00000000 ( 00000010 )
    -------------------------------------------------------------------------
<BANKED_CODE> 1 (was BANKED_CODE)
  Relative segment, address: CODE 00005B3D - 00005B98 (0x5c bytes), align: 0
  Segment part 41.            Intra module refs:   FI_getNext::?relay
           ENTRY                   ADDRESS         REF BY
           =====                   =======         ======
           FI_getNext              00005B3D 
               calls direct
               XSTACK = 00000000 ( 0000000E )
    -------------------------------------------------------------------------
<BANKED_CODE> 1 (was BANKED_CODE)
  Relative segment, address: CODE 00005B99 - 00005BF6 (0x5e bytes), align: 0
  Segment part 43.            Intra module refs:   FI_getLast::?relay
           ENTRY                   ADDRESS         REF BY
           =====                   =======         ======
           FI_getLast              00005B99 
               calls direct
               XSTACK = 00000000 ( 0000000E )
    -------------------------------------------------------------------------
<BANKED_CODE> 1 (was BANKED_CODE)
  Relative segment, address: CODE 00005BF7 - 00005C49 (0x53 bytes), align: 0
  Segment part 45.            Intra module refs:   FI_getType::?relay
           ENTRY                   ADDRESS         REF BY
           =====                   =======         ======
           FI_getType              00005BF7 
               calls direct
               XSTACK = 00000000 ( 0000000E )
    -------------------------------------------------------------------------
<BANKED_CODE> 1 (was BANKED_CODE)
  Relative segment, address: CODE 00005C4A - 00005CEB (0xa2 bytes), align: 0
  Segment part 49.            Intra module refs:   FI_getData::?relay
           ENTRY                   ADDRESS         REF BY
           =====                   =======         ======
           FI_getData              00005C4A 
               calls direct
               XSTACK = 00000000 ( 0000000E )
    -------------------------------------------------------------------------
<BANKED_CODE> 1 (was BANKED_CODE)
  Relative segment, address: CODE 00005CEC - 00005CFB (0x10 bytes), align: 0
  Segment part 51.            Intra module refs:   FI_getObjectQuantity::?relay
           ENTRY                   ADDRESS         REF BY
           =====                   =======         ======
           FI_getObjectQuantity    00005CEC 
               ISTACK = 00000000 ( 00000002 )
    -------------------------------------------------------------------------
XDATA_ID
  Relative segment, address: CODE 000001E8 - 000001F8 (0x11 bytes), align: 0
  Segment part 7.             Intra module refs:   Segment part 6
    -------------------------------------------------------------------------
XDATA_ID
  Relative segment, address: CODE 000001F9 - 00000200 (0x8 bytes), align: 0
  Segment part 9.             Intra module refs:   Segment part 8
    -------------------------------------------------------------------------
XDATA_ID
  Relative segment, address: CODE 00000201 - 00000218 (0x18 bytes), align: 0
  Segment part 11.            Intra module refs:   Segment part 10
    -------------------------------------------------------------------------
XDATA_ID
  Relative segment, address: CODE 00000219 - 00000232 (0x1a bytes), align: 0
  Segment part 13.            Intra module refs:   Segment part 12
    -------------------------------------------------------------------------
XDATA_ID
  Relative segment, address: CODE 00000233 - 0000023F (0xd bytes), align: 0
  Segment part 15.            Intra module refs:   Segment part 14
    -------------------------------------------------------------------------
XDATA_ID
  Relative segment, address: CODE 00000240 - 00000254 (0x15 bytes), align: 0
  Segment part 17.            Intra module refs:   Segment part 16
    -------------------------------------------------------------------------
XDATA_ID
  Relative segment, address: CODE 00000255 - 0000026F (0x1b bytes), align: 0
  Segment part 19.            Intra module refs:   Segment part 18
    -------------------------------------------------------------------------
XDATA_ID
  Relative segment, address: CODE 00000270 - 0000027B (0xc bytes), align: 0
  Segment part 21.            Intra module refs:   Segment part 20
    -------------------------------------------------------------------------
XDATA_ID
  Relative segment, address: CODE 0000027C - 0000028C (0x11 bytes), align: 0
  Segment part 23.            Intra module refs:   Segment part 22
    -------------------------------------------------------------------------
XDATA_ID
  Relative segment, address: CODE 0000028D - 0000029D (0x11 bytes), align: 0
  Segment part 25.            Intra module refs:   Segment part 24
    -------------------------------------------------------------------------
XDATA_ID
  Relative segment, address: CODE 0000029E - 000002AF (0x12 bytes), align: 0
  Segment part 27.            Intra module refs:   Segment part 26
    -------------------------------------------------------------------------
BANK_RELAYS
  Relative segment, address: CODE 00000D99 - 00000D9E (0x6 bytes), align: 0
  Segment part 34.
           ENTRY                   ADDRESS         REF BY
           =====                   =======         ======
           FI_create::?relay       00000D99        test_create (utest_FChain)
                                                   test_create (utest_FItem)
                                                   test_frame_manipulation (utest_FItem)
    -------------------------------------------------------------------------
BANK_RELAYS
  Relative segment, address: CODE 00000D9F - 00000DA4 (0x6 bytes), align: 0
  Segment part 36.
           ENTRY                   ADDRESS         REF BY
           =====                   =======         ======
           FI_delete::?relay       00000D9F        FC_delete (FChain)
                                                   test_create (utest_FItem)
                                                   test_frame_manipulation (utest_FItem)
    -------------------------------------------------------------------------
BANK_RELAYS
  Relative segment, address: CODE 00000DA5 - 00000DAA (0x6 bytes), align: 0
  Segment part 38.
           ENTRY                   ADDRESS         REF BY
           =====                   =======         ======
           FI_setNext::?relay      00000DA5        FC_insertAfter (FChain)
                                                   FC_insertBefore (FChain)
                                                   test_frame_manipulation (utest_FItem)
    -------------------------------------------------------------------------
BANK_RELAYS
  Relative segment, address: CODE 00000DAB - 00000DB0 (0x6 bytes), align: 0
  Segment part 40.
           ENTRY                   ADDRESS         REF BY
           =====                   =======         ======
           FI_setLast::?relay      00000DAB        FC_insertAfter (FChain)
                                                   FC_insertBefore (FChain)
                                                   test_frame_manipulation (utest_FItem)
    -------------------------------------------------------------------------
BANK_RELAYS
  Relative segment, address: CODE 00000DB1 - 00000DB6 (0x6 bytes), align: 0
  Segment part 42.
           ENTRY                   ADDRESS         REF BY
           =====                   =======         ======
           FI_getNext::?relay      00000DB1        FC_delete (FChain)
                                                   FC_insertAfter (FChain)
                                                   FC_iteratorToType (FChain)
                                                   FC_next (FChain)
                                                   test_frame_manipulation (utest_FItem)
    -------------------------------------------------------------------------
BANK_RELAYS
  Relative segment, address: CODE 00000DB7 - 00000DBC (0x6 bytes), align: 0
  Segment part 44.
           ENTRY                   ADDRESS         REF BY
           =====                   =======         ======
           FI_getLast::?relay      00000DB7        FC_insertBefore (FChain)
                                                   FC_last (FChain)
                                                   test_frame_manipulation (utest_FItem)
    -------------------------------------------------------------------------
BANK_RELAYS
  Relative segment, address: CODE 00000DBD - 00000DC2 (0x6 bytes), align: 0
  Segment part 46.
           ENTRY                   ADDRESS         REF BY
           =====                   =======         ======
           FI_getType::?relay      00000DBD        FC_iteratorToType (FChain)
                                                   test_frame_manipulation (utest_FItem)
    -------------------------------------------------------------------------
BANK_RELAYS
  Relative segment, address: CODE 00000DC3 - 00000DC8 (0x6 bytes), align: 0
  Segment part 50.
           ENTRY                   ADDRESS         REF BY
           =====                   =======         ======
           FI_getData::?relay      00000DC3        test_frame_manipulation (utest_FItem)
    -------------------------------------------------------------------------
BANK_RELAYS
  Relative segment, address: CODE 00000DC9 - 00000DCE (0x6 bytes), align: 0
  Segment part 52.
           ENTRY                   ADDRESS         REF BY
           =====                   =======         ======
           FI_getObjectQuantity::?relay
                                   00000DC9        test_frame_manipulation (utest_FItem)
    -------------------------------------------------------------------------
XDATA_I
  Relative segment, address: XDATA 000010BF - 000010CF (0x11 bytes), align: 0
  Segment part 6.             Intra module refs:   FI_create
                                                   FI_delete
                                                   FI_getData
                                                   FI_getLast
                                                   FI_getNext
                                                   FI_getType
                                                   FI_setLast
                                                   FI_setNext
    -------------------------------------------------------------------------
XDATA_I
  Relative segment, address: XDATA 000010D0 - 000010D7 (0x8 bytes), align: 0
  Segment part 8.             Intra module refs:   FI_create
                                                   FI_delete
                                                   FI_getData
                                                   FI_getLast
                                                   FI_getNext
                                                   FI_getType
                                                   FI_setLast
                                                   FI_setNext
    -------------------------------------------------------------------------
XDATA_I
  Relative segment, address: XDATA 000010D8 - 000010EF (0x18 bytes), align: 0
  Segment part 10.            Intra module refs:   FI_create
    -------------------------------------------------------------------------
XDATA_I
  Relative segment, address: XDATA 000010F0 - 00001109 (0x1a bytes), align: 0
  Segment part 12.            Intra module refs:   FI_create
                                                   FI_delete
                                                   FI_getData
                                                   FI_getLast
                                                   FI_getNext
                                                   FI_getType
                                                   FI_setLast
                                                   FI_setNext
    -------------------------------------------------------------------------
XDATA_I
  Relative segment, address: XDATA 0000110A - 00001116 (0xd bytes), align: 0
  Segment part 14.            Intra module refs:   FI_create
                                                   FI_delete
                                                   FI_getData
                                                   FI_getLast
                                                   FI_getNext
                                                   FI_getType
                                                   FI_setLast
                                                   FI_setNext
    -------------------------------------------------------------------------
XDATA_I
  Relative segment, address: XDATA 00001117 - 0000112B (0x15 bytes), align: 0
  Segment part 16.            Intra module refs:   FI_delete
    -------------------------------------------------------------------------
XDATA_I
  Relative segment, address: XDATA 0000112C - 00001146 (0x1b bytes), align: 0
  Segment part 18.            Intra module refs:   FI_delete
    -------------------------------------------------------------------------
XDATA_I
  Relative segment, address: XDATA 00001147 - 00001152 (0xc bytes), align: 0
  Segment part 20.            Intra module refs:   FI_getData
                                                   FI_getLast
                                                   FI_getNext
                                                   FI_getType
                                                   FI_setLast
                                                   FI_setNext
    -------------------------------------------------------------------------
XDATA_I
  Relative segment, address: XDATA 00001153 - 00001163 (0x11 bytes), align: 0
  Segment part 22.            Intra module refs:   FI_setNext
    -------------------------------------------------------------------------
XDATA_I
  Relative segment, address: XDATA 00001164 - 00001174 (0x11 bytes), align: 0
  Segment part 24.            Intra module refs:   FI_setLast
    -------------------------------------------------------------------------
XDATA_I
  Relative segment, address: XDATA 00001175 - 00001186 (0x12 bytes), align: 0
  Segment part 26.            Intra module refs:   FI_getData

    *************************************************************************

  FILE NAME : \\vmware-host\Shared Folders\Projects\WMNU\IAR\PRJ_UNITEST\Debug\Obj\LLC.r51
    *************************************************************************

  FILE NAME : \\vmware-host\Shared Folders\Projects\WMNU\IAR\PRJ_UNITEST\Debug\Obj\MAC.r51
    *************************************************************************

  FILE NAME : \\vmware-host\Shared Folders\Projects\WMNU\IAR\PRJ_UNITEST\Debug\Obj\NTMR.r51
  PROGRAM MODULE, NAME : NTMR

  SEGMENTS IN THE MODULE
  ======================
<BANKED_CODE> 1 (was BANKED_CODE)
  Relative segment, address: CODE 000065F8 - 00006637 (0x40 bytes), align: 0
  Segment part 10.            Intra module refs:   NT_Create::?relay
           ENTRY                   ADDRESS         REF BY
           =====                   =======         ======
           NT_Create               000065F8 
               calls direct
               XSTACK = 00000000 ( 0000000A )
    -------------------------------------------------------------------------
<BANKED_CODE> 1 (was BANKED_CODE)
  Relative segment, address: CODE 00006638 - 0000664D (0x16 bytes), align: 0
  Segment part 12.            Intra module refs:   NT_Delete::?relay
           ENTRY                   ADDRESS         REF BY
           =====                   =======         ======
           NT_Delete               00006638 
               calls direct
               XSTACK = 00000000 ( 00000009 )
    -------------------------------------------------------------------------
<BANKED_CODE> 1 (was BANKED_CODE)
  Relative segment, address: CODE 0000664E - 00006651 (0x4 bytes), align: 0
  Segment part 14.            Intra module refs:   NT_SetTime::?relay
           ENTRY                   ADDRESS         REF BY
           =====                   =======         ======
           NT_SetTime              0000664E 
               is indirectly called
    -------------------------------------------------------------------------
<BANKED_CODE> 1 (was BANKED_CODE)
  Relative segment, address: CODE 00006652 - 00006655 (0x4 bytes), align: 0
  Segment part 16.            Intra module refs:   NT_SetCapture::?relay
           ENTRY                   ADDRESS         REF BY
           =====                   =======         ======
           NT_SetCapture           00006652 
               is indirectly called
    -------------------------------------------------------------------------
<BANKED_CODE> 1 (was BANKED_CODE)
  Relative segment, address: CODE 00006656 - 0000665C (0x7 bytes), align: 0
  Segment part 18.            Intra module refs:   NT_IRQEnable::?relay
           ENTRY                   ADDRESS         REF BY
           =====                   =======         ======
           NT_IRQEnable            00006656 
               is indirectly called
    -------------------------------------------------------------------------
BANK_RELAYS
  Relative segment, address: CODE 00000DCF - 00000DD4 (0x6 bytes), align: 0
  Segment part 11.
           ENTRY                   ADDRESS         REF BY
           =====                   =======         ======
           NT_Create::?relay       00000DCF        create_test (utest_TIC)
    -------------------------------------------------------------------------
BANK_RELAYS
  Relative segment, address: CODE 00000DD5 - 00000DDA (0x6 bytes), align: 0
  Segment part 13.
           ENTRY                   ADDRESS         REF BY
           =====                   =======         ======
           NT_Delete::?relay       00000DD5        create_test (utest_TIC)
    -------------------------------------------------------------------------
BANK_RELAYS
  Relative segment, address: CODE 00000DDB - 00000DE0 (0x6 bytes), align: 0
  Segment part 15.            Intra module refs:   NT_Create
           ENTRY                   ADDRESS         REF BY
           =====                   =======         ======
           NT_SetTime::?relay      00000DDB 
    -------------------------------------------------------------------------
BANK_RELAYS
  Relative segment, address: CODE 00000DE1 - 00000DE6 (0x6 bytes), align: 0
  Segment part 17.            Intra module refs:   NT_Create
           ENTRY                   ADDRESS         REF BY
           =====                   =======         ======
           NT_SetCapture::?relay   00000DE1 
    -------------------------------------------------------------------------
BANK_RELAYS
  Relative segment, address: CODE 00000DE7 - 00000DEC (0x6 bytes), align: 0
  Segment part 19.            Intra module refs:   NT_Create
           ENTRY                   ADDRESS         REF BY
           =====                   =======         ======
           NT_IRQEnable::?relay    00000DE7 

    *************************************************************************

  FILE NAME : \\vmware-host\Shared Folders\Projects\WMNU\IAR\PRJ_UNITEST\Debug\Obj\nwdebuger.r51
  PROGRAM MODULE, NAME : nwdebuger

  SEGMENTS IN THE MODULE
  ======================
<BANKED_CODE> 1 (was BANKED_CODE)
  Relative segment, address: CODE 000068F5 - 000068F7 (0x3 bytes), align: 0
  Segment part 6.             Intra module refs:   nwDebugerInit::?relay
           ENTRY                   ADDRESS         REF BY
           =====                   =======         ======
           nwDebugerInit           000068F5 
    -------------------------------------------------------------------------
<BANKED_CODE> 1 (was BANKED_CODE)
  Relative segment, address: CODE 000068F8 - 000068F9 (0x2 bytes), align: 0
  Segment part 8.             Intra module refs:   STACK_FAILURE::?relay
           ENTRY                   ADDRESS         REF BY
           =====                   =======         ======
           STACK_FAILURE           000068F8 
    -------------------------------------------------------------------------
BANK_RELAYS
  Relative segment, address: CODE 00000DED - 00000DF2 (0x6 bytes), align: 0
  Segment part 7.
           ENTRY                   ADDRESS         REF BY
           =====                   =======         ======
           nwDebugerInit::?relay   00000DED        main (utest)
    -------------------------------------------------------------------------
BANK_RELAYS
  Relative segment, address: CODE 00000DF3 - 00000DF8 (0x6 bytes), align: 0
  Segment part 9.
           ENTRY                   ADDRESS         REF BY
           =====                   =======         ======
           STACK_FAILURE::?relay   00000DF3        Callback_execution (TIC)
                                                   FC_create (FChain)
                                                   FC_delete (FChain)
                                                   FC_getIterator (FChain)
                                                   FC_getQuantity (FChain)
                                                   FC_insertAfter (FChain)
                                                   FC_insertBefore (FChain)
                                                   FC_isHaveType (FChain)
                                                   FC_iteratorToType (FChain)
                                                   FC_iteratorToTypeHead (FChain)
                                                   FC_last (FChain)
                                                   FC_next (FChain)
                                                   FI_create (FItem)
                                                   FI_delete (FItem)
                                                   FI_getData (FItem)
                                                   FI_getLast (FItem)
                                                   FI_getNext (FItem)
                                                   FI_getType (FItem)
                                                   FI_setLast (FItem)
                                                   FI_setNext (FItem)
                                                   TIC_Create (TIC)
                                                   TIC_Delete (TIC)
                                                   TIC_GetRXState (TIC)
                                                   TIC_GetTXState (TIC)
                                                   TIC_SetRXCallback (TIC)
                                                   TIC_SetRXState (TIC)
                                                   TIC_SetSECallback (TIC)
                                                   TIC_SetTXCallback (TIC)
                                                   TIC_SetTXState (TIC)
                                                   TIC_SetTimer (TIC)

    *************************************************************************

  FILE NAME : \\vmware-host\Shared Folders\Projects\WMNU\IAR\PRJ_UNITEST\Debug\Obj\RADIO.r51
  PROGRAM MODULE, NAME : RADIO

  SEGMENTS IN THE MODULE
  ======================
SFR_AN
  Relative segment, address: DATA 000000E1 - 000000E1 (0x1 bytes), align: 0
  Segment part 1. ROOT 
           ENTRY                   ADDRESS         REF BY
           =====                   =======         ======
           RFST                    000000E1 
    -------------------------------------------------------------------------
SFR_AN
  Relative segment, address: DATA 000000E5 - 000000E5 (0x1 bytes), align: 0
  Segment part 2. ROOT 
           ENTRY                   ADDRESS         REF BY
           =====                   =======         ======
           T1CCTL0                 000000E5 

    *************************************************************************

  FILE NAME : \\vmware-host\Shared Folders\Projects\WMNU\IAR\PRJ_UNITEST\Debug\Obj\TIC.r51
  PROGRAM MODULE, NAME : TIC

  SEGMENTS IN THE MODULE
  ======================
XDATA_Z
  Relative segment, address: XDATA 00000F02 - 00000F05 (0x4 bytes), align: 0
  Segment part 30.            Intra module refs:   TIC_GetUptime
                                                   clocks_update
           LOCAL                   ADDRESS         
           =====                   =======         
           NODE_UPTIME             00000F02 
    -------------------------------------------------------------------------
XDATA_Z
  Relative segment, address: XDATA 00000F06 - 00000F09 (0x4 bytes), align: 0
  Segment part 31.            Intra module refs:   TIC_GetRTC
                                                   TIC_SetRTC
                                                   clocks_update
           LOCAL                   ADDRESS         
           =====                   =======         
           NODE_RTC                00000F06 
    -------------------------------------------------------------------------
XDATA_Z
  Relative segment, address: XDATA 00000F0A - 00000F0D (0x4 bytes), align: 0
  Segment part 32.            Intra module refs:   TIC_GetNonce
                                                   TIC_SetNonce
                                                   clocks_update
           LOCAL                   ADDRESS         
           =====                   =======         
           NODE_NONCE              00000F0A 
    -------------------------------------------------------------------------
XDATA_Z
  Relative segment, address: XDATA 00000F0E - 00000F0F (0x2 bytes), align: 0
  Segment part 33.            Intra module refs:   TIC_HW_Timer_IRQ
                                                   TIC_SetRXCallback
           LOCAL                   ADDRESS         
           =====                   =======         
           RXCallback              00000F0E 
    -------------------------------------------------------------------------
XDATA_Z
  Relative segment, address: XDATA 00000F10 - 00000F11 (0x2 bytes), align: 0
  Segment part 34.            Intra module refs:   TIC_HW_Timer_IRQ
                                                   TIC_SetTXCallback
           LOCAL                   ADDRESS         
           =====                   =======         
           TXCallback              00000F10 
    -------------------------------------------------------------------------
XDATA_Z
  Relative segment, address: XDATA 00000F12 - 00000F13 (0x2 bytes), align: 0
  Segment part 35.            Intra module refs:   TIC_HW_Timer_IRQ
                                                   TIC_SetSECallback
           LOCAL                   ADDRESS         
           =====                   =======         
           SECallback              00000F12 
    -------------------------------------------------------------------------
XDATA_Z
  Relative segment, address: XDATA 00000F14 - 00000F14 (0x1 bytes), align: 0
  Segment part 36.            Intra module refs:   TIC_Create
                                                   TIC_Delete
           LOCAL                   ADDRESS         
           =====                   =======         
           TIC_CREATED             00000F14 
    -------------------------------------------------------------------------
XDATA_Z
  Relative segment, address: XDATA 00000F15 - 00000F16 (0x2 bytes), align: 0
  Segment part 37.            Intra module refs:   TIC_Create
                                                   TIC_GetTimer
                                                   TIC_SetTimer
                                                   set_capture_time
           LOCAL                   ADDRESS         
           =====                   =======         
           TIC_nt                  00000F15 
    -------------------------------------------------------------------------
XDATA_Z
  Relative segment, address: XDATA 00000F17 - 00000F48 (0x32 bytes), align: 0
  Segment part 38.            Intra module refs:   TIC_GetRXState
                                                   TIC_GetTXState
                                                   TIC_HW_Timer_IRQ
                                                   TIC_SetRXState
                                                   TIC_SetTXState
                                                   TIC_TDMAShelduler
           LOCAL                   ADDRESS         
           =====                   =======         
           TSStateTable            00000F17 
    -------------------------------------------------------------------------
<BANKED_CODE> 1 (was BANKED_CODE)
  Relative segment, address: CODE 000047E7 - 000049DF (0x1f9 bytes), align: 0
  Segment part 47.            Intra module refs:   TIC_Create::?relay
           ENTRY                   ADDRESS         REF BY
           =====                   =======         ======
           TIC_Create              000047E7 
               calls direct
               XSTACK = 00000000 ( 00000010 )
    -------------------------------------------------------------------------
<BANKED_CODE> 1 (was BANKED_CODE)
  Relative segment, address: CODE 000049E0 - 00004A3D (0x5e bytes), align: 0
  Segment part 49.            Intra module refs:   TIC_Delete::?relay
           ENTRY                   ADDRESS         REF BY
           =====                   =======         ======
           TIC_Delete              000049E0 
               calls direct
               XSTACK = 00000000 ( 0000000E )
    -------------------------------------------------------------------------
<BANKED_CODE> 1 (was BANKED_CODE)
  Relative segment, address: CODE 00004A3E - 00004AB2 (0x75 bytes), align: 0
  Segment part 51.            Intra module refs:   TIC_SetTimer::?relay
           LOCAL                   ADDRESS         
           =====                   =======         
           TIC_SetTimer            00004A3E 
               calls direct, is indirectly called
               XSTACK = 00000000 ( 0000000E )
    -------------------------------------------------------------------------
<BANKED_CODE> 1 (was BANKED_CODE)
  Relative segment, address: CODE 00004AB3 - 00004AD9 (0x27 bytes), align: 0
  Segment part 53.            Intra module refs:   TIC_GetTimer::?relay
           LOCAL                   ADDRESS         
           =====                   =======         
           TIC_GetTimer            00004AB3 
               is indirectly called
               ISTACK = 00000000 ( 00000002 )
    -------------------------------------------------------------------------
<BANKED_CODE> 1 (was BANKED_CODE)
  Relative segment, address: CODE 00004ADA - 00004B5A (0x81 bytes), align: 0
  Segment part 55.            Intra module refs:   TIC_SetTXState::?relay
           LOCAL                   ADDRESS         
           =====                   =======         
           TIC_SetTXState          00004ADA 
               calls direct, is indirectly called
               XSTACK = 00000000 ( 0000000E )
    -------------------------------------------------------------------------
<BANKED_CODE> 1 (was BANKED_CODE)
  Relative segment, address: CODE 00004B5B - 00004BDB (0x81 bytes), align: 0
  Segment part 57.            Intra module refs:   TIC_SetRXState::?relay
           LOCAL                   ADDRESS         
           =====                   =======         
           TIC_SetRXState          00004B5B 
               calls direct, is indirectly called
               XSTACK = 00000000 ( 0000000E )
    -------------------------------------------------------------------------
<BANKED_CODE> 1 (was BANKED_CODE)
  Relative segment, address: CODE 00004BDC - 00004C3E (0x63 bytes), align: 0
  Segment part 59.            Intra module refs:   TIC_GetTXState::?relay
           LOCAL                   ADDRESS         
           =====                   =======         
           TIC_GetTXState          00004BDC 
               calls direct, is indirectly called
               XSTACK = 00000000 ( 0000000E )
    -------------------------------------------------------------------------
<BANKED_CODE> 1 (was BANKED_CODE)
  Relative segment, address: CODE 00004C3F - 00004CA1 (0x63 bytes), align: 0
  Segment part 61.            Intra module refs:   TIC_GetRXState::?relay
           LOCAL                   ADDRESS         
           =====                   =======         
           TIC_GetRXState          00004C3F 
               calls direct, is indirectly called
               XSTACK = 00000000 ( 0000000E )
    -------------------------------------------------------------------------
<BANKED_CODE> 1 (was BANKED_CODE)
[...]
  Relative segment, address: CODE 00003582 - 00003584 (0x3 bytes), align: 0
  Segment part 151.           Intra module refs:   Segment part 150
                                                   _GenldLarge
    -------------------------------------------------------------------------
<BANKED_CODE> 1 (was BANKED_CODE)
  Relative segment, address: CODE 00003585 - 00003594 (0x10 bytes), align: 0
  Segment part 152.           Intra module refs:   Segment part 151
                                                   _GenldLarge
    -------------------------------------------------------------------------
<BANKED_CODE> 1 (was BANKED_CODE)
  Relative segment, address: CODE 00003595 - 000035E7 (0x53 bytes), align: 0
  Segment part 153.           Intra module refs:   _PutcharLarge::?relay
           LOCAL                   ADDRESS         
           =====                   =======         
           _PutcharLarge           00003595 
               XSTACK = 0000006C ( 0000000E )
    -------------------------------------------------------------------------
<BANKED_CODE> 1 (was BANKED_CODE)
  Relative segment, address: CODE 000035E8 - 00003639 (0x52 bytes), align: 0
  Segment part 155.           Intra module refs:   _PutcharsLarge::?relay
           LOCAL                   ADDRESS         
           =====                   =======         
           _PutcharsLarge          000035E8 
               calls direct
               XSTACK = 00000070 ( 00000010 )
    -------------------------------------------------------------------------
<BANKED_CODE> 1 (was BANKED_CODE)
  Relative segment, address: CODE 0000363A - 00003644 (0xb bytes), align: 0
  Segment part 157.           Intra module refs:   Segment part 119
                                                   _PutcharsLarge
    -------------------------------------------------------------------------
XDATA_ID
  Relative segment, address: CODE 00000D08 - 00000D0E (0x7 bytes), align: 0
  Segment part 7.             Intra module refs:   Segment part 6
    -------------------------------------------------------------------------
XDATA_ID
  Relative segment, address: CODE 00000D0F - 00000D12 (0x4 bytes), align: 0
  Segment part 9.             Intra module refs:   Segment part 8
    -------------------------------------------------------------------------
XDATA_ID
  Relative segment, address: CODE 00000D13 - 00000D16 (0x4 bytes), align: 0
  Segment part 11.            Intra module refs:   Segment part 10
    -------------------------------------------------------------------------
XDATA_ID
  Relative segment, address: CODE 00000D17 - 00000D1A (0x4 bytes), align: 0
  Segment part 13.            Intra module refs:   Segment part 12
    -------------------------------------------------------------------------
XDATA_ID
  Relative segment, address: CODE 00000D1B - 00000D1E (0x4 bytes), align: 0
  Segment part 15.            Intra module refs:   Segment part 14
    -------------------------------------------------------------------------
XDATA_ID
  Relative segment, address: CODE 00000D1F - 00000D20 (0x2 bytes), align: 0
  Segment part 17.            Intra module refs:   Segment part 16
    -------------------------------------------------------------------------
XDATA_ID
  Relative segment, address: CODE 00000D21 - 00000D24 (0x4 bytes), align: 0
  Segment part 19.            Intra module refs:   __Constant_ffff
    -------------------------------------------------------------------------
XDATA_ID
  Relative segment, address: CODE 00000D25 - 00000D28 (0x4 bytes), align: 0
  Segment part 23.            Intra module refs:   __Constant_7597
    -------------------------------------------------------------------------
XDATA_ID
  Relative segment, address: CODE 00000D29 - 00000D2C (0x4 bytes), align: 0
  Segment part 25.            Intra module refs:   __Constant_186a0
    -------------------------------------------------------------------------
XDATA_ID
  Relative segment, address: CODE 00000D2D - 00000D30 (0x4 bytes), align: 0
  Segment part 27.            Intra module refs:   __Constant_3f800000
    -------------------------------------------------------------------------
XDATA_ID
  Relative segment, address: CODE 00000D31 - 00000D34 (0x4 bytes), align: 0
  Segment part 29.            Intra module refs:   __Constant_a
    -------------------------------------------------------------------------
XDATA_ID
  Relative segment, address: CODE 00000D35 - 00000D38 (0x4 bytes), align: 0
  Segment part 31.            Intra module refs:   __Constant_4cbebc20
    -------------------------------------------------------------------------
BANK_RELAYS
  Relative segment, address: CODE 00000F67 - 00000F6C (0x6 bytes), align: 0
  Segment part 33.
           ENTRY                   ADDRESS         REF BY
           =====                   =======         ======
           _PrintfLarge::?relay    00000F67        printf (?printf)
    -------------------------------------------------------------------------
BANK_RELAYS
  Relative segment, address: CODE 00000F6D - 00000F72 (0x6 bytes), align: 0
  Segment part 63.            Intra module refs:   _PrintfLarge
           LOCAL                   ADDRESS         
           =====                   =======         
           pad::?relay             00000F6D 
    -------------------------------------------------------------------------
BANK_RELAYS
  Relative segment, address: CODE 00000F73 - 00000F78 (0x6 bytes), align: 0
  Segment part 65.            Intra module refs:   _PrintfLarge
           LOCAL                   ADDRESS         
           =====                   =======         
           _LitobLarge::?relay     00000F73 
    -------------------------------------------------------------------------
BANK_RELAYS
  Relative segment, address: CODE 00000F79 - 00000F7E (0x6 bytes), align: 0
  Segment part 79.            Intra module refs:   _LdtobLarge
           LOCAL                   ADDRESS         
           =====                   =======         
           scale::?relay           00000F79 
    -------------------------------------------------------------------------
BANK_RELAYS
  Relative segment, address: CODE 00000F7F - 00000F84 (0x6 bytes), align: 0
  Segment part 82.            Intra module refs:   _PrintfLarge
           LOCAL                   ADDRESS         
           =====                   =======         
           _LdtobLarge::?relay     00000F7F 
    -------------------------------------------------------------------------
BANK_RELAYS
  Relative segment, address: CODE 00000F85 - 00000F8A (0x6 bytes), align: 0
  Segment part 115.           Intra module refs:   _LdtobLarge
           LOCAL                   ADDRESS         
           =====                   =======         
           _GenldLarge::?relay     00000F85 
    -------------------------------------------------------------------------
BANK_RELAYS
  Relative segment, address: CODE 00000F8B - 00000F90 (0x6 bytes), align: 0
  Segment part 154.           Intra module refs:   _PrintfLarge
                                                   _PutcharsLarge
           LOCAL                   ADDRESS         
           =====                   =======         
           _PutcharLarge::?relay   00000F8B 
    -------------------------------------------------------------------------
BANK_RELAYS
  Relative segment, address: CODE 00000F91 - 00000F96 (0x6 bytes), align: 0
  Segment part 156.           Intra module refs:   _PrintfLarge
                                                   pad
           LOCAL                   ADDRESS         
           =====                   =======         
           _PutcharsLarge::?relay
                                   00000F91 
    -------------------------------------------------------------------------
XDATA_I
  Relative segment, address: XDATA 00001BDF - 00001BE5 (0x7 bytes), align: 0
  Segment part 6.             Intra module refs:   _PrintfLarge
    -------------------------------------------------------------------------
XDATA_I
  Relative segment, address: XDATA 00001BE6 - 00001BE9 (0x4 bytes), align: 0
  Segment part 8.             Intra module refs:   _LdtobLarge
    -------------------------------------------------------------------------
XDATA_I
  Relative segment, address: XDATA 00001BEA - 00001BED (0x4 bytes), align: 0
  Segment part 10.            Intra module refs:   _LdtobLarge
    -------------------------------------------------------------------------
XDATA_I
  Relative segment, address: XDATA 00001BEE - 00001BF1 (0x4 bytes), align: 0
  Segment part 12.            Intra module refs:   _LdtobLarge
    -------------------------------------------------------------------------
XDATA_I
  Relative segment, address: XDATA 00001BF2 - 00001BF5 (0x4 bytes), align: 0
  Segment part 14.            Intra module refs:   _LdtobLarge
    -------------------------------------------------------------------------
XDATA_I
  Relative segment, address: XDATA 00001BF6 - 00001BF7 (0x2 bytes), align: 0
  Segment part 16.            Intra module refs:   _GenldLarge
    -------------------------------------------------------------------------
XDATA_I
  Relative segment, address: XDATA 00001BF8 - 00001BFB (0x4 bytes), align: 0
  Segment part 18.            Intra module refs:   _PrintfLarge
           ENTRY                   ADDRESS         REF BY
           =====                   =======         ======
           __Constant_ffff         00001BF8 
    -------------------------------------------------------------------------
XDATA_I
  Relative segment, address: XDATA 00001BFC - 00001BFF (0x4 bytes), align: 0
  Segment part 22.            Intra module refs:   _LdtobLarge
           ENTRY                   ADDRESS         REF BY
           =====                   =======         ======
           __Constant_7597         00001BFC 
    -------------------------------------------------------------------------
XDATA_I
  Relative segment, address: XDATA 00001C00 - 00001C03 (0x4 bytes), align: 0
  Segment part 24.            Intra module refs:   _LdtobLarge
           ENTRY                   ADDRESS         REF BY
           =====                   =======         ======
           __Constant_186a0        00001C00 
    -------------------------------------------------------------------------
XDATA_I
  Relative segment, address: XDATA 00001C04 - 00001C07 (0x4 bytes), align: 0
  Segment part 26.            Intra module refs:   _LdtobLarge
           ENTRY                   ADDRESS         REF BY
           =====                   =======         ======
           __Constant_3f800000     00001C04 
    -------------------------------------------------------------------------
XDATA_I
  Relative segment, address: XDATA 00001C08 - 00001C0B (0x4 bytes), align: 0
  Segment part 28.            Intra module refs:   _LdtobLarge
           ENTRY                   ADDRESS         REF BY
           =====                   =======         ======
           __Constant_a            00001C08 
    -------------------------------------------------------------------------
XDATA_I
  Relative segment, address: XDATA 00001C0C - 00001C0F (0x4 bytes), align: 0
  Segment part 30.            Intra module refs:   _LdtobLarge
           ENTRY                   ADDRESS         REF BY
           =====                   =======         ======
           __Constant_4cbebc20     00001C0C 

    -------------------------------------------------------------------------
  LIBRARY MODULE, NAME : ?xprout

  SEGMENTS IN THE MODULE
  ======================
<BANKED_CODE> 1 (was BANKED_CODE)
  Relative segment, address: CODE 0000682F - 00006859 (0x2b bytes), align: 0
  Segment part 6.             Intra module refs:   _Prout::?relay
           ENTRY                   ADDRESS         REF BY
           =====                   =======         ======
           _Prout                  0000682F 
               calls direct
               XSTACK = 00000000 ( 0000000E )
    -------------------------------------------------------------------------
BANK_RELAYS
  Relative segment, address: CODE 00000F97 - 00000F9C (0x6 bytes), align: 0
  Segment part 7.
           ENTRY                   ADDRESS         REF BY
           =====                   =======         ======
           _Prout::?relay          00000F97        printf (?printf)

    -------------------------------------------------------------------------
  LIBRARY MODULE, NAME : ?xxmemxfree

  SEGMENTS IN THE MODULE
  ======================
<BANKED_CODE> 1 (was BANKED_CODE)
  Relative segment, address: CODE 0000618C - 000062C3 (0x138 bytes), align: 0
  Segment part 6.             Intra module refs:   __xdata_free::?relay
           ENTRY                   ADDRESS         REF BY
           =====                   =======         ======
           __xdata_free            0000618C 
               XSTACK = 0000000A ( 0000000E )
    -------------------------------------------------------------------------
<BANKED_CODE> 1 (was BANKED_CODE)
  Relative segment, address: CODE 000062C4 - 000062CB (0x8 bytes), align: 0
  Segment part 8.             Intra module refs:   __xdata_free
    -------------------------------------------------------------------------
BANK_RELAYS
  Relative segment, address: CODE 00000F9D - 00000FA2 (0x6 bytes), align: 0
  Segment part 7.
           ENTRY                   ADDRESS         REF BY
           =====                   =======         ======
           __xdata_free::?relay    00000F9D        __xdata_malloc (?xxmemxmalloc)
                                                   free (FChain)

    -------------------------------------------------------------------------
  LIBRARY MODULE, NAME : ?xxmemxmalloc

  SEGMENTS IN THE MODULE
  ======================
XDATA_Z
  Relative segment, address: XDATA 00000F5D - 00000F60 (0x4 bytes), align: 0
  Segment part 6.             Intra module refs:   __xdata_malloc
           ENTRY                   ADDRESS         REF BY
           =====                   =======         ======
           __xdata_Aldata          00000F5D        __xdata_free (?xxmemxfree)
    -------------------------------------------------------------------------
<BANKED_CODE> 1 (was BANKED_CODE)
  Relative segment, address: CODE 00005FF4 - 00006166 (0x173 bytes), align: 0
  Segment part 8.             Intra module refs:   __xdata_malloc::?relay
           ENTRY                   ADDRESS         REF BY
           =====                   =======         ======
           __xdata_malloc          00005FF4 
               calls direct
               XSTACK = 0000000A ( 0000000F )
    -------------------------------------------------------------------------
<BANKED_CODE> 1 (was BANKED_CODE)
  Relative segment, address: CODE 00006167 - 0000616F (0x9 bytes), align: 0
  Segment part 10.            Intra module refs:   __xdata_malloc
    -------------------------------------------------------------------------
<BANKED_CODE> 1 (was BANKED_CODE)
  Relative segment, address: CODE 00006170 - 00006173 (0x4 bytes), align: 0
  Segment part 11.            Intra module refs:   __xdata_malloc
    -------------------------------------------------------------------------
<BANKED_CODE> 1 (was BANKED_CODE)
  Relative segment, address: CODE 00006174 - 00006179 (0x6 bytes), align: 0
  Segment part 12.            Intra module refs:   Segment part 11
                                                   __xdata_malloc
    -------------------------------------------------------------------------
<BANKED_CODE> 1 (was BANKED_CODE)
  Relative segment, address: CODE 0000617A - 0000617D (0x4 bytes), align: 0
  Segment part 13.            Intra module refs:   __xdata_malloc
    -------------------------------------------------------------------------
<BANKED_CODE> 1 (was BANKED_CODE)
  Relative segment, address: CODE 0000617E - 00006183 (0x6 bytes), align: 0
  Segment part 14.            Intra module refs:   Segment part 12
                                                   Segment part 13
                                                   __xdata_malloc
    -------------------------------------------------------------------------
<BANKED_CODE> 1 (was BANKED_CODE)
  Relative segment, address: CODE 00006184 - 0000618B (0x8 bytes), align: 0
  Segment part 15.            Intra module refs:   __xdata_malloc
    -------------------------------------------------------------------------
BANK_RELAYS
  Relative segment, address: CODE 00000FA3 - 00000FA8 (0x6 bytes), align: 0
  Segment part 9.
           ENTRY                   ADDRESS         REF BY
           =====                   =======         ======
           __xdata_malloc::?relay
                                   00000FA3        malloc (FChain)




                ****************************************
                *                                      *
                *      SEGMENTS IN ADDRESS ORDER       *
                *                                      *
                ****************************************


SEGMENT              SPACE    START ADDRESS   END ADDRESS     SIZE  TYPE  ALIGN
=======              =====    =============   ===========     ====  ====  =====
INTVEC               CODE          00000000 - 00000002           3   com    0
CSTART               CODE          00000003 - 00000089          87   rel    0
DATA_ID              CODE               0000008A                     dse    0
BDATA_ID             CODE               0000008A                     dse    0
BIT_ID               CODE               0000008A                     dse    0
IDATA_ID             CODE               0000008A                     dse    0
PDATA_ID             CODE               0000008A                     dse    0
IXDATA_ID            CODE               0000008A                     dse    0
XDATA_ID             CODE          0000008A - 00000D38         CAF   rel    0
BANK_RELAYS          CODE          00000D39 - 00000FA8         270   rel    0
RCODE                CODE          00000FA9 - 00001BCD         C25   rel    0
DIFUNCT              CODE               00001BCE                     rel    0
<BANKED_CODE> 1      CODE          00001BCE - 000068FC        4D2F   rel    0
REGISTERS            DATA          00000000 - 00000007           8   rel    0
VREG                 DATA          00000008 - 0000000F           8   rel    0
PSP                  DATA               00000010                     dse    0
XSP                  DATA          00000010 - 00000011           2   rel    0
BREG                 BIT        00000020.0  -  00000020.7        8   rel    0
SFR_AN               DATA          000000E1 - 000000E1           1   rel    0
                     DATA          000000E5 - 000000E5           1 
XSTACK               XDATA         00000001 - 00000EFF         EFF   rel    0
XDATA_Z              XDATA         00000F00 - 00000F60          61   rel    0
XDATA_I              XDATA         00000F61 - 00001C0F         CAF   rel    0
XDATA_HEAP           XDATA         00001C10 - 00001D0E          FF   dse    0
ISTACK               IDATA         000000C0 - 000000FF          40   rel    0

                ****************************************
                *                                      *
                *        END OF CROSS REFERENCE        *
                *                                      *
                ****************************************

 26 877 bytes of CODE  memory
     18 bytes of DATA  memory (+ 2 absolute )
  7 438 bytes of XDATA memory
     64 bytes of IDATA memory
      8 bits  of BIT   memory

Errors: none
Warnings: none

