Warning[w6]: Type conflict for external/entry "TIC_Create", in module utest_TIC against external/entry in module TIC; function return types are different; class/struct/union types have different sizes
  /* In module utest_TIC: */
  /* Function, args 1, attr 0 */
  TIC_s * (__xdata_reentrant TIC_Create)(NT_s *);
    typedef struct __Unnamed_5_165 TIC_s;
    typedef struct __Unnamed_7_128 NT_s;
  /* In module TIC: */
  /* Function, args 1, attr 0 */
  TIC_s * (__xdata_reentrant TIC_Create)(NT_s *);
    typedef struct __Unnamed_10_140 TIC_s;
    typedef struct __Unnamed_7_128 NT_s;
Warning[w6]: Type conflict for external/entry "TIC_Delete", in module utest_TIC against external/entry in module TIC; function types differ in parameter 1; class/struct/union types have different sizes
  /* In module utest_TIC: */
  /* Function, args 1, attr 0 */
  bool (__xdata_reentrant TIC_Delete)(TIC_s *);
    typedef struct __Unnamed_5_165 TIC_s;
  /* In module TIC: */
  /* Function, args 1, attr 0 */
  bool (__xdata_reentrant TIC_Delete)(TIC_s *);
    typedef struct __Unnamed_10_140 TIC_s;
################################################################################
#                                                                              #
#      IAR Universal Linker V6.4.6.89                                          #
#                                                                              #
#           Link time     =  12/Nov/2019  20:34:34                             #
#           Target CPU    =  x51                                               #
#           List file     =  "\\vmware-host\Shared Folders\Projects\WMNU\IAR\P #
#                            RJ_UNITEST\Debug\List\unitest.map"                #
#           Output file 1 =  "\\vmware-host\Shared Folders\Projects\WMNU\IAR\P #
#                            RJ_UNITEST\Debug\Exe\unitest.d51"                 #
#                            Format: ubrof10                                   #
#                            UBROF version 10.0.6                              #
#                            Using library modules for C-SPY (-rt)             #
#           Command line  =  -f                                                #
#                            C:\Users\08A4~1\AppData\Local\Temp\EWE3FC.tmp     #
#                            ("\\vmware-host\Shared Folders\Projects\WMNU\IAR\ #
#                            PRJ_UNITEST\Debug\Obj\coder.r51"                  #
#                            "\\vmware-host\Shared Folders\Projects\WMNU\IAR\P #
#                            RJ_UNITEST\Debug\Obj\delays.r51"                  #
#                            "\\vmware-host\Shared Folders\Projects\WMNU\IAR\P #
#                            RJ_UNITEST\Debug\Obj\FChain.r51"                  #
#                            "\\vmware-host\Shared Folders\Projects\WMNU\IAR\P #
#                            RJ_UNITEST\Debug\Obj\FItem.r51"                   #
#                            "\\vmware-host\Shared Folders\Projects\WMNU\IAR\P #
#                            RJ_UNITEST\Debug\Obj\LLC.r51"                     #
#                            "\\vmware-host\Shared Folders\Projects\WMNU\IAR\P #
#                            RJ_UNITEST\Debug\Obj\MAC.r51"                     #
#                            "\\vmware-host\Shared Folders\Projects\WMNU\IAR\P #
#                            RJ_UNITEST\Debug\Obj\NTMR.r51"                    #
#                            "\\vmware-host\Shared Folders\Projects\WMNU\IAR\P #
#                            RJ_UNITEST\Debug\Obj\nwdebuger.r51"               #
#                            "\\vmware-host\Shared Folders\Projects\WMNU\IAR\P #
#                            RJ_UNITEST\Debug\Obj\RADIO.r51"                   #
#                            "\\vmware-host\Shared Folders\Projects\WMNU\IAR\P #
#                            RJ_UNITEST\Debug\Obj\TIC.r51"                     #
#                            "\\vmware-host\Shared Folders\Projects\WMNU\IAR\P #
#                            RJ_UNITEST\Debug\Obj\utest.r51"                   #
#                            "\\vmware-host\Shared Folders\Projects\WMNU\IAR\P #
#                            RJ_UNITEST\Debug\Obj\utest_coder.r51"             #
#                            "\\vmware-host\Shared Folders\Projects\WMNU\IAR\P #
#                            RJ_UNITEST\Debug\Obj\utest_delays.r51"            #
#                            "\\vmware-host\Shared Folders\Projects\WMNU\IAR\P #
#                            RJ_UNITEST\Debug\Obj\utest_FChain.r51"            #
#                            "\\vmware-host\Shared Folders\Projects\WMNU\IAR\P #
#                            RJ_UNITEST\Debug\Obj\utest_FItem.r51"             #
#                            "\\vmware-host\Shared Folders\Projects\WMNU\IAR\P #
#                            RJ_UNITEST\Debug\Obj\utest_Frames.r51"            #
#                            "\\vmware-host\Shared Folders\Projects\WMNU\IAR\P #
#                            RJ_UNITEST\Debug\Obj\utest_LLC.r51"               #
#                            "\\vmware-host\Shared Folders\Projects\WMNU\IAR\P #
#                            RJ_UNITEST\Debug\Obj\utest_MAC.r51"               #
#                            "\\vmware-host\Shared Folders\Projects\WMNU\IAR\P #
#                            RJ_UNITEST\Debug\Obj\utest_NTMR.r51"              #
#                            "\\vmware-host\Shared Folders\Projects\WMNU\IAR\P #
#                            RJ_UNITEST\Debug\Obj\utest_radio.r51"             #
#                            "\\vmware-host\Shared Folders\Projects\WMNU\IAR\P #
#                            RJ_UNITEST\Debug\Obj\utest_suite.r51"             #
#                            "\\vmware-host\Shared Folders\Projects\WMNU\IAR\P #
#                            RJ_UNITEST\Debug\Obj\utest_TIC.r51"               #
#                            -o                                                #
#                            "\\vmware-host\Shared Folders\Projects\WMNU\IAR\P #
#                            RJ_UNITEST\Debug\Exe\unitest.d51"                 #
#                            -l                                                #
#                            "\\vmware-host\Shared Folders\Projects\WMNU\IAR\P #
#                            RJ_UNITEST\Debug\List\unitest.map"                #
#                            -xms                                              #
#                            "-IC:\Program Files (x86)\IAR Systems\Embedded Wo #
#                            rkbench 8.0\8051\LIB\"                            #
#                            -f                                                #
#                            "C:\Program Files (x86)\IAR Systems\Embedded Work #
#                            bench 8.0\8051\config\devices\Texas Instruments\l #
#                            nk51ew_CC2530F256_banked.xcl"                     #
#                            (-D_IDATA0_START=0x00 -D_IDATA0_END=0xFF          #
#                            -D_PDATA0_START=0x1E00 -D_PDATA0_END=0x1EFF       #
#                            -D_IXDATA0_START=0x0001 -D_IXDATA0_END=0x1EFF     #
#                            -D_XDATA0_START=_IXDATA0_START                    #
#                            -D_XDATA0_END=_IXDATA0_END                        #
#                            -D_NEAR_CODE_START=0x0000                         #
#                            -D_FIRST_BANK_ADDR=0x10000 -D?REGISTER_BANK=0x0   #
#                            -D_REGISTER_BANK_START=0x0 -D_BREG_START=0x00     #
#                            -D?VB=0x20 -Z(BIT)BREG=_BREG_START                #
#                            -Z(BIT)BIT_N=0-7F                                 #
#                            -Z(DATA)REGISTERS+8=_REGISTER_BANK_START          #
#                            -Z(DATA)BDATA_Z,BDATA_N,BDATA_I=20-2F             #
#                            -Z(DATA)VREG=08-7F -Z(DATA)PSP,XSP=08-7F          #
#                            -Z(DATA)DOVERLAY=08-7F                            #
#                            -Z(DATA)DATA_I,DATA_Z,DATA_N=08-7F                #
#                            -U(IDATA)0-7F=(DATA)0-7F                          #
#                            -Z(IDATA)IDATA_I,IDATA_Z,IDATA_N=08-_IDATA0_END   #
#                            -Z(IDATA)ISTACK+_IDATA_STACK_SIZE#08-_IDATA0_END  #
#                            -Z(IDATA)IOVERLAY=08-FF -Z(CODE)INTVEC=0          #
#                            -Z(CODE)CSTART=_NEAR_CODE_START-(_CODEBANK_START- #
#                            1)                                                #
#                            -Z(CODE)BIT_ID,BDATA_ID,DATA_ID,IDATA_ID,IXDATA_I #
#                            D,PDATA_ID,XDATA_ID=_NEAR_CODE_START-(_CODEBANK_S #
#                            TART-1)                                           #
#                            -Z(CODE)BANK_RELAYS,RCODE,DIFUNCT,CODE_C,CODE_N,N #
#                            EAR_CODE=_NEAR_CODE_START-(_CODEBANK_START-1)     #
#                            -P(CODE)BANKED_CODE=_NEAR_CODE_START-(_CODEBANK_S #
#                            TART-1),[(_CODEBANK_START+_FIRST_BANK_ADDR)-(_COD #
#                            EBANK_END+_FIRST_BANK_ADDR)]*_NR_OF_BANKS+10000   #
#                            -Z(CODE)CHECKSUM#(_CODEBANK_START-1)              #
#                            -Z(XDATA)PDATA_Z,PDATA_I=_PDATA0_START-_PDATA0_EN #
#                            D                                                 #
#                            -P(XDATA)PDATA_N=_PDATA0_START-_PDATA0_END        #
#                            -Z(XDATA)PSTACK+_PDATA_STACK_SIZE=_PDATA0_START-_ #
#                            PDATA0_END                                        #
#                            -Z(XDATA)EXT_STACK+_EXTENDED_STACK_SIZE=_EXTENDED #
#                            _STACK_START                                      #
#                            -Z(XDATA)XSTACK+_XDATA_STACK_SIZE=_XDATA0_START-_ #
#                            XDATA0_END                                        #
#                            -Z(XDATA)IXDATA_Z,IXDATA_I=_IXDATA0_START-_IXDATA #
#                            0_END                                             #
#                            -P(XDATA)IXDATA_N=_IXDATA0_START-_IXDATA0_END     #
#                            -Z(XDATA)XDATA_Z,XDATA_I=_XDATA0_START-_XDATA0_EN #
#                            D                                                 #
#                            -P(XDATA)XDATA_N=_XDATA0_START-_XDATA0_END        #
#                            -Z(XDATA)XDATA_HEAP+_XDATA_HEAP_SIZE=_XDATA0_STAR #
#                            T-_XDATA0_END                                     #
#                            -Z(CONST)XDATA_ROM_C=_XDATA0_START-_XDATA0_END    #
#                            -cx51                                             #
#                            -M(CODE)[(_CODEBANK_START+_FIRST_BANK_ADDR)-(_COD #
#                            EBANK_END+_FIRST_BANK_ADDR)]*_NR_OF_BANKS+0x10000 #
#                            =0x8000                                           #
#                            -ww69=i -D_BANK0_START=0x00000                    #
#                            -D_BANK0_END=0x07FFF -D_BANK1_START=0x18000       #
#                            -D_BANK1_END=0x1FFFF -D_BANK2_START=0x28000       #
#                            -D_BANK2_END=0x2FFFF -D_BANK3_START=0x38000       #
#                            -D_BANK3_END=0x3FFFF -D_BANK4_START=0x48000       #
#                            -D_BANK4_END=0x4FFFF -D_BANK5_START=0x58000       #
#                            -D_BANK5_END=0x5FFFF -D_BANK6_START=0x68000       #
#                            -D_BANK6_END=0x6FFFF -D_BANK7_START=0x78000       #
#                            -D_BANK7_END=0x7FFFF                              #
#                            -P(CODE)BANK0=_BANK0_START-_BANK0_END             #
#                            -P(CODE)BANK1=_BANK1_START-_BANK1_END             #
#                            -P(CODE)BANK2=_BANK2_START-_BANK2_END             #
#                            -P(CODE)BANK3=_BANK3_START-_BANK3_END             #
#                            -P(CODE)BANK4=_BANK4_START-_BANK4_END             #
#                            -P(CODE)BANK5=_BANK5_START-_BANK5_END             #
#                            -P(CODE)BANK6=_BANK6_START-_BANK6_END             #
#                            -P(CODE)BANK7=_BANK7_START-_BANK7_END             #
#                            -D_FLASH_LOCK_BITS_START=0x7FFF0                  #
#                            -D_FLASH_LOCK_BITS_END=0x7FFFF                    #
#                            -Z(CODE)FLASH_LOCK_BITS=_FLASH_LOCK_BITS_START-_F #
#                            LASH_LOCK_BITS_END                                #
#                            -U(CODE)0x0000=(CODE)_FLASH_LOCK_BITS_START-_FLAS #
#                            H_LOCK_BITS_END)                                  #
#                            -D_NR_OF_VIRTUAL_REGISTERS=8 -D?PBANK=0x93        #
#                            -D?CBANK=0x9F -D?CBANK_MASK=0xFF                  #
#                            -e?BCALL_FF=?BCALL -e?BRET_FF=?BRET               #
#                            -e?BDISPATCH_FF=?BDISPATCH                        #
#                            -D_CODEBANK_START=0x8000 -D_CODEBANK_END=0xFFFF   #
#                            -D_NR_OF_BANKS=0x07                               #
#                            "-IC:\Program Files (x86)\IAR Systems\Embedded Wo #
#                            rkbench 8.0\8051\CONFIG\"                         #
#                            -e_PrintfLarge=_Printf -e_ScanfLarge=_Scanf -rt   #
#                            -s __program_start                                #
#                            "C:\Program Files (x86)\IAR Systems\Embedded Work #
#                            bench 8.0\8051\LIB\DLIB\dl-pli-blxd-1e16x01n.r51" #
#                            -D_IDATA_STACK_SIZE=0x40 -D?ESP=0 -D?ESP_MASK=0   #
#                            -D_EXTENDED_STACK_START=0                         #
#                            -D_EXTENDED_STACK_SIZE=0                          #
#                            -D_PDATA_STACK_SIZE=0x80                          #
#                            -D_XDATA_STACK_SIZE=0xEFF                         #
#                            -D_XDATA_HEAP_SIZE=0xFF -D_FAR_HEAP_SIZE=0xFFF    #
#                            -D_HUGE_HEAP_SIZE=0xFFF                           #
#                            -D_FAR22_HEAP_SIZE=0xFFF)                         #
#                                                                              #
#                           Copyright (C) 1987-2016 IAR Systems AB.            #
################################################################################





                ****************************************
                *                                      *
                *           CROSS REFERENCE            *
                *                                      *
                ****************************************

       Program entry at : CODE      00000085  Relocatable, from module : CSTARTUP




                ****************************************
                *                                      *
                *            RUNTIME MODEL             *
                *                                      *
                ****************************************

  __Heap_Handler             = Basic
  __SystemLibrary            = DLib
  __calling_convention       = xdata_reentrant
  __code_model               = banked
  __core                     = plain
  __data_model               = large
  __dlib_file_descriptor     = 0
  __dlib_full_locale_support = 0
  __dptr_size                = 16
  __extended_stack           = disabled
  __location_for_constants   = data
  __number_of_dptrs          = 1
  __register_banks           = *
  __rt_version               = 1

                ****************************************
                *                                      *
                *    AUTOMATIC SYMBOL REDIRECTIONS     *
                *                                      *
                ****************************************

                  There are no automatic symbol redirections.



                ****************************************
                *                                      *
                *              MODULE MAP              *
                *                                      *
                ****************************************


  DEFINED ABSOLUTE ENTRIES
    *************************************************************************

  DEFINED ABSOLUTE ENTRIES
  PROGRAM MODULE, NAME : ?ABS_ENTRY_MOD

Absolute parts
           ENTRY                   ADDRESS         REF BY
           =====                   =======         ======
           _FAR22_HEAP_SIZE        00000FFF 
           _HUGE_HEAP_SIZE         00000FFF 
           _FAR_HEAP_SIZE          00000FFF 
           _XDATA_HEAP_SIZE        000000FF 
           _XDATA_STACK_SIZE       00000EFF 
           _PDATA_STACK_SIZE       00000080 
           _EXTENDED_STACK_SIZE    00000000 
           _EXTENDED_STACK_START   00000000 
           ?ESP_MASK               00000000 
           ?ESP                    00000000 
           _IDATA_STACK_SIZE       00000040 
           _NR_OF_BANKS            00000007 
           _CODEBANK_END           0000FFFF 
           _CODEBANK_START         00008000 
           ?CBANK_MASK             000000FF 
           ?CBANK                  0000009F        ?RESET_CODE_BANK (CSTARTUP)
                                                   Segment part 0 (?BANKED_CODE_SUPPORT)
           ?PBANK                  00000093 
           _NR_OF_VIRTUAL_REGISTERS
                                   00000008 
           _FLASH_LOCK_BITS_END    0003FFFF 
           _FLASH_LOCK_BITS_START
                                   0003FFF0 
           _BANK7_END              0003FFFF 
           _BANK7_START            00038000 
           _BANK6_END              00037FFF 
           _BANK6_START            00030000 
           _BANK5_END              0002FFFF 
           _BANK5_START            00028000 
           _BANK4_END              00027FFF 
           _BANK4_START            00020000 
           _BANK3_END              0001FFFF 
           _BANK3_START            00018000 
           _BANK2_END              00017FFF 
           _BANK2_START            00010000 
           _BANK1_END              0000FFFF 
           _BANK1_START            00008000 
           _BANK0_END              00007FFF 
           _BANK0_START            00000000 
           ?VB                     00000020        ?BANKED_ENTER_XDATA (?BANKED_ENTER_XDATA)
                                                   ?BANKED_LEAVE_XDATA (?BANKED_LEAVE_XDATA)
                                                   ?INTERRUPT_ENTER_XSP (?INTERRUPT_ENTER_XSP)
                                                   ?INTERRUPT_LEAVE_XSP (?INTERRUPT_LEAVE_XSP)
                                                   AES_StreamCoder (coder)
           _BREG_START             00000000 
           _REGISTER_BANK_START    00000000 
           ?REGISTER_BANK          00000000        Segment part 6 (CSTARTUP)
           _FIRST_BANK_ADDR        00010000 
           _NEAR_CODE_START        00000000 
           _XDATA0_END             00001EFF 
           _XDATA0_START           00000001 
           _IXDATA0_END            00001EFF 
           _IXDATA0_START          00000001 
           _PDATA0_END             00001EFF 
           _PDATA0_START           00001E00 
           _IDATA0_END             000000FF 
           _IDATA0_START           00000000 
    *************************************************************************

  FILE NAME : \\vmware-host\Shared Folders\Projects\WMNU\IAR\PRJ_UNITEST\Debug\Obj\coder.r51
  PROGRAM MODULE, NAME : coder

  SEGMENTS IN THE MODULE
  ======================
SFR_AN
  Relative segment, address: DATA 000000B3 - 000000B3 (0x1 bytes), align: 0
  Segment part 1. ROOT        Intra module refs:   AES_StreamCoder
           ENTRY                   ADDRESS         REF BY
           =====                   =======         ======
           ENCCS                   000000B3 
    -------------------------------------------------------------------------
SFR_AN
  Relative segment, address: DATA 000000D2 - 000000D2 (0x1 bytes), align: 0
  Segment part 2. ROOT        Intra module refs:   AES_init
           ENTRY                   ADDRESS         REF BY
           =====                   =======         ======
           DMA1CFGL                000000D2 
    -------------------------------------------------------------------------
SFR_AN
  Relative segment, address: DATA 000000D3 - 000000D3 (0x1 bytes), align: 0
  Segment part 3. ROOT        Intra module refs:   AES_init
           ENTRY                   ADDRESS         REF BY
           =====                   =======         ======
           DMA1CFGH                000000D3 
    -------------------------------------------------------------------------
SFR_AN
  Relative segment, address: DATA 000000D4 - 000000D4 (0x1 bytes), align: 0
  Segment part 4. ROOT        Intra module refs:   AES_init
           ENTRY                   ADDRESS         REF BY
           =====                   =======         ======
           DMA0CFGL                000000D4 
    -------------------------------------------------------------------------
SFR_AN
  Relative segment, address: DATA 000000D5 - 000000D5 (0x1 bytes), align: 0
  Segment part 5. ROOT        Intra module refs:   AES_init
           ENTRY                   ADDRESS         REF BY
           =====                   =======         ======
           DMA0CFGH                000000D5 
    -------------------------------------------------------------------------
SFR_AN
  Relative segment, address: DATA 000000D6 - 000000D6 (0x1 bytes), align: 0
  Segment part 6. ROOT        Intra module refs:   AES_StreamCoder
           ENTRY                   ADDRESS         REF BY
           =====                   =======         ======
           DMAARM                  000000D6 
    -------------------------------------------------------------------------
SFR_AN
  Relative segment, address: DATA 000000D7 - 000000D7 (0x1 bytes), align: 0
  Segment part 7. ROOT        Intra module refs:   AES_StreamCoder
           ENTRY                   ADDRESS         REF BY
           =====                   =======         ======
           DMAREQ                  000000D7 
    -------------------------------------------------------------------------
XDATA_Z
  Relative segment, address: XDATA 00000F00 - 00000F07 (0x8 bytes), align: 0
  Segment part 13.            Intra module refs:   AES_StreamCoder
                                                   AES_init
           ENTRY                   ADDRESS         REF BY
           =====                   =======         ======
           DMA_AES_DW              00000F00 
    -------------------------------------------------------------------------
XDATA_Z
  Relative segment, address: XDATA 00000F08 - 00000F0F (0x8 bytes), align: 0
  Segment part 14.            Intra module refs:   AES_StreamCoder
                                                   AES_init
           ENTRY                   ADDRESS         REF BY
           =====                   =======         ======
           DMA_AES_UP              00000F08 
    -------------------------------------------------------------------------
<BANKED_CODE> 1 (was BANKED_CODE)
  Relative segment, address: CODE 00002A9A - 00002B88 (0xef bytes), align: 0
  Segment part 17.            Intra module refs:   AES_init::?relay
           ENTRY                   ADDRESS         REF BY
           =====                   =======         ======
           AES_init                00002A9A 
               ISTACK = 00000000 ( 00000002 )
    -------------------------------------------------------------------------
<BANKED_CODE> 1 (was BANKED_CODE)
  Relative segment, address: CODE 00002B89 - 00002DC8 (0x240 bytes), align: 0
  Segment part 19.            Intra module refs:   AES_StreamCoder::?relay
           ENTRY                   ADDRESS         REF BY
           =====                   =======         ======
           AES_StreamCoder         00002B89 
               calls direct
               XSTACK = 00000004 ( 00000027 )
    -------------------------------------------------------------------------
BANK_RELAYS
  Relative segment, address: CODE 00000213 - 00000218 (0x6 bytes), align: 0
  Segment part 18.
           ENTRY                   ADDRESS         REF BY
           =====                   =======         ======
           AES_init::?relay        00000213        aes_test (utest_coder)
    -------------------------------------------------------------------------
BANK_RELAYS
  Relative segment, address: CODE 00000219 - 0000021E (0x6 bytes), align: 0
  Segment part 20.
           ENTRY                   ADDRESS         REF BY
           =====                   =======         ======
           AES_StreamCoder::?relay
                                   00000219        aes_test (utest_coder)

    *************************************************************************

  FILE NAME : \\vmware-host\Shared Folders\Projects\WMNU\IAR\PRJ_UNITEST\Debug\Obj\delays.r51
  PROGRAM MODULE, NAME : delays

  SEGMENTS IN THE MODULE
  ======================
SFR_AN
  Relative segment, address: DATA 00000094 - 00000094 (0x1 bytes), align: 0
  Segment part 1. ROOT        Intra module refs:   TIM_init
           ENTRY                   ADDRESS         REF BY
           =====                   =======         ======
           T2CTRL                  00000094 
    -------------------------------------------------------------------------
SFR_AN
  Relative segment, address: DATA 000000A2 - 000000A2 (0x1 bytes), align: 0
  Segment part 2. ROOT        Intra module refs:   TIM_TimeStamp
           ENTRY                   ADDRESS         REF BY
           =====                   =======         ======
           T2M0                    000000A2 
    -------------------------------------------------------------------------
SFR_AN
  Relative segment, address: DATA 000000A3 - 000000A3 (0x1 bytes), align: 0
  Segment part 3. ROOT        Intra module refs:   TIM_TimeStamp
           ENTRY                   ADDRESS         REF BY
           =====                   =======         ======
           T2M1                    000000A3 
    -------------------------------------------------------------------------
SFR_AN
  Relative segment, address: DATA 000000A4 - 000000A4 (0x1 bytes), align: 0
  Segment part 4. ROOT        Intra module refs:   TIM_TimeStamp
           ENTRY                   ADDRESS         REF BY
           =====                   =======         ======
           T2MOVF0                 000000A4 
    -------------------------------------------------------------------------
SFR_AN
  Relative segment, address: DATA 000000A5 - 000000A5 (0x1 bytes), align: 0
  Segment part 5. ROOT        Intra module refs:   TIM_TimeStamp
           ENTRY                   ADDRESS         REF BY
           =====                   =======         ======
           T2MOVF1                 000000A5 
    -------------------------------------------------------------------------
XDATA_I
  Relative segment, address: XDATA 00000F1C - 00000F1F (0x4 bytes), align: 0
  Segment part 11.            Intra module refs:   Interval
           LOCAL                   ADDRESS         
           =====                   =======         
           MAC_TIMER_MAX           00000F1C 
    -------------------------------------------------------------------------
XDATA_I
  Relative segment, address: XDATA 00000F20 - 00000F23 (0x4 bytes), align: 0
  Segment part 14.            Intra module refs:   DelayCalibrate
           ENTRY                   ADDRESS         REF BY
           =====                   =======         ======
           __Constant_1f4          00000F20 
    -------------------------------------------------------------------------
XDATA_I
  Relative segment, address: XDATA 00000F24 - 00000F27 (0x4 bytes), align: 0
  Segment part 16.            Intra module refs:   DelayCalibrate
           ENTRY                   ADDRESS         REF BY
           =====                   =======         ======
           __Constant_fffffe0c     00000F24 
    -------------------------------------------------------------------------
XDATA_I
  Relative segment, address: XDATA 00000F28 - 00000F2B (0x4 bytes), align: 0
  Segment part 18.            Intra module refs:   DelayCalibrate
                                                   TIM_delay
           ENTRY                   ADDRESS         REF BY
           =====                   =======         ======
           __Constant_20           00000F28 
    -------------------------------------------------------------------------
XDATA_I
  Relative segment, address: XDATA 00000F2C - 00000F2F (0x4 bytes), align: 0
  Segment part 20.            Intra module refs:   TIM_passedTime
           ENTRY                   ADDRESS         REF BY
           =====                   =======         ======
           __Constant_3d000000     00000F2C 
    -------------------------------------------------------------------------
XDATA_Z
  Relative segment, address: XDATA 00000F10 - 00000F13 (0x4 bytes), align: 0
  Segment part 13.            Intra module refs:   DelayCalibrate
                                                   TIM_delay
           LOCAL                   ADDRESS         
           =====                   =======         
           DELAY_CALIBRATE_TICS    00000F10 
    -------------------------------------------------------------------------
<BANKED_CODE> 1 (was BANKED_CODE)
  Relative segment, address: CODE 00002DC9 - 00002DD9 (0x11 bytes), align: 0
  Segment part 22.            Intra module refs:   TIM_init::?relay
           ENTRY                   ADDRESS         REF BY
           =====                   =======         ======
           TIM_init                00002DC9 
               calls direct
               ISTACK = 00000000 ( 00000002 )
    -------------------------------------------------------------------------
<BANKED_CODE> 1 (was BANKED_CODE)
  Relative segment, address: CODE 00002DDA - 00002E16 (0x3d bytes), align: 0
  Segment part 24.            Intra module refs:   TIM_TimeStamp::?relay
           ENTRY                   ADDRESS         REF BY
           =====                   =======         ======
           TIM_TimeStamp           00002DDA 
               XSTACK = 00000028 ( 00000000 )
               ISTACK = 00000000 ( 00000003 )
    -------------------------------------------------------------------------
<BANKED_CODE> 1 (was BANKED_CODE)
  Relative segment, address: CODE 00002E17 - 00002EA9 (0x93 bytes), align: 0
  Segment part 26.            Intra module refs:   DelayCalibrate::?relay
           LOCAL                   ADDRESS         
           =====                   =======         
           DelayCalibrate          00002E17 
               calls direct
               XSTACK = 00000000 ( 00000028 )
    -------------------------------------------------------------------------
<BANKED_CODE> 1 (was BANKED_CODE)
  Relative segment, address: CODE 00002EAA - 00002F4C (0xa3 bytes), align: 0
  Segment part 28.            Intra module refs:   Interval::?relay
           LOCAL                   ADDRESS         
           =====                   =======         
           Interval                00002EAA 
               XSTACK = 00000024 ( 00000012 )
    -------------------------------------------------------------------------
<BANKED_CODE> 1 (was BANKED_CODE)
  Relative segment, address: CODE 00002F4D - 00002FAA (0x5e bytes), align: 0
  Segment part 30.            Intra module refs:   TIM_passedTime::?relay
           ENTRY                   ADDRESS         REF BY
           =====                   =======         ======
           TIM_passedTime          00002F4D 
               calls direct
               XSTACK = 00000028 ( 00000012 )
    -------------------------------------------------------------------------
<BANKED_CODE> 1 (was BANKED_CODE)
  Relative segment, address: CODE 00002FAB - 0000302F (0x85 bytes), align: 0
  Segment part 32.            Intra module refs:   TIM_delay::?relay
           ENTRY                   ADDRESS         REF BY
           =====                   =======         ======
           TIM_delay               00002FAB 
               calls direct
               XSTACK = 00000028 ( 00000024 )
    -------------------------------------------------------------------------
XDATA_ID
  Relative segment, address: CODE 000000B5 - 000000B8 (0x4 bytes), align: 0
  Segment part 12.            Intra module refs:   MAC_TIMER_MAX
    -------------------------------------------------------------------------
XDATA_ID
  Relative segment, address: CODE 000000B9 - 000000BC (0x4 bytes), align: 0
  Segment part 15.            Intra module refs:   __Constant_1f4
    -------------------------------------------------------------------------
XDATA_ID
  Relative segment, address: CODE 000000BD - 000000C0 (0x4 bytes), align: 0
  Segment part 17.            Intra module refs:   __Constant_fffffe0c
    -------------------------------------------------------------------------
XDATA_ID
  Relative segment, address: CODE 000000C1 - 000000C4 (0x4 bytes), align: 0
  Segment part 19.            Intra module refs:   __Constant_20
    -------------------------------------------------------------------------
XDATA_ID
  Relative segment, address: CODE 000000C5 - 000000C8 (0x4 bytes), align: 0
  Segment part 21.            Intra module refs:   __Constant_3d000000
    -------------------------------------------------------------------------
BANK_RELAYS
  Relative segment, address: CODE 0000021F - 00000224 (0x6 bytes), align: 0
  Segment part 23.
           ENTRY                   ADDRESS         REF BY
           =====                   =======         ======
           TIM_init::?relay        0000021F        aes_test (utest_coder)
    -------------------------------------------------------------------------
BANK_RELAYS
  Relative segment, address: CODE 00000225 - 0000022A (0x6 bytes), align: 0
  Segment part 25.            Intra module refs:   DelayCalibrate
                                                   TIM_delay
           ENTRY                   ADDRESS         REF BY
           =====                   =======         ======
           TIM_TimeStamp::?relay   00000225        aes_test (utest_coder)
    -------------------------------------------------------------------------
BANK_RELAYS
  Relative segment, address: CODE 0000022B - 00000230 (0x6 bytes), align: 0
  Segment part 27.            Intra module refs:   TIM_init
           LOCAL                   ADDRESS         
           =====                   =======         
           DelayCalibrate::?relay
                                   0000022B 
    -------------------------------------------------------------------------
BANK_RELAYS
  Relative segment, address: CODE 00000231 - 00000236 (0x6 bytes), align: 0
  Segment part 29.            Intra module refs:   TIM_delay
                                                   TIM_passedTime
           LOCAL                   ADDRESS         
           =====                   =======         
           Interval::?relay        00000231 
    -------------------------------------------------------------------------
BANK_RELAYS
  Relative segment, address: CODE 00000237 - 0000023C (0x6 bytes), align: 0
  Segment part 31.            Intra module refs:   DelayCalibrate
           ENTRY                   ADDRESS         REF BY
           =====                   =======         ======
           TIM_passedTime::?relay
                                   00000237        aes_test (utest_coder)
    -------------------------------------------------------------------------
BANK_RELAYS
  Relative segment, address: CODE 0000023D - 00000242 (0x6 bytes), align: 0
  Segment part 33.            Intra module refs:   DelayCalibrate
           ENTRY                   ADDRESS         REF BY
           =====                   =======         ======
           TIM_delay::?relay       0000023D 

    *************************************************************************

  FILE NAME : \\vmware-host\Shared Folders\Projects\WMNU\IAR\PRJ_UNITEST\Debug\Obj\FChain.r51
    *************************************************************************

  FILE NAME : \\vmware-host\Shared Folders\Projects\WMNU\IAR\PRJ_UNITEST\Debug\Obj\FItem.r51
    *************************************************************************

  FILE NAME : \\vmware-host\Shared Folders\Projects\WMNU\IAR\PRJ_UNITEST\Debug\Obj\LLC.r51
    *************************************************************************

  FILE NAME : \\vmware-host\Shared Folders\Projects\WMNU\IAR\PRJ_UNITEST\Debug\Obj\MAC.r51
    *************************************************************************

  FILE NAME : \\vmware-host\Shared Folders\Projects\WMNU\IAR\PRJ_UNITEST\Debug\Obj\NTMR.r51
  PROGRAM MODULE, NAME : NTMR

  SEGMENTS IN THE MODULE
  ======================
SFR_AN
  Relative segment, address: DATA 00000095 - 00000095 (0x1 bytes), align: 0
  Segment part 1. ROOT        Intra module refs:   ReadTimer
           ENTRY                   ADDRESS         REF BY
           =====                   =======         ======
           ST0                     00000095 
    -------------------------------------------------------------------------
SFR_AN
  Relative segment, address: DATA 00000096 - 00000096 (0x1 bytes), align: 0
  Segment part 2. ROOT        Intra module refs:   ReadTimer
           ENTRY                   ADDRESS         REF BY
           =====                   =======         ======
           ST1                     00000096 
    -------------------------------------------------------------------------
SFR_AN
  Relative segment, address: DATA 00000097 - 00000097 (0x1 bytes), align: 0
  Segment part 3. ROOT        Intra module refs:   ReadTimer
           ENTRY                   ADDRESS         REF BY
           =====                   =======         ======
           ST2                     00000097 
    -------------------------------------------------------------------------
SFR_AN
  Relative segment, address: DATA 0000009D - 0000009D (0x1 bytes), align: 0
  Segment part 4. ROOT        Intra module refs:   ReadTimer
           ENTRY                   ADDRESS         REF BY
           =====                   =======         ======
           SLEEPSTA                0000009D 
    -------------------------------------------------------------------------
SFR_AN
  Relative segment, address: DATA 000000A8 - 000000A8 (0x1 bytes), align: 0
  Segment part 5. ROOT        Intra module refs:   NT_IRQEnable
           ENTRY                   ADDRESS         REF BY
           =====                   =======         ======
           _A_IEN0                 000000A8 
           LOCAL                   ADDRESS         
           =====                   =======         
           IEN0                    000000A8 
    -------------------------------------------------------------------------
SFR_AN
  Relative segment, address: DATA 000000AD - 000000AD (0x1 bytes), align: 0
  Segment part 6. ROOT 
           ENTRY                   ADDRESS         REF BY
           =====                   =======         ======
           STLOAD                  000000AD 
    -------------------------------------------------------------------------
SFR_AN
  Relative segment, address: DATA 000000C0 - 000000C0 (0x1 bytes), align: 0
  Segment part 7. ROOT        Intra module refs:   NT_IRQEnable
                                                   TimerCompareInterrupt
           ENTRY                   ADDRESS         REF BY
           =====                   =======         ======
           _A_IRCON                000000C0 
           LOCAL                   ADDRESS         
           =====                   =======         
           IRCON                   000000C0 
    -------------------------------------------------------------------------
XDATA_Z
  Relative segment, address: XDATA 00000F14 - 00000F15 (0x2 bytes), align: 0
  Segment part 26.            Intra module refs:   TimerCompareInterrupt
           ENTRY                   ADDRESS         REF BY
           =====                   =======         ======
           EventCallback           00000F14 
    -------------------------------------------------------------------------
XDATA_Z
  Relative segment, address: XDATA 00000F16 - 00000F17 (0x2 bytes), align: 0
  Segment part 28.            Intra module refs:   NT_GetTime
           ENTRY                   ADDRESS         REF BY
           =====                   =======         ======
           TOFFSET                 00000F16 
    -------------------------------------------------------------------------
<BANKED_CODE> 1 (was BANKED_CODE)
  Relative segment, address: CODE 00003269 - 0000327B (0x13 bytes), align: 0
  Segment part 52.            Intra module refs:   NT_IRQEnable::?relay
           LOCAL                   ADDRESS         
           =====                   =======         
           NT_IRQEnable            00003269 
               XSTACK = 0000000F ( 00000000 )
    -------------------------------------------------------------------------
<BANKED_CODE> 1 (was BANKED_CODE)
  Relative segment, address: CODE 0000327C - 000032B2 (0x37 bytes), align: 0
  Segment part 58.            Intra module refs:   NT_GetTime::?relay
           ENTRY                   ADDRESS         REF BY
           =====                   =======         ======
           NT_GetTime              0000327C 
               calls direct, is indirectly called
               XSTACK = 0000000F ( 00000010 )
    -------------------------------------------------------------------------
NEAR_CODE
  Relative segment, address: CODE 00000FE7 - 00001022 (0x3c bytes), align: 0
  Segment part 64.            Intra module refs:   TimerCompareInterrupt::??INTVEC 43
           ENTRY                   ADDRESS         REF BY
           =====                   =======         ======
           TimerCompareInterrupt   00000FE7 
               interrupt function
               calls direct
               XSTACK = 00000000 ( 0000000F )
    -------------------------------------------------------------------------
<BANKED_CODE> 1 (was BANKED_CODE)
  Relative segment, address: CODE 000032B3 - 00003310 (0x5e bytes), align: 0
  Segment part 60.            Intra module refs:   ReadTimer::?relay
           LOCAL                   ADDRESS         
           =====                   =======         
           ReadTimer               000032B3 
               XSTACK = 00000018 ( 00000004 )
               ISTACK = 00000000 ( 00000003 )
    -------------------------------------------------------------------------
INTVEC
  Common segment, address: CODE 00000000 - 0000002D (0x2e bytes), align: 0
  Segment part 8. ROOT 
           ENTRY                   ADDRESS         REF BY
           =====                   =======         ======
           TimerCompareInterrupt::??INTVEC 43
                                   0000002B 
    -------------------------------------------------------------------------
XDATA_ID
  Relative segment, address: CODE 000000C9 - 000000CC (0x4 bytes), align: 0
  Segment part 37.            Intra module refs:   __Constant_7fff
    -------------------------------------------------------------------------
BANK_RELAYS
  Relative segment, address: CODE 00000243 - 00000248 (0x6 bytes), align: 0
  Segment part 53.            Intra module refs:   TimerCompareInterrupt
           LOCAL                   ADDRESS         
           =====                   =======         
           NT_IRQEnable::?relay    00000243 
    -------------------------------------------------------------------------
BANK_RELAYS
  Relative segment, address: CODE 00000249 - 0000024E (0x6 bytes), align: 0
  Segment part 59.            Intra module refs:   TimerCompareInterrupt
           ENTRY                   ADDRESS         REF BY
           =====                   =======         ======
           NT_GetTime::?relay      00000249 
    -------------------------------------------------------------------------
BANK_RELAYS
  Relative segment, address: CODE 0000024F - 00000254 (0x6 bytes), align: 0
  Segment part 61.            Intra module refs:   NT_GetTime
           LOCAL                   ADDRESS         
           =====                   =======         
           ReadTimer::?relay       0000024F 
    -------------------------------------------------------------------------
XDATA_I
  Relative segment, address: XDATA 00000F30 - 00000F33 (0x4 bytes), align: 0
  Segment part 36.            Intra module refs:   NT_GetTime
           ENTRY                   ADDRESS         REF BY
           =====                   =======         ======
           __Constant_7fff         00000F30 

    *************************************************************************

  FILE NAME : \\vmware-host\Shared Folders\Projects\WMNU\IAR\PRJ_UNITEST\Debug\Obj\nwdebuger.r51
  PROGRAM MODULE, NAME : ?__write

  SEGMENTS IN THE MODULE
  ======================
SFR_AN
  Relative segment, address: DATA 00000086 - 00000086 (0x1 bytes), align: 0
  Segment part 1. ROOT        Intra module refs:   MyLowLevelPutchar
                                                   uart_init
           ENTRY                   ADDRESS         REF BY
           =====                   =======         ======
           U0CSR                   00000086 
    -------------------------------------------------------------------------
SFR_AN
  Relative segment, address: DATA 0000009E - 0000009E (0x1 bytes), align: 0
  Segment part 2. ROOT        Intra module refs:   SetCPU32M
           ENTRY                   ADDRESS         REF BY
           =====                   =======         ======
           CLKCONSTA               0000009E 
    -------------------------------------------------------------------------
SFR_AN
  Relative segment, address: DATA 000000C1 - 000000C1 (0x1 bytes), align: 0
  Segment part 3. ROOT        Intra module refs:   MyLowLevelPutchar
           ENTRY                   ADDRESS         REF BY
           =====                   =======         ======
           U0DBUF                  000000C1 
    -------------------------------------------------------------------------
SFR_AN
  Relative segment, address: DATA 000000C2 - 000000C2 (0x1 bytes), align: 0
  Segment part 4. ROOT        Intra module refs:   uart_init
           ENTRY                   ADDRESS         REF BY
           =====                   =======         ======
           U0BAUD                  000000C2 
    -------------------------------------------------------------------------
SFR_AN
  Relative segment, address: DATA 000000C5 - 000000C5 (0x1 bytes), align: 0
  Segment part 5. ROOT        Intra module refs:   uart_init
           ENTRY                   ADDRESS         REF BY
           =====                   =======         ======
           U0GCR                   000000C5 
    -------------------------------------------------------------------------
SFR_AN
  Relative segment, address: DATA 000000C6 - 000000C6 (0x1 bytes), align: 0
  Segment part 6. ROOT        Intra module refs:   SetCPU32M
           ENTRY                   ADDRESS         REF BY
           =====                   =======         ======
           CLKCONCMD               000000C6 
    -------------------------------------------------------------------------
SFR_AN
  Relative segment, address: DATA 000000F1 - 000000F1 (0x1 bytes), align: 0
  Segment part 7. ROOT        Intra module refs:   uart_init
           ENTRY                   ADDRESS         REF BY
           =====                   =======         ======
           PERCFG                  000000F1 
    -------------------------------------------------------------------------
SFR_AN
  Relative segment, address: DATA 000000F3 - 000000F3 (0x1 bytes), align: 0
  Segment part 8. ROOT        Intra module refs:   uart_init
           ENTRY                   ADDRESS         REF BY
           =====                   =======         ======
           P0SEL                   000000F3 
    -------------------------------------------------------------------------
<BANKED_CODE> 1 (was BANKED_CODE)
  Relative segment, address: CODE 00003191 - 000031A3 (0x13 bytes), align: 0
  Segment part 14.            Intra module refs:   uart_init::?relay
           LOCAL                   ADDRESS         
           =====                   =======         
           uart_init               00003191 
    -------------------------------------------------------------------------
<BANKED_CODE> 1 (was BANKED_CODE)
  Relative segment, address: CODE 000031A4 - 000031AF (0xc bytes), align: 0
  Segment part 16.            Intra module refs:   SetCPU32M::?relay
           LOCAL                   ADDRESS         
           =====                   =======         
           SetCPU32M               000031A4 
    -------------------------------------------------------------------------
<BANKED_CODE> 1 (was BANKED_CODE)
  Relative segment, address: CODE 000031B0 - 000031C0 (0x11 bytes), align: 0
  Segment part 18.            Intra module refs:   nwDebugerInit::?relay
           ENTRY                   ADDRESS         REF BY
           =====                   =======         ======
           nwDebugerInit           000031B0 
               calls direct
               ISTACK = 00000000 ( 00000002 )
    -------------------------------------------------------------------------
<BANKED_CODE> 1 (was BANKED_CODE)
  Relative segment, address: CODE 000031C1 - 000031CC (0xc bytes), align: 0
  Segment part 20.            Intra module refs:   MyLowLevelPutchar::?relay
           ENTRY                   ADDRESS         REF BY
           =====                   =======         ======
           MyLowLevelPutchar       000031C1 
               XSTACK = 00000010 ( 00000000 )
    -------------------------------------------------------------------------
<BANKED_CODE> 1 (was BANKED_CODE)
  Relative segment, address: CODE 000031CD - 00003268 (0x9c bytes), align: 0
  Segment part 22.            Intra module refs:   __write::?relay
           ENTRY                   ADDRESS         REF BY
           =====                   =======         ======
           __write                 000031CD 
               calls direct
               XSTACK = 00000002 ( 00000010 )
    -------------------------------------------------------------------------
BANK_RELAYS
  Relative segment, address: CODE 00000255 - 0000025A (0x6 bytes), align: 0
  Segment part 15.            Intra module refs:   nwDebugerInit
           LOCAL                   ADDRESS         
           =====                   =======         
           uart_init::?relay       00000255 
    -------------------------------------------------------------------------
BANK_RELAYS
  Relative segment, address: CODE 0000025B - 00000260 (0x6 bytes), align: 0
  Segment part 17.            Intra module refs:   nwDebugerInit
           LOCAL                   ADDRESS         
           =====                   =======         
           SetCPU32M::?relay       0000025B 
    -------------------------------------------------------------------------
BANK_RELAYS
  Relative segment, address: CODE 00000261 - 00000266 (0x6 bytes), align: 0
  Segment part 19.
           ENTRY                   ADDRESS         REF BY
           =====                   =======         ======
           nwDebugerInit::?relay   00000261        main (utest)
    -------------------------------------------------------------------------
BANK_RELAYS
  Relative segment, address: CODE 00000267 - 0000026C (0x6 bytes), align: 0
  Segment part 21.            Intra module refs:   __write
           ENTRY                   ADDRESS         REF BY
           =====                   =======         ======
           MyLowLevelPutchar::?relay
                                   00000267 
    -------------------------------------------------------------------------
BANK_RELAYS
  Relative segment, address: CODE 0000026D - 00000272 (0x6 bytes), align: 0
  Segment part 23.
           ENTRY                   ADDRESS         REF BY
           =====                   =======         ======
           __write::?relay         0000026D        putchar (?putchar)

    *************************************************************************

  FILE NAME : \\vmware-host\Shared Folders\Projects\WMNU\IAR\PRJ_UNITEST\Debug\Obj\RADIO.r51
  PROGRAM MODULE, NAME : RADIO

  SEGMENTS IN THE MODULE
  ======================
SFR_AN
  Relative segment, address: DATA 00000091 - 00000091 (0x1 bytes), align: 0
  Segment part 1. ROOT 
           ENTRY                   ADDRESS         REF BY
           =====                   =======         ======
           RFIRQF1                 00000091 
    -------------------------------------------------------------------------
SFR_AN
  Relative segment, address: DATA 000000D9 - 000000D9 (0x1 bytes), align: 0
  Segment part 2. ROOT 
           ENTRY                   ADDRESS         REF BY
           =====                   =======         ======
           RFD                     000000D9 
    -------------------------------------------------------------------------
SFR_AN
  Relative segment, address: DATA 000000E1 - 000000E1 (0x1 bytes), align: 0
  Segment part 3. ROOT 
           ENTRY                   ADDRESS         REF BY
           =====                   =======         ======
           RFST                    000000E1 
    -------------------------------------------------------------------------
SFR_AN
  Relative segment, address: DATA 000000E9 - 000000E9 (0x1 bytes), align: 0
  Segment part 4. ROOT 
           ENTRY                   ADDRESS         REF BY
           =====                   =======         ======
           RFIRQF0                 000000E9 

    *************************************************************************

  FILE NAME : \\vmware-host\Shared Folders\Projects\WMNU\IAR\PRJ_UNITEST\Debug\Obj\TIC.r51
    *************************************************************************

  FILE NAME : \\vmware-host\Shared Folders\Projects\WMNU\IAR\PRJ_UNITEST\Debug\Obj\utest.r51
  PROGRAM MODULE, NAME : utest

  SEGMENTS IN THE MODULE
  ======================
<BANKED_CODE> 1 (was BANKED_CODE)
  Relative segment, address: CODE 00003409 - 0000346A (0x62 bytes), align: 0
  Segment part 16.
           ENTRY                   ADDRESS         REF BY
           =====                   =======         ======
           main                    00003409        ?call_main (?cmain)
               calls direct
               XSTACK = 00000000 ( 00000004 )
    -------------------------------------------------------------------------
XDATA_ID
  Relative segment, address: CODE 000000CD - 000000DF (0x13 bytes), align: 0
  Segment part 7.             Intra module refs:   Segment part 6
    -------------------------------------------------------------------------
XDATA_ID
  Relative segment, address: CODE 000000E0 - 000000E7 (0x8 bytes), align: 0
  Segment part 9.             Intra module refs:   Segment part 8
    -------------------------------------------------------------------------
XDATA_ID
  Relative segment, address: CODE 000000E8 - 000000F8 (0x11 bytes), align: 0
  Segment part 11.            Intra module refs:   Segment part 10
    -------------------------------------------------------------------------
XDATA_ID
  Relative segment, address: CODE 000000F9 - 0000010B (0x13 bytes), align: 0
  Segment part 13.            Intra module refs:   Segment part 12
    -------------------------------------------------------------------------
XDATA_ID
  Relative segment, address: CODE 0000010C - 0000011F (0x14 bytes), align: 0
  Segment part 15.            Intra module refs:   Segment part 14
    -------------------------------------------------------------------------
XDATA_I
  Relative segment, address: XDATA 00000F34 - 00000F46 (0x13 bytes), align: 0
  Segment part 6.             Intra module refs:   main
    -------------------------------------------------------------------------
XDATA_I
  Relative segment, address: XDATA 00000F47 - 00000F4E (0x8 bytes), align: 0
  Segment part 8.             Intra module refs:   main
    -------------------------------------------------------------------------
XDATA_I
  Relative segment, address: XDATA 00000F4F - 00000F5F (0x11 bytes), align: 0
  Segment part 10.            Intra module refs:   main
    -------------------------------------------------------------------------
XDATA_I
  Relative segment, address: XDATA 00000F60 - 00000F72 (0x13 bytes), align: 0
  Segment part 12.            Intra module refs:   main
    -------------------------------------------------------------------------
XDATA_I
  Relative segment, address: XDATA 00000F73 - 00000F86 (0x14 bytes), align: 0
  Segment part 14.            Intra module refs:   main

    *************************************************************************

  FILE NAME : \\vmware-host\Shared Folders\Projects\WMNU\IAR\PRJ_UNITEST\Debug\Obj\utest_coder.r51
  PROGRAM MODULE, NAME : utest_coder

  SEGMENTS IN THE MODULE
  ======================
<BANKED_CODE> 1 (was BANKED_CODE)
  Relative segment, address: CODE 00003030 - 0000317B (0x14c bytes), align: 0
  Segment part 16.            Intra module refs:   aes_test::?relay
           LOCAL                   ADDRESS         
           =====                   =======         
           aes_test                00003030 
               calls direct
               XSTACK = 00000000 ( 00000058 )
    -------------------------------------------------------------------------
<BANKED_CODE> 1 (was BANKED_CODE)
  Relative segment, address: CODE 0000317C - 00003190 (0x15 bytes), align: 0
  Segment part 18.            Intra module refs:   suite_coder::?relay
           ENTRY                   ADDRESS         REF BY
           =====                   =======         ======
           suite_coder             0000317C 
               calls direct
               ISTACK = 00000000 ( 00000002 )
    -------------------------------------------------------------------------
XDATA_ID
  Relative segment, address: CODE 00000120 - 00000129 (0xa bytes), align: 0
  Segment part 7.             Intra module refs:   Segment part 6
    -------------------------------------------------------------------------
XDATA_ID
  Relative segment, address: CODE 0000012A - 00000139 (0x10 bytes), align: 0
  Segment part 9.             Intra module refs:   Segment part 8
    -------------------------------------------------------------------------
XDATA_ID
  Relative segment, address: CODE 0000013A - 00000149 (0x10 bytes), align: 0
  Segment part 11.            Intra module refs:   Segment part 10
    -------------------------------------------------------------------------
XDATA_ID
  Relative segment, address: CODE 0000014A - 00000157 (0xe bytes), align: 0
  Segment part 13.            Intra module refs:   Segment part 12
    -------------------------------------------------------------------------
XDATA_ID
  Relative segment, address: CODE 00000158 - 00000165 (0xe bytes), align: 0
  Segment part 15.            Intra module refs:   Segment part 14
    -------------------------------------------------------------------------
BANK_RELAYS
  Relative segment, address: CODE 00000273 - 00000278 (0x6 bytes), align: 0
  Segment part 17.            Intra module refs:   suite_coder
           LOCAL                   ADDRESS         
           =====                   =======         
           aes_test::?relay        00000273 
    -------------------------------------------------------------------------
BANK_RELAYS
  Relative segment, address: CODE 00000279 - 0000027E (0x6 bytes), align: 0
  Segment part 19.
           ENTRY                   ADDRESS         REF BY
           =====                   =======         ======
           suite_coder::?relay     00000279        main (utest)
    -------------------------------------------------------------------------
XDATA_I
  Relative segment, address: XDATA 00000F87 - 00000F90 (0xa bytes), align: 0
  Segment part 6.             Intra module refs:   aes_test
    -------------------------------------------------------------------------
XDATA_I
  Relative segment, address: XDATA 00000F91 - 00000FA0 (0x10 bytes), align: 0
  Segment part 8.             Intra module refs:   aes_test
    -------------------------------------------------------------------------
XDATA_I
  Relative segment, address: XDATA 00000FA1 - 00000FB0 (0x10 bytes), align: 0
  Segment part 10.            Intra module refs:   aes_test
    -------------------------------------------------------------------------
XDATA_I
  Relative segment, address: XDATA 00000FB1 - 00000FBE (0xe bytes), align: 0
  Segment part 12.            Intra module refs:   aes_test
    -------------------------------------------------------------------------
XDATA_I
  Relative segment, address: XDATA 00000FBF - 00000FCC (0xe bytes), align: 0
  Segment part 14.            Intra module refs:   suite_coder

    *************************************************************************

  FILE NAME : \\vmware-host\Shared Folders\Projects\WMNU\IAR\PRJ_UNITEST\Debug\Obj\utest_delays.r51
  PROGRAM MODULE, NAME : utest_delays

  SEGMENTS IN THE MODULE
  ======================
XDATA_ID
  Relative segment, address: CODE 00000166 - 00000169 (0x4 bytes), align: 0
  Segment part 13.            Intra module refs:   __Constant_a
    -------------------------------------------------------------------------
XDATA_I
  Relative segment, address: XDATA 00000FCD - 00000FD0 (0x4 bytes), align: 0
  Segment part 12.            Intra module refs:   _LdtobLarge (?xprintflarge)
           ENTRY                   ADDRESS         REF BY
           =====                   =======         ======
           __Constant_a            00000FCD 

    *************************************************************************

  FILE NAME : \\vmware-host\Shared Folders\Projects\WMNU\IAR\PRJ_UNITEST\Debug\Obj\utest_FChain.r51
    *************************************************************************

  FILE NAME : \\vmware-host\Shared Folders\Projects\WMNU\IAR\PRJ_UNITEST\Debug\Obj\utest_FItem.r51
    *************************************************************************

  FILE NAME : \\vmware-host\Shared Folders\Projects\WMNU\IAR\PRJ_UNITEST\Debug\Obj\utest_Frames.r51
    *************************************************************************

  FILE NAME : \\vmware-host\Shared Folders\Projects\WMNU\IAR\PRJ_UNITEST\Debug\Obj\utest_LLC.r51
    *************************************************************************

  FILE NAME : \\vmware-host\Shared Folders\Projects\WMNU\IAR\PRJ_UNITEST\Debug\Obj\utest_MAC.r51
    *************************************************************************

  FILE NAME : \\vmware-host\Shared Folders\Projects\WMNU\IAR\PRJ_UNITEST\Debug\Obj\utest_NTMR.r51
  PROGRAM MODULE, NAME : utest_NTMR

  SEGMENTS IN THE MODULE
  ======================
SFR_AN
  Relative segment, address: DATA 00000080 - 00000080 (0x1 bytes), align: 0
  Segment part 1. ROOT 
           ENTRY                   ADDRESS         REF BY
           =====                   =======         ======
           _A_P0                   00000080 
           LOCAL                   ADDRESS         
           =====                   =======         
           P0                      00000080 
    -------------------------------------------------------------------------
SFR_AN
  Relative segment, address: DATA 000000FD - 000000FD (0x1 bytes), align: 0
  Segment part 3. ROOT 
           ENTRY                   ADDRESS         REF BY
           =====                   =======         ======
           P0DIR                   000000FD 

    *************************************************************************

  FILE NAME : \\vmware-host\Shared Folders\Projects\WMNU\IAR\PRJ_UNITEST\Debug\Obj\utest_radio.r51
    *************************************************************************

  FILE NAME : \\vmware-host\Shared Folders\Projects\WMNU\IAR\PRJ_UNITEST\Debug\Obj\utest_suite.r51
  PROGRAM MODULE, NAME : utest_suite

  SEGMENTS IN THE MODULE
  ======================
XDATA_Z
  Relative segment, address: XDATA 00000F18 - 00000F1B (0x4 bytes), align: 0
  Segment part 26.            Intra module refs:   umsg_summary
           LOCAL                   ADDRESS         
           =====                   =======         
           utest_summary           00000F18 
    -------------------------------------------------------------------------
<BANKED_CODE> 1 (was BANKED_CODE)
  Relative segment, address: CODE 00003311 - 0000333D (0x2d bytes), align: 0
  Segment part 33.            Intra module refs:   umsg_line::?relay
           ENTRY                   ADDRESS         REF BY
           =====                   =======         ======
           umsg_line               00003311 
               calls direct
               XSTACK = 00000000 ( 0000000C )
    -------------------------------------------------------------------------
<BANKED_CODE> 1 (was BANKED_CODE)
  Relative segment, address: CODE 0000333E - 0000338F (0x52 bytes), align: 0
  Segment part 35.            Intra module refs:   umsg_summary::?relay
           ENTRY                   ADDRESS         REF BY
           =====                   =======         ======
           umsg_summary            0000333E 
               calls direct
               XSTACK = 00000000 ( 00000002 )
               ISTACK = 00000000 ( 00000002 )
    -------------------------------------------------------------------------
XDATA_ID
  Relative segment, address: CODE 0000016A - 00000192 (0x29 bytes), align: 0
  Segment part 13.            Intra module refs:   Segment part 12
    -------------------------------------------------------------------------
XDATA_ID
  Relative segment, address: CODE 00000193 - 00000197 (0x5 bytes), align: 0
  Segment part 15.            Intra module refs:   Segment part 14
    -------------------------------------------------------------------------
XDATA_ID
  Relative segment, address: CODE 00000198 - 000001A9 (0x12 bytes), align: 0
  Segment part 17.            Intra module refs:   Segment part 16
    -------------------------------------------------------------------------
XDATA_ID
  Relative segment, address: CODE 000001AA - 000001B6 (0xd bytes), align: 0
  Segment part 19.            Intra module refs:   Segment part 18
    -------------------------------------------------------------------------
XDATA_ID
  Relative segment, address: CODE 000001B7 - 000001C3 (0xd bytes), align: 0
  Segment part 21.            Intra module refs:   Segment part 20
    -------------------------------------------------------------------------
XDATA_ID
  Relative segment, address: CODE 000001C4 - 000001D2 (0xf bytes), align: 0
  Segment part 23.            Intra module refs:   Segment part 22
    -------------------------------------------------------------------------
XDATA_ID
  Relative segment, address: CODE 000001D3 - 000001E1 (0xf bytes), align: 0
  Segment part 25.            Intra module refs:   Segment part 24
    -------------------------------------------------------------------------
BANK_RELAYS
  Relative segment, address: CODE 0000027F - 00000284 (0x6 bytes), align: 0
  Segment part 34.            Intra module refs:   umsg_summary
           ENTRY                   ADDRESS         REF BY
           =====                   =======         ======
           umsg_line::?relay       0000027F        suite_coder (utest_coder)
    -------------------------------------------------------------------------
BANK_RELAYS
  Relative segment, address: CODE 00000285 - 0000028A (0x6 bytes), align: 0
  Segment part 36.
           ENTRY                   ADDRESS         REF BY
           =====                   =======         ======
           umsg_summary::?relay    00000285        main (utest)
    -------------------------------------------------------------------------
XDATA_I
  Relative segment, address: XDATA 00000FD1 - 00000FF9 (0x29 bytes), align: 0
  Segment part 12.            Intra module refs:   umsg_line
    -------------------------------------------------------------------------
XDATA_I
  Relative segment, address: XDATA 00000FFA - 00000FFE (0x5 bytes), align: 0
  Segment part 14.            Intra module refs:   umsg_line
    -------------------------------------------------------------------------
XDATA_I
  Relative segment, address: XDATA 00000FFF - 00001010 (0x12 bytes), align: 0
  Segment part 16.            Intra module refs:   umsg_summary
    -------------------------------------------------------------------------
XDATA_I
  Relative segment, address: XDATA 00001011 - 0000101D (0xd bytes), align: 0
  Segment part 18.            Intra module refs:   umsg_summary
    -------------------------------------------------------------------------
XDATA_I
  Relative segment, address: XDATA 0000101E - 0000102A (0xd bytes), align: 0
  Segment part 20.            Intra module refs:   umsg_summary
    -------------------------------------------------------------------------
XDATA_I
  Relative segment, address: XDATA 0000102B - 00001039 (0xf bytes), align: 0
  Segment part 22.            Intra module refs:   umsg_summary
    -------------------------------------------------------------------------
XDATA_I
  Relative segment, address: XDATA 0000103A - 00001048 (0xf bytes), align: 0
  Segment part 24.            Intra module refs:   umsg_summary

    *************************************************************************

  FILE NAME : \\vmware-host\Shared Folders\Projects\WMNU\IAR\PRJ_UNITEST\Debug\Obj\utest_TIC.r51
  PROGRAM MODULE, NAME : utest_TIC

  SEGMENTS IN THE MODULE
  ======================
XDATA_ID
  Relative segment, address: CODE 000001E2 - 000001E5 (0x4 bytes), align: 0
  Segment part 65.            Intra module refs:   __Constant_0
    -------------------------------------------------------------------------
XDATA_I
  Relative segment, address: XDATA 00001049 - 0000104C (0x4 bytes), align: 0
  Segment part 64.            Intra module refs:   _LdtobLarge (?xprintflarge)
                                                   _LitobLarge (?xprintflarge)
                                                   _PrintfLarge (?xprintflarge)
           ENTRY                   ADDRESS         REF BY
           =====                   =======         ======
           __Constant_0            00001049 

    *************************************************************************

  FILE NAME : C:\Program Files (x86)\IAR Systems\Embedded Workbench 8.0\8051\LIB\DLIB\dl-pli-blxd-1e16x01n.r51
  LIBRARY MODULE, NAME : ?__dbg_break

  SEGMENTS IN THE MODULE
  ======================
<BANKED_CODE> 1 (was BANKED_CODE)
  Relative segment, address: CODE 0000364F - 00003651 (0x3 bytes), align: 0
  Segment part 6.             Intra module refs:   __DebugBreak::?relay
           ENTRY                   ADDRESS         REF BY
           =====                   =======         ======
           __DebugBreak            0000364F 
    -------------------------------------------------------------------------
BANK_RELAYS
  Relative segment, address: CODE 0000028B - 00000290 (0x6 bytes), align: 0
  Segment part 7.
           ENTRY                   ADDRESS         REF BY
           =====                   =======         ======
           __DebugBreak::?relay    0000028B        __exit (?__exit)

    -------------------------------------------------------------------------
  LIBRARY MODULE, NAME : ?__exit

  SEGMENTS IN THE MODULE
  ======================
<BANKED_CODE> 1 (was BANKED_CODE)
  Relative segment, address: CODE 000035FF - 00003622 (0x24 bytes), align: 0
  Segment part 6.
           ENTRY                   ADDRESS         REF BY
           =====                   =======         ======
           __exit                  000035FF        Segment part 10 (?cexit)
               calls direct
               XSTACK = 00000000 ( 0000000B )

    -------------------------------------------------------------------------
  LIBRARY MODULE, NAME : ?cexit

  SEGMENTS IN THE MODULE
  ======================
CSTART
  Relative segment, address: CODE 0000002E, align: 0
  Segment part 5.             Intra module refs:   _exit::?relay
           ENTRY                   ADDRESS         REF BY
           =====                   =======         ======
           _exit                   0000002E 
               calls direct
    -------------------------------------------------------------------------
CSTART
  Relative segment, address: CODE 0000002E - 00000038 (0xb bytes), align: 0
  Segment part 10.            Intra module refs:   _exit
    -------------------------------------------------------------------------
BANK_RELAYS
  Relative segment, address: CODE 00000291 - 00000296 (0x6 bytes), align: 0
  Segment part 11.
           ENTRY                   ADDRESS         REF BY
           =====                   =======         ======
           _exit::?relay           00000291        exit (?exit)

    -------------------------------------------------------------------------
  LIBRARY MODULE, NAME : ?cmain

  SEGMENTS IN THE MODULE
  ======================
CSTART
  Relative segment, address: CODE 00000039, align: 0
  Segment part 5.
           ENTRY                   ADDRESS         REF BY
           =====                   =======         ======
           ?cmain                  00000039        Segment part 13 (CSTARTUP)
               calls direct
    -------------------------------------------------------------------------
CSTART
  Relative segment, address: CODE 00000039 - 00000048 (0x10 bytes), align: 0
  Segment part 16.
           ENTRY                   ADDRESS         REF BY
           =====                   =======         ======
           __INIT_XDATA_Z          00000039        DELAY_CALIBRATE_TICS (delays)
                                                   DMA_AES_DW (coder)
                                                   DMA_AES_UP (coder)
                                                   EventCallback (NTMR)
                                                   TOFFSET (NTMR)
                                                   utest_summary (utest_suite)
    -------------------------------------------------------------------------
CSTART
  Relative segment, address: CODE 00000049 - 0000006E (0x26 bytes), align: 0
  Segment part 33.
           ENTRY                   ADDRESS         REF BY
           =====                   =======         ======
           __INIT_XDATA_I          00000049        MAC_TIMER_MAX (delays)
                                                   Segment part 10 (?xprintflarge)
                                                   Segment part 10 (utest)
                                                   Segment part 10 (utest_coder)
                                                   Segment part 12 (?xprintflarge)
                                                   Segment part 12 (utest)
                                                   Segment part 12 (utest_coder)
                                                   Segment part 12 (utest_suite)
                                                   Segment part 14 (?xprintflarge)
                                                   Segment part 14 (utest)
                                                   Segment part 14 (utest_coder)
                                                   Segment part 14 (utest_suite)
                                                   Segment part 16 (?xprintflarge)
                                                   Segment part 16 (utest_suite)
                                                   Segment part 18 (utest_suite)
                                                   Segment part 20 (utest_suite)
                                                   Segment part 22 (utest_suite)
                                                   Segment part 24 (utest_suite)
                                                   Segment part 6 (?xprintflarge)
                                                   Segment part 6 (utest)
                                                   Segment part 6 (utest_coder)
                                                   Segment part 8 (?xprintflarge)
                                                   Segment part 8 (utest)
                                                   Segment part 8 (utest_coder)
                                                   __Constant_0 (utest_TIC)
                                                   __Constant_186a0 (?xprintflarge)
                                                   __Constant_1f4 (delays)
                                                   __Constant_20 (delays)
                                                   __Constant_3d000000 (delays)
                                                   __Constant_3f800000 (?xprintflarge)
                                                   __Constant_4cbebc20 (?xprintflarge)
                                                   __Constant_7597 (?xprintflarge)
                                                   __Constant_7fff (NTMR)
                                                   __Constant_a (utest_delays)
                                                   __Constant_ffff (?xprintflarge)
                                                   __Constant_fffffe0c (delays)
    -------------------------------------------------------------------------
DIFUNCT
  Relative segment, address: CODE 00000FE7, align: 0
  Segment part 38. ROOT 
    -------------------------------------------------------------------------
CSTART
  Relative segment, address: CODE 0000006F - 00000084 (0x16 bytes), align: 0
  Segment part 40.            Intra module refs:   ?cmain
[...]
  Segment part 138.           Intra module refs:   _GenldLarge
    -------------------------------------------------------------------------
<BANKED_CODE> 1 (was BANKED_CODE)
  Relative segment, address: CODE 0000296E - 00002973 (0x6 bytes), align: 0
  Segment part 139.           Intra module refs:   _GenldLarge
                                                   _LitobLarge
    -------------------------------------------------------------------------
<BANKED_CODE> 1 (was BANKED_CODE)
  Relative segment, address: CODE 00002974 - 00002978 (0x5 bytes), align: 0
  Segment part 140.           Intra module refs:   _GenldLarge
                                                   _PrintfLarge
                                                   _PutcharLarge
    -------------------------------------------------------------------------
<BANKED_CODE> 1 (was BANKED_CODE)
  Relative segment, address: CODE 00002979 - 00002980 (0x8 bytes), align: 0
  Segment part 141.           Intra module refs:   _GenldLarge
    -------------------------------------------------------------------------
<BANKED_CODE> 1 (was BANKED_CODE)
  Relative segment, address: CODE 00002981 - 00002989 (0x9 bytes), align: 0
  Segment part 142.           Intra module refs:   Segment part 141
                                                   _GenldLarge
    -------------------------------------------------------------------------
<BANKED_CODE> 1 (was BANKED_CODE)
  Relative segment, address: CODE 0000298A - 00002991 (0x8 bytes), align: 0
  Segment part 143.           Intra module refs:   _GenldLarge
    -------------------------------------------------------------------------
<BANKED_CODE> 1 (was BANKED_CODE)
  Relative segment, address: CODE 00002992 - 000029A3 (0x12 bytes), align: 0
  Segment part 144.           Intra module refs:   _GenldLarge
    -------------------------------------------------------------------------
<BANKED_CODE> 1 (was BANKED_CODE)
  Relative segment, address: CODE 000029A4 - 000029AC (0x9 bytes), align: 0
  Segment part 145.           Intra module refs:   Segment part 144
                                                   _GenldLarge
    -------------------------------------------------------------------------
<BANKED_CODE> 1 (was BANKED_CODE)
  Relative segment, address: CODE 000029AD - 000029B8 (0xc bytes), align: 0
  Segment part 146.           Intra module refs:   Segment part 144
                                                   _GenldLarge
    -------------------------------------------------------------------------
<BANKED_CODE> 1 (was BANKED_CODE)
  Relative segment, address: CODE 000029B9 - 000029C3 (0xb bytes), align: 0
  Segment part 147.           Intra module refs:   _GenldLarge
    -------------------------------------------------------------------------
<BANKED_CODE> 1 (was BANKED_CODE)
  Relative segment, address: CODE 000029C4 - 000029CC (0x9 bytes), align: 0
  Segment part 148.           Intra module refs:   Segment part 147
                                                   Segment part 151
    -------------------------------------------------------------------------
<BANKED_CODE> 1 (was BANKED_CODE)
  Relative segment, address: CODE 000029CD - 000029D5 (0x9 bytes), align: 0
  Segment part 149.           Intra module refs:   Segment part 140
                                                   Segment part 148
                                                   Segment part 93
    -------------------------------------------------------------------------
<BANKED_CODE> 1 (was BANKED_CODE)
  Relative segment, address: CODE 000029D6 - 000029D6 (0x1 bytes), align: 0
  Segment part 150.           Intra module refs:   _GenldLarge
    -------------------------------------------------------------------------
<BANKED_CODE> 1 (was BANKED_CODE)
  Relative segment, address: CODE 000029D7 - 000029D9 (0x3 bytes), align: 0
  Segment part 151.           Intra module refs:   Segment part 150
                                                   _GenldLarge
    -------------------------------------------------------------------------
<BANKED_CODE> 1 (was BANKED_CODE)
  Relative segment, address: CODE 000029DA - 000029E9 (0x10 bytes), align: 0
  Segment part 152.           Intra module refs:   Segment part 151
                                                   _GenldLarge
    -------------------------------------------------------------------------
<BANKED_CODE> 1 (was BANKED_CODE)
  Relative segment, address: CODE 000029EA - 00002A3C (0x53 bytes), align: 0
  Segment part 153.           Intra module refs:   _PutcharLarge::?relay
           LOCAL                   ADDRESS         
           =====                   =======         
           _PutcharLarge           000029EA 
               XSTACK = 0000006C ( 0000000E )
    -------------------------------------------------------------------------
<BANKED_CODE> 1 (was BANKED_CODE)
  Relative segment, address: CODE 00002A3D - 00002A8E (0x52 bytes), align: 0
  Segment part 155.           Intra module refs:   _PutcharsLarge::?relay
           LOCAL                   ADDRESS         
           =====                   =======         
           _PutcharsLarge          00002A3D 
               calls direct
               XSTACK = 00000070 ( 00000010 )
    -------------------------------------------------------------------------
<BANKED_CODE> 1 (was BANKED_CODE)
  Relative segment, address: CODE 00002A8F - 00002A99 (0xb bytes), align: 0
  Segment part 157.           Intra module refs:   Segment part 119
                                                   _PutcharsLarge
    -------------------------------------------------------------------------
XDATA_ID
  Relative segment, address: CODE 000001E6 - 000001EC (0x7 bytes), align: 0
  Segment part 7.             Intra module refs:   Segment part 6
    -------------------------------------------------------------------------
XDATA_ID
  Relative segment, address: CODE 000001ED - 000001F0 (0x4 bytes), align: 0
  Segment part 9.             Intra module refs:   Segment part 8
    -------------------------------------------------------------------------
XDATA_ID
  Relative segment, address: CODE 000001F1 - 000001F4 (0x4 bytes), align: 0
  Segment part 11.            Intra module refs:   Segment part 10
    -------------------------------------------------------------------------
XDATA_ID
  Relative segment, address: CODE 000001F5 - 000001F8 (0x4 bytes), align: 0
  Segment part 13.            Intra module refs:   Segment part 12
    -------------------------------------------------------------------------
XDATA_ID
  Relative segment, address: CODE 000001F9 - 000001FC (0x4 bytes), align: 0
  Segment part 15.            Intra module refs:   Segment part 14
    -------------------------------------------------------------------------
XDATA_ID
  Relative segment, address: CODE 000001FD - 000001FE (0x2 bytes), align: 0
  Segment part 17.            Intra module refs:   Segment part 16
    -------------------------------------------------------------------------
XDATA_ID
  Relative segment, address: CODE 000001FF - 00000202 (0x4 bytes), align: 0
  Segment part 19.            Intra module refs:   __Constant_ffff
    -------------------------------------------------------------------------
XDATA_ID
  Relative segment, address: CODE 00000203 - 00000206 (0x4 bytes), align: 0
  Segment part 23.            Intra module refs:   __Constant_7597
    -------------------------------------------------------------------------
XDATA_ID
  Relative segment, address: CODE 00000207 - 0000020A (0x4 bytes), align: 0
  Segment part 25.            Intra module refs:   __Constant_186a0
    -------------------------------------------------------------------------
XDATA_ID
  Relative segment, address: CODE 0000020B - 0000020E (0x4 bytes), align: 0
  Segment part 27.            Intra module refs:   __Constant_3f800000
    -------------------------------------------------------------------------
XDATA_ID
  Relative segment, address: CODE 0000020F - 00000212 (0x4 bytes), align: 0
  Segment part 31.            Intra module refs:   __Constant_4cbebc20
    -------------------------------------------------------------------------
BANK_RELAYS
  Relative segment, address: CODE 000002C7 - 000002CC (0x6 bytes), align: 0
  Segment part 33.
           ENTRY                   ADDRESS         REF BY
           =====                   =======         ======
           _PrintfLarge::?relay    000002C7        printf (?printf)
    -------------------------------------------------------------------------
BANK_RELAYS
  Relative segment, address: CODE 000002CD - 000002D2 (0x6 bytes), align: 0
  Segment part 63.            Intra module refs:   _PrintfLarge
           LOCAL                   ADDRESS         
           =====                   =======         
           pad::?relay             000002CD 
    -------------------------------------------------------------------------
BANK_RELAYS
  Relative segment, address: CODE 000002D3 - 000002D8 (0x6 bytes), align: 0
  Segment part 65.            Intra module refs:   _PrintfLarge
           LOCAL                   ADDRESS         
           =====                   =======         
           _LitobLarge::?relay     000002D3 
    -------------------------------------------------------------------------
BANK_RELAYS
  Relative segment, address: CODE 000002D9 - 000002DE (0x6 bytes), align: 0
  Segment part 79.            Intra module refs:   _LdtobLarge
           LOCAL                   ADDRESS         
           =====                   =======         
           scale::?relay           000002D9 
    -------------------------------------------------------------------------
BANK_RELAYS
  Relative segment, address: CODE 000002DF - 000002E4 (0x6 bytes), align: 0
  Segment part 82.            Intra module refs:   _PrintfLarge
           LOCAL                   ADDRESS         
           =====                   =======         
           _LdtobLarge::?relay     000002DF 
    -------------------------------------------------------------------------
BANK_RELAYS
  Relative segment, address: CODE 000002E5 - 000002EA (0x6 bytes), align: 0
  Segment part 115.           Intra module refs:   _LdtobLarge
           LOCAL                   ADDRESS         
           =====                   =======         
           _GenldLarge::?relay     000002E5 
    -------------------------------------------------------------------------
BANK_RELAYS
  Relative segment, address: CODE 000002EB - 000002F0 (0x6 bytes), align: 0
  Segment part 154.           Intra module refs:   _PrintfLarge
                                                   _PutcharsLarge
           LOCAL                   ADDRESS         
           =====                   =======         
           _PutcharLarge::?relay   000002EB 
    -------------------------------------------------------------------------
BANK_RELAYS
  Relative segment, address: CODE 000002F1 - 000002F6 (0x6 bytes), align: 0
  Segment part 156.           Intra module refs:   _PrintfLarge
                                                   pad
           LOCAL                   ADDRESS         
           =====                   =======         
           _PutcharsLarge::?relay
                                   000002F1 
    -------------------------------------------------------------------------
XDATA_I
  Relative segment, address: XDATA 0000104D - 00001053 (0x7 bytes), align: 0
  Segment part 6.             Intra module refs:   _PrintfLarge
    -------------------------------------------------------------------------
XDATA_I
  Relative segment, address: XDATA 00001054 - 00001057 (0x4 bytes), align: 0
  Segment part 8.             Intra module refs:   _LdtobLarge
    -------------------------------------------------------------------------
XDATA_I
  Relative segment, address: XDATA 00001058 - 0000105B (0x4 bytes), align: 0
  Segment part 10.            Intra module refs:   _LdtobLarge
    -------------------------------------------------------------------------
XDATA_I
  Relative segment, address: XDATA 0000105C - 0000105F (0x4 bytes), align: 0
  Segment part 12.            Intra module refs:   _LdtobLarge
    -------------------------------------------------------------------------
XDATA_I
  Relative segment, address: XDATA 00001060 - 00001063 (0x4 bytes), align: 0
  Segment part 14.            Intra module refs:   _LdtobLarge
    -------------------------------------------------------------------------
XDATA_I
  Relative segment, address: XDATA 00001064 - 00001065 (0x2 bytes), align: 0
  Segment part 16.            Intra module refs:   _GenldLarge
    -------------------------------------------------------------------------
XDATA_I
  Relative segment, address: XDATA 00001066 - 00001069 (0x4 bytes), align: 0
  Segment part 18.            Intra module refs:   _PrintfLarge
           ENTRY                   ADDRESS         REF BY
           =====                   =======         ======
           __Constant_ffff         00001066 
    -------------------------------------------------------------------------
XDATA_I
  Relative segment, address: XDATA 0000106A - 0000106D (0x4 bytes), align: 0
  Segment part 22.            Intra module refs:   _LdtobLarge
           ENTRY                   ADDRESS         REF BY
           =====                   =======         ======
           __Constant_7597         0000106A 
    -------------------------------------------------------------------------
XDATA_I
  Relative segment, address: XDATA 0000106E - 00001071 (0x4 bytes), align: 0
  Segment part 24.            Intra module refs:   _LdtobLarge
           ENTRY                   ADDRESS         REF BY
           =====                   =======         ======
           __Constant_186a0        0000106E 
    -------------------------------------------------------------------------
XDATA_I
  Relative segment, address: XDATA 00001072 - 00001075 (0x4 bytes), align: 0
  Segment part 26.            Intra module refs:   _LdtobLarge
           ENTRY                   ADDRESS         REF BY
           =====                   =======         ======
           __Constant_3f800000     00001072 
    -------------------------------------------------------------------------
XDATA_I
  Relative segment, address: XDATA 00001076 - 00001079 (0x4 bytes), align: 0
  Segment part 30.            Intra module refs:   _LdtobLarge
           ENTRY                   ADDRESS         REF BY
           =====                   =======         ======
           __Constant_4cbebc20     00001076 

    -------------------------------------------------------------------------
  LIBRARY MODULE, NAME : ?xprout

  SEGMENTS IN THE MODULE
  ======================
<BANKED_CODE> 1 (was BANKED_CODE)
  Relative segment, address: CODE 000035AF - 000035D9 (0x2b bytes), align: 0
  Segment part 6.             Intra module refs:   _Prout::?relay
           ENTRY                   ADDRESS         REF BY
           =====                   =======         ======
           _Prout                  000035AF 
               calls direct
               XSTACK = 00000000 ( 0000000E )
    -------------------------------------------------------------------------
BANK_RELAYS
  Relative segment, address: CODE 000002F7 - 000002FC (0x6 bytes), align: 0
  Segment part 7.
           ENTRY                   ADDRESS         REF BY
           =====                   =======         ======
           _Prout::?relay          000002F7        printf (?printf)




                ****************************************
                *                                      *
                *      SEGMENTS IN ADDRESS ORDER       *
                *                                      *
                ****************************************


SEGMENT              SPACE    START ADDRESS   END ADDRESS     SIZE  TYPE  ALIGN
=======              =====    =============   ===========     ====  ====  =====
INTVEC               CODE          00000000 - 0000002D          2E   com    0
CSTART               CODE          0000002E - 000000B4          87   rel    0
IXDATA_ID            CODE               000000B5                     dse    0
IDATA_ID             CODE               000000B5                     dse    0
BDATA_ID             CODE               000000B5                     dse    0
PDATA_ID             CODE               000000B5                     dse    0
BIT_ID               CODE               000000B5                     dse    0
DATA_ID              CODE               000000B5                     dse    0
XDATA_ID             CODE          000000B5 - 00000212         15E   rel    0
BANK_RELAYS          CODE          00000213 - 000002FC          EA   rel    0
RCODE                CODE          000002FD - 00000FE6         CEA   rel    0
CODE_C               CODE               00000FE7                     dse    0
DIFUNCT              CODE               00000FE7                     rel    0
CODE_N               CODE               00000FE7                     dse    0
NEAR_CODE            CODE          00000FE7 - 00001022          3C   rel    0
<BANKED_CODE> 1      CODE          00001023 - 00003651        262F   rel    0
REGISTERS            DATA          00000000 - 00000007           8   rel    0
VREG                 DATA          00000008 - 0000000F           8   rel    0
PSP                  DATA               00000010                     dse    0
XSP                  DATA          00000010 - 00000011           2   rel    0
BREG                 BIT        00000020.0  -  00000020.7        8   rel    0
SFR_AN               DATA          00000080 - 00000080           1   rel    0
                     DATA          00000086 - 00000086           1 
                     DATA          00000091 - 00000091           1 
                     DATA          00000094 - 00000097           4 
                     DATA          0000009D - 0000009E           2 
                     DATA          000000A2 - 000000A5           4 
                     DATA          000000A8 - 000000A8           1 
                     DATA          000000AD - 000000AD           1 
                     DATA          000000B3 - 000000B3           1 
                     DATA          000000C0 - 000000C2           3 
                     DATA          000000C5 - 000000C6           2 
                     DATA          000000D2 - 000000D7           6 
                     DATA          000000D9 - 000000D9           1 
                     DATA          000000E1 - 000000E1           1 
                     DATA          000000E9 - 000000E9           1 
                     DATA          000000F1 - 000000F1           1 
                     DATA          000000F3 - 000000F3           1 
                     DATA          000000FD - 000000FD           1 
XSTACK               XDATA         00000001 - 00000EFF         EFF   rel    0
XDATA_Z              XDATA         00000F00 - 00000F1B          1C   rel    0
XDATA_I              XDATA         00000F1C - 00001079         15E   rel    0
ISTACK               IDATA         000000C0 - 000000FF          40   rel    0

                ****************************************
                *                                      *
                *        END OF CROSS REFERENCE        *
                *                                      *
                ****************************************

 13 906 bytes of CODE  memory
     18 bytes of DATA  memory (+ 33 absolute )
  4 217 bytes of XDATA memory
     64 bytes of IDATA memory
      8 bits  of BIT   memory

Errors: none
Warnings: 2

