################################################################################
#                                                                              #
#      IAR Universal Linker V6.4.6.89                                          #
#                                                                              #
#           Link time     =  13/Nov/2019  16:16:23                             #
#           Target CPU    =  x51                                               #
#           List file     =  "\\vmware-host\Shared Folders\Projects\WMNU\IAR\P #
#                            RJ_UNITEST\Debug\List\unitest.map"                #
#           Output file 1 =  "\\vmware-host\Shared Folders\Projects\WMNU\IAR\P #
#                            RJ_UNITEST\Debug\Exe\unitest.d51"                 #
#                            Format: ubrof10                                   #
#                            UBROF version 10.0.6                              #
#                            Using library modules for C-SPY (-rt)             #
#           Command line  =  -f                                                #
#                            C:\Users\08A4~1\AppData\Local\Temp\EWC146.tmp     #
#                            ("\\vmware-host\Shared Folders\Projects\WMNU\IAR\ #
#                            PRJ_UNITEST\Debug\Obj\coder.r51"                  #
#                            "\\vmware-host\Shared Folders\Projects\WMNU\IAR\P #
#                            RJ_UNITEST\Debug\Obj\delays.r51"                  #
#                            "\\vmware-host\Shared Folders\Projects\WMNU\IAR\P #
#                            RJ_UNITEST\Debug\Obj\fbuf.r51"                    #
#                            "\\vmware-host\Shared Folders\Projects\WMNU\IAR\P #
#                            RJ_UNITEST\Debug\Obj\frame.r51"                   #
#                            "\\vmware-host\Shared Folders\Projects\WMNU\IAR\P #
#                            RJ_UNITEST\Debug\Obj\LLC.r51"                     #
#                            "\\vmware-host\Shared Folders\Projects\WMNU\IAR\P #
#                            RJ_UNITEST\Debug\Obj\MAC.r51"                     #
#                            "\\vmware-host\Shared Folders\Projects\WMNU\IAR\P #
#                            RJ_UNITEST\Debug\Obj\NTMR.r51"                    #
#                            "\\vmware-host\Shared Folders\Projects\WMNU\IAR\P #
#                            RJ_UNITEST\Debug\Obj\nwdebuger.r51"               #
#                            "\\vmware-host\Shared Folders\Projects\WMNU\IAR\P #
#                            RJ_UNITEST\Debug\Obj\RADIO.r51"                   #
#                            "\\vmware-host\Shared Folders\Projects\WMNU\IAR\P #
#                            RJ_UNITEST\Debug\Obj\TIC.r51"                     #
#                            "\\vmware-host\Shared Folders\Projects\WMNU\IAR\P #
#                            RJ_UNITEST\Debug\Obj\utest.r51"                   #
#                            "\\vmware-host\Shared Folders\Projects\WMNU\IAR\P #
#                            RJ_UNITEST\Debug\Obj\utest_coder.r51"             #
#                            "\\vmware-host\Shared Folders\Projects\WMNU\IAR\P #
#                            RJ_UNITEST\Debug\Obj\utest_delays.r51"            #
#                            "\\vmware-host\Shared Folders\Projects\WMNU\IAR\P #
#                            RJ_UNITEST\Debug\Obj\utest_fbuf.r51"              #
#                            "\\vmware-host\Shared Folders\Projects\WMNU\IAR\P #
#                            RJ_UNITEST\Debug\Obj\utest_frame.r51"             #
#                            "\\vmware-host\Shared Folders\Projects\WMNU\IAR\P #
#                            RJ_UNITEST\Debug\Obj\utest_Frames.r51"            #
#                            "\\vmware-host\Shared Folders\Projects\WMNU\IAR\P #
#                            RJ_UNITEST\Debug\Obj\utest_LLC.r51"               #
#                            "\\vmware-host\Shared Folders\Projects\WMNU\IAR\P #
#                            RJ_UNITEST\Debug\Obj\utest_MAC.r51"               #
#                            "\\vmware-host\Shared Folders\Projects\WMNU\IAR\P #
#                            RJ_UNITEST\Debug\Obj\utest_NTMR.r51"              #
#                            "\\vmware-host\Shared Folders\Projects\WMNU\IAR\P #
#                            RJ_UNITEST\Debug\Obj\utest_radio.r51"             #
#                            "\\vmware-host\Shared Folders\Projects\WMNU\IAR\P #
#                            RJ_UNITEST\Debug\Obj\utest_suite.r51"             #
#                            "\\vmware-host\Shared Folders\Projects\WMNU\IAR\P #
#                            RJ_UNITEST\Debug\Obj\utest_TIC.r51"               #
#                            -o                                                #
#                            "\\vmware-host\Shared Folders\Projects\WMNU\IAR\P #
#                            RJ_UNITEST\Debug\Exe\unitest.d51"                 #
#                            -l                                                #
#                            "\\vmware-host\Shared Folders\Projects\WMNU\IAR\P #
#                            RJ_UNITEST\Debug\List\unitest.map"                #
#                            -xms                                              #
#                            "-IC:\Program Files (x86)\IAR Systems\Embedded Wo #
#                            rkbench 8.0\8051\LIB\"                            #
#                            -f                                                #
#                            "C:\Program Files (x86)\IAR Systems\Embedded Work #
#                            bench 8.0\8051\config\devices\Texas Instruments\l #
#                            nk51ew_CC2530F256_banked.xcl"                     #
#                            (-D_IDATA0_START=0x00 -D_IDATA0_END=0xFF          #
#                            -D_PDATA0_START=0x1E00 -D_PDATA0_END=0x1EFF       #
#                            -D_IXDATA0_START=0x0001 -D_IXDATA0_END=0x1EFF     #
#                            -D_XDATA0_START=_IXDATA0_START                    #
#                            -D_XDATA0_END=_IXDATA0_END                        #
#                            -D_NEAR_CODE_START=0x0000                         #
#                            -D_FIRST_BANK_ADDR=0x10000 -D?REGISTER_BANK=0x0   #
#                            -D_REGISTER_BANK_START=0x0 -D_BREG_START=0x00     #
#                            -D?VB=0x20 -Z(BIT)BREG=_BREG_START                #
#                            -Z(BIT)BIT_N=0-7F                                 #
#                            -Z(DATA)REGISTERS+8=_REGISTER_BANK_START          #
#                            -Z(DATA)BDATA_Z,BDATA_N,BDATA_I=20-2F             #
#                            -Z(DATA)VREG=08-7F -Z(DATA)PSP,XSP=08-7F          #
#                            -Z(DATA)DOVERLAY=08-7F                            #
#                            -Z(DATA)DATA_I,DATA_Z,DATA_N=08-7F                #
#                            -U(IDATA)0-7F=(DATA)0-7F                          #
#                            -Z(IDATA)IDATA_I,IDATA_Z,IDATA_N=08-_IDATA0_END   #
#                            -Z(IDATA)ISTACK+_IDATA_STACK_SIZE#08-_IDATA0_END  #
#                            -Z(IDATA)IOVERLAY=08-FF -Z(CODE)INTVEC=0          #
#                            -Z(CODE)CSTART=_NEAR_CODE_START-(_CODEBANK_START- #
#                            1)                                                #
#                            -Z(CODE)BIT_ID,BDATA_ID,DATA_ID,IDATA_ID,IXDATA_I #
#                            D,PDATA_ID,XDATA_ID=_NEAR_CODE_START-(_CODEBANK_S #
#                            TART-1)                                           #
#                            -Z(CODE)BANK_RELAYS,RCODE,DIFUNCT,CODE_C,CODE_N,N #
#                            EAR_CODE=_NEAR_CODE_START-(_CODEBANK_START-1)     #
#                            -P(CODE)BANKED_CODE=_NEAR_CODE_START-(_CODEBANK_S #
#                            TART-1),[(_CODEBANK_START+_FIRST_BANK_ADDR)-(_COD #
#                            EBANK_END+_FIRST_BANK_ADDR)]*_NR_OF_BANKS+10000   #
#                            -Z(CODE)CHECKSUM#(_CODEBANK_START-1)              #
#                            -Z(XDATA)PDATA_Z,PDATA_I=_PDATA0_START-_PDATA0_EN #
#                            D                                                 #
#                            -P(XDATA)PDATA_N=_PDATA0_START-_PDATA0_END        #
#                            -Z(XDATA)PSTACK+_PDATA_STACK_SIZE=_PDATA0_START-_ #
#                            PDATA0_END                                        #
#                            -Z(XDATA)EXT_STACK+_EXTENDED_STACK_SIZE=_EXTENDED #
#                            _STACK_START                                      #
#                            -Z(XDATA)XSTACK+_XDATA_STACK_SIZE=_XDATA0_START-_ #
#                            XDATA0_END                                        #
#                            -Z(XDATA)IXDATA_Z,IXDATA_I=_IXDATA0_START-_IXDATA #
#                            0_END                                             #
#                            -P(XDATA)IXDATA_N=_IXDATA0_START-_IXDATA0_END     #
#                            -Z(XDATA)XDATA_Z,XDATA_I=_XDATA0_START-_XDATA0_EN #
#                            D                                                 #
#                            -P(XDATA)XDATA_N=_XDATA0_START-_XDATA0_END        #
#                            -Z(XDATA)XDATA_HEAP+_XDATA_HEAP_SIZE=_XDATA0_STAR #
#                            T-_XDATA0_END                                     #
#                            -Z(CONST)XDATA_ROM_C=_XDATA0_START-_XDATA0_END    #
#                            -cx51                                             #
#                            -M(CODE)[(_CODEBANK_START+_FIRST_BANK_ADDR)-(_COD #
#                            EBANK_END+_FIRST_BANK_ADDR)]*_NR_OF_BANKS+0x10000 #
#                            =0x8000                                           #
#                            -ww69=i -D_BANK0_START=0x00000                    #
#                            -D_BANK0_END=0x07FFF -D_BANK1_START=0x18000       #
#                            -D_BANK1_END=0x1FFFF -D_BANK2_START=0x28000       #
#                            -D_BANK2_END=0x2FFFF -D_BANK3_START=0x38000       #
#                            -D_BANK3_END=0x3FFFF -D_BANK4_START=0x48000       #
#                            -D_BANK4_END=0x4FFFF -D_BANK5_START=0x58000       #
#                            -D_BANK5_END=0x5FFFF -D_BANK6_START=0x68000       #
#                            -D_BANK6_END=0x6FFFF -D_BANK7_START=0x78000       #
#                            -D_BANK7_END=0x7FFFF                              #
#                            -P(CODE)BANK0=_BANK0_START-_BANK0_END             #
#                            -P(CODE)BANK1=_BANK1_START-_BANK1_END             #
#                            -P(CODE)BANK2=_BANK2_START-_BANK2_END             #
#                            -P(CODE)BANK3=_BANK3_START-_BANK3_END             #
#                            -P(CODE)BANK4=_BANK4_START-_BANK4_END             #
#                            -P(CODE)BANK5=_BANK5_START-_BANK5_END             #
#                            -P(CODE)BANK6=_BANK6_START-_BANK6_END             #
#                            -P(CODE)BANK7=_BANK7_START-_BANK7_END             #
#                            -D_FLASH_LOCK_BITS_START=0x7FFF0                  #
#                            -D_FLASH_LOCK_BITS_END=0x7FFFF                    #
#                            -Z(CODE)FLASH_LOCK_BITS=_FLASH_LOCK_BITS_START-_F #
#                            LASH_LOCK_BITS_END                                #
#                            -U(CODE)0x0000=(CODE)_FLASH_LOCK_BITS_START-_FLAS #
#                            H_LOCK_BITS_END)                                  #
#                            -D_NR_OF_VIRTUAL_REGISTERS=8 -D?PBANK=0x93        #
#                            -D?CBANK=0x9F -D?CBANK_MASK=0xFF                  #
#                            -e?BCALL_FF=?BCALL -e?BRET_FF=?BRET               #
#                            -e?BDISPATCH_FF=?BDISPATCH                        #
#                            -D_CODEBANK_START=0x8000 -D_CODEBANK_END=0xFFFF   #
#                            -D_NR_OF_BANKS=0x07                               #
#                            "-IC:\Program Files (x86)\IAR Systems\Embedded Wo #
#                            rkbench 8.0\8051\CONFIG\"                         #
#                            -e_PrintfLarge=_Printf -e_ScanfLarge=_Scanf -rt   #
#                            -s __program_start                                #
#                            "C:\Program Files (x86)\IAR Systems\Embedded Work #
#                            bench 8.0\8051\LIB\DLIB\dl-pli-blxd-1e16x01n.r51" #
#                            -D_IDATA_STACK_SIZE=0x40 -D?ESP=0 -D?ESP_MASK=0   #
#                            -D_EXTENDED_STACK_START=0                         #
#                            -D_EXTENDED_STACK_SIZE=0                          #
#                            -D_PDATA_STACK_SIZE=0x80                          #
#                            -D_XDATA_STACK_SIZE=0xEFF                         #
#                            -D_XDATA_HEAP_SIZE=0xFF -D_FAR_HEAP_SIZE=0xFFF    #
#                            -D_HUGE_HEAP_SIZE=0xFFF                           #
#                            -D_FAR22_HEAP_SIZE=0xFFF)                         #
#                                                                              #
#                           Copyright (C) 1987-2016 IAR Systems AB.            #
################################################################################





                ****************************************
                *                                      *
                *           CROSS REFERENCE            *
                *                                      *
                ****************************************

       Program entry at : CODE      00000085  Relocatable, from module : CSTARTUP




                ****************************************
                *                                      *
                *            RUNTIME MODEL             *
                *                                      *
                ****************************************

  __Heap_Handler             = Basic
  __SystemLibrary            = DLib
  __calling_convention       = xdata_reentrant
  __code_model               = banked
  __core                     = plain
  __data_model               = large
  __dlib_file_descriptor     = 0
  __dlib_full_locale_support = 0
  __dptr_size                = 16
  __extended_stack           = disabled
  __location_for_constants   = data
  __number_of_dptrs          = 1
  __register_banks           = *
  __rt_version               = 1

                ****************************************
                *                                      *
                *    AUTOMATIC SYMBOL REDIRECTIONS     *
                *                                      *
                ****************************************

                  There are no automatic symbol redirections.



                ****************************************
                *                                      *
                *              MODULE MAP              *
                *                                      *
                ****************************************


  DEFINED ABSOLUTE ENTRIES
    *************************************************************************

  DEFINED ABSOLUTE ENTRIES
  PROGRAM MODULE, NAME : ?ABS_ENTRY_MOD

Absolute parts
           ENTRY                   ADDRESS         REF BY
           =====                   =======         ======
           _FAR22_HEAP_SIZE        00000FFF 
           _HUGE_HEAP_SIZE         00000FFF 
           _FAR_HEAP_SIZE          00000FFF 
           _XDATA_HEAP_SIZE        000000FF 
           _XDATA_STACK_SIZE       00000EFF 
           _PDATA_STACK_SIZE       00000080 
           _EXTENDED_STACK_SIZE    00000000 
           _EXTENDED_STACK_START   00000000 
           ?ESP_MASK               00000000 
           ?ESP                    00000000 
           _IDATA_STACK_SIZE       00000040 
           _NR_OF_BANKS            00000007 
           _CODEBANK_END           0000FFFF 
           _CODEBANK_START         00008000 
           ?CBANK_MASK             000000FF 
           ?CBANK                  0000009F        ?RESET_CODE_BANK (CSTARTUP)
                                                   Segment part 0 (?BANKED_CODE_SUPPORT)
           ?PBANK                  00000093 
           _NR_OF_VIRTUAL_REGISTERS
                                   00000008 
           _FLASH_LOCK_BITS_END    0003FFFF 
           _FLASH_LOCK_BITS_START
                                   0003FFF0 
           _BANK7_END              0003FFFF 
           _BANK7_START            00038000 
           _BANK6_END              00037FFF 
           _BANK6_START            00030000 
           _BANK5_END              0002FFFF 
           _BANK5_START            00028000 
           _BANK4_END              00027FFF 
           _BANK4_START            00020000 
           _BANK3_END              0001FFFF 
           _BANK3_START            00018000 
           _BANK2_END              00017FFF 
           _BANK2_START            00010000 
           _BANK1_END              0000FFFF 
           _BANK1_START            00008000 
           _BANK0_END              00007FFF 
           _BANK0_START            00000000 
           ?VB                     00000020        ?BANKED_ENTER_XDATA (?BANKED_ENTER_XDATA)
                                                   ?BANKED_LEAVE_XDATA (?BANKED_LEAVE_XDATA)
                                                   ?INTERRUPT_ENTER_XSP (?INTERRUPT_ENTER_XSP)
                                                   ?INTERRUPT_LEAVE_XSP (?INTERRUPT_LEAVE_XSP)
                                                   raw_data_test (utest_fbuf)
                                                   umsg (utest_suite)
           _BREG_START             00000000 
           _REGISTER_BANK_START    00000000 
           ?REGISTER_BANK          00000000        Segment part 6 (CSTARTUP)
           _FIRST_BANK_ADDR        00010000 
           _NEAR_CODE_START        00000000 
           _XDATA0_END             00001EFF 
           _XDATA0_START           00000001 
           _IXDATA0_END            00001EFF 
           _IXDATA0_START          00000001 
           _PDATA0_END             00001EFF 
           _PDATA0_START           00001E00 
           _IDATA0_END             000000FF 
           _IDATA0_START           00000000 
    *************************************************************************

  FILE NAME : \\vmware-host\Shared Folders\Projects\WMNU\IAR\PRJ_UNITEST\Debug\Obj\coder.r51
  PROGRAM MODULE, NAME : coder

  SEGMENTS IN THE MODULE
  ======================
SFR_AN
  Relative segment, address: DATA 000000B3 - 000000B3 (0x1 bytes), align: 0
  Segment part 1. ROOT 
           ENTRY                   ADDRESS         REF BY
           =====                   =======         ======
           ENCCS                   000000B3 
    -------------------------------------------------------------------------
SFR_AN
  Relative segment, address: DATA 000000D2 - 000000D2 (0x1 bytes), align: 0
  Segment part 2. ROOT 
           ENTRY                   ADDRESS         REF BY
           =====                   =======         ======
           DMA1CFGL                000000D2 
    -------------------------------------------------------------------------
SFR_AN
  Relative segment, address: DATA 000000D3 - 000000D3 (0x1 bytes), align: 0
  Segment part 3. ROOT 
           ENTRY                   ADDRESS         REF BY
           =====                   =======         ======
           DMA1CFGH                000000D3 
    -------------------------------------------------------------------------
SFR_AN
  Relative segment, address: DATA 000000D4 - 000000D4 (0x1 bytes), align: 0
  Segment part 4. ROOT 
           ENTRY                   ADDRESS         REF BY
           =====                   =======         ======
           DMA0CFGL                000000D4 
    -------------------------------------------------------------------------
SFR_AN
  Relative segment, address: DATA 000000D5 - 000000D5 (0x1 bytes), align: 0
  Segment part 5. ROOT 
           ENTRY                   ADDRESS         REF BY
           =====                   =======         ======
           DMA0CFGH                000000D5 
    -------------------------------------------------------------------------
SFR_AN
  Relative segment, address: DATA 000000D6 - 000000D6 (0x1 bytes), align: 0
  Segment part 6. ROOT 
           ENTRY                   ADDRESS         REF BY
           =====                   =======         ======
           DMAARM                  000000D6 
    -------------------------------------------------------------------------
SFR_AN
  Relative segment, address: DATA 000000D7 - 000000D7 (0x1 bytes), align: 0
  Segment part 7. ROOT 
           ENTRY                   ADDRESS         REF BY
           =====                   =======         ======
           DMAREQ                  000000D7 

    *************************************************************************

  FILE NAME : \\vmware-host\Shared Folders\Projects\WMNU\IAR\PRJ_UNITEST\Debug\Obj\delays.r51
  PROGRAM MODULE, NAME : delays

  SEGMENTS IN THE MODULE
  ======================
SFR_AN
  Relative segment, address: DATA 00000094 - 00000094 (0x1 bytes), align: 0
  Segment part 1. ROOT 
           ENTRY                   ADDRESS         REF BY
           =====                   =======         ======
           T2CTRL                  00000094 
    -------------------------------------------------------------------------
SFR_AN
  Relative segment, address: DATA 000000A2 - 000000A2 (0x1 bytes), align: 0
  Segment part 2. ROOT 
           ENTRY                   ADDRESS         REF BY
           =====                   =======         ======
           T2M0                    000000A2 
    -------------------------------------------------------------------------
SFR_AN
  Relative segment, address: DATA 000000A3 - 000000A3 (0x1 bytes), align: 0
  Segment part 3. ROOT 
           ENTRY                   ADDRESS         REF BY
           =====                   =======         ======
           T2M1                    000000A3 
    -------------------------------------------------------------------------
SFR_AN
  Relative segment, address: DATA 000000A4 - 000000A4 (0x1 bytes), align: 0
  Segment part 4. ROOT 
           ENTRY                   ADDRESS         REF BY
           =====                   =======         ======
           T2MOVF0                 000000A4 
    -------------------------------------------------------------------------
SFR_AN
  Relative segment, address: DATA 000000A5 - 000000A5 (0x1 bytes), align: 0
  Segment part 5. ROOT 
           ENTRY                   ADDRESS         REF BY
           =====                   =======         ======
           T2MOVF1                 000000A5 

    *************************************************************************

  FILE NAME : \\vmware-host\Shared Folders\Projects\WMNU\IAR\PRJ_UNITEST\Debug\Obj\fbuf.r51
  PROGRAM MODULE, NAME : fbuf

  SEGMENTS IN THE MODULE
  ======================
<BANKED_CODE> 1 (was BANKED_CODE)
  Relative segment, address: CODE 000039C6 - 000039DA (0x15 bytes), align: 0
  Segment part 16.            Intra module refs:   free::?relay
           ENTRY                   ADDRESS         REF BY
           =====                   =======         ======
           free                    000039C6 
               calls direct
               XSTACK = 00000009 ( 00000009 )
    -------------------------------------------------------------------------
<BANKED_CODE> 1 (was BANKED_CODE)
  Relative segment, address: CODE 000039DB - 000039EF (0x15 bytes), align: 0
  Segment part 18.            Intra module refs:   malloc::?relay
           ENTRY                   ADDRESS         REF BY
           =====                   =======         ======
           malloc                  000039DB 
               calls direct
               XSTACK = 00000010 ( 00000009 )
    -------------------------------------------------------------------------
<BANKED_CODE> 1 (was BANKED_CODE)
  Relative segment, address: CODE 000039F0 - 00003AFB (0x10c bytes), align: 0
  Segment part 20.            Intra module refs:   fbuf_create::?relay
           ENTRY                   ADDRESS         REF BY
           =====                   =======         ======
           fbuf_create             000039F0 
               calls direct
               XSTACK = 00000000 ( 00000014 )
               ISTACK = 00000000 ( 00000001 )
    -------------------------------------------------------------------------
<BANKED_CODE> 1 (was BANKED_CODE)
  Relative segment, address: CODE 00003AFC - 00003B10 (0x15 bytes), align: 0
  Segment part 22.            Intra module refs:   fbuf_delete::?relay
           ENTRY                   ADDRESS         REF BY
           =====                   =======         ======
           fbuf_delete             00003AFC 
               calls direct
               XSTACK = 00000000 ( 00000009 )
    -------------------------------------------------------------------------
<BANKED_CODE> 1 (was BANKED_CODE)
  Relative segment, address: CODE 00003B11 - 00003B3B (0x2b bytes), align: 0
  Segment part 24.            Intra module refs:   fbuf_next::?relay
           ENTRY                   ADDRESS         REF BY
           =====                   =======         ======
           fbuf_next               00003B11 
               ISTACK = 00000000 ( 00000002 )
    -------------------------------------------------------------------------
<BANKED_CODE> 1 (was BANKED_CODE)
  Relative segment, address: CODE 00003B3C - 00003B4F (0x14 bytes), align: 0
  Segment part 26.            Intra module refs:   fbuf_chain::?relay
           ENTRY                   ADDRESS         REF BY
           =====                   =======         ======
           fbuf_chain              00003B3C 
               ISTACK = 00000000 ( 00000002 )
    -------------------------------------------------------------------------
XDATA_ID
  Relative segment, address: CODE 000000B5 - 000000C5 (0x11 bytes), align: 0
  Segment part 7.             Intra module refs:   Segment part 6
    -------------------------------------------------------------------------
XDATA_ID
  Relative segment, address: CODE 000000C6 - 000000CC (0x7 bytes), align: 0
  Segment part 9.             Intra module refs:   Segment part 8
    -------------------------------------------------------------------------
XDATA_ID
  Relative segment, address: CODE 000000CD - 000000E0 (0x14 bytes), align: 0
  Segment part 11.            Intra module refs:   Segment part 10
    -------------------------------------------------------------------------
XDATA_ID
  Relative segment, address: CODE 000000E1 - 000000FA (0x1a bytes), align: 0
  Segment part 13.            Intra module refs:   Segment part 12
    -------------------------------------------------------------------------
XDATA_ID
  Relative segment, address: CODE 000000FB - 00000107 (0xd bytes), align: 0
  Segment part 15.            Intra module refs:   Segment part 14
    -------------------------------------------------------------------------
BANK_RELAYS
  Relative segment, address: CODE 000004B4 - 000004B9 (0x6 bytes), align: 0
  Segment part 17.            Intra module refs:   fbuf_delete
                                                   frame_delete (frame)
           ENTRY                   ADDRESS         REF BY
           =====                   =======         ======
           free::?relay            000004B4 
    -------------------------------------------------------------------------
BANK_RELAYS
  Relative segment, address: CODE 000004BA - 000004BF (0x6 bytes), align: 0
  Segment part 19.            Intra module refs:   fbuf_create
                                                   frame_create (frame)
           ENTRY                   ADDRESS         REF BY
           =====                   =======         ======
           malloc::?relay          000004BA 
    -------------------------------------------------------------------------
BANK_RELAYS
  Relative segment, address: CODE 000004C0 - 000004C5 (0x6 bytes), align: 0
  Segment part 21.
           ENTRY                   ADDRESS         REF BY
           =====                   =======         ======
           fbuf_create::?relay     000004C0        delete_test (utest_fbuf)
                                                   delete_test (utest_frame)
                                                   insert1_test (utest_frame)
                                                   insert2_test (utest_frame)
                                                   insert3_test (utest_frame)
                                                   insert4_test (utest_frame)
                                                   raw_data_test (utest_fbuf)
                                                   test_create (utest_fbuf)
                                                   test_logic (utest_fbuf)
                                                   tot_len_test (utest_frame)
    -------------------------------------------------------------------------
BANK_RELAYS
  Relative segment, address: CODE 000004C6 - 000004CB (0x6 bytes), align: 0
  Segment part 23.
           ENTRY                   ADDRESS         REF BY
           =====                   =======         ======
           fbuf_delete::?relay     000004C6        delete_test (utest_fbuf)
                                                   delete_test (utest_frame)
                                                   raw_data_test (utest_fbuf)
                                                   test_create (utest_fbuf)
                                                   test_logic (utest_fbuf)
    -------------------------------------------------------------------------
BANK_RELAYS
  Relative segment, address: CODE 000004CC - 000004D1 (0x6 bytes), align: 0
  Segment part 25.
           ENTRY                   ADDRESS         REF BY
           =====                   =======         ======
           fbuf_next::?relay       000004CC        insert3_test (utest_frame)
                                                   insert4_test (utest_frame)
                                                   test_logic (utest_fbuf)
    -------------------------------------------------------------------------
BANK_RELAYS
  Relative segment, address: CODE 000004D2 - 000004D7 (0x6 bytes), align: 0
  Segment part 27.
           ENTRY                   ADDRESS         REF BY
           =====                   =======         ======
           fbuf_chain::?relay      000004D2        test_logic (utest_fbuf)
    -------------------------------------------------------------------------
XDATA_I
  Relative segment, address: XDATA 00000F0E - 00000F1E (0x11 bytes), align: 0
  Segment part 6.             Intra module refs:   fbuf_create
    -------------------------------------------------------------------------
XDATA_I
  Relative segment, address: XDATA 00000F1F - 00000F25 (0x7 bytes), align: 0
  Segment part 8.             Intra module refs:   fbuf_create
    -------------------------------------------------------------------------
XDATA_I
  Relative segment, address: XDATA 00000F26 - 00000F39 (0x14 bytes), align: 0
  Segment part 10.            Intra module refs:   fbuf_create
    -------------------------------------------------------------------------
XDATA_I
  Relative segment, address: XDATA 00000F3A - 00000F53 (0x1a bytes), align: 0
  Segment part 12.            Intra module refs:   fbuf_create
    -------------------------------------------------------------------------
XDATA_I
  Relative segment, address: XDATA 00000F54 - 00000F60 (0xd bytes), align: 0
  Segment part 14.            Intra module refs:   fbuf_create

    *************************************************************************

  FILE NAME : \\vmware-host\Shared Folders\Projects\WMNU\IAR\PRJ_UNITEST\Debug\Obj\frame.r51
  PROGRAM MODULE, NAME : frame

  SEGMENTS IN THE MODULE
  ======================
<BANKED_CODE> 1 (was BANKED_CODE)
  Relative segment, address: CODE 00003B50 - 00003BA2 (0x53 bytes), align: 0
  Segment part 10.            Intra module refs:   frame_create::?relay
           ENTRY                   ADDRESS         REF BY
           =====                   =======         ======
           frame_create            00003B50 
               calls direct
               XSTACK = 00000000 ( 0000000C )
    -------------------------------------------------------------------------
<BANKED_CODE> 1 (was BANKED_CODE)
  Relative segment, address: CODE 00003BA3 - 00003BE4 (0x42 bytes), align: 0
  Segment part 12.            Intra module refs:   frame_delete::?relay
           ENTRY                   ADDRESS         REF BY
           =====                   =======         ======
           frame_delete            00003BA3 
               calls direct
               XSTACK = 00000000 ( 0000000C )
    -------------------------------------------------------------------------
<BANKED_CODE> 1 (was BANKED_CODE)
  Relative segment, address: CODE 00003BE5 - 00003C2C (0x48 bytes), align: 0
  Segment part 14.            Intra module refs:   frame_insert_head::?relay
           ENTRY                   ADDRESS         REF BY
           =====                   =======         ======
           frame_insert_head       00003BE5 
               XSTACK = 00000000 ( 00000009 )
    -------------------------------------------------------------------------
<BANKED_CODE> 1 (was BANKED_CODE)
  Relative segment, address: CODE 00003C2D - 00003C7A (0x4e bytes), align: 0
  Segment part 16.            Intra module refs:   frame_insert_tail::?relay
           ENTRY                   ADDRESS         REF BY
           =====                   =======         ======
           frame_insert_tail       00003C2D 
               ISTACK = 00000000 ( 00000002 )
    -------------------------------------------------------------------------
<BANKED_CODE> 1 (was BANKED_CODE)
  Relative segment, address: CODE 00003C7B - 00003C8E (0x14 bytes), align: 0
  Segment part 18.            Intra module refs:   frame_get_fbuf_head::?relay
           ENTRY                   ADDRESS         REF BY
           =====                   =======         ======
           frame_get_fbuf_head     00003C7B 
               ISTACK = 00000000 ( 00000002 )
    -------------------------------------------------------------------------
<BANKED_CODE> 1 (was BANKED_CODE)
  Relative segment, address: CODE 00003C8F - 00003CA4 (0x16 bytes), align: 0
  Segment part 20.            Intra module refs:   frame_get_fbuf_tail::?relay
           ENTRY                   ADDRESS         REF BY
           =====                   =======         ======
           frame_get_fbuf_tail     00003C8F 
               ISTACK = 00000000 ( 00000002 )
    -------------------------------------------------------------------------
<BANKED_CODE> 1 (was BANKED_CODE)
  Relative segment, address: CODE 00003CA5 - 00003CD5 (0x31 bytes), align: 0
  Segment part 24.            Intra module refs:   frame_len::?relay
           ENTRY                   ADDRESS         REF BY
           =====                   =======         ======
           frame_len               00003CA5 
               XSTACK = 00000014 ( 00000000 )
               ISTACK = 00000000 ( 00000002 )
    -------------------------------------------------------------------------
BANK_RELAYS
  Relative segment, address: CODE 000004D8 - 000004DD (0x6 bytes), align: 0
  Segment part 11.
           ENTRY                   ADDRESS         REF BY
           =====                   =======         ======
           frame_create::?relay    000004D8        delete_test (utest_frame)
                                                   insert1_test (utest_frame)
                                                   insert2_test (utest_frame)
                                                   insert3_test (utest_frame)
                                                   insert4_test (utest_frame)
                                                   tot_len_test (utest_frame)
    -------------------------------------------------------------------------
BANK_RELAYS
  Relative segment, address: CODE 000004DE - 000004E3 (0x6 bytes), align: 0
  Segment part 13.
           ENTRY                   ADDRESS         REF BY
           =====                   =======         ======
           frame_delete::?relay    000004DE        delete_test (utest_frame)
                                                   insert1_test (utest_frame)
                                                   insert2_test (utest_frame)
                                                   insert3_test (utest_frame)
                                                   insert4_test (utest_frame)
                                                   tot_len_test (utest_frame)
    -------------------------------------------------------------------------
BANK_RELAYS
  Relative segment, address: CODE 000004E4 - 000004E9 (0x6 bytes), align: 0
  Segment part 15.
           ENTRY                   ADDRESS         REF BY
           =====                   =======         ======
           frame_insert_head::?relay
                                   000004E4        delete_test (utest_frame)
                                                   insert1_test (utest_frame)
                                                   insert3_test (utest_frame)
    -------------------------------------------------------------------------
BANK_RELAYS
  Relative segment, address: CODE 000004EA - 000004EF (0x6 bytes), align: 0
  Segment part 17.
           ENTRY                   ADDRESS         REF BY
           =====                   =======         ======
           frame_insert_tail::?relay
                                   000004EA        insert2_test (utest_frame)
                                                   insert4_test (utest_frame)
                                                   tot_len_test (utest_frame)
    -------------------------------------------------------------------------
BANK_RELAYS
  Relative segment, address: CODE 000004F0 - 000004F5 (0x6 bytes), align: 0
  Segment part 19.
           ENTRY                   ADDRESS         REF BY
           =====                   =======         ======
           frame_get_fbuf_head::?relay
                                   000004F0        insert3_test (utest_frame)
                                                   insert4_test (utest_frame)
    -------------------------------------------------------------------------
BANK_RELAYS
  Relative segment, address: CODE 000004F6 - 000004FB (0x6 bytes), align: 0
  Segment part 21.
           ENTRY                   ADDRESS         REF BY
           =====                   =======         ======
           frame_get_fbuf_tail::?relay
                                   000004F6        insert3_test (utest_frame)
    -------------------------------------------------------------------------
BANK_RELAYS
  Relative segment, address: CODE 000004FC - 00000501 (0x6 bytes), align: 0
  Segment part 25.
           ENTRY                   ADDRESS         REF BY
           =====                   =======         ======
           frame_len::?relay       000004FC        tot_len_test (utest_frame)

    *************************************************************************

  FILE NAME : \\vmware-host\Shared Folders\Projects\WMNU\IAR\PRJ_UNITEST\Debug\Obj\LLC.r51
    *************************************************************************

  FILE NAME : \\vmware-host\Shared Folders\Projects\WMNU\IAR\PRJ_UNITEST\Debug\Obj\MAC.r51
    *************************************************************************

  FILE NAME : \\vmware-host\Shared Folders\Projects\WMNU\IAR\PRJ_UNITEST\Debug\Obj\NTMR.r51
  PROGRAM MODULE, NAME : NTMR

  SEGMENTS IN THE MODULE
  ======================
SFR_AN
  Relative segment, address: DATA 00000095 - 00000095 (0x1 bytes), align: 0
  Segment part 1. ROOT        Intra module refs:   ReadTimer
           ENTRY                   ADDRESS         REF BY
           =====                   =======         ======
           ST0                     00000095 
    -------------------------------------------------------------------------
SFR_AN
  Relative segment, address: DATA 00000096 - 00000096 (0x1 bytes), align: 0
  Segment part 2. ROOT        Intra module refs:   ReadTimer
           ENTRY                   ADDRESS         REF BY
           =====                   =======         ======
           ST1                     00000096 
    -------------------------------------------------------------------------
SFR_AN
  Relative segment, address: DATA 00000097 - 00000097 (0x1 bytes), align: 0
  Segment part 3. ROOT        Intra module refs:   ReadTimer
           ENTRY                   ADDRESS         REF BY
           =====                   =======         ======
           ST2                     00000097 
    -------------------------------------------------------------------------
SFR_AN
  Relative segment, address: DATA 0000009D - 0000009D (0x1 bytes), align: 0
  Segment part 4. ROOT        Intra module refs:   ReadTimer
           ENTRY                   ADDRESS         REF BY
           =====                   =======         ======
           SLEEPSTA                0000009D 
    -------------------------------------------------------------------------
SFR_AN
  Relative segment, address: DATA 000000A8 - 000000A8 (0x1 bytes), align: 0
  Segment part 5. ROOT        Intra module refs:   NT_IRQEnable
           ENTRY                   ADDRESS         REF BY
           =====                   =======         ======
           _A_IEN0                 000000A8 
           LOCAL                   ADDRESS         
           =====                   =======         
           IEN0                    000000A8 
    -------------------------------------------------------------------------
SFR_AN
  Relative segment, address: DATA 000000AD - 000000AD (0x1 bytes), align: 0
  Segment part 6. ROOT 
           ENTRY                   ADDRESS         REF BY
           =====                   =======         ======
           STLOAD                  000000AD 
    -------------------------------------------------------------------------
SFR_AN
  Relative segment, address: DATA 000000C0 - 000000C0 (0x1 bytes), align: 0
  Segment part 7. ROOT        Intra module refs:   NT_IRQEnable
                                                   TimerCompareInterrupt
           ENTRY                   ADDRESS         REF BY
           =====                   =======         ======
           _A_IRCON                000000C0 
           LOCAL                   ADDRESS         
           =====                   =======         
           IRCON                   000000C0 
    -------------------------------------------------------------------------
XDATA_Z
  Relative segment, address: XDATA 00000F00 - 00000F01 (0x2 bytes), align: 0
  Segment part 24.            Intra module refs:   TimerCompareInterrupt
           LOCAL                   ADDRESS         
           =====                   =======         
           EventCallback           00000F00 
    -------------------------------------------------------------------------
XDATA_Z
  Relative segment, address: XDATA 00000F02 - 00000F03 (0x2 bytes), align: 0
  Segment part 26.            Intra module refs:   NT_GetTime
           ENTRY                   ADDRESS         REF BY
           =====                   =======         ======
           TOFFSET                 00000F02 
    -------------------------------------------------------------------------
<BANKED_CODE> 1 (was BANKED_CODE)
  Relative segment, address: CODE 00003F51 - 00003F63 (0x13 bytes), align: 0
  Segment part 43.            Intra module refs:   NT_IRQEnable::?relay
           LOCAL                   ADDRESS         
           =====                   =======         
           NT_IRQEnable            00003F51 
               XSTACK = 0000000F ( 00000000 )
    -------------------------------------------------------------------------
<BANKED_CODE> 1 (was BANKED_CODE)
  Relative segment, address: CODE 00003F64 - 00003F9A (0x37 bytes), align: 0
  Segment part 49.            Intra module refs:   NT_GetTime::?relay
           ENTRY                   ADDRESS         REF BY
           =====                   =======         ======
           NT_GetTime              00003F64 
               calls direct
               XSTACK = 0000000F ( 00000010 )
    -------------------------------------------------------------------------
NEAR_CODE
  Relative segment, address: CODE 000012C1 - 000012FC (0x3c bytes), align: 0
  Segment part 55.            Intra module refs:   TimerCompareInterrupt::??INTVEC 43
           ENTRY                   ADDRESS         REF BY
           =====                   =======         ======
           TimerCompareInterrupt   000012C1 
               interrupt function
               calls direct
               XSTACK = 00000000 ( 0000000F )
    -------------------------------------------------------------------------
<BANKED_CODE> 1 (was BANKED_CODE)
  Relative segment, address: CODE 00003F9B - 00003FF8 (0x5e bytes), align: 0
  Segment part 51.            Intra module refs:   ReadTimer::?relay
           LOCAL                   ADDRESS         
           =====                   =======         
           ReadTimer               00003F9B 
               XSTACK = 00000018 ( 00000004 )
               ISTACK = 00000000 ( 00000003 )
    -------------------------------------------------------------------------
INTVEC
  Common segment, address: CODE 00000000 - 0000002D (0x2e bytes), align: 0
  Segment part 8. ROOT 
           ENTRY                   ADDRESS         REF BY
           =====                   =======         ======
           TimerCompareInterrupt::??INTVEC 43
                                   0000002B 
    -------------------------------------------------------------------------
XDATA_ID
  Relative segment, address: CODE 00000108 - 0000010B (0x4 bytes), align: 0
  Segment part 34.            Intra module refs:   __Constant_7fff
    -------------------------------------------------------------------------
BANK_RELAYS
  Relative segment, address: CODE 00000502 - 00000507 (0x6 bytes), align: 0
  Segment part 44.            Intra module refs:   TimerCompareInterrupt
           LOCAL                   ADDRESS         
           =====                   =======         
           NT_IRQEnable::?relay    00000502 
    -------------------------------------------------------------------------
BANK_RELAYS
  Relative segment, address: CODE 00000508 - 0000050D (0x6 bytes), align: 0
  Segment part 50.            Intra module refs:   TimerCompareInterrupt
           ENTRY                   ADDRESS         REF BY
           =====                   =======         ======
           NT_GetTime::?relay      00000508 
    -------------------------------------------------------------------------
BANK_RELAYS
  Relative segment, address: CODE 0000050E - 00000513 (0x6 bytes), align: 0
  Segment part 52.            Intra module refs:   NT_GetTime
           LOCAL                   ADDRESS         
           =====                   =======         
           ReadTimer::?relay       0000050E 
    -------------------------------------------------------------------------
XDATA_I
  Relative segment, address: XDATA 00000F61 - 00000F64 (0x4 bytes), align: 0
  Segment part 33.            Intra module refs:   NT_GetTime
           ENTRY                   ADDRESS         REF BY
           =====                   =======         ======
           __Constant_7fff         00000F61 

    *************************************************************************

  FILE NAME : \\vmware-host\Shared Folders\Projects\WMNU\IAR\PRJ_UNITEST\Debug\Obj\nwdebuger.r51
  PROGRAM MODULE, NAME : nwdebuger

  SEGMENTS IN THE MODULE
  ======================
SFR_AN
  Relative segment, address: DATA 0000009E - 0000009E (0x1 bytes), align: 0
  Segment part 1. ROOT        Intra module refs:   SetCPU32M
           ENTRY                   ADDRESS         REF BY
           =====                   =======         ======
           CLKCONSTA               0000009E 
    -------------------------------------------------------------------------
SFR_AN
  Relative segment, address: DATA 000000C6 - 000000C6 (0x1 bytes), align: 0
  Segment part 2. ROOT        Intra module refs:   SetCPU32M
           ENTRY                   ADDRESS         REF BY
           =====                   =======         ======
           CLKCONCMD               000000C6 
    -------------------------------------------------------------------------
<BANKED_CODE> 1 (was BANKED_CODE)
  Relative segment, address: CODE 00004361 - 0000436C (0xc bytes), align: 0
  Segment part 8.             Intra module refs:   SetCPU32M::?relay
           LOCAL                   ADDRESS         
           =====                   =======         
           SetCPU32M               00004361 
    -------------------------------------------------------------------------
<BANKED_CODE> 1 (was BANKED_CODE)
  Relative segment, address: CODE 0000436D - 0000437A (0xe bytes), align: 0
  Segment part 10.            Intra module refs:   nwDebugerInit::?relay
           ENTRY                   ADDRESS         REF BY
           =====                   =======         ======
           nwDebugerInit           0000436D 
               calls direct
               ISTACK = 00000000 ( 00000002 )
    -------------------------------------------------------------------------
<BANKED_CODE> 1 (was BANKED_CODE)
  Relative segment, address: CODE 0000437B - 0000437C (0x2 bytes), align: 0
  Segment part 12.            Intra module refs:   STACK_FAILURE::?relay
           ENTRY                   ADDRESS         REF BY
           =====                   =======         ======
           STACK_FAILURE           0000437B 
    -------------------------------------------------------------------------
BANK_RELAYS
  Relative segment, address: CODE 00000514 - 00000519 (0x6 bytes), align: 0
  Segment part 9.             Intra module refs:   nwDebugerInit
           LOCAL                   ADDRESS         
           =====                   =======         
           SetCPU32M::?relay       00000514 
    -------------------------------------------------------------------------
BANK_RELAYS
  Relative segment, address: CODE 0000051A - 0000051F (0x6 bytes), align: 0
  Segment part 11.
           ENTRY                   ADDRESS         REF BY
           =====                   =======         ======
           nwDebugerInit::?relay   0000051A        main (utest)
    -------------------------------------------------------------------------
BANK_RELAYS
  Relative segment, address: CODE 00000520 - 00000525 (0x6 bytes), align: 0
  Segment part 13.
           ENTRY                   ADDRESS         REF BY
           =====                   =======         ======
           STACK_FAILURE::?relay   00000520        fbuf_create (fbuf)

    *************************************************************************

  FILE NAME : \\vmware-host\Shared Folders\Projects\WMNU\IAR\PRJ_UNITEST\Debug\Obj\RADIO.r51
  PROGRAM MODULE, NAME : RADIO

  SEGMENTS IN THE MODULE
  ======================
SFR_AN
  Relative segment, address: DATA 00000091 - 00000091 (0x1 bytes), align: 0
  Segment part 1. ROOT 
           ENTRY                   ADDRESS         REF BY
           =====                   =======         ======
           RFIRQF1                 00000091 
    -------------------------------------------------------------------------
SFR_AN
  Relative segment, address: DATA 000000D9 - 000000D9 (0x1 bytes), align: 0
  Segment part 2. ROOT 
           ENTRY                   ADDRESS         REF BY
           =====                   =======         ======
           RFD                     000000D9 
    -------------------------------------------------------------------------
SFR_AN
  Relative segment, address: DATA 000000E1 - 000000E1 (0x1 bytes), align: 0
  Segment part 3. ROOT 
           ENTRY                   ADDRESS         REF BY
           =====                   =======         ======
           RFST                    000000E1 
    -------------------------------------------------------------------------
SFR_AN
  Relative segment, address: DATA 000000E9 - 000000E9 (0x1 bytes), align: 0
  Segment part 4. ROOT 
           ENTRY                   ADDRESS         REF BY
           =====                   =======         ======
           RFIRQF0                 000000E9 

    *************************************************************************

  FILE NAME : \\vmware-host\Shared Folders\Projects\WMNU\IAR\PRJ_UNITEST\Debug\Obj\TIC.r51
    *************************************************************************

  FILE NAME : \\vmware-host\Shared Folders\Projects\WMNU\IAR\PRJ_UNITEST\Debug\Obj\utest.r51
  PROGRAM MODULE, NAME : utest

  SEGMENTS IN THE MODULE
  ======================
<BANKED_CODE> 1 (was BANKED_CODE)
  Relative segment, address: CODE 00004072 - 000040D6 (0x65 bytes), align: 0
  Segment part 16.
           ENTRY                   ADDRESS         REF BY
           =====                   =======         ======
           main                    00004072        ?call_main (?cmain)
               calls direct
               XSTACK = 00000000 ( 00000004 )
    -------------------------------------------------------------------------
XDATA_ID
  Relative segment, address: CODE 0000010C - 0000011E (0x13 bytes), align: 0
  Segment part 7.             Intra module refs:   Segment part 6
    -------------------------------------------------------------------------
XDATA_ID
  Relative segment, address: CODE 0000011F - 00000126 (0x8 bytes), align: 0
  Segment part 9.             Intra module refs:   Segment part 8
    -------------------------------------------------------------------------
XDATA_ID
  Relative segment, address: CODE 00000127 - 00000137 (0x11 bytes), align: 0
  Segment part 11.            Intra module refs:   Segment part 10
    -------------------------------------------------------------------------
XDATA_ID
  Relative segment, address: CODE 00000138 - 0000014A (0x13 bytes), align: 0
  Segment part 13.            Intra module refs:   Segment part 12
    -------------------------------------------------------------------------
XDATA_ID
  Relative segment, address: CODE 0000014B - 0000015E (0x14 bytes), align: 0
  Segment part 15.            Intra module refs:   Segment part 14
    -------------------------------------------------------------------------
XDATA_I
  Relative segment, address: XDATA 00000F65 - 00000F77 (0x13 bytes), align: 0
  Segment part 6.             Intra module refs:   main
    -------------------------------------------------------------------------
XDATA_I
  Relative segment, address: XDATA 00000F78 - 00000F7F (0x8 bytes), align: 0
  Segment part 8.             Intra module refs:   main
    -------------------------------------------------------------------------
XDATA_I
  Relative segment, address: XDATA 00000F80 - 00000F90 (0x11 bytes), align: 0
  Segment part 10.            Intra module refs:   main
    -------------------------------------------------------------------------
XDATA_I
  Relative segment, address: XDATA 00000F91 - 00000FA3 (0x13 bytes), align: 0
  Segment part 12.            Intra module refs:   main
    -------------------------------------------------------------------------
XDATA_I
  Relative segment, address: XDATA 00000FA4 - 00000FB7 (0x14 bytes), align: 0
  Segment part 14.            Intra module refs:   main

    *************************************************************************

  FILE NAME : \\vmware-host\Shared Folders\Projects\WMNU\IAR\PRJ_UNITEST\Debug\Obj\utest_coder.r51
    *************************************************************************

  FILE NAME : \\vmware-host\Shared Folders\Projects\WMNU\IAR\PRJ_UNITEST\Debug\Obj\utest_delays.r51
  PROGRAM MODULE, NAME : utest_delays

  SEGMENTS IN THE MODULE
  ======================
XDATA_ID
  Relative segment, address: CODE 0000015F - 00000162 (0x4 bytes), align: 0
  Segment part 13.            Intra module refs:   __Constant_a
    -------------------------------------------------------------------------
XDATA_I
  Relative segment, address: XDATA 00000FB8 - 00000FBB (0x4 bytes), align: 0
  Segment part 12.            Intra module refs:   _LdtobLarge (?xprintflarge)
           ENTRY                   ADDRESS         REF BY
           =====                   =======         ======
           __Constant_a            00000FB8 

    *************************************************************************

  FILE NAME : \\vmware-host\Shared Folders\Projects\WMNU\IAR\PRJ_UNITEST\Debug\Obj\utest_fbuf.r51
  PROGRAM MODULE, NAME : utest_fbuf

  SEGMENTS IN THE MODULE
  ======================
<BANKED_CODE> 1 (was BANKED_CODE)
  Relative segment, address: CODE 0000345F - 00003552 (0xf4 bytes), align: 0
  Segment part 44.            Intra module refs:   test_create::?relay
           LOCAL                   ADDRESS         
           =====                   =======         
           test_create             0000345F 
               calls direct
               XSTACK = 00000000 ( 0000000A )
    -------------------------------------------------------------------------
<BANKED_CODE> 1 (was BANKED_CODE)
  Relative segment, address: CODE 00003553 - 000036C9 (0x177 bytes), align: 0
  Segment part 46.            Intra module refs:   test_logic::?relay
           LOCAL                   ADDRESS         
           =====                   =======         
           test_logic              00003553 
               calls direct
               XSTACK = 00000000 ( 00000010 )
    -------------------------------------------------------------------------
<BANKED_CODE> 1 (was BANKED_CODE)
  Relative segment, address: CODE 000036CA - 000037BB (0xf2 bytes), align: 0
  Segment part 48.            Intra module refs:   raw_data_test::?relay
           LOCAL                   ADDRESS         
           =====                   =======         
           raw_data_test           000036CA 
               calls direct
               XSTACK = 00000000 ( 00000070 )
               ISTACK = 00000000 ( 00000001 )
    -------------------------------------------------------------------------
<BANKED_CODE> 1 (was BANKED_CODE)
  Relative segment, address: CODE 000037BC - 0000380F (0x54 bytes), align: 0
  Segment part 50.            Intra module refs:   delete_test::?relay
           LOCAL                   ADDRESS         
           =====                   =======         
           delete_test             000037BC 
               calls direct
               XSTACK = 00000000 ( 0000000C )
    -------------------------------------------------------------------------
<BANKED_CODE> 1 (was BANKED_CODE)
  Relative segment, address: CODE 00003810 - 0000382D (0x1e bytes), align: 0
  Segment part 52.            Intra module refs:   suite_fbuf::?relay
           ENTRY                   ADDRESS         REF BY
           =====                   =======         ======
           suite_fbuf              00003810 
               calls direct
               ISTACK = 00000000 ( 00000002 )
    -------------------------------------------------------------------------
XDATA_ID
  Relative segment, address: CODE 00000163 - 00000167 (0x5 bytes), align: 0
  Segment part 7.             Intra module refs:   Segment part 6
    -------------------------------------------------------------------------
XDATA_ID
  Relative segment, address: CODE 00000168 - 0000017F (0x18 bytes), align: 0
  Segment part 9.             Intra module refs:   Segment part 8
    -------------------------------------------------------------------------
XDATA_ID
  Relative segment, address: CODE 00000180 - 00000196 (0x17 bytes), align: 0
  Segment part 11.            Intra module refs:   Segment part 10
    -------------------------------------------------------------------------
XDATA_ID
  Relative segment, address: CODE 00000197 - 000001AD (0x17 bytes), align: 0
  Segment part 13.            Intra module refs:   Segment part 12
    -------------------------------------------------------------------------
XDATA_ID
  Relative segment, address: CODE 000001AE - 000001C3 (0x16 bytes), align: 0
  Segment part 15.            Intra module refs:   Segment part 14
    -------------------------------------------------------------------------
XDATA_ID
  Relative segment, address: CODE 000001C4 - 000001DC (0x19 bytes), align: 0
  Segment part 17.            Intra module refs:   Segment part 16
    -------------------------------------------------------------------------
XDATA_ID
  Relative segment, address: CODE 000001DD - 000001F4 (0x18 bytes), align: 0
  Segment part 19.            Intra module refs:   Segment part 18
    -------------------------------------------------------------------------
XDATA_ID
  Relative segment, address: CODE 000001F5 - 00000205 (0x11 bytes), align: 0
  Segment part 21.            Intra module refs:   Segment part 20
    -------------------------------------------------------------------------
XDATA_ID
  Relative segment, address: CODE 00000206 - 00000216 (0x11 bytes), align: 0
  Segment part 23.            Intra module refs:   Segment part 22
    -------------------------------------------------------------------------
XDATA_ID
  Relative segment, address: CODE 00000217 - 0000022A (0x14 bytes), align: 0
  Segment part 25.            Intra module refs:   Segment part 24
    -------------------------------------------------------------------------
XDATA_ID
  Relative segment, address: CODE 0000022B - 00000239 (0xf bytes), align: 0
  Segment part 27.            Intra module refs:   Segment part 26
    -------------------------------------------------------------------------
XDATA_ID
  Relative segment, address: CODE 0000023A - 00000248 (0xf bytes), align: 0
  Segment part 29.            Intra module refs:   Segment part 28
    -------------------------------------------------------------------------
XDATA_ID
  Relative segment, address: CODE 00000249 - 00000257 (0xf bytes), align: 0
  Segment part 31.            Intra module refs:   Segment part 30
    -------------------------------------------------------------------------
XDATA_ID
  Relative segment, address: CODE 00000258 - 00000267 (0x10 bytes), align: 0
  Segment part 33.            Intra module refs:   Segment part 32
    -------------------------------------------------------------------------
XDATA_ID
  Relative segment, address: CODE 00000268 - 0000027F (0x18 bytes), align: 0
  Segment part 35.            Intra module refs:   Segment part 34
    -------------------------------------------------------------------------
XDATA_ID
  Relative segment, address: CODE 00000280 - 0000029A (0x1b bytes), align: 0
  Segment part 37.            Intra module refs:   Segment part 36
    -------------------------------------------------------------------------
XDATA_ID
  Relative segment, address: CODE 0000029B - 000002B2 (0x18 bytes), align: 0
  Segment part 39.            Intra module refs:   Segment part 38
    -------------------------------------------------------------------------
XDATA_ID
  Relative segment, address: CODE 000002B3 - 000002BE (0xc bytes), align: 0
  Segment part 41.            Intra module refs:   Segment part 40
    -------------------------------------------------------------------------
XDATA_ID
  Relative segment, address: CODE 000002BF - 000002CA (0xc bytes), align: 0
  Segment part 43.            Intra module refs:   Segment part 42
    -------------------------------------------------------------------------
BANK_RELAYS
  Relative segment, address: CODE 00000526 - 0000052B (0x6 bytes), align: 0
  Segment part 45.            Intra module refs:   suite_fbuf
           LOCAL                   ADDRESS         
           =====                   =======         
           test_create::?relay     00000526 
    -------------------------------------------------------------------------
BANK_RELAYS
  Relative segment, address: CODE 0000052C - 00000531 (0x6 bytes), align: 0
  Segment part 47.            Intra module refs:   suite_fbuf
           LOCAL                   ADDRESS         
           =====                   =======         
           test_logic::?relay      0000052C 
    -------------------------------------------------------------------------
BANK_RELAYS
  Relative segment, address: CODE 00000532 - 00000537 (0x6 bytes), align: 0
  Segment part 49.            Intra module refs:   suite_fbuf
           LOCAL                   ADDRESS         
           =====                   =======         
           raw_data_test::?relay   00000532 
    -------------------------------------------------------------------------
BANK_RELAYS
  Relative segment, address: CODE 00000538 - 0000053D (0x6 bytes), align: 0
  Segment part 51.            Intra module refs:   suite_fbuf
           LOCAL                   ADDRESS         
           =====                   =======         
           delete_test::?relay     00000538 
    -------------------------------------------------------------------------
BANK_RELAYS
  Relative segment, address: CODE 0000053E - 00000543 (0x6 bytes), align: 0
  Segment part 53.
           ENTRY                   ADDRESS         REF BY
           =====                   =======         ======
           suite_fbuf::?relay      0000053E        main (utest)
    -------------------------------------------------------------------------
XDATA_I
  Relative segment, address: XDATA 00000FBC - 00000FC0 (0x5 bytes), align: 0
  Segment part 6.             Intra module refs:   delete_test
                                                   raw_data_test
                                                   test_create
                                                   test_logic
    -------------------------------------------------------------------------
XDATA_I
  Relative segment, address: XDATA 00000FC1 - 00000FD8 (0x18 bytes), align: 0
  Segment part 8.             Intra module refs:   test_create
    -------------------------------------------------------------------------
XDATA_I
  Relative segment, address: XDATA 00000FD9 - 00000FEF (0x17 bytes), align: 0
  Segment part 10.            Intra module refs:   test_create
    -------------------------------------------------------------------------
XDATA_I
  Relative segment, address: XDATA 00000FF0 - 00001006 (0x17 bytes), align: 0
  Segment part 12.            Intra module refs:   test_create
    -------------------------------------------------------------------------
XDATA_I
  Relative segment, address: XDATA 00001007 - 0000101C (0x16 bytes), align: 0
  Segment part 14.            Intra module refs:   test_create
    -------------------------------------------------------------------------
XDATA_I
  Relative segment, address: XDATA 0000101D - 00001035 (0x19 bytes), align: 0
  Segment part 16.            Intra module refs:   test_create
    -------------------------------------------------------------------------
XDATA_I
  Relative segment, address: XDATA 00001036 - 0000104D (0x18 bytes), align: 0
  Segment part 18.            Intra module refs:   test_create
    -------------------------------------------------------------------------
XDATA_I
  Relative segment, address: XDATA 0000104E - 0000105E (0x11 bytes), align: 0
  Segment part 20.            Intra module refs:   test_logic
    -------------------------------------------------------------------------
XDATA_I
  Relative segment, address: XDATA 0000105F - 0000106F (0x11 bytes), align: 0
  Segment part 22.            Intra module refs:   test_logic
    -------------------------------------------------------------------------
XDATA_I
  Relative segment, address: XDATA 00001070 - 00001083 (0x14 bytes), align: 0
  Segment part 24.            Intra module refs:   test_logic
    -------------------------------------------------------------------------
XDATA_I
  Relative segment, address: XDATA 00001084 - 00001092 (0xf bytes), align: 0
  Segment part 26.            Intra module refs:   test_logic
    -------------------------------------------------------------------------
XDATA_I
  Relative segment, address: XDATA 00001093 - 000010A1 (0xf bytes), align: 0
  Segment part 28.            Intra module refs:   test_logic
    -------------------------------------------------------------------------
XDATA_I
  Relative segment, address: XDATA 000010A2 - 000010B0 (0xf bytes), align: 0
  Segment part 30.            Intra module refs:   test_logic
    -------------------------------------------------------------------------
XDATA_I
  Relative segment, address: XDATA 000010B1 - 000010C0 (0x10 bytes), align: 0
  Segment part 32.            Intra module refs:   test_logic
    -------------------------------------------------------------------------
XDATA_I
  Relative segment, address: XDATA 000010C1 - 000010D8 (0x18 bytes), align: 0
  Segment part 34.            Intra module refs:   raw_data_test
    -------------------------------------------------------------------------
XDATA_I
  Relative segment, address: XDATA 000010D9 - 000010F3 (0x1b bytes), align: 0
  Segment part 36.            Intra module refs:   raw_data_test
    -------------------------------------------------------------------------
XDATA_I
  Relative segment, address: XDATA 000010F4 - 0000110B (0x18 bytes), align: 0
  Segment part 38.            Intra module refs:   raw_data_test
    -------------------------------------------------------------------------
XDATA_I
  Relative segment, address: XDATA 0000110C - 00001117 (0xc bytes), align: 0
  Segment part 40.            Intra module refs:   delete_test
    -------------------------------------------------------------------------
XDATA_I
  Relative segment, address: XDATA 00001118 - 00001123 (0xc bytes), align: 0
  Segment part 42.            Intra module refs:   suite_fbuf

    *************************************************************************

  FILE NAME : \\vmware-host\Shared Folders\Projects\WMNU\IAR\PRJ_UNITEST\Debug\Obj\utest_frame.r51
  PROGRAM MODULE, NAME : utest_frame

  SEGMENTS IN THE MODULE
  ======================
<BANKED_CODE> 1 (was BANKED_CODE)
  Relative segment, address: CODE 00002D74 - 00002DF9 (0x86 bytes), align: 0
  Segment part 36.            Intra module refs:   insert1_test::?relay
           LOCAL                   ADDRESS         
           =====                   =======         
           insert1_test            00002D74 
               calls direct
               XSTACK = 00000000 ( 0000000C )
    -------------------------------------------------------------------------
<BANKED_CODE> 1 (was BANKED_CODE)
  Relative segment, address: CODE 00002DFA - 00002E7F (0x86 bytes), align: 0
  Segment part 38.            Intra module refs:   insert2_test::?relay
           LOCAL                   ADDRESS         
           =====                   =======         
           insert2_test            00002DFA 
               calls direct
               XSTACK = 00000000 ( 0000000C )
    -------------------------------------------------------------------------
<BANKED_CODE> 1 (was BANKED_CODE)
  Relative segment, address: CODE 00002E80 - 00002FF6 (0x177 bytes), align: 0
  Segment part 40.            Intra module refs:   insert3_test::?relay
           LOCAL                   ADDRESS         
           =====                   =======         
           insert3_test            00002E80 
               calls direct
               XSTACK = 00000000 ( 00000014 )
    -------------------------------------------------------------------------
<BANKED_CODE> 1 (was BANKED_CODE)
  Relative segment, address: CODE 00002FF7 - 000031F0 (0x1fa bytes), align: 0
  Segment part 42.            Intra module refs:   delete_test::?relay
           LOCAL                   ADDRESS         
           =====                   =======         
           delete_test             00002FF7 
               calls direct
               XSTACK = 00000000 ( 0000001A )
    -------------------------------------------------------------------------
<BANKED_CODE> 1 (was BANKED_CODE)
  Relative segment, address: CODE 000031F1 - 00003367 (0x177 bytes), align: 0
  Segment part 44.            Intra module refs:   insert4_test::?relay
           LOCAL                   ADDRESS         
           =====                   =======         
           insert4_test            000031F1 
               calls direct
               XSTACK = 00000000 ( 00000014 )
    -------------------------------------------------------------------------
<BANKED_CODE> 1 (was BANKED_CODE)
  Relative segment, address: CODE 00003368 - 0000343A (0xd3 bytes), align: 0
  Segment part 46.            Intra module refs:   tot_len_test::?relay
           LOCAL                   ADDRESS         
           =====                   =======         
           tot_len_test            00003368 
               calls direct
               XSTACK = 00000000 ( 0000001C )
    -------------------------------------------------------------------------
<BANKED_CODE> 1 (was BANKED_CODE)
  Relative segment, address: CODE 0000343B - 0000345E (0x24 bytes), align: 0
  Segment part 48.            Intra module refs:   suite_frame::?relay
           ENTRY                   ADDRESS         REF BY
           =====                   =======         ======
           suite_frame             0000343B 
               calls direct
               ISTACK = 00000000 ( 00000002 )
    -------------------------------------------------------------------------
XDATA_ID
  Relative segment, address: CODE 000002CB - 000002D0 (0x6 bytes), align: 0
  Segment part 7.             Intra module refs:   Segment part 6
    -------------------------------------------------------------------------
XDATA_ID
  Relative segment, address: CODE 000002D1 - 000002E8 (0x18 bytes), align: 0
  Segment part 9.             Intra module refs:   Segment part 8
    -------------------------------------------------------------------------
XDATA_ID
  Relative segment, address: CODE 000002E9 - 00000300 (0x18 bytes), align: 0
  Segment part 11.            Intra module refs:   Segment part 10
    -------------------------------------------------------------------------
XDATA_ID
  Relative segment, address: CODE 00000301 - 00000318 (0x18 bytes), align: 0
  Segment part 13.            Intra module refs:   Segment part 12
    -------------------------------------------------------------------------
XDATA_ID
  Relative segment, address: CODE 00000319 - 00000330 (0x18 bytes), align: 0
  Segment part 15.            Intra module refs:   Segment part 14
    -------------------------------------------------------------------------
XDATA_ID
  Relative segment, address: CODE 00000331 - 0000033F (0xf bytes), align: 0
  Segment part 17.            Intra module refs:   Segment part 16
    -------------------------------------------------------------------------
XDATA_ID
  Relative segment, address: CODE 00000340 - 0000034E (0xf bytes), align: 0
  Segment part 19.            Intra module refs:   Segment part 18
    -------------------------------------------------------------------------
XDATA_ID
  Relative segment, address: CODE 0000034F - 0000035D (0xf bytes), align: 0
  Segment part 21.            Intra module refs:   Segment part 20
    -------------------------------------------------------------------------
XDATA_ID
  Relative segment, address: CODE 0000035E - 0000036D (0x10 bytes), align: 0
  Segment part 23.            Intra module refs:   Segment part 22
    -------------------------------------------------------------------------
XDATA_ID
  Relative segment, address: CODE 0000036E - 0000037E (0x11 bytes), align: 0
  Segment part 25.            Intra module refs:   Segment part 24
    -------------------------------------------------------------------------
XDATA_ID
  Relative segment, address: CODE 0000037F - 0000038F (0x11 bytes), align: 0
  Segment part 27.            Intra module refs:   Segment part 26
    -------------------------------------------------------------------------
XDATA_ID
  Relative segment, address: CODE 00000390 - 000003A0 (0x11 bytes), align: 0
  Segment part 29.            Intra module refs:   Segment part 28
    -------------------------------------------------------------------------
XDATA_ID
  Relative segment, address: CODE 000003A1 - 000003B1 (0x11 bytes), align: 0
  Segment part 31.            Intra module refs:   Segment part 30
    -------------------------------------------------------------------------
XDATA_ID
  Relative segment, address: CODE 000003B2 - 000003C0 (0xf bytes), align: 0
  Segment part 33.            Intra module refs:   Segment part 32
    -------------------------------------------------------------------------
XDATA_ID
  Relative segment, address: CODE 000003C1 - 000003CC (0xc bytes), align: 0
  Segment part 35.            Intra module refs:   Segment part 34
    -------------------------------------------------------------------------
BANK_RELAYS
  Relative segment, address: CODE 00000544 - 00000549 (0x6 bytes), align: 0
  Segment part 37.            Intra module refs:   suite_frame
           LOCAL                   ADDRESS         
           =====                   =======         
           insert1_test::?relay    00000544 
    -------------------------------------------------------------------------
BANK_RELAYS
  Relative segment, address: CODE 0000054A - 0000054F (0x6 bytes), align: 0
  Segment part 39.            Intra module refs:   suite_frame
           LOCAL                   ADDRESS         
           =====                   =======         
           insert2_test::?relay    0000054A 
[...]
           LOCAL                   ADDRESS         
           =====                   =======         
           _PutcharsLarge          00002D17 
               calls direct
               XSTACK = 00000070 ( 00000010 )
    -------------------------------------------------------------------------
<BANKED_CODE> 1 (was BANKED_CODE)
  Relative segment, address: CODE 00002D69 - 00002D73 (0xb bytes), align: 0
  Segment part 157.           Intra module refs:   Segment part 119
                                                   _PutcharsLarge
    -------------------------------------------------------------------------
XDATA_ID
  Relative segment, address: CODE 00000483 - 00000489 (0x7 bytes), align: 0
  Segment part 7.             Intra module refs:   Segment part 6
    -------------------------------------------------------------------------
XDATA_ID
  Relative segment, address: CODE 0000048A - 0000048D (0x4 bytes), align: 0
  Segment part 9.             Intra module refs:   Segment part 8
    -------------------------------------------------------------------------
XDATA_ID
  Relative segment, address: CODE 0000048E - 00000491 (0x4 bytes), align: 0
  Segment part 11.            Intra module refs:   Segment part 10
    -------------------------------------------------------------------------
XDATA_ID
  Relative segment, address: CODE 00000492 - 00000495 (0x4 bytes), align: 0
  Segment part 13.            Intra module refs:   Segment part 12
    -------------------------------------------------------------------------
XDATA_ID
  Relative segment, address: CODE 00000496 - 00000499 (0x4 bytes), align: 0
  Segment part 15.            Intra module refs:   Segment part 14
    -------------------------------------------------------------------------
XDATA_ID
  Relative segment, address: CODE 0000049A - 0000049B (0x2 bytes), align: 0
  Segment part 17.            Intra module refs:   Segment part 16
    -------------------------------------------------------------------------
XDATA_ID
  Relative segment, address: CODE 0000049C - 0000049F (0x4 bytes), align: 0
  Segment part 19.            Intra module refs:   __Constant_ffff
    -------------------------------------------------------------------------
XDATA_ID
  Relative segment, address: CODE 000004A0 - 000004A3 (0x4 bytes), align: 0
  Segment part 21.            Intra module refs:   __Constant_0
    -------------------------------------------------------------------------
XDATA_ID
  Relative segment, address: CODE 000004A4 - 000004A7 (0x4 bytes), align: 0
  Segment part 23.            Intra module refs:   __Constant_7597
    -------------------------------------------------------------------------
XDATA_ID
  Relative segment, address: CODE 000004A8 - 000004AB (0x4 bytes), align: 0
  Segment part 25.            Intra module refs:   __Constant_186a0
    -------------------------------------------------------------------------
XDATA_ID
  Relative segment, address: CODE 000004AC - 000004AF (0x4 bytes), align: 0
  Segment part 27.            Intra module refs:   __Constant_3f800000
    -------------------------------------------------------------------------
XDATA_ID
  Relative segment, address: CODE 000004B0 - 000004B3 (0x4 bytes), align: 0
  Segment part 31.            Intra module refs:   __Constant_4cbebc20
    -------------------------------------------------------------------------
BANK_RELAYS
  Relative segment, address: CODE 000005D4 - 000005D9 (0x6 bytes), align: 0
  Segment part 33.
           ENTRY                   ADDRESS         REF BY
           =====                   =======         ======
           _PrintfLarge::?relay    000005D4        printf (?printf)
    -------------------------------------------------------------------------
BANK_RELAYS
  Relative segment, address: CODE 000005DA - 000005DF (0x6 bytes), align: 0
  Segment part 63.            Intra module refs:   _PrintfLarge
           LOCAL                   ADDRESS         
           =====                   =======         
           pad::?relay             000005DA 
    -------------------------------------------------------------------------
BANK_RELAYS
  Relative segment, address: CODE 000005E0 - 000005E5 (0x6 bytes), align: 0
  Segment part 65.            Intra module refs:   _PrintfLarge
           LOCAL                   ADDRESS         
           =====                   =======         
           _LitobLarge::?relay     000005E0 
    -------------------------------------------------------------------------
BANK_RELAYS
  Relative segment, address: CODE 000005E6 - 000005EB (0x6 bytes), align: 0
  Segment part 79.            Intra module refs:   _LdtobLarge
           LOCAL                   ADDRESS         
           =====                   =======         
           scale::?relay           000005E6 
    -------------------------------------------------------------------------
BANK_RELAYS
  Relative segment, address: CODE 000005EC - 000005F1 (0x6 bytes), align: 0
  Segment part 82.            Intra module refs:   _PrintfLarge
           LOCAL                   ADDRESS         
           =====                   =======         
           _LdtobLarge::?relay     000005EC 
    -------------------------------------------------------------------------
BANK_RELAYS
  Relative segment, address: CODE 000005F2 - 000005F7 (0x6 bytes), align: 0
  Segment part 115.           Intra module refs:   _LdtobLarge
           LOCAL                   ADDRESS         
           =====                   =======         
           _GenldLarge::?relay     000005F2 
    -------------------------------------------------------------------------
BANK_RELAYS
  Relative segment, address: CODE 000005F8 - 000005FD (0x6 bytes), align: 0
  Segment part 154.           Intra module refs:   _PrintfLarge
                                                   _PutcharsLarge
           LOCAL                   ADDRESS         
           =====                   =======         
           _PutcharLarge::?relay   000005F8 
    -------------------------------------------------------------------------
BANK_RELAYS
  Relative segment, address: CODE 000005FE - 00000603 (0x6 bytes), align: 0
  Segment part 156.           Intra module refs:   _PrintfLarge
                                                   pad
           LOCAL                   ADDRESS         
           =====                   =======         
           _PutcharsLarge::?relay
                                   000005FE 
    -------------------------------------------------------------------------
XDATA_I
  Relative segment, address: XDATA 000012DC - 000012E2 (0x7 bytes), align: 0
  Segment part 6.             Intra module refs:   _PrintfLarge
    -------------------------------------------------------------------------
XDATA_I
  Relative segment, address: XDATA 000012E3 - 000012E6 (0x4 bytes), align: 0
  Segment part 8.             Intra module refs:   _LdtobLarge
    -------------------------------------------------------------------------
XDATA_I
  Relative segment, address: XDATA 000012E7 - 000012EA (0x4 bytes), align: 0
  Segment part 10.            Intra module refs:   _LdtobLarge
    -------------------------------------------------------------------------
XDATA_I
  Relative segment, address: XDATA 000012EB - 000012EE (0x4 bytes), align: 0
  Segment part 12.            Intra module refs:   _LdtobLarge
    -------------------------------------------------------------------------
XDATA_I
  Relative segment, address: XDATA 000012EF - 000012F2 (0x4 bytes), align: 0
  Segment part 14.            Intra module refs:   _LdtobLarge
    -------------------------------------------------------------------------
XDATA_I
  Relative segment, address: XDATA 000012F3 - 000012F4 (0x2 bytes), align: 0
  Segment part 16.            Intra module refs:   _GenldLarge
    -------------------------------------------------------------------------
XDATA_I
  Relative segment, address: XDATA 000012F5 - 000012F8 (0x4 bytes), align: 0
  Segment part 18.            Intra module refs:   _PrintfLarge
           ENTRY                   ADDRESS         REF BY
           =====                   =======         ======
           __Constant_ffff         000012F5 
    -------------------------------------------------------------------------
XDATA_I
  Relative segment, address: XDATA 000012F9 - 000012FC (0x4 bytes), align: 0
  Segment part 20.            Intra module refs:   _LdtobLarge
                                                   _LitobLarge
                                                   _PrintfLarge
           ENTRY                   ADDRESS         REF BY
           =====                   =======         ======
           __Constant_0            000012F9 
    -------------------------------------------------------------------------
XDATA_I
  Relative segment, address: XDATA 000012FD - 00001300 (0x4 bytes), align: 0
  Segment part 22.            Intra module refs:   _LdtobLarge
           ENTRY                   ADDRESS         REF BY
           =====                   =======         ======
           __Constant_7597         000012FD 
    -------------------------------------------------------------------------
XDATA_I
  Relative segment, address: XDATA 00001301 - 00001304 (0x4 bytes), align: 0
  Segment part 24.            Intra module refs:   _LdtobLarge
           ENTRY                   ADDRESS         REF BY
           =====                   =======         ======
           __Constant_186a0        00001301 
    -------------------------------------------------------------------------
XDATA_I
  Relative segment, address: XDATA 00001305 - 00001308 (0x4 bytes), align: 0
  Segment part 26.            Intra module refs:   _LdtobLarge
           ENTRY                   ADDRESS         REF BY
           =====                   =======         ======
           __Constant_3f800000     00001305 
    -------------------------------------------------------------------------
XDATA_I
  Relative segment, address: XDATA 00001309 - 0000130C (0x4 bytes), align: 0
  Segment part 30.            Intra module refs:   _LdtobLarge
           ENTRY                   ADDRESS         REF BY
           =====                   =======         ======
           __Constant_4cbebc20     00001309 

    -------------------------------------------------------------------------
  LIBRARY MODULE, NAME : ?xprout

  SEGMENTS IN THE MODULE
  ======================
<BANKED_CODE> 1 (was BANKED_CODE)
  Relative segment, address: CODE 000042A9 - 000042D3 (0x2b bytes), align: 0
  Segment part 6.             Intra module refs:   _Prout::?relay
           ENTRY                   ADDRESS         REF BY
           =====                   =======         ======
           _Prout                  000042A9 
               calls direct
               XSTACK = 00000000 ( 0000000E )
    -------------------------------------------------------------------------
BANK_RELAYS
  Relative segment, address: CODE 00000604 - 00000609 (0x6 bytes), align: 0
  Segment part 7.
           ENTRY                   ADDRESS         REF BY
           =====                   =======         ======
           _Prout::?relay          00000604        printf (?printf)

    -------------------------------------------------------------------------
  LIBRARY MODULE, NAME : ?xxmemxfree

  SEGMENTS IN THE MODULE
  ======================
<BANKED_CODE> 1 (was BANKED_CODE)
  Relative segment, address: CODE 00003CD6 - 00003E0D (0x138 bytes), align: 0
  Segment part 6.             Intra module refs:   __xdata_free::?relay
           ENTRY                   ADDRESS         REF BY
           =====                   =======         ======
           __xdata_free            00003CD6 
               XSTACK = 0000000A ( 0000000E )
    -------------------------------------------------------------------------
<BANKED_CODE> 1 (was BANKED_CODE)
  Relative segment, address: CODE 00003E0E - 00003E15 (0x8 bytes), align: 0
  Segment part 8.             Intra module refs:   __xdata_free
    -------------------------------------------------------------------------
BANK_RELAYS
  Relative segment, address: CODE 0000060A - 0000060F (0x6 bytes), align: 0
  Segment part 7.
           ENTRY                   ADDRESS         REF BY
           =====                   =======         ======
           __xdata_free::?relay    0000060A        __xdata_malloc (?xxmemxmalloc)
                                                   free (fbuf)

    -------------------------------------------------------------------------
  LIBRARY MODULE, NAME : ?xxmemxmalloc

  SEGMENTS IN THE MODULE
  ======================
XDATA_Z
  Relative segment, address: XDATA 00000F0A - 00000F0D (0x4 bytes), align: 0
  Segment part 6.             Intra module refs:   __xdata_malloc
           ENTRY                   ADDRESS         REF BY
           =====                   =======         ======
           __xdata_Aldata          00000F0A        __xdata_free (?xxmemxfree)
    -------------------------------------------------------------------------
<BANKED_CODE> 1 (was BANKED_CODE)
  Relative segment, address: CODE 0000382E - 000039A0 (0x173 bytes), align: 0
  Segment part 8.             Intra module refs:   __xdata_malloc::?relay
           ENTRY                   ADDRESS         REF BY
           =====                   =======         ======
           __xdata_malloc          0000382E 
               calls direct
               XSTACK = 0000000A ( 0000000F )
    -------------------------------------------------------------------------
<BANKED_CODE> 1 (was BANKED_CODE)
  Relative segment, address: CODE 000039A1 - 000039A9 (0x9 bytes), align: 0
  Segment part 10.            Intra module refs:   __xdata_malloc
    -------------------------------------------------------------------------
<BANKED_CODE> 1 (was BANKED_CODE)
  Relative segment, address: CODE 000039AA - 000039AD (0x4 bytes), align: 0
  Segment part 11.            Intra module refs:   __xdata_malloc
    -------------------------------------------------------------------------
<BANKED_CODE> 1 (was BANKED_CODE)
  Relative segment, address: CODE 000039AE - 000039B3 (0x6 bytes), align: 0
  Segment part 12.            Intra module refs:   Segment part 11
                                                   __xdata_malloc
    -------------------------------------------------------------------------
<BANKED_CODE> 1 (was BANKED_CODE)
  Relative segment, address: CODE 000039B4 - 000039B7 (0x4 bytes), align: 0
  Segment part 13.            Intra module refs:   __xdata_malloc
    -------------------------------------------------------------------------
<BANKED_CODE> 1 (was BANKED_CODE)
  Relative segment, address: CODE 000039B8 - 000039BD (0x6 bytes), align: 0
  Segment part 14.            Intra module refs:   Segment part 12
                                                   Segment part 13
                                                   __xdata_malloc
    -------------------------------------------------------------------------
<BANKED_CODE> 1 (was BANKED_CODE)
  Relative segment, address: CODE 000039BE - 000039C5 (0x8 bytes), align: 0
  Segment part 15.            Intra module refs:   __xdata_malloc
    -------------------------------------------------------------------------
BANK_RELAYS
  Relative segment, address: CODE 00000610 - 00000615 (0x6 bytes), align: 0
  Segment part 9.
           ENTRY                   ADDRESS         REF BY
           =====                   =======         ======
           __xdata_malloc::?relay
                                   00000610        malloc (fbuf)




                ****************************************
                *                                      *
                *      SEGMENTS IN ADDRESS ORDER       *
                *                                      *
                ****************************************


SEGMENT              SPACE    START ADDRESS   END ADDRESS     SIZE  TYPE  ALIGN
=======              =====    =============   ===========     ====  ====  =====
INTVEC               CODE          00000000 - 0000002D          2E   com    0
CSTART               CODE          0000002E - 000000B4          87   rel    0
BDATA_ID             CODE               000000B5                     dse    0
BIT_ID               CODE               000000B5                     dse    0
DATA_ID              CODE               000000B5                     dse    0
IDATA_ID             CODE               000000B5                     dse    0
IXDATA_ID            CODE               000000B5                     dse    0
PDATA_ID             CODE               000000B5                     dse    0
XDATA_ID             CODE          000000B5 - 000004B3         3FF   rel    0
BANK_RELAYS          CODE          000004B4 - 00000615         162   rel    0
RCODE                CODE          00000616 - 000012C0         CAB   rel    0
CODE_N               CODE               000012C1                     dse    0
DIFUNCT              CODE               000012C1                     rel    0
CODE_C               CODE               000012C1                     dse    0
NEAR_CODE            CODE          000012C1 - 000012FC          3C   rel    0
<BANKED_CODE> 1      CODE          000012FD - 0000438D        3091   rel    0
REGISTERS            DATA          00000000 - 00000007           8   rel    0
VREG                 DATA          00000008 - 0000000F           8   rel    0
PSP                  DATA               00000010                     dse    0
XSP                  DATA          00000010 - 00000011           2   rel    0
BREG                 BIT        00000020.0  -  00000020.7        8   rel    0
SFR_AN               DATA          00000080 - 00000080           1   rel    0
                     DATA          00000091 - 00000091           1 
                     DATA          00000094 - 00000097           4 
                     DATA          0000009D - 0000009E           2 
                     DATA          000000A2 - 000000A5           4 
                     DATA          000000A8 - 000000A8           1 
                     DATA          000000AD - 000000AD           1 
                     DATA          000000B3 - 000000B3           1 
                     DATA          000000C0 - 000000C0           1 
                     DATA          000000C6 - 000000C6           1 
                     DATA          000000D2 - 000000D7           6 
                     DATA          000000D9 - 000000D9           1 
                     DATA          000000E1 - 000000E1           1 
                     DATA          000000E9 - 000000E9           1 
                     DATA          000000FD - 000000FD           1 
XSTACK               XDATA         00000001 - 00000EFF         EFF   rel    0
XDATA_Z              XDATA         00000F00 - 00000F0D           E   rel    0
XDATA_I              XDATA         00000F0E - 0000130C         3FF   rel    0
XDATA_HEAP           XDATA         0000130D - 0000140B          FF   dse    0
ISTACK               IDATA         000000C0 - 000000FF          40   rel    0

                ****************************************
                *                                      *
                *        END OF CROSS REFERENCE        *
                *                                      *
                ****************************************

 17 294 bytes of CODE  memory
     18 bytes of DATA  memory (+ 27 absolute )
  5 131 bytes of XDATA memory
     64 bytes of IDATA memory
      8 bits  of BIT   memory

Errors: none
Warnings: none

