################################################################################
#                                                                              #
#      IAR Universal Linker V6.4.6.89                                          #
#                                                                              #
#           Link time     =  15/Jan/2020  21:39:48                             #
#           Target CPU    =  x51                                               #
#           List file     =  "\\vmware-host\Shared Folders\Projects\WMNU\IAR\P #
#                            RJ_UNITEST\Debug\List\unitest.map"                #
#           Output file 1 =  "\\vmware-host\Shared Folders\Projects\WMNU\IAR\P #
#                            RJ_UNITEST\Debug\Exe\unitest.d51"                 #
#                            Format: ubrof10                                   #
#                            UBROF version 10.0.6                              #
#                            Using library modules for C-SPY (-rt)             #
#           Command line  =  -f                                                #
#                            C:\Users\08A4~1\AppData\Local\Temp\EW1DBE.tmp     #
#                            ("\\vmware-host\Shared Folders\Projects\WMNU\IAR\ #
#                            PRJ_UNITEST\Debug\Obj\coder.r51"                  #
#                            "\\vmware-host\Shared Folders\Projects\WMNU\IAR\P #
#                            RJ_UNITEST\Debug\Obj\config.r51"                  #
#                            "\\vmware-host\Shared Folders\Projects\WMNU\IAR\P #
#                            RJ_UNITEST\Debug\Obj\delays.r51"                  #
#                            "\\vmware-host\Shared Folders\Projects\WMNU\IAR\P #
#                            RJ_UNITEST\Debug\Obj\ethernet.r51"                #
#                            "\\vmware-host\Shared Folders\Projects\WMNU\IAR\P #
#                            RJ_UNITEST\Debug\Obj\frame.r51"                   #
#                            "\\vmware-host\Shared Folders\Projects\WMNU\IAR\P #
#                            RJ_UNITEST\Debug\Obj\LLC.r51"                     #
#                            "\\vmware-host\Shared Folders\Projects\WMNU\IAR\P #
#                            RJ_UNITEST\Debug\Obj\MAC.r51"                     #
#                            "\\vmware-host\Shared Folders\Projects\WMNU\IAR\P #
#                            RJ_UNITEST\Debug\Obj\manager.r51"                 #
#                            "\\vmware-host\Shared Folders\Projects\WMNU\IAR\P #
#                            RJ_UNITEST\Debug\Obj\mem.r51"                     #
#                            "\\vmware-host\Shared Folders\Projects\WMNU\IAR\P #
#                            RJ_UNITEST\Debug\Obj\NTMR.r51"                    #
#                            "\\vmware-host\Shared Folders\Projects\WMNU\IAR\P #
#                            RJ_UNITEST\Debug\Obj\nwdebuger.r51"               #
#                            "\\vmware-host\Shared Folders\Projects\WMNU\IAR\P #
#                            RJ_UNITEST\Debug\Obj\RADIO.r51"                   #
#                            "\\vmware-host\Shared Folders\Projects\WMNU\IAR\P #
#                            RJ_UNITEST\Debug\Obj\sync.r51"                    #
#                            "\\vmware-host\Shared Folders\Projects\WMNU\IAR\P #
#                            RJ_UNITEST\Debug\Obj\TIC.r51"                     #
#                            "\\vmware-host\Shared Folders\Projects\WMNU\IAR\P #
#                            RJ_UNITEST\Debug\Obj\utest.r51"                   #
#                            "\\vmware-host\Shared Folders\Projects\WMNU\IAR\P #
#                            RJ_UNITEST\Debug\Obj\utest_GW.r51"                #
#                            "\\vmware-host\Shared Folders\Projects\WMNU\IAR\P #
#                            RJ_UNITEST\Debug\Obj\utest_NODE.r51"              #
#                            "\\vmware-host\Shared Folders\Projects\WMNU\IAR\P #
#                            RJ_UNITEST\Debug\Obj\utest_suite.r51"             #
#                            -o                                                #
#                            "\\vmware-host\Shared Folders\Projects\WMNU\IAR\P #
#                            RJ_UNITEST\Debug\Exe\unitest.d51"                 #
#                            -l                                                #
#                            "\\vmware-host\Shared Folders\Projects\WMNU\IAR\P #
#                            RJ_UNITEST\Debug\List\unitest.map"                #
#                            -xmsno                                            #
#                            "-IC:\Program Files (x86)\IAR Systems\Embedded Wo #
#                            rkbench 8.0\8051\LIB\"                            #
#                            -f                                                #
#                            "C:\Program Files (x86)\IAR Systems\Embedded Work #
#                            bench 8.0\8051\config\devices\Texas Instruments\l #
#                            nk51ew_CC2530F256_banked.xcl"                     #
#                            (-D_IDATA0_START=0x00 -D_IDATA0_END=0xFF          #
#                            -D_PDATA0_START=0x1E00 -D_PDATA0_END=0x1EFF       #
#                            -D_IXDATA0_START=0x0001 -D_IXDATA0_END=0x1EFF     #
#                            -D_XDATA0_START=_IXDATA0_START                    #
#                            -D_XDATA0_END=_IXDATA0_END                        #
#                            -D_NEAR_CODE_START=0x0000                         #
#                            -D_FIRST_BANK_ADDR=0x10000 -D?REGISTER_BANK=0x0   #
#                            -D_REGISTER_BANK_START=0x0 -D_BREG_START=0x00     #
#                            -D?VB=0x20 -Z(BIT)BREG=_BREG_START                #
#                            -Z(BIT)BIT_N=0-7F                                 #
#                            -Z(DATA)REGISTERS+8=_REGISTER_BANK_START          #
#                            -Z(DATA)BDATA_Z,BDATA_N,BDATA_I=20-2F             #
#                            -Z(DATA)VREG=08-7F -Z(DATA)PSP,XSP=08-7F          #
#                            -Z(DATA)DOVERLAY=08-7F                            #
#                            -Z(DATA)DATA_I,DATA_Z,DATA_N=08-7F                #
#                            -U(IDATA)0-7F=(DATA)0-7F                          #
#                            -Z(IDATA)IDATA_I,IDATA_Z,IDATA_N=08-_IDATA0_END   #
#                            -Z(IDATA)ISTACK+_IDATA_STACK_SIZE#08-_IDATA0_END  #
#                            -Z(IDATA)IOVERLAY=08-FF -Z(CODE)INTVEC=0          #
#                            -Z(CODE)CSTART=_NEAR_CODE_START-(_CODEBANK_START- #
#                            1)                                                #
#                            -Z(CODE)BIT_ID,BDATA_ID,DATA_ID,IDATA_ID,IXDATA_I #
#                            D,PDATA_ID,XDATA_ID=_NEAR_CODE_START-(_CODEBANK_S #
#                            TART-1)                                           #
#                            -Z(CODE)BANK_RELAYS,RCODE,DIFUNCT,CODE_C,CODE_N,N #
#                            EAR_CODE=_NEAR_CODE_START-(_CODEBANK_START-1)     #
#                            -P(CODE)BANKED_CODE=_NEAR_CODE_START-(_CODEBANK_S #
#                            TART-1),[(_CODEBANK_START+_FIRST_BANK_ADDR)-(_COD #
#                            EBANK_END+_FIRST_BANK_ADDR)]*_NR_OF_BANKS+10000   #
#                            -Z(CODE)CHECKSUM#(_CODEBANK_START-1)              #
#                            -Z(XDATA)PDATA_Z,PDATA_I=_PDATA0_START-_PDATA0_EN #
#                            D                                                 #
#                            -P(XDATA)PDATA_N=_PDATA0_START-_PDATA0_END        #
#                            -Z(XDATA)PSTACK+_PDATA_STACK_SIZE=_PDATA0_START-_ #
#                            PDATA0_END                                        #
#                            -Z(XDATA)EXT_STACK+_EXTENDED_STACK_SIZE=_EXTENDED #
#                            _STACK_START                                      #
#                            -Z(XDATA)XSTACK+_XDATA_STACK_SIZE=_XDATA0_START-_ #
#                            XDATA0_END                                        #
#                            -Z(XDATA)IXDATA_Z,IXDATA_I=_IXDATA0_START-_IXDATA #
#                            0_END                                             #
#                            -P(XDATA)IXDATA_N=_IXDATA0_START-_IXDATA0_END     #
#                            -Z(XDATA)XDATA_Z,XDATA_I=_XDATA0_START-_XDATA0_EN #
#                            D                                                 #
#                            -P(XDATA)XDATA_N=_XDATA0_START-_XDATA0_END        #
#                            -Z(XDATA)XDATA_HEAP+_XDATA_HEAP_SIZE=_XDATA0_STAR #
#                            T-_XDATA0_END                                     #
#                            -Z(CONST)XDATA_ROM_C=_XDATA0_START-_XDATA0_END    #
#                            -cx51                                             #
#                            -M(CODE)[(_CODEBANK_START+_FIRST_BANK_ADDR)-(_COD #
#                            EBANK_END+_FIRST_BANK_ADDR)]*_NR_OF_BANKS+0x10000 #
#                            =0x8000                                           #
#                            -ww69=i -D_BANK0_START=0x00000                    #
#                            -D_BANK0_END=0x07FFF -D_BANK1_START=0x18000       #
#                            -D_BANK1_END=0x1FFFF -D_BANK2_START=0x28000       #
#                            -D_BANK2_END=0x2FFFF -D_BANK3_START=0x38000       #
#                            -D_BANK3_END=0x3FFFF -D_BANK4_START=0x48000       #
#                            -D_BANK4_END=0x4FFFF -D_BANK5_START=0x58000       #
#                            -D_BANK5_END=0x5FFFF -D_BANK6_START=0x68000       #
#                            -D_BANK6_END=0x6FFFF -D_BANK7_START=0x78000       #
#                            -D_BANK7_END=0x7FFFF                              #
#                            -P(CODE)BANK0=_BANK0_START-_BANK0_END             #
#                            -P(CODE)BANK1=_BANK1_START-_BANK1_END             #
#                            -P(CODE)BANK2=_BANK2_START-_BANK2_END             #
#                            -P(CODE)BANK3=_BANK3_START-_BANK3_END             #
#                            -P(CODE)BANK4=_BANK4_START-_BANK4_END             #
#                            -P(CODE)BANK5=_BANK5_START-_BANK5_END             #
#                            -P(CODE)BANK6=_BANK6_START-_BANK6_END             #
#                            -P(CODE)BANK7=_BANK7_START-_BANK7_END             #
#                            -D_FLASH_LOCK_BITS_START=0x7FFF0                  #
#                            -D_FLASH_LOCK_BITS_END=0x7FFFF                    #
#                            -Z(CODE)FLASH_LOCK_BITS=_FLASH_LOCK_BITS_START-_F #
#                            LASH_LOCK_BITS_END                                #
#                            -U(CODE)0x0000=(CODE)_FLASH_LOCK_BITS_START-_FLAS #
#                            H_LOCK_BITS_END)                                  #
#                            -D_NR_OF_VIRTUAL_REGISTERS=8 -D?PBANK=0x93        #
#                            -D?CBANK=0x9F -D?CBANK_MASK=0xFF                  #
#                            -e?BCALL_FF=?BCALL -e?BRET_FF=?BRET               #
#                            -e?BDISPATCH_FF=?BDISPATCH                        #
#                            -D_CODEBANK_START=0x8000 -D_CODEBANK_END=0xFFFF   #
#                            -D_NR_OF_BANKS=0x07                               #
#                            "-IC:\Program Files (x86)\IAR Systems\Embedded Wo #
#                            rkbench 8.0\8051\CONFIG\"                         #
#                            -e_PrintfLarge=_Printf -e_ScanfLarge=_Scanf -rt   #
#                            -s __program_start                                #
#                            "C:\Program Files (x86)\IAR Systems\Embedded Work #
#                            bench 8.0\8051\LIB\DLIB\dl-pli-blxd-1e16x01n.r51" #
#                            -D_IDATA_STACK_SIZE=0x40 -D?ESP=0 -D?ESP_MASK=0   #
#                            -D_EXTENDED_STACK_START=0                         #
#                            -D_EXTENDED_STACK_SIZE=0                          #
#                            -D_PDATA_STACK_SIZE=0x80                          #
#                            -D_XDATA_STACK_SIZE=0x300                         #
#                            -D_XDATA_HEAP_SIZE=0x1300                         #
#                            -D_FAR_HEAP_SIZE=0x0FF -D_HUGE_HEAP_SIZE=0x0FF    #
#                            -D_FAR22_HEAP_SIZE=0x0FF)                         #
#                                                                              #
#                           Copyright (C) 1987-2016 IAR Systems AB.            #
################################################################################





                ****************************************
                *                                      *
                *           CROSS REFERENCE            *
                *                                      *
                ****************************************

       Program entry at : CODE      00000085  Relocatable, from module : CSTARTUP




                ****************************************
                *                                      *
                *            RUNTIME MODEL             *
                *                                      *
                ****************************************

  __Heap_Handler             = Basic
  __SystemLibrary            = DLib
  __calling_convention       = xdata_reentrant
  __code_model               = banked
  __core                     = plain
  __data_model               = large
  __dlib_file_descriptor     = 0
  __dlib_full_locale_support = 0
  __dptr_size                = 16
  __extended_stack           = disabled
  __location_for_constants   = data
  __number_of_dptrs          = 1
  __register_banks           = *
  __rt_version               = 1

                ****************************************
                *                                      *
                *    AUTOMATIC SYMBOL REDIRECTIONS     *
                *                                      *
                ****************************************

                  There are no automatic symbol redirections.



                ****************************************
                *                                      *
                *              MODULE MAP              *
                *                                      *
                ****************************************


  DEFINED ABSOLUTE ENTRIES
    *************************************************************************

  DEFINED ABSOLUTE ENTRIES
  PROGRAM MODULE, NAME : ?ABS_ENTRY_MOD

Absolute parts
           ENTRY                   ADDRESS         REF BY
           =====                   =======         ======
           _FAR22_HEAP_SIZE        000000FF 
           _HUGE_HEAP_SIZE         000000FF 
           _FAR_HEAP_SIZE          000000FF 
           _XDATA_HEAP_SIZE        00001300 
           _XDATA_STACK_SIZE       00000300 
           _PDATA_STACK_SIZE       00000080 
           _EXTENDED_STACK_SIZE    00000000 
           _EXTENDED_STACK_START   00000000 
           ?ESP_MASK               00000000 
           ?ESP                    00000000 
           _IDATA_STACK_SIZE       00000040 
           _NR_OF_BANKS            00000007 
           _CODEBANK_END           0000FFFF 
           _CODEBANK_START         00008000 
           ?CBANK_MASK             000000FF 
           ?CBANK                  0000009F        ?RESET_CODE_BANK (CSTARTUP)
                                                   Segment part 0 (?BANKED_CODE_SUPPORT)
           ?PBANK                  00000093 
           _NR_OF_VIRTUAL_REGISTERS
                                   00000008 
           _FLASH_LOCK_BITS_END    0003FFFF 
           _FLASH_LOCK_BITS_START
                                   0003FFF0 
           _BANK7_END              0003FFFF 
           _BANK7_START            00038000 
           _BANK6_END              00037FFF 
           _BANK6_START            00030000 
           _BANK5_END              0002FFFF 
           _BANK5_START            00028000 
           _BANK4_END              00027FFF 
           _BANK4_START            00020000 
           _BANK3_END              0001FFFF 
           _BANK3_START            00018000 
           _BANK2_END              00017FFF 
           _BANK2_START            00010000 
           _BANK1_END              0000FFFF 
           _BANK1_START            00008000 
           _BANK0_END              00007FFF 
           _BANK0_START            00000000 
           ?VB                     00000020        ?BANKED_ENTER_XDATA (?BANKED_ENTER_XDATA)
                                                   ?BANKED_LEAVE_XDATA (?BANKED_LEAVE_XDATA)
                                                   ?INTERRUPT_ENTER_XSP (?INTERRUPT_ENTER_XSP)
                                                   ?INTERRUPT_LEAVE_XSP (?INTERRUPT_LEAVE_XSP)
                                                   RI_Receive (?__write)
                                                   RI_Send (?__write)
                                                   SY_TS1_HNDL_MASTER (?__write)
                                                   SendData (?__write)
           _BREG_START             00000000 
           _REGISTER_BANK_START    00000000 
           ?REGISTER_BANK          00000000        Segment part 6 (CSTARTUP)
           _FIRST_BANK_ADDR        00010000 
           _NEAR_CODE_START        00000000 
           _XDATA0_END             00001EFF 
           _XDATA0_START           00000001 
           _IXDATA0_END            00001EFF 
           _IXDATA0_START          00000001 
           _PDATA0_END             00001EFF 
           _PDATA0_START           00001E00 
           _IDATA0_END             000000FF 
           _IDATA0_START           00000000 
    *************************************************************************

  FILE NAME : \\vmware-host\Shared Folders\Projects\WMNU\IAR\PRJ_UNITEST\Debug\Obj\coder.r51
  PROGRAM MODULE, NAME : ?__write

  SEGMENTS IN THE MODULE
  ======================
SFR_AN
  Relative segment, address: DATA 00000086 - 00000086 (0x1 bytes), align: 0
  Segment part 1. ROOT        Intra module refs:   __write
                                                   nwDebugerInit
           ENTRY                   ADDRESS         REF BY
           =====                   =======         ======
           U0CSR                   00000086 
    -------------------------------------------------------------------------
SFR_AN
  Relative segment, address: DATA 00000090 - 00000090 (0x1 bytes), align: 0
  Segment part 2. ROOT        Intra module refs:   SY_TS1_HNDL_MASTER
           ENTRY                   ADDRESS         REF BY
           =====                   =======         ======
           _A_P1                   00000090 
           LOCAL                   ADDRESS         
           =====                   =======         
           P1                      00000090 
    -------------------------------------------------------------------------
SFR_AN
  Relative segment, address: DATA 00000091 - 00000091 (0x1 bytes), align: 0
  Segment part 3. ROOT        Intra module refs:   SendData
           ENTRY                   ADDRESS         REF BY
           =====                   =======         ======
           RFIRQF1                 00000091 
    -------------------------------------------------------------------------
SFR_AN
  Relative segment, address: DATA 00000094 - 00000094 (0x1 bytes), align: 0
  Segment part 4. ROOT        Intra module refs:   TIM_init
           ENTRY                   ADDRESS         REF BY
           =====                   =======         ======
           T2CTRL                  00000094 
    -------------------------------------------------------------------------
SFR_AN
  Relative segment, address: DATA 00000095 - 00000095 (0x1 bytes), align: 0
  Segment part 5. ROOT        Intra module refs:   NT_SetCompare
                                                   NT_WaitTime
                                                   ReadTimer
                                                   SendData
                                                   TimerCompareInterrupt
           ENTRY                   ADDRESS         REF BY
           =====                   =======         ======
           ST0                     00000095 
    -------------------------------------------------------------------------
SFR_AN
  Relative segment, address: DATA 00000096 - 00000096 (0x1 bytes), align: 0
  Segment part 6. ROOT        Intra module refs:   NT_SetCompare
                                                   NT_WaitTime
                                                   ReadTimer
                                                   SendData
                                                   TimerCompareInterrupt
           ENTRY                   ADDRESS         REF BY
           =====                   =======         ======
           ST1                     00000096 
    -------------------------------------------------------------------------
SFR_AN
  Relative segment, address: DATA 00000097 - 00000097 (0x1 bytes), align: 0
  Segment part 7. ROOT        Intra module refs:   NT_SetCompare
                                                   NT_WaitTime
                                                   ReadTimer
                                                   SendData
                                                   TimerCompareInterrupt
           ENTRY                   ADDRESS         REF BY
           =====                   =======         ======
           ST2                     00000097 
    -------------------------------------------------------------------------
SFR_AN
  Relative segment, address: DATA 0000009D - 0000009D (0x1 bytes), align: 0
  Segment part 8. ROOT        Intra module refs:   NT_WaitTime
                                                   ReadTimer
                                                   SendData
                                                   TimerCompareInterrupt
           ENTRY                   ADDRESS         REF BY
           =====                   =======         ======
           SLEEPSTA                0000009D 
    -------------------------------------------------------------------------
SFR_AN
  Relative segment, address: DATA 0000009E - 0000009E (0x1 bytes), align: 0
  Segment part 9. ROOT        Intra module refs:   NT_Init
           ENTRY                   ADDRESS         REF BY
           =====                   =======         ======
           CLKCONSTA               0000009E 
    -------------------------------------------------------------------------
SFR_AN
  Relative segment, address: DATA 000000A2 - 000000A2 (0x1 bytes), align: 0
  Segment part 10. ROOT       Intra module refs:   RI_Receive
                                                   RI_Send
                                                   TIM_TimeStamp
                                                   TIM_delay
                                                   TIM_init
           ENTRY                   ADDRESS         REF BY
           =====                   =======         ======
           T2M0                    000000A2 
    -------------------------------------------------------------------------
SFR_AN
  Relative segment, address: DATA 000000A3 - 000000A3 (0x1 bytes), align: 0
  Segment part 11. ROOT       Intra module refs:   RI_Receive
                                                   RI_Send
                                                   TIM_TimeStamp
                                                   TIM_delay
                                                   TIM_init
           ENTRY                   ADDRESS         REF BY
           =====                   =======         ======
           T2M1                    000000A3 
    -------------------------------------------------------------------------
SFR_AN
  Relative segment, address: DATA 000000A4 - 000000A4 (0x1 bytes), align: 0
  Segment part 12. ROOT       Intra module refs:   RI_Receive
                                                   RI_Send
                                                   TIM_TimeStamp
                                                   TIM_delay
                                                   TIM_init
           ENTRY                   ADDRESS         REF BY
           =====                   =======         ======
           T2MOVF0                 000000A4 
    -------------------------------------------------------------------------
SFR_AN
  Relative segment, address: DATA 000000A5 - 000000A5 (0x1 bytes), align: 0
  Segment part 13. ROOT       Intra module refs:   RI_Receive
                                                   RI_Send
                                                   TIM_TimeStamp
                                                   TIM_delay
                                                   TIM_init
           ENTRY                   ADDRESS         REF BY
           =====                   =======         ======
           T2MOVF1                 000000A5 
    -------------------------------------------------------------------------
SFR_AN
  Relative segment, address: DATA 000000A8 - 000000A8 (0x1 bytes), align: 0
  Segment part 14. ROOT       Intra module refs:   LLC_Shelduler
                                                   MG_Connect
                                                   NT_Init
                                                   NT_SetCompare
                                                   NT_SetTime
                                                   RI_Receive
                                                   TimerCompareInterrupt
                                                   frame_addHeader
                                                   frame_create
                                                   frame_delete
                                                   re_free
                                                   re_memcpy
           ENTRY                   ADDRESS         REF BY
           =====                   =======         ======
           _A_IEN0                 000000A8 
           LOCAL                   ADDRESS         
           =====                   =======         
           IEN0                    000000A8 
    -------------------------------------------------------------------------
SFR_AN
  Relative segment, address: DATA 000000AD - 000000AD (0x1 bytes), align: 0
  Segment part 15. ROOT       Intra module refs:   NT_SetCompare
           ENTRY                   ADDRESS         REF BY
           =====                   =======         ======
           STLOAD                  000000AD 
    -------------------------------------------------------------------------
SFR_AN
  Relative segment, address: DATA 000000B3 - 000000B3 (0x1 bytes), align: 0
  Segment part 16. ROOT       Intra module refs:   AES_StreamCoder
           ENTRY                   ADDRESS         REF BY
           =====                   =======         ======
           ENCCS                   000000B3 
    -------------------------------------------------------------------------
SFR_AN
  Relative segment, address: DATA 000000C0 - 000000C0 (0x1 bytes), align: 0
  Segment part 17. ROOT       Intra module refs:   NT_Init
                                                   NT_SetCompare
                                                   TimerCompareInterrupt
           ENTRY                   ADDRESS         REF BY
           =====                   =======         ======
           _A_IRCON                000000C0 
           LOCAL                   ADDRESS         
           =====                   =======         
           IRCON                   000000C0 
    -------------------------------------------------------------------------
SFR_AN
  Relative segment, address: DATA 000000C1 - 000000C1 (0x1 bytes), align: 0
  Segment part 18. ROOT       Intra module refs:   __write
           ENTRY                   ADDRESS         REF BY
           =====                   =======         ======
           U0DBUF                  000000C1 
    -------------------------------------------------------------------------
SFR_AN
  Relative segment, address: DATA 000000C2 - 000000C2 (0x1 bytes), align: 0
  Segment part 19. ROOT       Intra module refs:   nwDebugerInit
           ENTRY                   ADDRESS         REF BY
           =====                   =======         ======
           U0BAUD                  000000C2 
    -------------------------------------------------------------------------
SFR_AN
  Relative segment, address: DATA 000000C5 - 000000C5 (0x1 bytes), align: 0
  Segment part 20. ROOT       Intra module refs:   nwDebugerInit
           ENTRY                   ADDRESS         REF BY
           =====                   =======         ======
           U0GCR                   000000C5 
    -------------------------------------------------------------------------
SFR_AN
  Relative segment, address: DATA 000000C6 - 000000C6 (0x1 bytes), align: 0
  Segment part 21. ROOT       Intra module refs:   NT_Init
           ENTRY                   ADDRESS         REF BY
           =====                   =======         ======
           CLKCONCMD               000000C6 
    -------------------------------------------------------------------------
SFR_AN
  Relative segment, address: DATA 000000D2 - 000000D2 (0x1 bytes), align: 0
  Segment part 22. ROOT       Intra module refs:   AES_init
           ENTRY                   ADDRESS         REF BY
           =====                   =======         ======
           DMA1CFGL                000000D2 
    -------------------------------------------------------------------------
SFR_AN
  Relative segment, address: DATA 000000D3 - 000000D3 (0x1 bytes), align: 0
  Segment part 23. ROOT       Intra module refs:   AES_init
           ENTRY                   ADDRESS         REF BY
           =====                   =======         ======
           DMA1CFGH                000000D3 
    -------------------------------------------------------------------------
SFR_AN
  Relative segment, address: DATA 000000D4 - 000000D4 (0x1 bytes), align: 0
  Segment part 24. ROOT       Intra module refs:   AES_init
           ENTRY                   ADDRESS         REF BY
           =====                   =======         ======
           DMA0CFGL                000000D4 
    -------------------------------------------------------------------------
SFR_AN
  Relative segment, address: DATA 000000D5 - 000000D5 (0x1 bytes), align: 0
  Segment part 25. ROOT       Intra module refs:   AES_init
           ENTRY                   ADDRESS         REF BY
           =====                   =======         ======
           DMA0CFGH                000000D5 
    -------------------------------------------------------------------------
SFR_AN
  Relative segment, address: DATA 000000D6 - 000000D6 (0x1 bytes), align: 0
  Segment part 26. ROOT       Intra module refs:   AES_StreamCoder
           ENTRY                   ADDRESS         REF BY
           =====                   =======         ======
           DMAARM                  000000D6 
    -------------------------------------------------------------------------
SFR_AN
  Relative segment, address: DATA 000000D7 - 000000D7 (0x1 bytes), align: 0
  Segment part 27. ROOT       Intra module refs:   AES_StreamCoder
           ENTRY                   ADDRESS         REF BY
           =====                   =======         ======
           DMAREQ                  000000D7 
    -------------------------------------------------------------------------
SFR_AN
  Relative segment, address: DATA 000000D9 - 000000D9 (0x1 bytes), align: 0
  Segment part 28. ROOT       Intra module refs:   RI_Receive
                                                   SendData
           ENTRY                   ADDRESS         REF BY
           =====                   =======         ======
           RFD                     000000D9 
    -------------------------------------------------------------------------
SFR_AN
  Relative segment, address: DATA 000000E1 - 000000E1 (0x1 bytes), align: 0
  Segment part 29. ROOT       Intra module refs:   RI_Receive
                                                   RI_init
                                                   SendData
           ENTRY                   ADDRESS         REF BY
           =====                   =======         ======
           RFST                    000000E1 
    -------------------------------------------------------------------------
SFR_AN
  Relative segment, address: DATA 000000E9 - 000000E9 (0x1 bytes), align: 0
  Segment part 30. ROOT       Intra module refs:   RI_Receive
                                                   SendData
           ENTRY                   ADDRESS         REF BY
           =====                   =======         ======
           RFIRQF0                 000000E9 
    -------------------------------------------------------------------------
SFR_AN
  Relative segment, address: DATA 000000F1 - 000000F1 (0x1 bytes), align: 0
  Segment part 31. ROOT       Intra module refs:   nwDebugerInit
           ENTRY                   ADDRESS         REF BY
           =====                   =======         ======
           PERCFG                  000000F1 
    -------------------------------------------------------------------------
SFR_AN
  Relative segment, address: DATA 000000F3 - 000000F3 (0x1 bytes), align: 0
  Segment part 32. ROOT       Intra module refs:   nwDebugerInit
           ENTRY                   ADDRESS         REF BY
           =====                   =======         ======
           P0SEL                   000000F3 
    -------------------------------------------------------------------------
SFR_AN
  Relative segment, address: DATA 000000FE - 000000FE (0x1 bytes), align: 0
  Segment part 33. ROOT       Intra module refs:   main
           ENTRY                   ADDRESS         REF BY
           =====                   =======         ======
           P1DIR                   000000FE 
    -------------------------------------------------------------------------
XDATA_Z
  Relative segment, address: XDATA 00000301 - 00000308 (0x8 bytes), align: 0
  Segment part 221.           Intra module refs:   ?Subroutine25
                                                   ?Subroutine26
                                                   AES_init
                                                   Segment part 309
           ENTRY                   ADDRESS         REF BY
           =====                   =======         ======
           DMA_AES_DW              00000301 
    -------------------------------------------------------------------------
XDATA_Z
  Relative segment, address: XDATA 00000309 - 00000310 (0x8 bytes), align: 0
  Segment part 222.           Intra module refs:   ?Subroutine25
                                                   ?Subroutine26
                                                   ?Subroutine34
                                                   ?Subroutine64
                                                   AES_init
           ENTRY                   ADDRESS         REF BY
           =====                   =======         ======
           DMA_AES_UP              00000309 
    -------------------------------------------------------------------------
<BANKED_CODE> 1 (was BANKED_CODE)
  Relative segment, address: CODE 00001430 - 0000147B (0x4c bytes), align: 0
  Segment part 303.           Intra module refs:   AES_init::?relay
           ENTRY                   ADDRESS         REF BY
           =====                   =======         ======
           AES_init                00001430 
               XSTACK = 0000000A ( 00000000 )
               ISTACK = 00000000 ( 00000002 )
    -------------------------------------------------------------------------
<BANKED_CODE> 1 (was BANKED_CODE)
  Relative segment, address: CODE 0000147C - 00001589 (0x10e bytes), align: 0
  Segment part 305.           Intra module refs:   AES_StreamCoder::?relay
           ENTRY                   ADDRESS         REF BY
           =====                   =======         ======
           AES_StreamCoder         0000147C 
               calls direct
               XSTACK = 00000034 ( 00000024 )
    -------------------------------------------------------------------------
<BANKED_CODE> 1 (was BANKED_CODE)
  Relative segment, address: CODE 0000158A - 0000158E (0x5 bytes), align: 0
  Segment part 307.           Intra module refs:   AES_StreamCoder
           LOCAL                   ADDRESS         
           =====                   =======         
           ?Subroutine22           0000158A 
    -------------------------------------------------------------------------
<BANKED_CODE> 1 (was BANKED_CODE)
  Relative segment, address: CODE 0000158F - 00001590 (0x2 bytes), align: 0
  Segment part 308.           Intra module refs:   ?Subroutine22
    -------------------------------------------------------------------------
<BANKED_CODE> 1 (was BANKED_CODE)
  Relative segment, address: CODE 00001591 - 000015A3 (0x13 bytes), align: 0
  Segment part 309.           Intra module refs:   Segment part 308
    -------------------------------------------------------------------------
<BANKED_CODE> 1 (was BANKED_CODE)
  Relative segment, address: CODE 000015A4 - 000015AF (0xc bytes), align: 0
  Segment part 312.           Intra module refs:   AES_StreamCoder
           LOCAL                   ADDRESS         
           =====                   =======         
           ?Subroutine58           000015A4 
    -------------------------------------------------------------------------
<BANKED_CODE> 1 (was BANKED_CODE)
  Relative segment, address: CODE 000015B0 - 000015BD (0xe bytes), align: 0
  Segment part 313.           Intra module refs:   AES_StreamCoder
           LOCAL                   ADDRESS         
           =====                   =======         
           ?Subroutine57           000015B0 
    -------------------------------------------------------------------------
<BANKED_CODE> 1 (was BANKED_CODE)
  Relative segment, address: CODE 000015BE - 000015C6 (0x9 bytes), align: 0
  Segment part 314.           Intra module refs:   AES_StreamCoder
           LOCAL                   ADDRESS         
           =====                   =======         
           ?Subroutine55           000015BE 
    -------------------------------------------------------------------------
<BANKED_CODE> 1 (was BANKED_CODE)
  Relative segment, address: CODE 000015C7 - 000015D0 (0xa bytes), align: 0
  Segment part 315.           Intra module refs:   AES_StreamCoder
           LOCAL                   ADDRESS         
           =====                   =======         
           ?Subroutine48           000015C7 
    -------------------------------------------------------------------------
<BANKED_CODE> 1 (was BANKED_CODE)
  Relative segment, address: CODE 000015D1 - 000015DB (0xb bytes), align: 0
  Segment part 316.           Intra module refs:   AES_StreamCoder
           LOCAL                   ADDRESS         
           =====                   =======         
           ?Subroutine36           000015D1 
    -------------------------------------------------------------------------
<BANKED_CODE> 1 (was BANKED_CODE)
  Relative segment, address: CODE 000015DC - 000015E6 (0xb bytes), align: 0
  Segment part 317.           Intra module refs:   AES_StreamCoder
           LOCAL                   ADDRESS         
           =====                   =======         
           ?Subroutine35           000015DC 
    -------------------------------------------------------------------------
<BANKED_CODE> 1 (was BANKED_CODE)
  Relative segment, address: CODE 000015E7 - 000015F7 (0x11 bytes), align: 0
  Segment part 318.           Intra module refs:   AES_StreamCoder
           LOCAL                   ADDRESS         
           =====                   =======         
           ?Subroutine34           000015E7 
    -------------------------------------------------------------------------
<BANKED_CODE> 1 (was BANKED_CODE)
  Relative segment, address: CODE 000015F8 - 0000160C (0x15 bytes), align: 0
  Segment part 319.           Intra module refs:   AES_StreamCoder
           LOCAL                   ADDRESS         
           =====                   =======         
           ?Subroutine31           000015F8 
    -------------------------------------------------------------------------
<BANKED_CODE> 1 (was BANKED_CODE)
  Relative segment, address: CODE 0000160D - 00001625 (0x19 bytes), align: 0
  Segment part 320.           Intra module refs:   AES_StreamCoder
           LOCAL                   ADDRESS         
           =====                   =======         
           ?Subroutine26           0000160D 
    -------------------------------------------------------------------------
<BANKED_CODE> 1 (was BANKED_CODE)
  Relative segment, address: CODE 00001626 - 00001654 (0x2f bytes), align: 0
  Segment part 321.           Intra module refs:   AES_StreamCoder
           LOCAL                   ADDRESS         
           =====                   =======         
           ?Subroutine25           00001626 
    -------------------------------------------------------------------------
<BANKED_CODE> 1 (was BANKED_CODE)
  Relative segment, address: CODE 00001655 - 00001657 (0x3 bytes), align: 0
  Segment part 322.           Intra module refs:   ?Subroutine25
                                                   ?Subroutine26
           LOCAL                   ADDRESS         
           =====                   =======         
           ?Subroutine64           00001655 
    -------------------------------------------------------------------------
<BANKED_CODE> 1 (was BANKED_CODE)
  Relative segment, address: CODE 00001658 - 0000165F (0x8 bytes), align: 0
  Segment part 323.           Intra module refs:   ?Subroutine64
    -------------------------------------------------------------------------
<BANKED_CODE> 1 (was BANKED_CODE)
  Relative segment, address: CODE 00001660 - 00001665 (0x6 bytes), align: 0
  Segment part 326.           Intra module refs:   SY_TS1_HNDL_MASTER
           LOCAL                   ADDRESS         
           =====                   =======         
           ?Subroutine13           00001660 
    -------------------------------------------------------------------------
<BANKED_CODE> 1 (was BANKED_CODE)
  Relative segment, address: CODE 00001666 - 0000166A (0x5 bytes), align: 0
  Segment part 329.           Intra module refs:   MAC_RX_HNDL
           LOCAL                   ADDRESS         
           =====                   =======         
           ?Subroutine5            00001666 
    -------------------------------------------------------------------------
<BANKED_CODE> 1 (was BANKED_CODE)
  Relative segment, address: CODE 0000166B - 00001673 (0x9 bytes), align: 0
  Segment part 335.           Intra module refs:   frame_addHeader
           LOCAL                   ADDRESS         
           =====                   =======         
           ?Subroutine43           0000166B 
    -------------------------------------------------------------------------
XDATA_Z
  Relative segment, address: XDATA 00000311 - 00000334 (0x24 bytes), align: 0
  Segment part 223.           Intra module refs:   ?Subroutine39
                                                   CF_init
                                                   MG_Connect
                                                   SY_TS1_HNDL_MASTER
           ENTRY                   ADDRESS         REF BY
           =====                   =======         ======
           CONFIG                  00000311 
    -------------------------------------------------------------------------
XDATA_I
  Relative segment, address: XDATA 000005C1 - 000005D0 (0x10 bytes), align: 0
  Segment part 52.            Intra module refs:   frame_addHeader
           LOCAL                   ADDRESS         
           =====                   =======         
           frame_addHeader::__FUNCTION__
                                   000005C1 
    -------------------------------------------------------------------------
XDATA_I
  Relative segment, address: XDATA 000005D1 - 000005E6 (0x16 bytes), align: 0
  Segment part 54.            Intra module refs:   frame_addHeader
                                                   frame_create
    -------------------------------------------------------------------------
XDATA_I
  Relative segment, address: XDATA 000005E7 - 000005EE (0x8 bytes), align: 0
  Segment part 56.            Intra module refs:   frame_addHeader
                                                   frame_create
    -------------------------------------------------------------------------
XDATA_I
  Relative segment, address: XDATA 000005EF - 000005F1 (0x3 bytes), align: 0
  Segment part 58.            Intra module refs:   frame_addHeader
                                                   frame_create
    -------------------------------------------------------------------------
XDATA_I
  Relative segment, address: XDATA 000005F2 - 000005FE (0xd bytes), align: 0
  Segment part 62.            Intra module refs:   frame_create
           LOCAL                   ADDRESS         
           =====                   =======         
           frame_create::__FUNCTION__
                                   000005F2 
    -------------------------------------------------------------------------
XDATA_I
  Relative segment, address: XDATA 000005FF - 00000614 (0x16 bytes), align: 0
  Segment part 66.            Intra module refs:   LLC_RX_HNDL
                                                   LLC_Shelduler
    -------------------------------------------------------------------------
XDATA_I
  Relative segment, address: XDATA 00000615 - 0000061A (0x6 bytes), align: 0
  Segment part 68.            Intra module refs:   LLC_RX_HNDL
                                                   LLC_Shelduler
    -------------------------------------------------------------------------
XDATA_I
  Relative segment, address: XDATA 0000061B - 0000061D (0x3 bytes), align: 0
  Segment part 70.            Intra module refs:   LLC_RX_HNDL
                                                   LLC_Shelduler
    -------------------------------------------------------------------------
XDATA_I
  Relative segment, address: XDATA 0000061E - 0000062B (0xe bytes), align: 0
  Segment part 80.            Intra module refs:   LLC_Shelduler
           LOCAL                   ADDRESS         
           =====                   =======         
           LLC_Shelduler::__FUNCTION__
                                   0000061E 
    -------------------------------------------------------------------------
XDATA_I
  Relative segment, address: XDATA 0000062C - 00000637 (0xc bytes), align: 0
  Segment part 82.            Intra module refs:   LLC_RX_HNDL
           LOCAL                   ADDRESS         
           =====                   =======         
           LLC_RX_HNDL::__FUNCTION__
                                   0000062C 
    -------------------------------------------------------------------------
XDATA_I
  Relative segment, address: XDATA 00000638 - 0000064D (0x16 bytes), align: 0
  Segment part 84.            Intra module refs:   MAC_Send
    -------------------------------------------------------------------------
XDATA_I
  Relative segment, address: XDATA 0000064E - 00000653 (0x6 bytes), align: 0
  Segment part 86.            Intra module refs:   MAC_Send
    -------------------------------------------------------------------------
XDATA_I
  Relative segment, address: XDATA 00000654 - 00000656 (0x3 bytes), align: 0
  Segment part 88.            Intra module refs:   MAC_Send
    -------------------------------------------------------------------------
XDATA_I
  Relative segment, address: XDATA 00000657 - 0000065F (0x9 bytes), align: 0
  Segment part 90.            Intra module refs:   MAC_Send
           LOCAL                   ADDRESS         
           =====                   =======         
           MAC_Send::__FUNCTION__
                                   00000657 
    -------------------------------------------------------------------------
XDATA_I
  Relative segment, address: XDATA 00000660 - 0000066A (0xb bytes), align: 0
  Segment part 92.            Intra module refs:   MG_Connect
           LOCAL                   ADDRESS         
           =====                   =======         
           MG_Connect::__FUNCTION__
                                   00000660 
    -------------------------------------------------------------------------
XDATA_I
  Relative segment, address: XDATA 0000066B - 0000067D (0x13 bytes), align: 0
  Segment part 94.            Intra module refs:   MG_Connect
    -------------------------------------------------------------------------
XDATA_I
  Relative segment, address: XDATA 0000067E - 00000687 (0xa bytes), align: 0
  Segment part 96.            Intra module refs:   MG_Connect
    -------------------------------------------------------------------------
XDATA_I
  Relative segment, address: XDATA 00000688 - 0000069C (0x15 bytes), align: 0
  Segment part 98.            Intra module refs:   MG_Connect
    -------------------------------------------------------------------------
XDATA_I
  Relative segment, address: XDATA 0000069D - 0000069F (0x3 bytes), align: 0
  Segment part 100.           Intra module refs:   MG_Connect
    -------------------------------------------------------------------------
XDATA_I
  Relative segment, address: XDATA 000006A0 - 000006AA (0xb bytes), align: 0
  Segment part 102.           Intra module refs:   NT_SetTime
           LOCAL                   ADDRESS         
           =====                   =======         
           NT_SetTime::__FUNCTION__
                                   000006A0 
    -------------------------------------------------------------------------
XDATA_I
  Relative segment, address: XDATA 000006AB - 000006C0 (0x16 bytes), align: 0
  Segment part 104.           Intra module refs:   NT_SetCompare
                                                   NT_SetTime
    -------------------------------------------------------------------------
XDATA_I
  Relative segment, address: XDATA 000006C1 - 000006C7 (0x7 bytes), align: 0
  Segment part 106.           Intra module refs:   NT_SetCompare
                                                   NT_SetTime
    -------------------------------------------------------------------------
XDATA_I
  Relative segment, address: XDATA 000006C8 - 000006CA (0x3 bytes), align: 0
  Segment part 108.           Intra module refs:   NT_SetCompare
                                                   NT_SetTime
    -------------------------------------------------------------------------
XDATA_I
  Relative segment, address: XDATA 000006CB - 000006D8 (0xe bytes), align: 0
  Segment part 110.           Intra module refs:   NT_SetCompare
           LOCAL                   ADDRESS         
           =====                   =======         
           NT_SetCompare::__FUNCTION__
                                   000006CB 
    -------------------------------------------------------------------------
XDATA_I
  Relative segment, address: XDATA 000006D9 - 000006E0 (0x8 bytes), align: 0
  Segment part 122.           Intra module refs:   RI_Send
           LOCAL                   ADDRESS         
           =====                   =======         
           RI_Send::__FUNCTION__   000006D9 
    -------------------------------------------------------------------------
XDATA_I
  Relative segment, address: XDATA 000006E1 - 000006F6 (0x16 bytes), align: 0
  Segment part 124.           Intra module refs:   RI_Send
                                                   RI_cfg
    -------------------------------------------------------------------------
XDATA_I
  Relative segment, address: XDATA 000006F7 - 000006FE (0x8 bytes), align: 0
  Segment part 126.           Intra module refs:   RI_Send
                                                   RI_cfg
    -------------------------------------------------------------------------
XDATA_I
  Relative segment, address: XDATA 000006FF - 00000701 (0x3 bytes), align: 0
  Segment part 128.           Intra module refs:   RI_Send
                                                   RI_cfg
    -------------------------------------------------------------------------
XDATA_I
  Relative segment, address: XDATA 00000702 - 00000709 (0x8 bytes), align: 0
  Segment part 130.           Intra module refs:   RI_cfg
           LOCAL                   ADDRESS         
           =====                   =======         
           setFreq::__FUNCTION__   00000702 
    -------------------------------------------------------------------------
XDATA_I
  Relative segment, address: XDATA 0000070A - 0000071C (0x13 bytes), align: 0
  Segment part 132.           Intra module refs:   SY_TS1_HNDL_MASTER
           LOCAL                   ADDRESS         
           =====                   =======         
           SY_TS1_HNDL_MASTER::__FUNCTION__
                                   0000070A 
    -------------------------------------------------------------------------
XDATA_I
  Relative segment, address: XDATA 0000071D - 0000072F (0x13 bytes), align: 0
  Segment part 134.           Intra module refs:   SY_TS1_HNDL_MASTER
    -------------------------------------------------------------------------
XDATA_I
  Relative segment, address: XDATA 00000730 - 00000736 (0x7 bytes), align: 0
  Segment part 136.           Intra module refs:   SY_TS1_HNDL_MASTER
    -------------------------------------------------------------------------
XDATA_I
  Relative segment, address: XDATA 00000737 - 00000741 (0xb bytes), align: 0
  Segment part 138.           Intra module refs:   SY_TS1_HNDL_MASTER
    -------------------------------------------------------------------------
XDATA_I
  Relative segment, address: XDATA 00000742 - 00000744 (0x3 bytes), align: 0
  Segment part 140.           Intra module refs:   SY_TS1_HNDL_MASTER
    -------------------------------------------------------------------------
XDATA_I
  Relative segment, address: XDATA 00000745 - 0000075A (0x16 bytes), align: 0
  Segment part 144.           Intra module refs:   Callback_execution
                                                   LLC_Init
                                                   SY_Init
                                                   TIC_HW_Timer_IRQ
                                                   TIC_SetRXCallback
                                                   TIC_SetTXCallback
    -------------------------------------------------------------------------
XDATA_I
  Relative segment, address: XDATA 0000075B - 00000760 (0x6 bytes), align: 0
  Segment part 146.           Intra module refs:   Callback_execution
                                                   LLC_Init
                                                   SY_Init
                                                   TIC_HW_Timer_IRQ
                                                   TIC_SetRXCallback
                                                   TIC_SetTXCallback
    -------------------------------------------------------------------------
XDATA_I
  Relative segment, address: XDATA 00000761 - 00000763 (0x3 bytes), align: 0
  Segment part 148.           Intra module refs:   Callback_execution
                                                   LLC_Init
                                                   SY_Init
                                                   TIC_HW_Timer_IRQ
                                                   TIC_SetRXCallback
                                                   TIC_SetTXCallback
    -------------------------------------------------------------------------
XDATA_I
  Relative segment, address: XDATA 00000764 - 00000776 (0x13 bytes), align: 0
  Segment part 158.           Intra module refs:   SY_Init
           LOCAL                   ADDRESS         
           =====                   =======         
           TIC_SetTS1Callback::__FUNCTION__
                                   00000764 
    -------------------------------------------------------------------------
XDATA_I
  Relative segment, address: XDATA 00000777 - 00000788 (0x12 bytes), align: 0
  Segment part 160.           Intra module refs:   TIC_SetRXCallback
           LOCAL                   ADDRESS         
           =====                   =======         
           TIC_SetRXCallback::__FUNCTION__
                                   00000777 
    -------------------------------------------------------------------------
XDATA_I
  Relative segment, address: XDATA 00000789 - 000007A5 (0x1d bytes), align: 0
  Segment part 162.           Intra module refs:   SY_Init
           LOCAL                   ADDRESS         
           =====                   =======         
           TIC_SetSyncTimeAllocCallback::__FUNCTION__
                                   00000789 
    -------------------------------------------------------------------------
XDATA_I
  Relative segment, address: XDATA 000007A6 - 000007B7 (0x12 bytes), align: 0
  Segment part 164.           Intra module refs:   TIC_SetTXCallback
           LOCAL                   ADDRESS         
           =====                   =======         
           TIC_SetTXCallback::__FUNCTION__
                                   000007A6 
    -------------------------------------------------------------------------
XDATA_I
  Relative segment, address: XDATA 000007B8 - 000007C9 (0x12 bytes), align: 0
  Segment part 166.           Intra module refs:   LLC_Init
           LOCAL                   ADDRESS         
           =====                   =======         
           TIC_SetSECallback::__FUNCTION__
                                   000007B8 
    -------------------------------------------------------------------------
XDATA_I
  Relative segment, address: XDATA 000007CA - 000007DC (0x13 bytes), align: 0
  Segment part 168.           Intra module refs:   Callback_execution
                                                   TIC_HW_Timer_IRQ
           LOCAL                   ADDRESS         
           =====                   =======         
           Callback_execution::__FUNCTION__
                                   000007CA 
    -------------------------------------------------------------------------
XDATA_I
  Relative segment, address: XDATA 000007DD - 000007ED (0x11 bytes), align: 0
  Segment part 170.           Intra module refs:   TIC_HW_Timer_IRQ
           LOCAL                   ADDRESS         
           =====                   =======         
           TIC_HW_Timer_IRQ::__FUNCTION__
                                   000007DD 
    -------------------------------------------------------------------------
XDATA_I
  Relative segment, address: XDATA 000007EE - 00000800 (0x13 bytes), align: 0
  Segment part 172.           Intra module refs:   TIC_HW_Timer_IRQ
    -------------------------------------------------------------------------
XDATA_I
  Relative segment, address: XDATA 00000801 - 0000080C (0xc bytes), align: 0
  Segment part 174.           Intra module refs:   TIC_HW_Timer_IRQ
    -------------------------------------------------------------------------
XDATA_I
  Relative segment, address: XDATA 0000080D - 00000815 (0x9 bytes), align: 0
  Segment part 176.           Intra module refs:   suite_GW
           LOCAL                   ADDRESS         
           =====                   =======         
           suite_GW::__FUNCTION__
                                   0000080D 
    -------------------------------------------------------------------------
XDATA_I
  Relative segment, address: XDATA 00000816 - 00000828 (0x13 bytes), align: 0
  Segment part 178.           Intra module refs:   suite_GW
    -------------------------------------------------------------------------
XDATA_I
  Relative segment, address: XDATA 00000829 - 00000833 (0xb bytes), align: 0
  Segment part 180.           Intra module refs:   suite_GW
    -------------------------------------------------------------------------
XDATA_I
  Relative segment, address: XDATA 00000834 - 00000845 (0x12 bytes), align: 0
  Segment part 182.           Intra module refs:   suite_GW
    -------------------------------------------------------------------------
XDATA_I
  Relative segment, address: XDATA 00000846 - 00000848 (0x3 bytes), align: 0
  Segment part 184.           Intra module refs:   suite_GW
    -------------------------------------------------------------------------
XDATA_I
  Relative segment, address: XDATA 00000849 - 00000862 (0x1a bytes), align: 0
  Segment part 186.           Intra module refs:   suite_GW
    -------------------------------------------------------------------------
XDATA_I
  Relative segment, address: XDATA 00000863 - 0000088B (0x29 bytes), align: 0
  Segment part 206.           Intra module refs:   umsg_summary
    -------------------------------------------------------------------------
XDATA_I
  Relative segment, address: XDATA 0000088C - 00000890 (0x5 bytes), align: 0
  Segment part 208.           Intra module refs:   umsg_summary
    -------------------------------------------------------------------------
XDATA_I
  Relative segment, address: XDATA 00000891 - 000008A2 (0x12 bytes), align: 0
  Segment part 210.           Intra module refs:   umsg_summary
    -------------------------------------------------------------------------
XDATA_I
  Relative segment, address: XDATA 000008A3 - 000008AF (0xd bytes), align: 0
  Segment part 212.           Intra module refs:   umsg_summary
    -------------------------------------------------------------------------
XDATA_I
  Relative segment, address: XDATA 000008B0 - 000008BC (0xd bytes), align: 0
  Segment part 214.           Intra module refs:   umsg_summary
    -------------------------------------------------------------------------
XDATA_I
  Relative segment, address: XDATA 000008BD - 000008CB (0xf bytes), align: 0
  Segment part 216.           Intra module refs:   umsg_summary
    -------------------------------------------------------------------------
XDATA_I
  Relative segment, address: XDATA 000008CC - 000008DA (0xf bytes), align: 0
  Segment part 218.           Intra module refs:   umsg_summary
    -------------------------------------------------------------------------
XDATA_I
  Relative segment, address: XDATA 000008DB - 000008EA (0x10 bytes), align: 0
  Segment part 224.           Intra module refs:   CF_init
           LOCAL                   ADDRESS         
           =====                   =======         
           default_key             000008DB 
    -------------------------------------------------------------------------
XDATA_I
  Relative segment, address: XDATA 000008EB - 000008FA (0x10 bytes), align: 0
  Segment part 226.           Intra module refs:   CF_init
           LOCAL                   ADDRESS         
           =====                   =======         
           default_iv              000008EB 
    -------------------------------------------------------------------------
<BANKED_CODE> 1 (was BANKED_CODE)
  Relative segment, address: CODE 00001674 - 000016BE (0x4b bytes), align: 0
  Segment part 338.           Intra module refs:   CF_init::?relay
           ENTRY                   ADDRESS         REF BY
           =====                   =======         ======
           CF_init                 00001674 
               calls direct
               XSTACK = 0000000A ( 0000000C )
    -------------------------------------------------------------------------
XDATA_Z
  Relative segment, address: XDATA 00000335 - 00000338 (0x4 bytes), align: 0
  Segment part 228.           Intra module refs:   TIM_delay
                                                   TIM_init
           LOCAL                   ADDRESS         
           =====                   =======         
           DELAY_CALIBRATE_TICS    00000335 
    -------------------------------------------------------------------------
<BANKED_CODE> 1 (was BANKED_CODE)
  Relative segment, address: CODE 000016BF - 000017B6 (0xf8 bytes), align: 0
  Segment part 340.           Intra module refs:   TIM_init::?relay
           ENTRY                   ADDRESS         REF BY
           =====                   =======         ======
           TIM_init                000016BF 
               calls direct
               XSTACK = 0000000A ( 00000020 )
               ISTACK = 00000000 ( 00000001 )
    -------------------------------------------------------------------------
<BANKED_CODE> 1 (was BANKED_CODE)
  Relative segment, address: CODE 000017B7 - 000017BB (0x5 bytes), align: 0
  Segment part 342.           Intra module refs:   RI_Send
                                                   TIM_delay
                                                   TIM_init
           LOCAL                   ADDRESS         
           =====                   =======         
           ?Subroutine14           000017B7 
    -------------------------------------------------------------------------
<BANKED_CODE> 1 (was BANKED_CODE)
  Relative segment, address: CODE 000017BC - 000017DE (0x23 bytes), align: 0
  Segment part 343.           Intra module refs:   TIM_TimeStamp::?relay
           ENTRY                   ADDRESS         REF BY
           =====                   =======         ======
           TIM_TimeStamp           000017BC 
               XSTACK = 0000000C ( 00000000 )
               ISTACK = 00000000 ( 00000003 )
    -------------------------------------------------------------------------
XDATA_Z
  Relative segment, address: XDATA 00000339 - 00000339 (0x1 bytes), align: 0
  Segment part 230.           Intra module refs:   MG_Connect
                                                   frame_create
                                                   frame_delete
           LOCAL                   ADDRESS         
           =====                   =======         
           NBR_FRAME               00000339 
    -------------------------------------------------------------------------
XDATA_Z
  Relative segment, address: XDATA 0000033A - 0000033A (0x1 bytes), align: 0
  Segment part 231.           Intra module refs:   LLC_Init
                                                   LLC_Shelduler
           LOCAL                   ADDRESS         
           =====                   =======         
           tasksBLOCK              0000033A 
    -------------------------------------------------------------------------
XDATA_Z
  Relative segment, address: XDATA 0000033B - 0000033C (0x2 bytes), align: 0
  Segment part 232.           Intra module refs:   ?Subroutine40
                                                   ?Subroutine47
                                                   LLC_Init
                                                   LLC_Shelduler
           LOCAL                   ADDRESS         
           =====                   =======         
           FirstTask               0000033B 
    -------------------------------------------------------------------------
XDATA_Z
  Relative segment, address: XDATA 0000033D - 0000033D (0x1 bytes), align: 0
  Segment part 233.           Intra module refs:   LLC_Init
                                                   LLC_Shelduler
           LOCAL                   ADDRESS         
           =====                   =======         
           nbrTasks                0000033D 
    -------------------------------------------------------------------------
XDATA_Z
  Relative segment, address: XDATA 0000033E - 0000033F (0x2 bytes), align: 0
  Segment part 234.           Intra module refs:   LLC_RX_HNDL
           LOCAL                   ADDRESS         
           =====                   =======         
           RXCallback              0000033E 
    -------------------------------------------------------------------------
XDATA_Z
  Relative segment, address: XDATA 00000340 - 00000343 (0x4 bytes), align: 0
  Segment part 235.           Intra module refs:   LLC_SE_HNDL
           LOCAL                   ADDRESS         
           =====                   =======         
           HeadAllocFunc           00000340 
    -------------------------------------------------------------------------
XDATA_Z
  Relative segment, address: XDATA 00000344 - 00000345 (0x2 bytes), align: 0
  Segment part 236.           Intra module refs:   LLC_Init
                                                   MAC_RX_HNDL
           LOCAL                   ADDRESS         
           =====                   =======         
           RXCallback              00000344 
    -------------------------------------------------------------------------
XDATA_I
  Relative segment, address: XDATA 000008FB - 0000090A (0x10 bytes), align: 0
  Segment part 237.           Intra module refs:   MAC_RX_HNDL
                                                   MAC_Send
                                                   MG_Connect
           LOCAL                   ADDRESS         
           =====                   =======         
           KEY                     000008FB 
    -------------------------------------------------------------------------
XDATA_I
  Relative segment, address: XDATA 0000090B - 0000091A (0x10 bytes), align: 0
  Segment part 239.           Intra module refs:   ?Subroutine41
                                                   MG_Connect
           LOCAL                   ADDRESS         
           =====                   =======         
           IV                      0000090B 
    -------------------------------------------------------------------------
XDATA_Z
  Relative segment, address: XDATA 00000346 - 00000346 (0x1 bytes), align: 0
  Segment part 241.           Intra module refs:   MAC_Init
                                                   MAC_RX_HNDL
                                                   MAC_Reset
                                                   MAC_TX_HNDL
                                                   MG_Connect
           LOCAL                   ADDRESS         
           =====                   =======         
           MAC_ENABLE_MODULE       00000346 
    -------------------------------------------------------------------------
XDATA_Z
  Relative segment, address: XDATA 00000347 - 000004A4 (0x15e bytes), align: 0
  Segment part 242.           Intra module refs:   ?Subroutine56
                                                   ?Subroutine6
                                                   MAC_RX_HNDL
                                                   MAC_Send
                                                   MAC_TX_HNDL
           ENTRY                   ADDRESS         REF BY
           =====                   =======         ======
           MACSlotTable            00000347 
    -------------------------------------------------------------------------
XDATA_Z
  Relative segment, address: XDATA 000004A5 - 000004A6 (0x2 bytes), align: 0
  Segment part 243.           Intra module refs:   MAC_RX_HNDL
           LOCAL                   ADDRESS         
           =====                   =======         
           MAC_ACK_Send::pACK      000004A5 
    -------------------------------------------------------------------------
<BANKED_CODE> 1 (was BANKED_CODE)
  Relative segment, address: CODE 000017DF - 000017E2 (0x4 bytes), align: 0
  Segment part 346.           Intra module refs:   ?Subroutine21
                                                   AES_init
                                                   TIM_TimeStamp
    -------------------------------------------------------------------------
<BANKED_CODE> 1 (was BANKED_CODE)
  Relative segment, address: CODE 000017E3 - 000018C8 (0xe6 bytes), align: 0
  Segment part 349.           Intra module refs:   TIM_delay::?relay
           ENTRY                   ADDRESS         REF BY
           =====                   =======         ======
           TIM_delay               000017E3 
               XSTACK = 00000020 ( 00000020 )
               ISTACK = 00000000 ( 00000001 )
    -------------------------------------------------------------------------
<BANKED_CODE> 1 (was BANKED_CODE)
  Relative segment, address: CODE 000018C9 - 00001A24 (0x15c bytes), align: 0
  Segment part 362.           Intra module refs:   frame_addHeader::?relay
           ENTRY                   ADDRESS         REF BY
           =====                   =======         ======
           frame_addHeader         000018C9 
               calls direct
               XSTACK = 0000003D ( 0000001B )
               ISTACK = 00000000 ( 00000001 )
    -------------------------------------------------------------------------
<BANKED_CODE> 1 (was BANKED_CODE)
  Relative segment, address: CODE 00001A25 - 00001A29 (0x5 bytes), align: 0
  Segment part 366.           Intra module refs:   LLC_Shelduler
                                                   SendData
           LOCAL                   ADDRESS         
           =====                   =======         
           ?Subroutine7            00001A25 
    -------------------------------------------------------------------------
<BANKED_CODE> 1 (was BANKED_CODE)
  Relative segment, address: CODE 00001A2A - 00001A32 (0x9 bytes), align: 0
  Segment part 367.           Intra module refs:   ?Subroutine25
           LOCAL                   ADDRESS         
           =====                   =======         
           ?Subroutine70           00001A2A 
    -------------------------------------------------------------------------
<BANKED_CODE> 1 (was BANKED_CODE)
  Relative segment, address: CODE 00001A33 - 00001ACE (0x9c bytes), align: 0
  Segment part 368.           Intra module refs:   frame_create::?relay
           ENTRY                   ADDRESS         REF BY
           =====                   =======         ======
           frame_create            00001A33 
               calls direct
               XSTACK = 0000003D ( 00000012 )
    -------------------------------------------------------------------------
<BANKED_CODE> 1 (was BANKED_CODE)
  Relative segment, address: CODE 00001ACF - 00001B19 (0x4b bytes), align: 0
  Segment part 370.           Intra module refs:   frame_delete::?relay
           ENTRY                   ADDRESS         REF BY
           =====                   =======         ======
           frame_delete            00001ACF 
               calls direct
               XSTACK = 00000030 ( 0000000B )
    -------------------------------------------------------------------------
<BANKED_CODE> 1 (was BANKED_CODE)
  Relative segment, address: CODE 00001B1A - 00001B7F (0x66 bytes), align: 0
  Segment part 374.           Intra module refs:   LLC_Init::?relay
           ENTRY                   ADDRESS         REF BY
           =====                   =======         ======
           LLC_Init                00001B1A 
               calls direct
               XSTACK = 0000000A ( 00000010 )
    -------------------------------------------------------------------------
<BANKED_CODE> 1 (was BANKED_CODE)
  Relative segment, address: CODE 00001B80 - 00001B82 (0x3 bytes), align: 0
  Segment part 378.           Intra module refs:   LLC_Shelduler
                                                   MG_Connect
           LOCAL                   ADDRESS         
           =====                   =======         
           ?Subroutine47           00001B80 
    -------------------------------------------------------------------------
<BANKED_CODE> 1 (was BANKED_CODE)
  Relative segment, address: CODE 00001B83 - 00001B88 (0x6 bytes), align: 0
  Segment part 379.           Intra module refs:   ?Subroutine47
                                                   LLC_Shelduler
    -------------------------------------------------------------------------
<BANKED_CODE> 1 (was BANKED_CODE)
  Relative segment, address: CODE 00001B89 - 00001B8E (0x6 bytes), align: 0
  Segment part 388.           Intra module refs:   LLC_RX_HNDL
                                                   SendData
                                                   TIC_HW_Timer_IRQ
                                                   frame_addHeader
                                                   umsg_summary
           LOCAL                   ADDRESS         
           =====                   =======         
           ?Subroutine37           00001B89 
    -------------------------------------------------------------------------
<BANKED_CODE> 1 (was BANKED_CODE)
  Relative segment, address: CODE 00001B8F - 00001C7D (0xef bytes), align: 0
  Segment part 389.           Intra module refs:   LLC_Shelduler::?relay
           LOCAL                   ADDRESS         
           =====                   =======         
           LLC_Shelduler           00001B8F 
               calls direct
               XSTACK = 00000009 ( 00000013 )
    -------------------------------------------------------------------------
<BANKED_CODE> 1 (was BANKED_CODE)
  Relative segment, address: CODE 00001C7E - 00001C83 (0x6 bytes), align: 0
  Segment part 391.           Intra module refs:   MAC_TX_HNDL
           LOCAL                   ADDRESS         
           =====                   =======         
           ?Subroutine42           00001C7E 
    -------------------------------------------------------------------------
<BANKED_CODE> 1 (was BANKED_CODE)
  Relative segment, address: CODE 00001C84 - 00001C89 (0x6 bytes), align: 0
  Segment part 392.           Intra module refs:   ?Subroutine42
                                                   LLC_Shelduler
                                                   MAC_Reset
[...]
              | + function block  :  00000020 00000000
              |  Already listed
  05          memcpy
              | Stack used (prev) :  00000011 00000000
              | + function block  :  0000000B 00000001
              |  Already listed
  06            TIC_CloseAllState
                | Stack used (prev) :  00000447 00000009
                | + function block  :  00000030 00000002
  06            NT_SetCompare
                | Stack used (prev) :  000002E3 00000002
                | + function block  :  00000048 00000000
                |  Already listed
  07              printf
                  | Stack used (prev) :  000002C3 00000002
                  | + function block  :  00000020 00000000
                  |  Already listed
  07              ReadTimer
                  | Stack used (prev) :  00000011 00000000
                  | + function block  :  0000003D 00000002
                  |  Already listed
  07              NT_SetCompare
                  | Stack used (prev) :  000002E3 00000002
                  | + function block  :  00000048 00000000
                  |  Already listed
  06            NT_SetTime
                | Stack used (prev) :  00000447 00000009
                | + function block  :  0000001C 00000000
  06            TIM_TimeStamp
                | Stack used (prev) :  00000011 00000000
                | + function block  :  0000000C 00000003
                |  Already listed
  05          TIC_Reset
              | Stack used (prev) :  00000477 0000000B
              | + function block  :  0000000A 00000004
  06            TIC_CloseAllState
                | Stack used (prev) :  00000447 00000009
                | + function block  :  00000030 00000002
                |  Already listed
  06            NT_SetCompare
                | Stack used (prev) :  000002E3 00000002
                | + function block  :  00000048 00000000
                |  Already listed
  06            NT_SetTime
                | Stack used (prev) :  00000447 00000009
                | + function block  :  0000001C 00000000
                |  Already listed
  06            TIM_TimeStamp
                | Stack used (prev) :  00000011 00000000
                | + function block  :  0000000C 00000003
                |  Already listed
  05          TIC_Init
              | Stack used (prev) :  00000477 0000000B
              | + function block  :  0000000A 00000004
  05          SY_Reset
              | Stack used (prev) :  00000447 00000009
              | + function block  :  0000000A 00000002
  06            printf
                | Stack used (prev) :  000002C3 00000002
                | + function block  :  00000020 00000000
                |  Already listed
  05          SY_Init
              | Stack used (prev) :  00000447 00000009
              | + function block  :  0000001A 00000000
  06            srand
                | Stack used (prev) :  00000447 00000009
                | + function block  :  0000000C 00000000
  06            rand
                | Stack used (prev) :  00000447 00000009
                | + function block  :  00000010 00000000
  06            readRandom
                | Stack used (prev) :  00000447 00000009
                | + function block  :  00000009 00000002
  06            readRandom
                | Stack used (prev) :  00000447 00000009
                | + function block  :  00000009 00000002
                |  Already listed
  06            RI_cfg
                | Stack used (prev) :  000002E3 00000002
                | + function block  :  0000005D 00000000
                |  Already listed
  05          RI_init
              | Stack used (prev) :  00000457 0000000B
              | + function block  :  0000001C 00000000
  05          NT_Init
              | Stack used (prev) :  00000447 00000009
              | + function block  :  0000000A 00000002
  06            memset
                | Stack used (prev) :  00000011 00000000
                | + function block  :  00000002 00000002
                |  Already listed
  06            frame_delete
                | Stack used (prev) :  00000029 00000000
                | + function block  :  00000046 00000000
                |  Already listed
  05          MAC_Reset
              | Stack used (prev) :  00000447 00000009
              | + function block  :  00000016 00000000
  06            memset
                | Stack used (prev) :  00000011 00000000
                | + function block  :  00000002 00000002
                |  Already listed
  07              printf
                  | Stack used (prev) :  000002C3 00000002
                  | + function block  :  00000020 00000000
                  |  Already listed
  06            TIC_SetTXCallback
                | Stack used (prev) :  00000447 00000009
                | + function block  :  0000001A 00000000
  07              printf
                  | Stack used (prev) :  000002C3 00000002
                  | + function block  :  00000020 00000000
                  |  Already listed
  06            TIC_SetRXCallback
                | Stack used (prev) :  00000447 00000009
                | + function block  :  0000001A 00000000
  05          MAC_Init
              | Stack used (prev) :  00000461 00000009
              | + function block  :  0000001E 00000000
  06            printf
                | Stack used (prev) :  000002C3 00000002
                | + function block  :  00000020 00000000
                |  Already listed
  05          LLC_Init
              | Stack used (prev) :  00000447 00000009
              | + function block  :  0000001A 00000000
  06            TIM_delay
                | Stack used (prev) :  00000011 00000000
                | + function block  :  00000040 00000001
                |  Already listed
  05          TIM_init
              | Stack used (prev) :  00000447 00000009
              | + function block  :  0000002A 00000001
  06            memcpy
                | Stack used (prev) :  00000011 00000000
                | + function block  :  0000000B 00000001
                |  Already listed
  05          CF_init
              | Stack used (prev) :  00000447 00000009
              | + function block  :  00000016 00000000
  05          CF_init
              | Stack used (prev) :  00000447 00000009
              | + function block  :  00000016 00000000
              |  Already listed
  05          AES_init
              | Stack used (prev) :  00000447 00000009
              | + function block  :  0000000A 00000002
  04        MG_Connect
            | Stack used (prev) :  00000481 0000000F
            | + function block  :  0000001E 00000000
  03      suite_GW
          | Stack used (prev) :  0000049F 0000000F
          | + function block  :  00000014 00000000
  03      nwDebugerInit
          | Stack used (prev) :  00000447 00000009
          | + function block  :  00000000 00000000
  02    main
        | Stack used (prev) :  000004B3 0000000F
        | + function block  :  00000000 00000000
  01  ?call_main
      | Stack used (prev) :  000004B3 0000000F
      | + function block  :  00000000 00000000
  <-Sub-tree of type: Function tree
    | Stack used          :  000004B3 0000000F


  ->Sub-tree of type: Function tree
                             XSTACK   ISTACK
    | Stack used (prev) :  000004B3 0000000F
  01  __program_start
      | Stack used (prev) :  000004B3 0000000F
      | + function block  :  00000000 00000000
  <-Sub-tree of type: Function tree
    | Stack used          :  000004B3 0000000F


  ->Sub-tree of type: Function tree
                             XSTACK   ISTACK
    | Stack used (prev) :  000004B3 0000000F
  01  div::?relay
      | Stack used (prev) :  000004B3 0000000F
      | + function block  :  00000000 00000000
  <-Sub-tree of type: Function tree
    | Stack used          :  000004B3 0000000F


  ->Sub-tree of type: Function tree
                             XSTACK   ISTACK
    | Stack used (prev) :  000004B3 0000000F
  01  __iar_Memchr::?relay
      | Stack used (prev) :  000004B3 0000000F
      | + function block  :  00000000 00000000
  <-Sub-tree of type: Function tree
    | Stack used          :  000004B3 0000000F


  ->Sub-tree of type: Function tree
                             XSTACK   ISTACK
    | Stack used (prev) :  000004B3 0000000F
  01  memcpy::?relay
      | Stack used (prev) :  000004B3 0000000F
      | + function block  :  00000000 00000000
  <-Sub-tree of type: Function tree
    | Stack used          :  000004B3 0000000F


  ->Sub-tree of type: Function tree
                             XSTACK   ISTACK
    | Stack used (prev) :  000004B3 0000000F
  01  memset::?relay
      | Stack used (prev) :  000004B3 0000000F
      | + function block  :  00000000 00000000
  <-Sub-tree of type: Function tree
    | Stack used          :  000004B3 0000000F


  ->Sub-tree of type: Function tree
                             XSTACK   ISTACK
    | Stack used (prev) :  000004B3 0000000F
  01  printf::?relay
      | Stack used (prev) :  000004B3 0000000F
      | + function block  :  00000000 00000000
  <-Sub-tree of type: Function tree
    | Stack used          :  000004B3 0000000F


  ->Sub-tree of type: Function tree
                             XSTACK   ISTACK
    | Stack used (prev) :  000004B3 0000000F
  01  putchar::?relay
      | Stack used (prev) :  000004B3 0000000F
      | + function block  :  00000000 00000000
  <-Sub-tree of type: Function tree
    | Stack used          :  000004B3 0000000F


  ->Sub-tree of type: Function tree
                             XSTACK   ISTACK
    | Stack used (prev) :  000004B3 0000000F
  01  rand::?relay
      | Stack used (prev) :  000004B3 0000000F
      | + function block  :  00000000 00000000
  <-Sub-tree of type: Function tree
    | Stack used          :  000004B3 0000000F


  ->Sub-tree of type: Function tree
                             XSTACK   ISTACK
    | Stack used (prev) :  000004B3 0000000F
  01  srand::?relay
      | Stack used (prev) :  000004B3 0000000F
      | + function block  :  00000000 00000000
  <-Sub-tree of type: Function tree
    | Stack used          :  000004B3 0000000F


  ->Sub-tree of type: Function tree
                             XSTACK   ISTACK
    | Stack used (prev) :  000004B3 0000000F
  01  __iar_Strchr::?relay
      | Stack used (prev) :  000004B3 0000000F
      | + function block  :  00000000 00000000
  <-Sub-tree of type: Function tree
    | Stack used          :  000004B3 0000000F


  ->Sub-tree of type: Function tree
                             XSTACK   ISTACK
    | Stack used (prev) :  000004B3 0000000F
  01  strlen::?relay
      | Stack used (prev) :  000004B3 0000000F
      | + function block  :  00000000 00000000
  <-Sub-tree of type: Function tree
    | Stack used          :  000004B3 0000000F


  ->Sub-tree of type: Function tree
                             XSTACK   ISTACK
    | Stack used (prev) :  000004B3 0000000F
  01  __xdata_GetMemChunk::?relay
      | Stack used (prev) :  000004B3 0000000F
      | + function block  :  00000000 00000000
  <-Sub-tree of type: Function tree
    | Stack used          :  000004B3 0000000F


  ->Sub-tree of type: Function tree
                             XSTACK   ISTACK
    | Stack used (prev) :  000004B3 0000000F
  01  _PrintfLarge::?relay
      | Stack used (prev) :  000004B3 0000000F
      | + function block  :  00000000 00000000
  <-Sub-tree of type: Function tree
    | Stack used          :  000004B3 0000000F


  ->Sub-tree of type: Function tree
                             XSTACK   ISTACK
    | Stack used (prev) :  000004B3 0000000F
  01  pad::?relay
      | Stack used (prev) :  000004B3 0000000F
      | + function block  :  00000000 00000000
  <-Sub-tree of type: Function tree
    | Stack used          :  000004B3 0000000F


  ->Sub-tree of type: Function tree
                             XSTACK   ISTACK
    | Stack used (prev) :  000004B3 0000000F
  01  _LitobLarge::?relay
      | Stack used (prev) :  000004B3 0000000F
      | + function block  :  00000000 00000000
  <-Sub-tree of type: Function tree
    | Stack used          :  000004B3 0000000F


  ->Sub-tree of type: Function tree
                             XSTACK   ISTACK
    | Stack used (prev) :  000004B3 0000000F
  01  scale::?relay
      | Stack used (prev) :  000004B3 0000000F
      | + function block  :  00000000 00000000
  <-Sub-tree of type: Function tree
    | Stack used          :  000004B3 0000000F


  ->Sub-tree of type: Function tree
                             XSTACK   ISTACK
    | Stack used (prev) :  000004B3 0000000F
  01  _LdtobLarge::?relay
      | Stack used (prev) :  000004B3 0000000F
      | + function block  :  00000000 00000000
  <-Sub-tree of type: Function tree
    | Stack used          :  000004B3 0000000F


  ->Sub-tree of type: Function tree
                             XSTACK   ISTACK
    | Stack used (prev) :  000004B3 0000000F
  01  _GenldLarge::?relay
      | Stack used (prev) :  000004B3 0000000F
      | + function block  :  00000000 00000000
  <-Sub-tree of type: Function tree
    | Stack used          :  000004B3 0000000F


  ->Sub-tree of type: Function tree
                             XSTACK   ISTACK
    | Stack used (prev) :  000004B3 0000000F
  01  _PutcharLarge::?relay
      | Stack used (prev) :  000004B3 0000000F
      | + function block  :  00000000 00000000
  <-Sub-tree of type: Function tree
    | Stack used          :  000004B3 0000000F


  ->Sub-tree of type: Function tree
                             XSTACK   ISTACK
    | Stack used (prev) :  000004B3 0000000F
  01  _PutcharsLarge::?relay
      | Stack used (prev) :  000004B3 0000000F
      | + function block  :  00000000 00000000
  <-Sub-tree of type: Function tree
    | Stack used          :  000004B3 0000000F


  ->Sub-tree of type: Function tree
                             XSTACK   ISTACK
    | Stack used (prev) :  000004B3 0000000F
  03      __write
          | Stack used (prev) :  00000424 00000003
          | + function block  :  0000000B 00000000
          |  Already listed
  02    putchar
        | Stack used (prev) :  000004B3 0000000F
        | + function block  :  0000000D 00000001
  01  _Prout
      | Stack used (prev) :  000004C0 00000010
      | + function block  :  0000001C 00000000
  <-Sub-tree of type: Function tree
    | Stack used          :  000004DC 00000010


  ->Sub-tree of type: Function tree
                             XSTACK   ISTACK
    | Stack used (prev) :  000004DC 00000010
  01  _Prout::?relay
      | Stack used (prev) :  000004DC 00000010
      | + function block  :  00000000 00000000
  <-Sub-tree of type: Function tree
    | Stack used          :  000004DC 00000010


  ->Sub-tree of type: Function tree
                             XSTACK   ISTACK
    | Stack used (prev) :  000004DC 00000010
  01  __xdata_free::?relay
      | Stack used (prev) :  000004DC 00000010
      | + function block  :  00000000 00000000
  <-Sub-tree of type: Function tree
    | Stack used          :  000004DC 00000010


  ->Sub-tree of type: Function tree
                             XSTACK   ISTACK
    | Stack used (prev) :  000004DC 00000010
  01  __xdata_malloc::?relay
      | Stack used (prev) :  000004DC 00000010
      | + function block  :  00000000 00000000
  <-Sub-tree of type: Function tree
    | Stack used          :  000004DC 00000010




                ****************************************
                *                                      *
                *      SEGMENTS IN ADDRESS ORDER       *
                *                                      *
                ****************************************


SEGMENT              SPACE    START ADDRESS   END ADDRESS     SIZE  TYPE  ALIGN
=======              =====    =============   ===========     ====  ====  =====
INTVEC               CODE          00000000 - 0000002D          2E   com    0
CSTART               CODE          0000002E - 000000B4          87   rel    0
DATA_ID              CODE               000000B5                     dse    0
BDATA_ID             CODE               000000B5                     dse    0
BIT_ID               CODE               000000B5                     dse    0
IDATA_ID             CODE               000000B5                     dse    0
PDATA_ID             CODE               000000B5                     dse    0
IXDATA_ID            CODE               000000B5                     dse    0
XDATA_ID             CODE          000000B5 - 0000049B         3E7   rel    0
BANK_RELAYS          CODE          0000049C - 00000657         1BC   rel    0
RCODE                CODE          00000658 - 000013CA         D73   rel    0
CODE_N               CODE               000013CB                     dse    0
CODE_C               CODE               000013CB                     dse    0
DIFUNCT              CODE               000013CB                     rel    0
NEAR_CODE            CODE          000013CB - 0000142F          65   rel    0
<BANKED_CODE> 1      CODE          00001430 - 00005375        3F46   rel    0
REGISTERS            DATA          00000000 - 00000007           8   rel    0
VREG                 DATA          00000008 - 0000000F           8   rel    0
PSP                  DATA               00000010                     dse    0
XSP                  DATA          00000010 - 00000011           2   rel    0
BREG                 BIT        00000020.0  -  00000020.7        8   rel    0
SFR_AN               DATA          00000086 - 00000086           1   rel    0
                     DATA          00000090 - 00000091           2 
                     DATA          00000094 - 00000097           4 
                     DATA          0000009D - 0000009E           2 
                     DATA          000000A2 - 000000A5           4 
                     DATA          000000A8 - 000000A8           1 
                     DATA          000000AD - 000000AD           1 
                     DATA          000000B3 - 000000B3           1 
                     DATA          000000C0 - 000000C2           3 
                     DATA          000000C5 - 000000C6           2 
                     DATA          000000D2 - 000000D7           6 
                     DATA          000000D9 - 000000D9           1 
                     DATA          000000E1 - 000000E1           1 
                     DATA          000000E9 - 000000E9           1 
                     DATA          000000F1 - 000000F1           1 
                     DATA          000000F3 - 000000F3           1 
                     DATA          000000FE - 000000FE           1 
XSTACK               XDATA         00000001 - 00000300         300   rel    0
XDATA_Z              XDATA         00000301 - 000005C0         2C0   rel    0
XDATA_I              XDATA         000005C1 - 000009A7         3E7   rel    0
XDATA_HEAP           XDATA         000009A8 - 00001CA7        1300   dse    0
ISTACK               IDATA         000000C0 - 000000FF          40   rel    0

                ****************************************
                *                                      *
                *        END OF CROSS REFERENCE        *
                *                                      *
                ****************************************

 21 366 bytes of CODE  memory
     18 bytes of DATA  memory (+ 33 absolute )
  7 335 bytes of XDATA memory
     64 bytes of IDATA memory
      8 bits  of BIT   memory

Errors: none
Warnings: none

