################################################################################
#                                                                              #
#      IAR Universal Linker V6.4.6.89                                          #
#                                                                              #
#           Link time     =  28/Nov/2019  01:52:56                             #
#           Target CPU    =  x51                                               #
#           List file     =  "\\vmware-host\Shared Folders\Projects\WMNU\IAR\P #
#                            RJ_UNITEST\Debug\List\unitest.map"                #
#           Output file 1 =  "\\vmware-host\Shared Folders\Projects\WMNU\IAR\P #
#                            RJ_UNITEST\Debug\Exe\unitest.d51"                 #
#                            Format: ubrof10                                   #
#                            UBROF version 10.0.6                              #
#                            Using library modules for C-SPY (-rt)             #
#           Command line  =  -f                                                #
#                            C:\Users\08A4~1\AppData\Local\Temp\EW8C96.tmp     #
#                            ("\\vmware-host\Shared Folders\Projects\WMNU\IAR\ #
#                            PRJ_UNITEST\Debug\Obj\coder.r51"                  #
#                            "\\vmware-host\Shared Folders\Projects\WMNU\IAR\P #
#                            RJ_UNITEST\Debug\Obj\delays.r51"                  #
#                            "\\vmware-host\Shared Folders\Projects\WMNU\IAR\P #
#                            RJ_UNITEST\Debug\Obj\fbuf.r51"                    #
#                            "\\vmware-host\Shared Folders\Projects\WMNU\IAR\P #
#                            RJ_UNITEST\Debug\Obj\frame.r51"                   #
#                            "\\vmware-host\Shared Folders\Projects\WMNU\IAR\P #
#                            RJ_UNITEST\Debug\Obj\LLC.r51"                     #
#                            "\\vmware-host\Shared Folders\Projects\WMNU\IAR\P #
#                            RJ_UNITEST\Debug\Obj\MAC.r51"                     #
#                            "\\vmware-host\Shared Folders\Projects\WMNU\IAR\P #
#                            RJ_UNITEST\Debug\Obj\NTMR.r51"                    #
#                            "\\vmware-host\Shared Folders\Projects\WMNU\IAR\P #
#                            RJ_UNITEST\Debug\Obj\nwdebuger.r51"               #
#                            "\\vmware-host\Shared Folders\Projects\WMNU\IAR\P #
#                            RJ_UNITEST\Debug\Obj\RADIO.r51"                   #
#                            "\\vmware-host\Shared Folders\Projects\WMNU\IAR\P #
#                            RJ_UNITEST\Debug\Obj\TIC.r51"                     #
#                            "\\vmware-host\Shared Folders\Projects\WMNU\IAR\P #
#                            RJ_UNITEST\Debug\Obj\utest.r51"                   #
#                            "\\vmware-host\Shared Folders\Projects\WMNU\IAR\P #
#                            RJ_UNITEST\Debug\Obj\utest_coder.r51"             #
#                            "\\vmware-host\Shared Folders\Projects\WMNU\IAR\P #
#                            RJ_UNITEST\Debug\Obj\utest_delays.r51"            #
#                            "\\vmware-host\Shared Folders\Projects\WMNU\IAR\P #
#                            RJ_UNITEST\Debug\Obj\utest_fbuf.r51"              #
#                            "\\vmware-host\Shared Folders\Projects\WMNU\IAR\P #
#                            RJ_UNITEST\Debug\Obj\utest_frame.r51"             #
#                            "\\vmware-host\Shared Folders\Projects\WMNU\IAR\P #
#                            RJ_UNITEST\Debug\Obj\utest_Frames.r51"            #
#                            "\\vmware-host\Shared Folders\Projects\WMNU\IAR\P #
#                            RJ_UNITEST\Debug\Obj\utest_LLC.r51"               #
#                            "\\vmware-host\Shared Folders\Projects\WMNU\IAR\P #
#                            RJ_UNITEST\Debug\Obj\utest_MAC.r51"               #
#                            "\\vmware-host\Shared Folders\Projects\WMNU\IAR\P #
#                            RJ_UNITEST\Debug\Obj\utest_malloc.r51"            #
#                            "\\vmware-host\Shared Folders\Projects\WMNU\IAR\P #
#                            RJ_UNITEST\Debug\Obj\utest_NTMR.r51"              #
#                            "\\vmware-host\Shared Folders\Projects\WMNU\IAR\P #
#                            RJ_UNITEST\Debug\Obj\utest_printf_uart.r51"       #
#                            "\\vmware-host\Shared Folders\Projects\WMNU\IAR\P #
#                            RJ_UNITEST\Debug\Obj\utest_radio.r51"             #
#                            "\\vmware-host\Shared Folders\Projects\WMNU\IAR\P #
#                            RJ_UNITEST\Debug\Obj\utest_suite.r51"             #
#                            "\\vmware-host\Shared Folders\Projects\WMNU\IAR\P #
#                            RJ_UNITEST\Debug\Obj\utest_TIC.r51"               #
#                            -o                                                #
#                            "\\vmware-host\Shared Folders\Projects\WMNU\IAR\P #
#                            RJ_UNITEST\Debug\Exe\unitest.d51"                 #
#                            -l                                                #
#                            "\\vmware-host\Shared Folders\Projects\WMNU\IAR\P #
#                            RJ_UNITEST\Debug\List\unitest.map"                #
#                            -xmsno                                            #
#                            "-IC:\Program Files (x86)\IAR Systems\Embedded Wo #
#                            rkbench 8.0\8051\LIB\"                            #
#                            -f                                                #
#                            "C:\Program Files (x86)\IAR Systems\Embedded Work #
#                            bench 8.0\8051\config\devices\Texas Instruments\l #
#                            nk51ew_CC2530F256_banked.xcl"                     #
#                            (-D_IDATA0_START=0x00 -D_IDATA0_END=0xFF          #
#                            -D_PDATA0_START=0x1E00 -D_PDATA0_END=0x1EFF       #
#                            -D_IXDATA0_START=0x0001 -D_IXDATA0_END=0x1EFF     #
#                            -D_XDATA0_START=_IXDATA0_START                    #
#                            -D_XDATA0_END=_IXDATA0_END                        #
#                            -D_NEAR_CODE_START=0x0000                         #
#                            -D_FIRST_BANK_ADDR=0x10000 -D?REGISTER_BANK=0x0   #
#                            -D_REGISTER_BANK_START=0x0 -D_BREG_START=0x00     #
#                            -D?VB=0x20 -Z(BIT)BREG=_BREG_START                #
#                            -Z(BIT)BIT_N=0-7F                                 #
#                            -Z(DATA)REGISTERS+8=_REGISTER_BANK_START          #
#                            -Z(DATA)BDATA_Z,BDATA_N,BDATA_I=20-2F             #
#                            -Z(DATA)VREG=08-7F -Z(DATA)PSP,XSP=08-7F          #
#                            -Z(DATA)DOVERLAY=08-7F                            #
#                            -Z(DATA)DATA_I,DATA_Z,DATA_N=08-7F                #
#                            -U(IDATA)0-7F=(DATA)0-7F                          #
#                            -Z(IDATA)IDATA_I,IDATA_Z,IDATA_N=08-_IDATA0_END   #
#                            -Z(IDATA)ISTACK+_IDATA_STACK_SIZE#08-_IDATA0_END  #
#                            -Z(IDATA)IOVERLAY=08-FF -Z(CODE)INTVEC=0          #
#                            -Z(CODE)CSTART=_NEAR_CODE_START-(_CODEBANK_START- #
#                            1)                                                #
#                            -Z(CODE)BIT_ID,BDATA_ID,DATA_ID,IDATA_ID,IXDATA_I #
#                            D,PDATA_ID,XDATA_ID=_NEAR_CODE_START-(_CODEBANK_S #
#                            TART-1)                                           #
#                            -Z(CODE)BANK_RELAYS,RCODE,DIFUNCT,CODE_C,CODE_N,N #
#                            EAR_CODE=_NEAR_CODE_START-(_CODEBANK_START-1)     #
#                            -P(CODE)BANKED_CODE=_NEAR_CODE_START-(_CODEBANK_S #
#                            TART-1),[(_CODEBANK_START+_FIRST_BANK_ADDR)-(_COD #
#                            EBANK_END+_FIRST_BANK_ADDR)]*_NR_OF_BANKS+10000   #
#                            -Z(CODE)CHECKSUM#(_CODEBANK_START-1)              #
#                            -Z(XDATA)PDATA_Z,PDATA_I=_PDATA0_START-_PDATA0_EN #
#                            D                                                 #
#                            -P(XDATA)PDATA_N=_PDATA0_START-_PDATA0_END        #
#                            -Z(XDATA)PSTACK+_PDATA_STACK_SIZE=_PDATA0_START-_ #
#                            PDATA0_END                                        #
#                            -Z(XDATA)EXT_STACK+_EXTENDED_STACK_SIZE=_EXTENDED #
#                            _STACK_START                                      #
#                            -Z(XDATA)XSTACK+_XDATA_STACK_SIZE=_XDATA0_START-_ #
#                            XDATA0_END                                        #
#                            -Z(XDATA)IXDATA_Z,IXDATA_I=_IXDATA0_START-_IXDATA #
#                            0_END                                             #
#                            -P(XDATA)IXDATA_N=_IXDATA0_START-_IXDATA0_END     #
#                            -Z(XDATA)XDATA_Z,XDATA_I=_XDATA0_START-_XDATA0_EN #
#                            D                                                 #
#                            -P(XDATA)XDATA_N=_XDATA0_START-_XDATA0_END        #
#                            -Z(XDATA)XDATA_HEAP+_XDATA_HEAP_SIZE=_XDATA0_STAR #
#                            T-_XDATA0_END                                     #
#                            -Z(CONST)XDATA_ROM_C=_XDATA0_START-_XDATA0_END    #
#                            -cx51                                             #
#                            -M(CODE)[(_CODEBANK_START+_FIRST_BANK_ADDR)-(_COD #
#                            EBANK_END+_FIRST_BANK_ADDR)]*_NR_OF_BANKS+0x10000 #
#                            =0x8000                                           #
#                            -ww69=i -D_BANK0_START=0x00000                    #
#                            -D_BANK0_END=0x07FFF -D_BANK1_START=0x18000       #
#                            -D_BANK1_END=0x1FFFF -D_BANK2_START=0x28000       #
#                            -D_BANK2_END=0x2FFFF -D_BANK3_START=0x38000       #
#                            -D_BANK3_END=0x3FFFF -D_BANK4_START=0x48000       #
#                            -D_BANK4_END=0x4FFFF -D_BANK5_START=0x58000       #
#                            -D_BANK5_END=0x5FFFF -D_BANK6_START=0x68000       #
#                            -D_BANK6_END=0x6FFFF -D_BANK7_START=0x78000       #
#                            -D_BANK7_END=0x7FFFF                              #
#                            -P(CODE)BANK0=_BANK0_START-_BANK0_END             #
#                            -P(CODE)BANK1=_BANK1_START-_BANK1_END             #
#                            -P(CODE)BANK2=_BANK2_START-_BANK2_END             #
#                            -P(CODE)BANK3=_BANK3_START-_BANK3_END             #
#                            -P(CODE)BANK4=_BANK4_START-_BANK4_END             #
#                            -P(CODE)BANK5=_BANK5_START-_BANK5_END             #
#                            -P(CODE)BANK6=_BANK6_START-_BANK6_END             #
#                            -P(CODE)BANK7=_BANK7_START-_BANK7_END             #
#                            -D_FLASH_LOCK_BITS_START=0x7FFF0                  #
#                            -D_FLASH_LOCK_BITS_END=0x7FFFF                    #
#                            -Z(CODE)FLASH_LOCK_BITS=_FLASH_LOCK_BITS_START-_F #
#                            LASH_LOCK_BITS_END                                #
#                            -U(CODE)0x0000=(CODE)_FLASH_LOCK_BITS_START-_FLAS #
#                            H_LOCK_BITS_END)                                  #
#                            -D_NR_OF_VIRTUAL_REGISTERS=8 -D?PBANK=0x93        #
#                            -D?CBANK=0x9F -D?CBANK_MASK=0xFF                  #
#                            -e?BCALL_FF=?BCALL -e?BRET_FF=?BRET               #
#                            -e?BDISPATCH_FF=?BDISPATCH                        #
#                            -D_CODEBANK_START=0x8000 -D_CODEBANK_END=0xFFFF   #
#                            -D_NR_OF_BANKS=0x07                               #
#                            "-IC:\Program Files (x86)\IAR Systems\Embedded Wo #
#                            rkbench 8.0\8051\CONFIG\"                         #
#                            -e_PrintfLarge=_Printf -e_ScanfLarge=_Scanf -rt   #
#                            -s __program_start                                #
#                            "C:\Program Files (x86)\IAR Systems\Embedded Work #
#                            bench 8.0\8051\LIB\DLIB\dl-pli-blxd-1e16x01n.r51" #
#                            -D_IDATA_STACK_SIZE=0x40 -D?ESP=0 -D?ESP_MASK=0   #
#                            -D_EXTENDED_STACK_START=0                         #
#                            -D_EXTENDED_STACK_SIZE=0                          #
#                            -D_PDATA_STACK_SIZE=0x80                          #
#                            -D_XDATA_STACK_SIZE=0x300                         #
#                            -D_XDATA_HEAP_SIZE=0x1300                         #
#                            -D_FAR_HEAP_SIZE=0x0FF -D_HUGE_HEAP_SIZE=0x0FF    #
#                            -D_FAR22_HEAP_SIZE=0x0FF)                         #
#                                                                              #
#                           Copyright (C) 1987-2016 IAR Systems AB.            #
################################################################################





                ****************************************
                *                                      *
                *           CROSS REFERENCE            *
                *                                      *
                ****************************************

       Program entry at : CODE      00000085  Relocatable, from module : CSTARTUP




                ****************************************
                *                                      *
                *            RUNTIME MODEL             *
                *                                      *
                ****************************************

  __Heap_Handler             = Basic
  __SystemLibrary            = DLib
  __calling_convention       = xdata_reentrant
  __code_model               = banked
  __core                     = plain
  __data_model               = large
  __dlib_file_descriptor     = 0
  __dlib_full_locale_support = 0
  __dptr_size                = 16
  __extended_stack           = disabled
  __location_for_constants   = data
  __number_of_dptrs          = 1
  __register_banks           = *
  __rt_version               = 1

                ****************************************
                *                                      *
                *    AUTOMATIC SYMBOL REDIRECTIONS     *
                *                                      *
                ****************************************

                  There are no automatic symbol redirections.



                ****************************************
                *                                      *
                *              MODULE MAP              *
                *                                      *
                ****************************************


  DEFINED ABSOLUTE ENTRIES
    *************************************************************************

  DEFINED ABSOLUTE ENTRIES
  PROGRAM MODULE, NAME : ?ABS_ENTRY_MOD

Absolute parts
           ENTRY                   ADDRESS         REF BY
           =====                   =======         ======
           _FAR22_HEAP_SIZE        000000FF 
           _HUGE_HEAP_SIZE         000000FF 
           _FAR_HEAP_SIZE          000000FF 
           _XDATA_HEAP_SIZE        00001300 
           _XDATA_STACK_SIZE       00000300 
           _PDATA_STACK_SIZE       00000080 
           _EXTENDED_STACK_SIZE    00000000 
           _EXTENDED_STACK_START   00000000 
           ?ESP_MASK               00000000 
           ?ESP                    00000000 
           _IDATA_STACK_SIZE       00000040 
           _NR_OF_BANKS            00000007 
           _CODEBANK_END           0000FFFF 
           _CODEBANK_START         00008000 
           ?CBANK_MASK             000000FF 
           ?CBANK                  0000009F        ?RESET_CODE_BANK (CSTARTUP)
                                                   Segment part 0 (?BANKED_CODE_SUPPORT)
           ?PBANK                  00000093 
           _NR_OF_VIRTUAL_REGISTERS
                                   00000008 
           _FLASH_LOCK_BITS_END    0003FFFF 
           _FLASH_LOCK_BITS_START
                                   0003FFF0 
           _BANK7_END              0003FFFF 
           _BANK7_START            00038000 
           _BANK6_END              00037FFF 
           _BANK6_START            00030000 
           _BANK5_END              0002FFFF 
           _BANK5_START            00028000 
           _BANK4_END              00027FFF 
           _BANK4_START            00020000 
           _BANK3_END              0001FFFF 
           _BANK3_START            00018000 
           _BANK2_END              00017FFF 
           _BANK2_START            00010000 
           _BANK1_END              0000FFFF 
           _BANK1_START            00008000 
           _BANK0_END              00007FFF 
           _BANK0_START            00000000 
           ?VB                     00000020        ?BANKED_ENTER_XDATA (?BANKED_ENTER_XDATA)
                                                   ?BANKED_LEAVE_XDATA (?BANKED_LEAVE_XDATA)
                                                   ?INTERRUPT_ENTER_XSP (?INTERRUPT_ENTER_XSP)
                                                   ?INTERRUPT_LEAVE_XSP (?INTERRUPT_LEAVE_XSP)
                                                   AES_StreamCoder (?__write)
                                                   MAC_TX_HNDL (?__write)
                                                   RI_Receive (?__write)
                                                   RI_Send (?__write)
                                                   RecvData (?__write)
                                                   SendData (?__write)
                                                   TIC_SetTXState (?__write)
           _BREG_START             00000000 
           _REGISTER_BANK_START    00000000 
           ?REGISTER_BANK          00000000        Segment part 6 (CSTARTUP)
           _FIRST_BANK_ADDR        00010000 
           _NEAR_CODE_START        00000000 
           _XDATA0_END             00001EFF 
           _XDATA0_START           00000001 
           _IXDATA0_END            00001EFF 
           _IXDATA0_START          00000001 
           _PDATA0_END             00001EFF 
           _PDATA0_START           00001E00 
           _IDATA0_END             000000FF 
           _IDATA0_START           00000000 
    *************************************************************************

  FILE NAME : \\vmware-host\Shared Folders\Projects\WMNU\IAR\PRJ_UNITEST\Debug\Obj\coder.r51
  PROGRAM MODULE, NAME : ?__write

  SEGMENTS IN THE MODULE
  ======================
SFR_AN
  Relative segment, address: DATA 00000080 - 00000080 (0x1 bytes), align: 0
  Segment part 1. ROOT 
           ENTRY                   ADDRESS         REF BY
           =====                   =======         ======
           _A_P0                   00000080 
           LOCAL                   ADDRESS         
           =====                   =======         
           P0                      00000080 
    -------------------------------------------------------------------------
SFR_AN
  Relative segment, address: DATA 00000086 - 00000086 (0x1 bytes), align: 0
  Segment part 2. ROOT        Intra module refs:   MyLowLevelPutchar
                                                   uart_init
           ENTRY                   ADDRESS         REF BY
           =====                   =======         ======
           U0CSR                   00000086 
    -------------------------------------------------------------------------
SFR_AN
  Relative segment, address: DATA 00000090 - 00000090 (0x1 bytes), align: 0
  Segment part 3. ROOT        Intra module refs:   LED
           ENTRY                   ADDRESS         REF BY
           =====                   =======         ======
           _A_P1                   00000090 
           LOCAL                   ADDRESS         
           =====                   =======         
           P1                      00000090 
    -------------------------------------------------------------------------
SFR_AN
  Relative segment, address: DATA 00000091 - 00000091 (0x1 bytes), align: 0
  Segment part 4. ROOT        Intra module refs:   SendData
           ENTRY                   ADDRESS         REF BY
           =====                   =======         ======
           RFIRQF1                 00000091 
    -------------------------------------------------------------------------
SFR_AN
  Relative segment, address: DATA 00000094 - 00000094 (0x1 bytes), align: 0
  Segment part 5. ROOT        Intra module refs:   TIM_init
           ENTRY                   ADDRESS         REF BY
           =====                   =======         ======
           T2CTRL                  00000094 
    -------------------------------------------------------------------------
SFR_AN
  Relative segment, address: DATA 00000095 - 00000095 (0x1 bytes), align: 0
  Segment part 6. ROOT        Intra module refs:   NT_WaitTime
                                                   ReadTimer
                                                   loadTimerCompare
           ENTRY                   ADDRESS         REF BY
           =====                   =======         ======
           ST0                     00000095 
    -------------------------------------------------------------------------
SFR_AN
  Relative segment, address: DATA 00000096 - 00000096 (0x1 bytes), align: 0
  Segment part 7. ROOT        Intra module refs:   NT_WaitTime
                                                   ReadTimer
                                                   loadTimerCompare
           ENTRY                   ADDRESS         REF BY
           =====                   =======         ======
           ST1                     00000096 
    -------------------------------------------------------------------------
SFR_AN
  Relative segment, address: DATA 00000097 - 00000097 (0x1 bytes), align: 0
  Segment part 8. ROOT        Intra module refs:   NT_WaitTime
                                                   ReadTimer
                                                   loadTimerCompare
           ENTRY                   ADDRESS         REF BY
           =====                   =======         ======
           ST2                     00000097 
    -------------------------------------------------------------------------
SFR_AN
  Relative segment, address: DATA 0000009D - 0000009D (0x1 bytes), align: 0
  Segment part 9. ROOT        Intra module refs:   NT_WaitTime
                                                   ReadTimer
           ENTRY                   ADDRESS         REF BY
           =====                   =======         ======
           SLEEPSTA                0000009D 
    -------------------------------------------------------------------------
SFR_AN
  Relative segment, address: DATA 0000009E - 0000009E (0x1 bytes), align: 0
  Segment part 10. ROOT       Intra module refs:   SetCPU32M
           ENTRY                   ADDRESS         REF BY
           =====                   =======         ======
           CLKCONSTA               0000009E 
    -------------------------------------------------------------------------
SFR_AN
  Relative segment, address: DATA 000000A2 - 000000A2 (0x1 bytes), align: 0
  Segment part 11. ROOT       Intra module refs:   TIM_TimeStamp
           ENTRY                   ADDRESS         REF BY
           =====                   =======         ======
           T2M0                    000000A2 
    -------------------------------------------------------------------------
SFR_AN
  Relative segment, address: DATA 000000A3 - 000000A3 (0x1 bytes), align: 0
  Segment part 12. ROOT       Intra module refs:   TIM_TimeStamp
           ENTRY                   ADDRESS         REF BY
           =====                   =======         ======
           T2M1                    000000A3 
    -------------------------------------------------------------------------
SFR_AN
  Relative segment, address: DATA 000000A4 - 000000A4 (0x1 bytes), align: 0
  Segment part 13. ROOT       Intra module refs:   TIM_TimeStamp
           ENTRY                   ADDRESS         REF BY
           =====                   =======         ======
           T2MOVF0                 000000A4 
    -------------------------------------------------------------------------
SFR_AN
  Relative segment, address: DATA 000000A5 - 000000A5 (0x1 bytes), align: 0
  Segment part 14. ROOT       Intra module refs:   TIM_TimeStamp
           ENTRY                   ADDRESS         REF BY
           =====                   =======         ======
           T2MOVF1                 000000A5 
    -------------------------------------------------------------------------
SFR_AN
  Relative segment, address: DATA 000000A8 - 000000A8 (0x1 bytes), align: 0
  Segment part 15. ROOT       Intra module refs:   LLC_AddTask
                                                   NT_IRQEnable
                                                   getFrame
                                                   isIRQEnable
                                                   test_create
           ENTRY                   ADDRESS         REF BY
           =====                   =======         ======
           _A_IEN0                 000000A8 
           LOCAL                   ADDRESS         
           =====                   =======         
           IEN0                    000000A8 
    -------------------------------------------------------------------------
SFR_AN
  Relative segment, address: DATA 000000AD - 000000AD (0x1 bytes), align: 0
  Segment part 16. ROOT       Intra module refs:   loadTimerCompare
           ENTRY                   ADDRESS         REF BY
           =====                   =======         ======
           STLOAD                  000000AD 
    -------------------------------------------------------------------------
SFR_AN
  Relative segment, address: DATA 000000B3 - 000000B3 (0x1 bytes), align: 0
  Segment part 17. ROOT       Intra module refs:   AES_StreamCoder
           ENTRY                   ADDRESS         REF BY
           =====                   =======         ======
           ENCCS                   000000B3 
    -------------------------------------------------------------------------
SFR_AN
  Relative segment, address: DATA 000000C0 - 000000C0 (0x1 bytes), align: 0
  Segment part 18. ROOT       Intra module refs:   NT_IRQEnable
                                                   TimerCompareInterrupt
           ENTRY                   ADDRESS         REF BY
           =====                   =======         ======
           _A_IRCON                000000C0 
           LOCAL                   ADDRESS         
           =====                   =======         
           IRCON                   000000C0 
    -------------------------------------------------------------------------
SFR_AN
  Relative segment, address: DATA 000000C1 - 000000C1 (0x1 bytes), align: 0
  Segment part 19. ROOT       Intra module refs:   MyLowLevelPutchar
           ENTRY                   ADDRESS         REF BY
           =====                   =======         ======
           U0DBUF                  000000C1 
    -------------------------------------------------------------------------
SFR_AN
  Relative segment, address: DATA 000000C2 - 000000C2 (0x1 bytes), align: 0
  Segment part 20. ROOT       Intra module refs:   uart_init
           ENTRY                   ADDRESS         REF BY
           =====                   =======         ======
           U0BAUD                  000000C2 
    -------------------------------------------------------------------------
SFR_AN
  Relative segment, address: DATA 000000C5 - 000000C5 (0x1 bytes), align: 0
  Segment part 21. ROOT       Intra module refs:   uart_init
           ENTRY                   ADDRESS         REF BY
           =====                   =======         ======
           U0GCR                   000000C5 
    -------------------------------------------------------------------------
SFR_AN
  Relative segment, address: DATA 000000C6 - 000000C6 (0x1 bytes), align: 0
  Segment part 22. ROOT       Intra module refs:   SetCPU32M
           ENTRY                   ADDRESS         REF BY
           =====                   =======         ======
           CLKCONCMD               000000C6 
    -------------------------------------------------------------------------
SFR_AN
  Relative segment, address: DATA 000000D2 - 000000D2 (0x1 bytes), align: 0
  Segment part 23. ROOT       Intra module refs:   AES_init
           ENTRY                   ADDRESS         REF BY
           =====                   =======         ======
           DMA1CFGL                000000D2 
    -------------------------------------------------------------------------
SFR_AN
  Relative segment, address: DATA 000000D3 - 000000D3 (0x1 bytes), align: 0
  Segment part 24. ROOT       Intra module refs:   AES_init
           ENTRY                   ADDRESS         REF BY
           =====                   =======         ======
           DMA1CFGH                000000D3 
    -------------------------------------------------------------------------
SFR_AN
  Relative segment, address: DATA 000000D4 - 000000D4 (0x1 bytes), align: 0
  Segment part 25. ROOT       Intra module refs:   AES_init
           ENTRY                   ADDRESS         REF BY
           =====                   =======         ======
           DMA0CFGL                000000D4 
    -------------------------------------------------------------------------
SFR_AN
  Relative segment, address: DATA 000000D5 - 000000D5 (0x1 bytes), align: 0
  Segment part 26. ROOT       Intra module refs:   AES_init
           ENTRY                   ADDRESS         REF BY
           =====                   =======         ======
           DMA0CFGH                000000D5 
    -------------------------------------------------------------------------
SFR_AN
  Relative segment, address: DATA 000000D6 - 000000D6 (0x1 bytes), align: 0
  Segment part 27. ROOT       Intra module refs:   AES_StreamCoder
           ENTRY                   ADDRESS         REF BY
           =====                   =======         ======
           DMAARM                  000000D6 
    -------------------------------------------------------------------------
SFR_AN
  Relative segment, address: DATA 000000D7 - 000000D7 (0x1 bytes), align: 0
  Segment part 28. ROOT       Intra module refs:   AES_StreamCoder
           ENTRY                   ADDRESS         REF BY
           =====                   =======         ======
           DMAREQ                  000000D7 
    -------------------------------------------------------------------------
SFR_AN
  Relative segment, address: DATA 000000D9 - 000000D9 (0x1 bytes), align: 0
  Segment part 29. ROOT       Intra module refs:   LoadTXData
                                                   UnLoadRXData
           ENTRY                   ADDRESS         REF BY
           =====                   =======         ======
           RFD                     000000D9 
    -------------------------------------------------------------------------
SFR_AN
  Relative segment, address: DATA 000000E1 - 000000E1 (0x1 bytes), align: 0
  Segment part 30. ROOT       Intra module refs:   LoadTXData
                                                   RecvData
                                                   SendData
                                                   random_core_init
           ENTRY                   ADDRESS         REF BY
           =====                   =======         ======
           RFST                    000000E1 
    -------------------------------------------------------------------------
SFR_AN
  Relative segment, address: DATA 000000E9 - 000000E9 (0x1 bytes), align: 0
  Segment part 31. ROOT       Intra module refs:   RecvData
                                                   SendData
           ENTRY                   ADDRESS         REF BY
           =====                   =======         ======
           RFIRQF0                 000000E9 
    -------------------------------------------------------------------------
SFR_AN
  Relative segment, address: DATA 000000F1 - 000000F1 (0x1 bytes), align: 0
  Segment part 32. ROOT       Intra module refs:   uart_init
           ENTRY                   ADDRESS         REF BY
           =====                   =======         ======
           PERCFG                  000000F1 
    -------------------------------------------------------------------------
SFR_AN
  Relative segment, address: DATA 000000F3 - 000000F3 (0x1 bytes), align: 0
  Segment part 33. ROOT       Intra module refs:   uart_init
           ENTRY                   ADDRESS         REF BY
           =====                   =======         ======
           P0SEL                   000000F3 
    -------------------------------------------------------------------------
SFR_AN
  Relative segment, address: DATA 000000FD - 000000FD (0x1 bytes), align: 0
  Segment part 34. ROOT 
           ENTRY                   ADDRESS         REF BY
           =====                   =======         ======
           P0DIR                   000000FD 
    -------------------------------------------------------------------------
SFR_AN
  Relative segment, address: DATA 000000FE - 000000FE (0x1 bytes), align: 0
  Segment part 35. ROOT       Intra module refs:   utestSigTraceInit
           ENTRY                   ADDRESS         REF BY
           =====                   =======         ======
           P1DIR                   000000FE 
    -------------------------------------------------------------------------
XDATA_Z
  Relative segment, address: XDATA 00000301 - 00000308 (0x8 bytes), align: 0
  Segment part 379.           Intra module refs:   AES_StreamCoder
                                                   AES_init
           ENTRY                   ADDRESS         REF BY
           =====                   =======         ======
           DMA_AES_DW              00000301 
    -------------------------------------------------------------------------
XDATA_Z
  Relative segment, address: XDATA 00000309 - 00000310 (0x8 bytes), align: 0
  Segment part 380.           Intra module refs:   AES_StreamCoder
                                                   AES_init
           ENTRY                   ADDRESS         REF BY
           =====                   =======         ======
           DMA_AES_UP              00000309 
    -------------------------------------------------------------------------
<BANKED_CODE> 1 (was BANKED_CODE)
  Relative segment, address: CODE 00001610 - 000016FE (0xef bytes), align: 0
  Segment part 452.           Intra module refs:   AES_init::?relay
           ENTRY                   ADDRESS         REF BY
           =====                   =======         ======
           AES_init                00001610 
               XSTACK = 000000BC ( 00000000 )
               ISTACK = 00000000 ( 00000002 )
    -------------------------------------------------------------------------
<BANKED_CODE> 1 (was BANKED_CODE)
  Relative segment, address: CODE 000016FF - 0000193E (0x240 bytes), align: 0
  Segment part 454.           Intra module refs:   AES_StreamCoder::?relay
           ENTRY                   ADDRESS         REF BY
           =====                   =======         ======
           AES_StreamCoder         000016FF 
               calls direct
               XSTACK = 00000058 ( 00000027 )
    -------------------------------------------------------------------------
XDATA_I
  Relative segment, address: XDATA 000005A7 - 000005B7 (0x11 bytes), align: 0
  Segment part 42.            Intra module refs:   fbuf_create
    -------------------------------------------------------------------------
XDATA_I
  Relative segment, address: XDATA 000005B8 - 000005BE (0x7 bytes), align: 0
  Segment part 44.            Intra module refs:   fbuf_create
    -------------------------------------------------------------------------
XDATA_I
  Relative segment, address: XDATA 000005BF - 000005D2 (0x14 bytes), align: 0
  Segment part 46.            Intra module refs:   fbuf_create
    -------------------------------------------------------------------------
XDATA_I
  Relative segment, address: XDATA 000005D3 - 000005ED (0x1b bytes), align: 0
  Segment part 48.            Intra module refs:   fbuf_create
    -------------------------------------------------------------------------
XDATA_I
  Relative segment, address: XDATA 000005EE - 000005FA (0xd bytes), align: 0
  Segment part 50.            Intra module refs:   fbuf_create
    -------------------------------------------------------------------------
XDATA_I
  Relative segment, address: XDATA 000005FB - 00000604 (0xa bytes), align: 0
  Segment part 52.            Intra module refs:   fbuf_create
    -------------------------------------------------------------------------
XDATA_I
  Relative segment, address: XDATA 00000605 - 00000615 (0x11 bytes), align: 0
  Segment part 54.            Intra module refs:   frame_create
                                                   frame_merge
    -------------------------------------------------------------------------
XDATA_I
  Relative segment, address: XDATA 00000616 - 0000061D (0x8 bytes), align: 0
  Segment part 56.            Intra module refs:   frame_create
                                                   frame_merge
    -------------------------------------------------------------------------
XDATA_I
  Relative segment, address: XDATA 0000061E - 00000627 (0xa bytes), align: 0
  Segment part 58.            Intra module refs:   frame_create
                                                   frame_merge
    -------------------------------------------------------------------------
XDATA_I
  Relative segment, address: XDATA 00000628 - 00000642 (0x1b bytes), align: 0
  Segment part 60.            Intra module refs:   frame_create
                                                   frame_merge
    -------------------------------------------------------------------------
XDATA_I
  Relative segment, address: XDATA 00000643 - 0000064F (0xd bytes), align: 0
  Segment part 62.            Intra module refs:   frame_create
                                                   frame_merge
    -------------------------------------------------------------------------
XDATA_I
  Relative segment, address: XDATA 00000650 - 00000655 (0x6 bytes), align: 0
  Segment part 64.            Intra module refs:   frame_merge
    -------------------------------------------------------------------------
XDATA_I
  Relative segment, address: XDATA 00000656 - 00000666 (0x11 bytes), align: 0
  Segment part 68.            Intra module refs:   LLC_AddTask
                                                   LLC_RX_HNDL
                                                   LLC_TimeAlloc
    -------------------------------------------------------------------------
XDATA_I
  Relative segment, address: XDATA 00000667 - 0000066C (0x6 bytes), align: 0
  Segment part 70.            Intra module refs:   LLC_AddTask
                                                   LLC_RX_HNDL
                                                   LLC_TimeAlloc
    -------------------------------------------------------------------------
XDATA_I
  Relative segment, address: XDATA 0000066D - 00000687 (0x1b bytes), align: 0
  Segment part 74.            Intra module refs:   LLC_AddTask
                                                   LLC_RX_HNDL
                                                   LLC_TimeAlloc
    -------------------------------------------------------------------------
XDATA_I
  Relative segment, address: XDATA 00000688 - 00000694 (0xd bytes), align: 0
  Segment part 76.            Intra module refs:   LLC_AddTask
                                                   LLC_RX_HNDL
                                                   LLC_TimeAlloc
    -------------------------------------------------------------------------
XDATA_I
  Relative segment, address: XDATA 00000695 - 000006AC (0x18 bytes), align: 0
  Segment part 78.            Intra module refs:   LLC_TimeAlloc
    -------------------------------------------------------------------------
XDATA_I
  Relative segment, address: XDATA 000006AD - 000006B4 (0x8 bytes), align: 0
  Segment part 80.            Intra module refs:   LLC_AddTask
    -------------------------------------------------------------------------
XDATA_I
  Relative segment, address: XDATA 000006B5 - 000006CC (0x18 bytes), align: 0
  Segment part 82.            Intra module refs:   LLC_AddTask
    -------------------------------------------------------------------------
XDATA_I
  Relative segment, address: XDATA 000006CD - 000006DF (0x13 bytes), align: 0
  Segment part 84.            Intra module refs:   LLC_AddTask
    -------------------------------------------------------------------------
XDATA_I
  Relative segment, address: XDATA 000006E0 - 00000714 (0x35 bytes), align: 0
  Segment part 86.            Intra module refs:   LLC_AddTask
    -------------------------------------------------------------------------
XDATA_I
  Relative segment, address: XDATA 00000715 - 00000729 (0x15 bytes), align: 0
  Segment part 88.            Intra module refs:   LLC_RX_HNDL
    -------------------------------------------------------------------------
XDATA_I
  Relative segment, address: XDATA 0000072A - 0000073A (0x11 bytes), align: 0
  Segment part 90.            Intra module refs:   MAC_GetTXState
                                                   MAC_RX_HNDL
                                                   MAC_Send
                                                   MAC_TX_HNDL
    -------------------------------------------------------------------------
XDATA_I
  Relative segment, address: XDATA 0000073B - 00000740 (0x6 bytes), align: 0
  Segment part 92.            Intra module refs:   MAC_GetTXState
                                                   MAC_RX_HNDL
                                                   MAC_Send
                                                   MAC_TX_HNDL
    -------------------------------------------------------------------------
XDATA_I
  Relative segment, address: XDATA 00000741 - 0000074D (0xd bytes), align: 0
  Segment part 94.            Intra module refs:   MAC_GetTXState
                                                   MAC_RX_HNDL
                                                   MAC_TX_HNDL
    -------------------------------------------------------------------------
XDATA_I
  Relative segment, address: XDATA 0000074E - 00000768 (0x1b bytes), align: 0
  Segment part 96.            Intra module refs:   MAC_GetTXState
                                                   MAC_RX_HNDL
                                                   MAC_Send
                                                   MAC_TX_HNDL
    -------------------------------------------------------------------------
XDATA_I
  Relative segment, address: XDATA 00000769 - 00000775 (0xd bytes), align: 0
  Segment part 98.            Intra module refs:   MAC_GetTXState
                                                   MAC_RX_HNDL
                                                   MAC_Send
                                                   MAC_TX_HNDL
    -------------------------------------------------------------------------
XDATA_I
  Relative segment, address: XDATA 00000776 - 0000077E (0x9 bytes), align: 0
  Segment part 100.           Intra module refs:   MAC_Send
    -------------------------------------------------------------------------
XDATA_I
  Relative segment, address: XDATA 0000077F - 0000078B (0xd bytes), align: 0
  Segment part 102.           Intra module refs:   MAC_Send
    -------------------------------------------------------------------------
XDATA_I
  Relative segment, address: XDATA 0000078C - 0000079E (0x13 bytes), align: 0
  Segment part 104.           Intra module refs:   MAC_TX_HNDL
    -------------------------------------------------------------------------
XDATA_I
  Relative segment, address: XDATA 0000079F - 000007AF (0x11 bytes), align: 0
  Segment part 106.           Intra module refs:   NT_SetCompare
                                                   NT_SetTime
    -------------------------------------------------------------------------
XDATA_I
  Relative segment, address: XDATA 000007B0 - 000007B6 (0x7 bytes), align: 0
  Segment part 108.           Intra module refs:   NT_SetCompare
                                                   NT_SetTime
    -------------------------------------------------------------------------
XDATA_I
  Relative segment, address: XDATA 000007B7 - 000007C6 (0x10 bytes), align: 0
  Segment part 110.           Intra module refs:   NT_SetCompare
                                                   NT_SetTime
    -------------------------------------------------------------------------
XDATA_I
  Relative segment, address: XDATA 000007C7 - 000007E1 (0x1b bytes), align: 0
  Segment part 112.           Intra module refs:   NT_SetCompare
                                                   NT_SetTime
    -------------------------------------------------------------------------
XDATA_I
  Relative segment, address: XDATA 000007E2 - 000007EE (0xd bytes), align: 0
  Segment part 114.           Intra module refs:   NT_SetCompare
                                                   NT_SetTime
    -------------------------------------------------------------------------
XDATA_I
  Relative segment, address: XDATA 000007EF - 000007FF (0x11 bytes), align: 0
  Segment part 116.           Intra module refs:   RI_Send
                                                   setFreq
    -------------------------------------------------------------------------
XDATA_I
  Relative segment, address: XDATA 00000800 - 00000807 (0x8 bytes), align: 0
  Segment part 118.           Intra module refs:   RI_Send
                                                   setFreq
    -------------------------------------------------------------------------
XDATA_I
  Relative segment, address: XDATA 00000808 - 0000080F (0x8 bytes), align: 0
  Segment part 120.           Intra module refs:   RI_Send
    -------------------------------------------------------------------------
XDATA_I
  Relative segment, address: XDATA 00000810 - 0000082A (0x1b bytes), align: 0
  Segment part 122.           Intra module refs:   RI_Send
                                                   setFreq
    -------------------------------------------------------------------------
XDATA_I
  Relative segment, address: XDATA 0000082B - 00000837 (0xd bytes), align: 0
  Segment part 124.           Intra module refs:   RI_Send
                                                   setFreq
    -------------------------------------------------------------------------
XDATA_I
  Relative segment, address: XDATA 00000838 - 0000084F (0x18 bytes), align: 0
  Segment part 126.           Intra module refs:   setFreq
    -------------------------------------------------------------------------
XDATA_I
  Relative segment, address: XDATA 00000850 - 00000860 (0x11 bytes), align: 0
  Segment part 128.           Intra module refs:   Callback_execution
                                                   TIC_SetRXCallback
                                                   TIC_SetSECallback
                                                   TIC_SetTXCallback
                                                   TIC_SetTXState
                                                   TIC_SetTimer
    -------------------------------------------------------------------------
XDATA_I
  Relative segment, address: XDATA 00000861 - 00000866 (0x6 bytes), align: 0
  Segment part 130.           Intra module refs:   Callback_execution
                                                   TIC_HW_Timer_IRQ
                                                   TIC_SetRXCallback
                                                   TIC_SetSECallback
                                                   TIC_SetTXCallback
                                                   TIC_SetTXState
                                                   TIC_SetTimer
    -------------------------------------------------------------------------
XDATA_I
  Relative segment, address: XDATA 00000867 - 00000879 (0x13 bytes), align: 0
  Segment part 132.           Intra module refs:   TIC_SetTimer
    -------------------------------------------------------------------------
XDATA_I
  Relative segment, address: XDATA 0000087A - 00000894 (0x1b bytes), align: 0
  Segment part 134.           Intra module refs:   Callback_execution
                                                   TIC_SetRXCallback
                                                   TIC_SetSECallback
                                                   TIC_SetTXCallback
                                                   TIC_SetTXState
                                                   TIC_SetTimer
    -------------------------------------------------------------------------
XDATA_I
  Relative segment, address: XDATA 00000895 - 000008A1 (0xd bytes), align: 0
  Segment part 136.           Intra module refs:   Callback_execution
                                                   TIC_SetRXCallback
                                                   TIC_SetSECallback
                                                   TIC_SetTXCallback
                                                   TIC_SetTXState
                                                   TIC_SetTimer
    -------------------------------------------------------------------------
XDATA_I
  Relative segment, address: XDATA 000008A2 - 000008B1 (0x10 bytes), align: 0
  Segment part 138.           Intra module refs:   TIC_SetTXState
    -------------------------------------------------------------------------
XDATA_I
  Relative segment, address: XDATA 000008B2 - 000008BC (0xb bytes), align: 0
  Segment part 140.           Intra module refs:   TIC_SetRXCallback
                                                   TIC_SetSECallback
                                                   TIC_SetTXCallback
    -------------------------------------------------------------------------
XDATA_I
  Relative segment, address: XDATA 000008BD - 000008CF (0x13 bytes), align: 0
  Segment part 142.           Intra module refs:   TIC_HW_Timer_IRQ
    -------------------------------------------------------------------------
XDATA_I
  Relative segment, address: XDATA 000008D0 - 000008E0 (0x11 bytes), align: 0
  Segment part 144.           Intra module refs:   Callback_execution
    -------------------------------------------------------------------------
XDATA_I
  Relative segment, address: XDATA 000008E1 - 000008EC (0xc bytes), align: 0
  Segment part 146.           Intra module refs:   TIC_HW_Timer_IRQ
    -------------------------------------------------------------------------
XDATA_I
  Relative segment, address: XDATA 000008ED - 000008FF (0x13 bytes), align: 0
  Segment part 148.           Intra module refs:   main
    -------------------------------------------------------------------------
XDATA_I
  Relative segment, address: XDATA 00000900 - 00000907 (0x8 bytes), align: 0
  Segment part 150.           Intra module refs:   main
    -------------------------------------------------------------------------
XDATA_I
  Relative segment, address: XDATA 00000908 - 00000919 (0x12 bytes), align: 0
  Segment part 152.           Intra module refs:   main
    -------------------------------------------------------------------------
XDATA_I
  Relative segment, address: XDATA 0000091A - 0000092C (0x13 bytes), align: 0
  Segment part 154.           Intra module refs:   main
    -------------------------------------------------------------------------
XDATA_I
  Relative segment, address: XDATA 0000092D - 00000941 (0x15 bytes), align: 0
  Segment part 156.           Intra module refs:   main
    -------------------------------------------------------------------------
XDATA_I
  Relative segment, address: XDATA 00000942 - 00000944 (0x3 bytes), align: 0
  Segment part 158.           Intra module refs:   main
    -------------------------------------------------------------------------
XDATA_I
  Relative segment, address: XDATA 00000945 - 0000094E (0xa bytes), align: 0
  Segment part 296.           Intra module refs:   test_create
    -------------------------------------------------------------------------
XDATA_I
  Relative segment, address: XDATA 0000094F - 00000961 (0x13 bytes), align: 0
  Segment part 298.           Intra module refs:   test_create
    -------------------------------------------------------------------------
XDATA_I
  Relative segment, address: XDATA 00000962 - 0000096D (0xc bytes), align: 0
  Segment part 300.           Intra module refs:   test_create
    -------------------------------------------------------------------------
XDATA_I
  Relative segment, address: XDATA 0000096E - 0000099B (0x2e bytes), align: 0
  Segment part 302.           Intra module refs:   test_create
    -------------------------------------------------------------------------
XDATA_I
  Relative segment, address: XDATA 0000099C - 000009AB (0x10 bytes), align: 0
  Segment part 304.           Intra module refs:   test_create
    -------------------------------------------------------------------------
XDATA_I
  Relative segment, address: XDATA 000009AC - 000009D4 (0x29 bytes), align: 0
  Segment part 364.           Intra module refs:   umsg_line
    -------------------------------------------------------------------------
XDATA_I
  Relative segment, address: XDATA 000009D5 - 000009D9 (0x5 bytes), align: 0
  Segment part 366.           Intra module refs:   umsg_line
    -------------------------------------------------------------------------
XDATA_I
  Relative segment, address: XDATA 000009DA - 000009EB (0x12 bytes), align: 0
  Segment part 368.           Intra module refs:   umsg_summary
    -------------------------------------------------------------------------
XDATA_I
  Relative segment, address: XDATA 000009EC - 000009F8 (0xd bytes), align: 0
  Segment part 370.           Intra module refs:   umsg_summary
    -------------------------------------------------------------------------
XDATA_I
  Relative segment, address: XDATA 000009F9 - 00000A05 (0xd bytes), align: 0
  Segment part 372.           Intra module refs:   umsg_summary
    -------------------------------------------------------------------------
XDATA_I
  Relative segment, address: XDATA 00000A06 - 00000A14 (0xf bytes), align: 0
  Segment part 374.           Intra module refs:   umsg_summary
    -------------------------------------------------------------------------
XDATA_I
  Relative segment, address: XDATA 00000A15 - 00000A23 (0xf bytes), align: 0
  Segment part 376.           Intra module refs:   umsg_summary
    -------------------------------------------------------------------------
XDATA_I
  Relative segment, address: XDATA 00000A24 - 00000A27 (0x4 bytes), align: 0
  Segment part 381.           Intra module refs:   Interval
           LOCAL                   ADDRESS         
           =====                   =======         
           MAC_TIMER_MAX           00000A24 
    -------------------------------------------------------------------------
XDATA_Z
  Relative segment, address: XDATA 00000311 - 00000314 (0x4 bytes), align: 0
  Segment part 383.           Intra module refs:   DelayCalibrate
                                                   TIM_delay
           LOCAL                   ADDRESS         
           =====                   =======         
           DELAY_CALIBRATE_TICS    00000311 
    -------------------------------------------------------------------------
<BANKED_CODE> 1 (was BANKED_CODE)
  Relative segment, address: CODE 0000193F - 0000194F (0x11 bytes), align: 0
  Segment part 466.           Intra module refs:   TIM_init::?relay
           ENTRY                   ADDRESS         REF BY
           =====                   =======         ======
           TIM_init                0000193F 
               calls direct
               XSTACK = 000000BC ( 00000000 )
               ISTACK = 00000000 ( 00000002 )
    -------------------------------------------------------------------------
<BANKED_CODE> 1 (was BANKED_CODE)
  Relative segment, address: CODE 00001950 - 0000198C (0x3d bytes), align: 0
  Segment part 468.           Intra module refs:   TIM_TimeStamp::?relay
           ENTRY                   ADDRESS         REF BY
           =====                   =======         ======
           TIM_TimeStamp           00001950 
               XSTACK = 0000005B ( 00000000 )
               ISTACK = 00000000 ( 00000003 )
    -------------------------------------------------------------------------
<BANKED_CODE> 1 (was BANKED_CODE)
  Relative segment, address: CODE 0000198D - 00001A1F (0x93 bytes), align: 0
  Segment part 470.           Intra module refs:   DelayCalibrate::?relay
           LOCAL                   ADDRESS         
           =====                   =======         
           DelayCalibrate          0000198D 
               calls direct
               XSTACK = 00000000 ( 00000028 )
    -------------------------------------------------------------------------
<BANKED_CODE> 1 (was BANKED_CODE)
  Relative segment, address: CODE 00001A20 - 00001AC2 (0xa3 bytes), align: 0
  Segment part 472.           Intra module refs:   Interval::?relay
           LOCAL                   ADDRESS         
           =====                   =======         
           Interval                00001A20 
               XSTACK = 00000024 ( 00000012 )
    -------------------------------------------------------------------------
<BANKED_CODE> 1 (was BANKED_CODE)
  Relative segment, address: CODE 00001AC3 - 00001B20 (0x5e bytes), align: 0
  Segment part 474.           Intra module refs:   TIM_passedTime::?relay
           ENTRY                   ADDRESS         REF BY
           =====                   =======         ======
           TIM_passedTime          00001AC3 
               calls direct
               XSTACK = 0000005B ( 00000012 )
    -------------------------------------------------------------------------
<BANKED_CODE> 1 (was BANKED_CODE)
  Relative segment, address: CODE 00001B21 - 00001BA5 (0x85 bytes), align: 0
  Segment part 476.           Intra module refs:   TIM_delay::?relay
           ENTRY                   ADDRESS         REF BY
           =====                   =======         ======
           TIM_delay               00001B21 
               calls direct
               XSTACK = 00000028 ( 00000024 )
    -------------------------------------------------------------------------
XDATA_Z
  Relative segment, address: XDATA 00000315 - 00000315 (0x1 bytes), align: 0
  Segment part 384.           Intra module refs:   fbuf_create
                                                   fbuf_delete
                                                   fbuf_getCount
           LOCAL                   ADDRESS         
           =====                   =======         
           NBR_BUF                 00000315 
    -------------------------------------------------------------------------
<BANKED_CODE> 1 (was BANKED_CODE)
  Relative segment, address: CODE 00001BA6 - 00001CFF (0x15a bytes), align: 0
  Segment part 480.           Intra module refs:   fbuf_create::?relay
           ENTRY                   ADDRESS         REF BY
           =====                   =======         ======
           fbuf_create             00001BA6 
               calls direct
               XSTACK = 00000096 ( 00000014 )
               ISTACK = 00000000 ( 00000001 )
    -------------------------------------------------------------------------
<BANKED_CODE> 1 (was BANKED_CODE)
  Relative segment, address: CODE 00001D00 - 00001D0F (0x10 bytes), align: 0
  Segment part 482.           Intra module refs:   fbuf_getCount::?relay
           ENTRY                   ADDRESS         REF BY
           =====                   =======         ======
           fbuf_getCount           00001D00 
               XSTACK = 00000022 ( 00000000 )
               ISTACK = 00000000 ( 00000002 )
    -------------------------------------------------------------------------
<BANKED_CODE> 1 (was BANKED_CODE)
  Relative segment, address: CODE 00001D10 - 00001D2B (0x1c bytes), align: 0
  Segment part 484.           Intra module refs:   fbuf_delete::?relay
           ENTRY                   ADDRESS         REF BY
           =====                   =======         ======
           fbuf_delete             00001D10 
               calls direct
               XSTACK = 0000006E ( 00000009 )
    -------------------------------------------------------------------------
XDATA_Z
  Relative segment, address: XDATA 00000316 - 00000316 (0x1 bytes), align: 0
  Segment part 385.           Intra module refs:   frame_create
                                                   frame_delete
                                                   frame_getCount
           LOCAL                   ADDRESS         
           =====                   =======         
           NBR_FRAME               00000316 
    -------------------------------------------------------------------------
<BANKED_CODE> 1 (was BANKED_CODE)
  Relative segment, address: CODE 00001D2C - 00001D3B (0x10 bytes), align: 0
  Segment part 490.           Intra module refs:   frame_getCount::?relay
           ENTRY                   ADDRESS         REF BY
           =====                   =======         ======
           frame_getCount          00001D2C 
               XSTACK = 00000022 ( 00000000 )
               ISTACK = 00000000 ( 00000002 )
    -------------------------------------------------------------------------
<BANKED_CODE> 1 (was BANKED_CODE)
  Relative segment, address: CODE 00001D3C - 00001DD0 (0x95 bytes), align: 0
  Segment part 492.           Intra module refs:   frame_create::?relay
           ENTRY                   ADDRESS         REF BY
           =====                   =======         ======
           frame_create            00001D3C 
               calls direct
               XSTACK = 00000096 ( 0000000E )
    -------------------------------------------------------------------------
<BANKED_CODE> 1 (was BANKED_CODE)
  Relative segment, address: CODE 00001DD1 - 00001E19 (0x49 bytes), align: 0
  Segment part 494.           Intra module refs:   frame_delete::?relay
           ENTRY                   ADDRESS         REF BY
           =====                   =======         ======
           frame_delete            00001DD1 
               calls direct
               XSTACK = 00000096 ( 0000000C )
    -------------------------------------------------------------------------
<BANKED_CODE> 1 (was BANKED_CODE)
  Relative segment, address: CODE 00001E1A - 00001E61 (0x48 bytes), align: 0
  Segment part 496.           Intra module refs:   frame_insert_head::?relay
           ENTRY                   ADDRESS         REF BY
           =====                   =======         ======
           frame_insert_head       00001E1A 
               XSTACK = 00000096 ( 00000009 )
    -------------------------------------------------------------------------
<BANKED_CODE> 1 (was BANKED_CODE)
  Relative segment, address: CODE 00001E62 - 00001FBD (0x15c bytes), align: 0
  Segment part 504.           Intra module refs:   frame_merge::?relay
           ENTRY                   ADDRESS         REF BY
           =====                   =======         ======
           frame_merge             00001E62 
               calls direct
               XSTACK = 00000019 ( 00000018 )
               ISTACK = 00000000 ( 00000001 )
    -------------------------------------------------------------------------
<BANKED_CODE> 1 (was BANKED_CODE)
  Relative segment, address: CODE 00001FBE - 00001FEE (0x31 bytes), align: 0
  Segment part 506.           Intra module refs:   frame_len::?relay
           ENTRY                   ADDRESS         REF BY
           =====                   =======         ======
           frame_len               00001FBE 
               XSTACK = 00000022 ( 00000000 )
               ISTACK = 00000000 ( 00000002 )
    -------------------------------------------------------------------------
XDATA_Z
  Relative segment, address: XDATA 00000317 - 00000317 (0x1 bytes), align: 0
  Segment part 386.           Intra module refs:   LLC_AddTask
                                                   LLC_Init
                                                   LLC_Shelduler
           LOCAL                   ADDRESS         
           =====                   =======         
           tasksBLOCK              00000317 
    -------------------------------------------------------------------------
XDATA_Z
  Relative segment, address: XDATA 00000318 - 00000319 (0x2 bytes), align: 0
  Segment part 387.           Intra module refs:   LLC_AddTask
                                                   LLC_Init
                                                   LLC_Shelduler
           LOCAL                   ADDRESS         
           =====                   =======         
           FirstTask               00000318 
    -------------------------------------------------------------------------
XDATA_Z
  Relative segment, address: XDATA 0000031A - 0000031A (0x1 bytes), align: 0
  Segment part 388.           Intra module refs:   LLC_AddTask
                                                   LLC_GetTaskLen
                                                   LLC_Init
                                                   LLC_Shelduler
           LOCAL                   ADDRESS         
           =====                   =======         
           nbrTasks                0000031A 
    -------------------------------------------------------------------------
XDATA_Z
  Relative segment, address: XDATA 0000031B - 0000031C (0x2 bytes), align: 0
  Segment part 389.           Intra module refs:   LLC_RX_HNDL
           LOCAL                   ADDRESS         
           =====                   =======         
           RXCallback              0000031B 
    -------------------------------------------------------------------------
XDATA_Z
  Relative segment, address: XDATA 0000031D - 00000320 (0x4 bytes), align: 0
  Segment part 390.           Intra module refs:   LLC_RunTimeAlloc
                                                   LLC_TimeAlloc
           LOCAL                   ADDRESS         
           =====                   =======         
           HeadAllocFunc           0000031D 
    -------------------------------------------------------------------------
<BANKED_CODE> 1 (was BANKED_CODE)
  Relative segment, address: CODE 00001FEF - 00002020 (0x32 bytes), align: 0
  Segment part 508.           Intra module refs:   LLC_Init::?relay
           ENTRY                   ADDRESS         REF BY
           =====                   =======         ======
           LLC_Init                00001FEF 
               calls direct
               XSTACK = 00000022 ( 00000000 )
               ISTACK = 00000000 ( 00000002 )
    -------------------------------------------------------------------------
<BANKED_CODE> 1 (was BANKED_CODE)
  Relative segment, address: CODE 00002021 - 00002030 (0x10 bytes), align: 0
  Segment part 510.           Intra module refs:   LLC_GetTaskLen::?relay
           ENTRY                   ADDRESS         REF BY
           =====                   =======         ======
           LLC_GetTaskLen          00002021 
               XSTACK = 00000022 ( 00000000 )
               ISTACK = 00000000 ( 00000002 )
    -------------------------------------------------------------------------
<BANKED_CODE> 1 (was BANKED_CODE)
  Relative segment, address: CODE 00002031 - 000020C5 (0x95 bytes), align: 0
  Segment part 514.           Intra module refs:   LLC_TimeAlloc::?relay
           ENTRY                   ADDRESS         REF BY
           =====                   =======         ======
           LLC_TimeAlloc           00002031 
               calls direct
               XSTACK = 00000022 ( 00000010 )
    -------------------------------------------------------------------------
<BANKED_CODE> 1 (was BANKED_CODE)
  Relative segment, address: CODE 000020C6 - 0000228D (0x1c8 bytes), align: 0
  Segment part 516.           Intra module refs:   LLC_AddTask::?relay
           ENTRY                   ADDRESS         REF BY
           =====                   =======         ======
           LLC_AddTask             000020C6 
               calls direct
               XSTACK = 00000022 ( 00000018 )
               ISTACK = 00000000 ( 00000001 )
    -------------------------------------------------------------------------
<BANKED_CODE> 1 (was BANKED_CODE)
  Relative segment, address: CODE 0000228E - 00002356 (0xc9 bytes), align: 0
  Segment part 518.           Intra module refs:   LLC_Shelduler::?relay
           LOCAL                   ADDRESS         
           =====                   =======         
           LLC_Shelduler           0000228E 
               calls direct
               XSTACK = 00000009 ( 0000000D )
    -------------------------------------------------------------------------
<BANKED_CODE> 1 (was BANKED_CODE)
  Relative segment, address: CODE 00002357 - 0000236A (0x14 bytes), align: 0
  Segment part 520.           Intra module refs:   LLC_SE_HNDL::?relay
           LOCAL                   ADDRESS         
           =====                   =======         
           LLC_SE_HNDL             00002357 
               calls direct, is indirectly called
               XSTACK = 00000000 ( 00000009 )
    -------------------------------------------------------------------------
<BANKED_CODE> 1 (was BANKED_CODE)
  Relative segment, address: CODE 0000236B - 000023CD (0x63 bytes), align: 0
  Segment part 522.           Intra module refs:   LLC_RX_HNDL::?relay
           LOCAL                   ADDRESS         
           =====                   =======         
           LLC_RX_HNDL             0000236B 
               calls direct, is indirectly called
               XSTACK = 00000000 ( 0000000E )
    -------------------------------------------------------------------------
<BANKED_CODE> 1 (was BANKED_CODE)
  Relative segment, address: CODE 000023CE - 00002410 (0x43 bytes), align: 0
  Segment part 524.           Intra module refs:   LLC_RunTimeAlloc::?relay
           LOCAL                   ADDRESS         
           =====                   =======         
           LLC_RunTimeAlloc        000023CE 
               XSTACK = 00000009 ( 00000009 )
    -------------------------------------------------------------------------
XDATA_Z
  Relative segment, address: XDATA 00000321 - 00000322 (0x2 bytes), align: 0
  Segment part 391.           Intra module refs:   MAC_RX_HNDL
                                                   MAC_SetRXCallback
           LOCAL                   ADDRESS         
           =====                   =======         
           RXCallback              00000321 
    -------------------------------------------------------------------------
XDATA_Z
  Relative segment, address: XDATA 00000323 - 00000324 (0x2 bytes), align: 0
  Segment part 392.           Intra module refs:   MAC_TX_HNDL
           ENTRY                   ADDRESS         REF BY
           =====                   =======         ======
           isACK_OK                00000323 
    -------------------------------------------------------------------------
XDATA_I
  Relative segment, address: XDATA 00000A28 - 00000A37 (0x10 bytes), align: 0
  Segment part 393.           Intra module refs:   MAC_Init
           ENTRY                   ADDRESS         REF BY
           =====                   =======         ======
           KEY                     00000A28 
    -------------------------------------------------------------------------
XDATA_I
  Relative segment, address: XDATA 00000A38 - 00000A47 (0x10 bytes), align: 0
  Segment part 395.           Intra module refs:   MAC_Init
           ENTRY                   ADDRESS         REF BY
           =====                   =======         ======
           IV                      00000A38 
    -------------------------------------------------------------------------
XDATA_I
  Relative segment, address: XDATA 00000A48 - 00000A4B (0x4 bytes), align: 0
  Segment part 420.           Intra module refs:   DelayCalibrate
           ENTRY                   ADDRESS         REF BY
           =====                   =======         ======
           __Constant_1f4          00000A48 
    -------------------------------------------------------------------------
XDATA_I
  Relative segment, address: XDATA 00000A4C - 00000A4F (0x4 bytes), align: 0
  Segment part 422.           Intra module refs:   DelayCalibrate
           ENTRY                   ADDRESS         REF BY
           =====                   =======         ======
           __Constant_fffffe0c     00000A4C 
    -------------------------------------------------------------------------
XDATA_I
  Relative segment, address: XDATA 00000A50 - 00000A53 (0x4 bytes), align: 0
  Segment part 424.           Intra module refs:   DelayCalibrate
                                                   TIM_delay
           ENTRY                   ADDRESS         REF BY
           =====                   =======         ======
           __Constant_20           00000A50 
    -------------------------------------------------------------------------
XDATA_I
  Relative segment, address: XDATA 00000A54 - 00000A57 (0x4 bytes), align: 0
  Segment part 426.           Intra module refs:   TIM_passedTime
           ENTRY                   ADDRESS         REF BY
           =====                   =======         ======
           __Constant_3d000000     00000A54 
    -------------------------------------------------------------------------
XDATA_I
  Relative segment, address: XDATA 00000A58 - 00000A5B (0x4 bytes), align: 0
  Segment part 428.           Intra module refs:   MAC_TX_HNDL
                                                   RI_Receive
           ENTRY                   ADDRESS         REF BY
           =====                   =======         ======
           __Constant_3e8          00000A58 
    -------------------------------------------------------------------------
XDATA_I
  Relative segment, address: XDATA 00000A5C - 00000A5F (0x4 bytes), align: 0
  Segment part 430.           Intra module refs:   calcCompareTime
           ENTRY                   ADDRESS         REF BY
           =====                   =======         ======
           __Constant_ffff8000     00000A5C 
    -------------------------------------------------------------------------
XDATA_I
  Relative segment, address: XDATA 00000A60 - 00000A63 (0x4 bytes), align: 0
  Segment part 432.           Intra module refs:   calcCompareTime
           ENTRY                   ADDRESS         REF BY
           =====                   =======         ======
           __Constant_8000         00000A60 
    -------------------------------------------------------------------------
XDATA_I
  Relative segment, address: XDATA 00000A64 - 00000A67 (0x4 bytes), align: 0
  Segment part 434.           Intra module refs:   calcCompareTime
           ENTRY                   ADDRESS         REF BY
           =====                   =======         ======
           __Constant_ffffff       00000A64 
    -------------------------------------------------------------------------
XDATA_I
  Relative segment, address: XDATA 00000A68 - 00000A6B (0x4 bytes), align: 0
  Segment part 436.           Intra module refs:   NT_GetTime
                                                   NT_WaitTime
           ENTRY                   ADDRESS         REF BY
           =====                   =======         ======
           __Constant_7fff         00000A68 
    -------------------------------------------------------------------------
XDATA_I
  Relative segment, address: XDATA 00000A6C - 00000A6F (0x4 bytes), align: 0
  Segment part 438.           Intra module refs:   RI_Receive
                                                   RI_Send
           ENTRY                   ADDRESS         REF BY
           =====                   =======         ======
           __Constant_447a0000     00000A6C 
    -------------------------------------------------------------------------
XDATA_I
  Relative segment, address: XDATA 00000A70 - 00000A73 (0x4 bytes), align: 0
  Segment part 440.           Intra module refs:   RI_Receive
                                                   RI_Send
                                                   clocks_update
           ENTRY                   ADDRESS         REF BY
           =====                   =======         ======
           __Constant_1            00000A70 
    -------------------------------------------------------------------------
XDATA_I
  Relative segment, address: XDATA 00000A74 - 00000A77 (0x4 bytes), align: 0
  Segment part 442.           Intra module refs:   clocks_update
           ENTRY                   ADDRESS         REF BY
           =====                   =======         ======
[...]
  10                    isIRQEnable
                        | Stack used (prev) :  000004F6 0000000E
                        | + function block  :  0000000E 00000000
  10                    NT_SetCompare
                        | Stack used (prev) :  00000346 00000004
                        | + function block  :  0000002E 00000000
                        |  Already listed
  09                  NT_SetTime
                      | Stack used (prev) :  00000504 0000000E
                      | + function block  :  00000026 00000000
  08                TIC_SetTimer
                    | Stack used (prev) :  0000052A 0000000E
                    | + function block  :  00000014 00000000
  08                NT_SetEventCallback
                    | Stack used (prev) :  000004F6 0000000E
                    | + function block  :  00000009 00000002
  08                NT_SetCompare
                    | Stack used (prev) :  00000346 00000004
                    | + function block  :  0000002E 00000000
                    |  Already listed
  08                TIM_TimeStamp
                    | Stack used (prev) :  00000074 00000002
                    | + function block  :  0000005B 00000003
                    |  Already listed
  07              TIC_Init
                  | Stack used (prev) :  0000053E 00000010
                  | + function block  :  00000096 00000004
  07              RI_StreamCrypt
                  | Stack used (prev) :  000004F6 0000000E
                  | + function block  :  00000096 00000002
  09                  srand
                      | Stack used (prev) :  000004F6 0000000E
                      | + function block  :  0000000C 00000000
  09                  rand
                      | Stack used (prev) :  000004F6 0000000E
                      | + function block  :  00000010 00000000
  10                    getRNDByte
                        | Stack used (prev) :  000004F6 0000000E
                        | + function block  :  00000009 00000002
  10                    getRNDByte
                        | Stack used (prev) :  000004F6 0000000E
                        | + function block  :  00000009 00000002
                        |  Already listed
  10                    getRNDByte
                        | Stack used (prev) :  000004F6 0000000E
                        | + function block  :  00000009 00000002
                        |  Already listed
  10                    bits_count
                        | Stack used (prev) :  000004F6 0000000E
                        | + function block  :  00000009 00000000
  09                  readRandom
                      | Stack used (prev) :  000004FF 00000010
                      | + function block  :  0000001B 00000000
  09                  readRandom
                      | Stack used (prev) :  000004FF 00000010
                      | + function block  :  0000001B 00000000
                      |  Already listed
  09                  RI_cfg
                      | Stack used (prev) :  00000365 00000004
                      | + function block  :  00000030 00000004
                      |  Already listed
  08                random_core_init
                    | Stack used (prev) :  0000051A 00000010
                    | + function block  :  00000012 00000000
  07              RI_init
                  | Stack used (prev) :  0000052C 00000010
                  | + function block  :  00000096 00000004
  08                memcpy
                    | Stack used (prev) :  00000074 00000002
                    | + function block  :  0000000B 00000001
                    |  Already listed
  07              RI_setKEY
                  | Stack used (prev) :  000004F6 0000000E
                  | + function block  :  000000A2 00000000
  08                memcpy
                    | Stack used (prev) :  00000074 00000002
                    | + function block  :  0000000B 00000001
                    |  Already listed
  07              RI_setIV
                  | Stack used (prev) :  000004F6 0000000E
                  | + function block  :  000000A2 00000000
  09                  TIM_delay
                      | Stack used (prev) :  000000CF 00000005
                      | + function block  :  00000070 00000000
                      |  Already listed
  09                  TIM_passedTime
                      | Stack used (prev) :  000000AA 00000002
                      | + function block  :  0000007F 00000000
                      |  Already listed
  09                  TIM_TimeStamp
                      | Stack used (prev) :  00000074 00000002
                      | + function block  :  0000005B 00000003
                      |  Already listed
  09                  TIM_TimeStamp
                      | Stack used (prev) :  00000074 00000002
                      | + function block  :  0000005B 00000003
                      |  Already listed
  08                DelayCalibrate
                    | Stack used (prev) :  000004F6 0000000E
                    | + function block  :  00000028 00000000
  07              TIM_init
                  | Stack used (prev) :  0000051E 0000000E
                  | + function block  :  000000BC 00000004
  07              AES_init
                  | Stack used (prev) :  000004F6 0000000E
                  | + function block  :  000000BC 00000002
  06            MAC_Init
                | Stack used (prev) :  000005DA 00000014
                | + function block  :  0000003E 00000000
  05          LLC_Init
              | Stack used (prev) :  00000618 00000014
              | + function block  :  00000022 00000004
  05          frame_len
              | Stack used (prev) :  00000074 00000002
              | + function block  :  00000022 00000002
              |  Already listed
  05          frame_delete
              | Stack used (prev) :  0000014C 00000002
              | + function block  :  000000AE 00000000
              |  Already listed
  05          frame_getCount
              | Stack used (prev) :  000004F6 0000000E
              | + function block  :  00000022 00000002
  05          fbuf_getCount
              | Stack used (prev) :  000004F6 0000000E
              | + function block  :  00000022 00000002
  04        test_create
            | Stack used (prev) :  0000063A 00000018
            | + function block  :  00000044 00000000
  03      suite_LLC_HW
          | Stack used (prev) :  0000067E 00000018
          | + function block  :  00000000 00000004
  04        SetCPU32M
            | Stack used (prev) :  000004F6 0000000E
            | + function block  :  00000000 00000000
  04        uart_init
            | Stack used (prev) :  000004F6 0000000E
            | + function block  :  00000000 00000000
  03      nwDebugerInit
          | Stack used (prev) :  000004F6 0000000E
          | + function block  :  00000000 00000004
  02    main
        | Stack used (prev) :  0000067E 0000001C
        | + function block  :  00000000 00000000
  01  ?call_main
      | Stack used (prev) :  0000067E 0000001C
      | + function block  :  00000000 00000000
  <-Sub-tree of type: Function tree
    | Stack used          :  0000067E 0000001C


  ->Sub-tree of type: Function tree
                             XSTACK   ISTACK
    | Stack used (prev) :  0000067E 0000001C
  01  __program_start
      | Stack used (prev) :  0000067E 0000001C
      | + function block  :  00000000 00000000
  <-Sub-tree of type: Function tree
    | Stack used          :  0000067E 0000001C


  ->Sub-tree of type: Function tree
                             XSTACK   ISTACK
    | Stack used (prev) :  0000067E 0000001C
  01  div::?relay
      | Stack used (prev) :  0000067E 0000001C
      | + function block  :  00000000 00000000
  <-Sub-tree of type: Function tree
    | Stack used          :  0000067E 0000001C


  ->Sub-tree of type: Function tree
                             XSTACK   ISTACK
    | Stack used (prev) :  0000067E 0000001C
  01  __iar_Memchr::?relay
      | Stack used (prev) :  0000067E 0000001C
      | + function block  :  00000000 00000000
  <-Sub-tree of type: Function tree
    | Stack used          :  0000067E 0000001C


  ->Sub-tree of type: Function tree
                             XSTACK   ISTACK
    | Stack used (prev) :  0000067E 0000001C
  01  memcpy::?relay
      | Stack used (prev) :  0000067E 0000001C
      | + function block  :  00000000 00000000
  <-Sub-tree of type: Function tree
    | Stack used          :  0000067E 0000001C


  ->Sub-tree of type: Function tree
                             XSTACK   ISTACK
    | Stack used (prev) :  0000067E 0000001C
  01  memset::?relay
      | Stack used (prev) :  0000067E 0000001C
      | + function block  :  00000000 00000000
  <-Sub-tree of type: Function tree
    | Stack used          :  0000067E 0000001C


  ->Sub-tree of type: Function tree
                             XSTACK   ISTACK
    | Stack used (prev) :  0000067E 0000001C
  01  printf::?relay
      | Stack used (prev) :  0000067E 0000001C
      | + function block  :  00000000 00000000
  <-Sub-tree of type: Function tree
    | Stack used          :  0000067E 0000001C


  ->Sub-tree of type: Function tree
                             XSTACK   ISTACK
    | Stack used (prev) :  0000067E 0000001C
  01  putchar::?relay
      | Stack used (prev) :  0000067E 0000001C
      | + function block  :  00000000 00000000
  <-Sub-tree of type: Function tree
    | Stack used          :  0000067E 0000001C


  ->Sub-tree of type: Function tree
                             XSTACK   ISTACK
    | Stack used (prev) :  0000067E 0000001C
  01  rand::?relay
      | Stack used (prev) :  0000067E 0000001C
      | + function block  :  00000000 00000000
  <-Sub-tree of type: Function tree
    | Stack used          :  0000067E 0000001C


  ->Sub-tree of type: Function tree
                             XSTACK   ISTACK
    | Stack used (prev) :  0000067E 0000001C
  01  srand::?relay
      | Stack used (prev) :  0000067E 0000001C
      | + function block  :  00000000 00000000
  <-Sub-tree of type: Function tree
    | Stack used          :  0000067E 0000001C


  ->Sub-tree of type: Function tree
                             XSTACK   ISTACK
    | Stack used (prev) :  0000067E 0000001C
  01  __iar_Strchr::?relay
      | Stack used (prev) :  0000067E 0000001C
      | + function block  :  00000000 00000000
  <-Sub-tree of type: Function tree
    | Stack used          :  0000067E 0000001C


  ->Sub-tree of type: Function tree
                             XSTACK   ISTACK
    | Stack used (prev) :  0000067E 0000001C
  01  strlen::?relay
      | Stack used (prev) :  0000067E 0000001C
      | + function block  :  00000000 00000000
  <-Sub-tree of type: Function tree
    | Stack used          :  0000067E 0000001C


  ->Sub-tree of type: Function tree
                             XSTACK   ISTACK
    | Stack used (prev) :  0000067E 0000001C
  01  __xdata_GetMemChunk::?relay
      | Stack used (prev) :  0000067E 0000001C
      | + function block  :  00000000 00000000
  <-Sub-tree of type: Function tree
    | Stack used          :  0000067E 0000001C


  ->Sub-tree of type: Function tree
                             XSTACK   ISTACK
    | Stack used (prev) :  0000067E 0000001C
  01  _PrintfLarge::?relay
      | Stack used (prev) :  0000067E 0000001C
      | + function block  :  00000000 00000000
  <-Sub-tree of type: Function tree
    | Stack used          :  0000067E 0000001C


  ->Sub-tree of type: Function tree
                             XSTACK   ISTACK
    | Stack used (prev) :  0000067E 0000001C
  01  pad::?relay
      | Stack used (prev) :  0000067E 0000001C
      | + function block  :  00000000 00000000
  <-Sub-tree of type: Function tree
    | Stack used          :  0000067E 0000001C


  ->Sub-tree of type: Function tree
                             XSTACK   ISTACK
    | Stack used (prev) :  0000067E 0000001C
  01  _LitobLarge::?relay
      | Stack used (prev) :  0000067E 0000001C
      | + function block  :  00000000 00000000
  <-Sub-tree of type: Function tree
    | Stack used          :  0000067E 0000001C


  ->Sub-tree of type: Function tree
                             XSTACK   ISTACK
    | Stack used (prev) :  0000067E 0000001C
  01  scale::?relay
      | Stack used (prev) :  0000067E 0000001C
      | + function block  :  00000000 00000000
  <-Sub-tree of type: Function tree
    | Stack used          :  0000067E 0000001C


  ->Sub-tree of type: Function tree
                             XSTACK   ISTACK
    | Stack used (prev) :  0000067E 0000001C
  01  _LdtobLarge::?relay
      | Stack used (prev) :  0000067E 0000001C
      | + function block  :  00000000 00000000
  <-Sub-tree of type: Function tree
    | Stack used          :  0000067E 0000001C


  ->Sub-tree of type: Function tree
                             XSTACK   ISTACK
    | Stack used (prev) :  0000067E 0000001C
  01  _GenldLarge::?relay
      | Stack used (prev) :  0000067E 0000001C
      | + function block  :  00000000 00000000
  <-Sub-tree of type: Function tree
    | Stack used          :  0000067E 0000001C


  ->Sub-tree of type: Function tree
                             XSTACK   ISTACK
    | Stack used (prev) :  0000067E 0000001C
  01  _PutcharLarge::?relay
      | Stack used (prev) :  0000067E 0000001C
      | + function block  :  00000000 00000000
  <-Sub-tree of type: Function tree
    | Stack used          :  0000067E 0000001C


  ->Sub-tree of type: Function tree
                             XSTACK   ISTACK
    | Stack used (prev) :  0000067E 0000001C
  01  _PutcharsLarge::?relay
      | Stack used (prev) :  0000067E 0000001C
      | + function block  :  00000000 00000000
  <-Sub-tree of type: Function tree
    | Stack used          :  0000067E 0000001C


  ->Sub-tree of type: Function tree
                             XSTACK   ISTACK
    | Stack used (prev) :  0000067E 0000001C
  03      __write
          | Stack used (prev) :  000004BC 00000008
          | + function block  :  00000022 00000000
          |  Already listed
  02    putchar
        | Stack used (prev) :  0000067E 0000001C
        | + function block  :  0000000D 00000001
  01  _Prout
      | Stack used (prev) :  0000068B 0000001D
      | + function block  :  0000001C 00000000
  <-Sub-tree of type: Function tree
    | Stack used          :  000006A7 0000001D


  ->Sub-tree of type: Function tree
                             XSTACK   ISTACK
    | Stack used (prev) :  000006A7 0000001D
  01  _Prout::?relay
      | Stack used (prev) :  000006A7 0000001D
      | + function block  :  00000000 00000000
  <-Sub-tree of type: Function tree
    | Stack used          :  000006A7 0000001D


  ->Sub-tree of type: Function tree
                             XSTACK   ISTACK
    | Stack used (prev) :  000006A7 0000001D
  01  __xdata_free::?relay
      | Stack used (prev) :  000006A7 0000001D
      | + function block  :  00000000 00000000
  <-Sub-tree of type: Function tree
    | Stack used          :  000006A7 0000001D


  ->Sub-tree of type: Function tree
                             XSTACK   ISTACK
    | Stack used (prev) :  000006A7 0000001D
  01  __xdata_malloc::?relay
      | Stack used (prev) :  000006A7 0000001D
      | + function block  :  00000000 00000000
  <-Sub-tree of type: Function tree
    | Stack used          :  000006A7 0000001D




                ****************************************
                *                                      *
                *      SEGMENTS IN ADDRESS ORDER       *
                *                                      *
                ****************************************


SEGMENT              SPACE    START ADDRESS   END ADDRESS     SIZE  TYPE  ALIGN
=======              =====    =============   ===========     ====  ====  =====
INTVEC               CODE          00000000 - 0000002D          2E   com    0
CSTART               CODE          0000002E - 000000B4          87   rel    0
DATA_ID              CODE               000000B5                     dse    0
BDATA_ID             CODE               000000B5                     dse    0
BIT_ID               CODE               000000B5                     dse    0
IDATA_ID             CODE               000000B5                     dse    0
IXDATA_ID            CODE               000000B5                     dse    0
PDATA_ID             CODE               000000B5                     dse    0
XDATA_ID             CODE          000000B5 - 000005C6         512   rel    0
BANK_RELAYS          CODE          000005C7 - 0000086C         2A6   rel    0
RCODE                CODE          0000086D - 000015D3         D67   rel    0
CODE_N               CODE               000015D4                     dse    0
CODE_C               CODE               000015D4                     dse    0
DIFUNCT              CODE               000015D4                     rel    0
NEAR_CODE            CODE          000015D4 - 0000160F          3C   rel    0
<BANKED_CODE> 1      CODE          00001610 - 00005FCE        49BF   rel    0
REGISTERS            DATA          00000000 - 00000007           8   rel    0
VREG                 DATA          00000008 - 0000000F           8   rel    0
PSP                  DATA               00000010                     dse    0
XSP                  DATA          00000010 - 00000011           2   rel    0
BREG                 BIT        00000020.0  -  00000020.7        8   rel    0
SFR_AN               DATA          00000080 - 00000080           1   rel    0
                     DATA          00000086 - 00000086           1 
                     DATA          00000090 - 00000091           2 
                     DATA          00000094 - 00000097           4 
                     DATA          0000009D - 0000009E           2 
                     DATA          000000A2 - 000000A5           4 
                     DATA          000000A8 - 000000A8           1 
                     DATA          000000AD - 000000AD           1 
                     DATA          000000B3 - 000000B3           1 
                     DATA          000000C0 - 000000C2           3 
                     DATA          000000C5 - 000000C6           2 
                     DATA          000000D2 - 000000D7           6 
                     DATA          000000D9 - 000000D9           1 
                     DATA          000000E1 - 000000E1           1 
                     DATA          000000E9 - 000000E9           1 
                     DATA          000000F1 - 000000F1           1 
                     DATA          000000F3 - 000000F3           1 
                     DATA          000000FD - 000000FE           2 
XSTACK               XDATA         00000001 - 00000300         300   rel    0
XDATA_Z              XDATA         00000301 - 000005A6         2A6   rel    0
XDATA_I              XDATA         000005A7 - 00000AB8         512   rel    0
XDATA_HEAP           XDATA         00000AB9 - 00001DB8        1300   dse    0
ISTACK               IDATA         000000C0 - 000000FF          40   rel    0

                ****************************************
                *                                      *
                *        END OF CROSS REFERENCE        *
                *                                      *
                ****************************************

 24 527 bytes of CODE  memory
     18 bytes of DATA  memory (+ 35 absolute )
  7 608 bytes of XDATA memory
     64 bytes of IDATA memory
      8 bits  of BIT   memory

Errors: none
Warnings: none

