################################################################################
#                                                                              #
#      IAR Universal Linker V6.4.6.89                                          #
#                                                                              #
#           Link time     =  29/Oct/2019  10:19:17                             #
#           Target CPU    =  x51                                               #
#           List file     =  "\\vmware-host\Shared Folders\Projects\WMNU\IAR\P #
#                            RJ_UNITEST\Debug\List\unitest.map"                #
#           Output file 1 =  "\\vmware-host\Shared Folders\Projects\WMNU\IAR\P #
#                            RJ_UNITEST\Debug\Exe\unitest.d51"                 #
#                            Format: ubrof10                                   #
#                            UBROF version 10.0.6                              #
#                            Using library modules for C-SPY (-rt)             #
#           Command line  =  -f                                                #
#                            C:\Users\08A4~1\AppData\Local\Temp\EW4BD2.tmp     #
#                            ("\\vmware-host\Shared Folders\Projects\WMNU\IAR\ #
#                            PRJ_UNITEST\Debug\Obj\FChain.r51"                 #
#                            "\\vmware-host\Shared Folders\Projects\WMNU\IAR\P #
#                            RJ_UNITEST\Debug\Obj\FItem.r51"                   #
#                            "\\vmware-host\Shared Folders\Projects\WMNU\IAR\P #
#                            RJ_UNITEST\Debug\Obj\LLC.r51"                     #
#                            "\\vmware-host\Shared Folders\Projects\WMNU\IAR\P #
#                            RJ_UNITEST\Debug\Obj\MAC.r51"                     #
#                            "\\vmware-host\Shared Folders\Projects\WMNU\IAR\P #
#                            RJ_UNITEST\Debug\Obj\NTMR.r51"                    #
#                            "\\vmware-host\Shared Folders\Projects\WMNU\IAR\P #
#                            RJ_UNITEST\Debug\Obj\nwdebuger.r51"               #
#                            "\\vmware-host\Shared Folders\Projects\WMNU\IAR\P #
#                            RJ_UNITEST\Debug\Obj\RADIO.r51"                   #
#                            "\\vmware-host\Shared Folders\Projects\WMNU\IAR\P #
#                            RJ_UNITEST\Debug\Obj\TIC.r51"                     #
#                            "\\vmware-host\Shared Folders\Projects\WMNU\IAR\P #
#                            RJ_UNITEST\Debug\Obj\utest.r51"                   #
#                            "\\vmware-host\Shared Folders\Projects\WMNU\IAR\P #
#                            RJ_UNITEST\Debug\Obj\utest_FChain.r51"            #
#                            "\\vmware-host\Shared Folders\Projects\WMNU\IAR\P #
#                            RJ_UNITEST\Debug\Obj\utest_FItem.r51"             #
#                            "\\vmware-host\Shared Folders\Projects\WMNU\IAR\P #
#                            RJ_UNITEST\Debug\Obj\utest_Frames.r51"            #
#                            "\\vmware-host\Shared Folders\Projects\WMNU\IAR\P #
#                            RJ_UNITEST\Debug\Obj\utest_LLC.r51"               #
#                            "\\vmware-host\Shared Folders\Projects\WMNU\IAR\P #
#                            RJ_UNITEST\Debug\Obj\utest_MAC.r51"               #
#                            "\\vmware-host\Shared Folders\Projects\WMNU\IAR\P #
#                            RJ_UNITEST\Debug\Obj\utest_NTMR.r51"              #
#                            "\\vmware-host\Shared Folders\Projects\WMNU\IAR\P #
#                            RJ_UNITEST\Debug\Obj\utest_suite.r51"             #
#                            "\\vmware-host\Shared Folders\Projects\WMNU\IAR\P #
#                            RJ_UNITEST\Debug\Obj\utest_TIC.r51"               #
#                            -o                                                #
#                            "\\vmware-host\Shared Folders\Projects\WMNU\IAR\P #
#                            RJ_UNITEST\Debug\Exe\unitest.d51"                 #
#                            -l                                                #
#                            "\\vmware-host\Shared Folders\Projects\WMNU\IAR\P #
#                            RJ_UNITEST\Debug\List\unitest.map"                #
#                            -xms                                              #
#                            "-IC:\Program Files (x86)\IAR Systems\Embedded Wo #
#                            rkbench 8.0\8051\LIB\"                            #
#                            -f                                                #
#                            "C:\Program Files (x86)\IAR Systems\Embedded Work #
#                            bench 8.0\8051\config\devices\Texas Instruments\l #
#                            nk51ew_CC2530F256_banked.xcl"                     #
#                            (-D_IDATA0_START=0x00 -D_IDATA0_END=0xFF          #
#                            -D_PDATA0_START=0x1E00 -D_PDATA0_END=0x1EFF       #
#                            -D_IXDATA0_START=0x0001 -D_IXDATA0_END=0x1EFF     #
#                            -D_XDATA0_START=_IXDATA0_START                    #
#                            -D_XDATA0_END=_IXDATA0_END                        #
#                            -D_NEAR_CODE_START=0x0000                         #
#                            -D_FIRST_BANK_ADDR=0x10000 -D?REGISTER_BANK=0x0   #
#                            -D_REGISTER_BANK_START=0x0 -D_BREG_START=0x00     #
#                            -D?VB=0x20 -Z(BIT)BREG=_BREG_START                #
#                            -Z(BIT)BIT_N=0-7F                                 #
#                            -Z(DATA)REGISTERS+8=_REGISTER_BANK_START          #
#                            -Z(DATA)BDATA_Z,BDATA_N,BDATA_I=20-2F             #
#                            -Z(DATA)VREG=08-7F -Z(DATA)PSP,XSP=08-7F          #
#                            -Z(DATA)DOVERLAY=08-7F                            #
#                            -Z(DATA)DATA_I,DATA_Z,DATA_N=08-7F                #
#                            -U(IDATA)0-7F=(DATA)0-7F                          #
#                            -Z(IDATA)IDATA_I,IDATA_Z,IDATA_N=08-_IDATA0_END   #
#                            -Z(IDATA)ISTACK+_IDATA_STACK_SIZE#08-_IDATA0_END  #
#                            -Z(IDATA)IOVERLAY=08-FF -Z(CODE)INTVEC=0          #
#                            -Z(CODE)CSTART=_NEAR_CODE_START-(_CODEBANK_START- #
#                            1)                                                #
#                            -Z(CODE)BIT_ID,BDATA_ID,DATA_ID,IDATA_ID,IXDATA_I #
#                            D,PDATA_ID,XDATA_ID=_NEAR_CODE_START-(_CODEBANK_S #
#                            TART-1)                                           #
#                            -Z(CODE)BANK_RELAYS,RCODE,DIFUNCT,CODE_C,CODE_N,N #
#                            EAR_CODE=_NEAR_CODE_START-(_CODEBANK_START-1)     #
#                            -P(CODE)BANKED_CODE=_NEAR_CODE_START-(_CODEBANK_S #
#                            TART-1),[(_CODEBANK_START+_FIRST_BANK_ADDR)-(_COD #
#                            EBANK_END+_FIRST_BANK_ADDR)]*_NR_OF_BANKS+10000   #
#                            -Z(CODE)CHECKSUM#(_CODEBANK_START-1)              #
#                            -Z(XDATA)PDATA_Z,PDATA_I=_PDATA0_START-_PDATA0_EN #
#                            D                                                 #
#                            -P(XDATA)PDATA_N=_PDATA0_START-_PDATA0_END        #
#                            -Z(XDATA)PSTACK+_PDATA_STACK_SIZE=_PDATA0_START-_ #
#                            PDATA0_END                                        #
#                            -Z(XDATA)EXT_STACK+_EXTENDED_STACK_SIZE=_EXTENDED #
#                            _STACK_START                                      #
#                            -Z(XDATA)XSTACK+_XDATA_STACK_SIZE=_XDATA0_START-_ #
#                            XDATA0_END                                        #
#                            -Z(XDATA)IXDATA_Z,IXDATA_I=_IXDATA0_START-_IXDATA #
#                            0_END                                             #
#                            -P(XDATA)IXDATA_N=_IXDATA0_START-_IXDATA0_END     #
#                            -Z(XDATA)XDATA_Z,XDATA_I=_XDATA0_START-_XDATA0_EN #
#                            D                                                 #
#                            -P(XDATA)XDATA_N=_XDATA0_START-_XDATA0_END        #
#                            -Z(XDATA)XDATA_HEAP+_XDATA_HEAP_SIZE=_XDATA0_STAR #
#                            T-_XDATA0_END                                     #
#                            -Z(CONST)XDATA_ROM_C=_XDATA0_START-_XDATA0_END    #
#                            -cx51                                             #
#                            -M(CODE)[(_CODEBANK_START+_FIRST_BANK_ADDR)-(_COD #
#                            EBANK_END+_FIRST_BANK_ADDR)]*_NR_OF_BANKS+0x10000 #
#                            =0x8000                                           #
#                            -ww69=i -D_BANK0_START=0x00000                    #
#                            -D_BANK0_END=0x07FFF -D_BANK1_START=0x18000       #
#                            -D_BANK1_END=0x1FFFF -D_BANK2_START=0x28000       #
#                            -D_BANK2_END=0x2FFFF -D_BANK3_START=0x38000       #
#                            -D_BANK3_END=0x3FFFF -D_BANK4_START=0x48000       #
#                            -D_BANK4_END=0x4FFFF -D_BANK5_START=0x58000       #
#                            -D_BANK5_END=0x5FFFF -D_BANK6_START=0x68000       #
#                            -D_BANK6_END=0x6FFFF -D_BANK7_START=0x78000       #
#                            -D_BANK7_END=0x7FFFF                              #
#                            -P(CODE)BANK0=_BANK0_START-_BANK0_END             #
#                            -P(CODE)BANK1=_BANK1_START-_BANK1_END             #
#                            -P(CODE)BANK2=_BANK2_START-_BANK2_END             #
#                            -P(CODE)BANK3=_BANK3_START-_BANK3_END             #
#                            -P(CODE)BANK4=_BANK4_START-_BANK4_END             #
#                            -P(CODE)BANK5=_BANK5_START-_BANK5_END             #
#                            -P(CODE)BANK6=_BANK6_START-_BANK6_END             #
#                            -P(CODE)BANK7=_BANK7_START-_BANK7_END             #
#                            -D_FLASH_LOCK_BITS_START=0x7FFF0                  #
#                            -D_FLASH_LOCK_BITS_END=0x7FFFF                    #
#                            -Z(CODE)FLASH_LOCK_BITS=_FLASH_LOCK_BITS_START-_F #
#                            LASH_LOCK_BITS_END                                #
#                            -U(CODE)0x0000=(CODE)_FLASH_LOCK_BITS_START-_FLAS #
#                            H_LOCK_BITS_END)                                  #
#                            -D_NR_OF_VIRTUAL_REGISTERS=8 -D?PBANK=0x93        #
#                            -D?CBANK=0x9F -D?CBANK_MASK=0xFF                  #
#                            -e?BCALL_FF=?BCALL -e?BRET_FF=?BRET               #
#                            -e?BDISPATCH_FF=?BDISPATCH                        #
#                            -D_CODEBANK_START=0x8000 -D_CODEBANK_END=0xFFFF   #
#                            -D_NR_OF_BANKS=0x07                               #
#                            "-IC:\Program Files (x86)\IAR Systems\Embedded Wo #
#                            rkbench 8.0\8051\CONFIG\"                         #
#                            -e_PrintfLarge=_Printf -e_ScanfLarge=_Scanf -rt   #
#                            -s __program_start                                #
#                            "C:\Program Files (x86)\IAR Systems\Embedded Work #
#                            bench 8.0\8051\LIB\DLIB\dl-pli-blxd-1e16x01n.r51" #
#                            -D_IDATA_STACK_SIZE=0x40 -D?ESP=0 -D?ESP_MASK=0   #
#                            -D_EXTENDED_STACK_START=0                         #
#                            -D_EXTENDED_STACK_SIZE=0                          #
#                            -D_PDATA_STACK_SIZE=0x80                          #
#                            -D_XDATA_STACK_SIZE=0xEFF                         #
#                            -D_XDATA_HEAP_SIZE=0xFF -D_FAR_HEAP_SIZE=0xFFF    #
#                            -D_HUGE_HEAP_SIZE=0xFFF                           #
#                            -D_FAR22_HEAP_SIZE=0xFFF)                         #
#                                                                              #
#                           Copyright (C) 1987-2016 IAR Systems AB.            #
################################################################################





                ****************************************
                *                                      *
                *           CROSS REFERENCE            *
                *                                      *
                ****************************************

       Program entry at : CODE      00000085  Relocatable, from module : CSTARTUP




                ****************************************
                *                                      *
                *            RUNTIME MODEL             *
                *                                      *
                ****************************************

  __Heap_Handler             = Basic
  __SystemLibrary            = DLib
  __calling_convention       = xdata_reentrant
  __code_model               = banked
  __core                     = plain
  __data_model               = large
  __dlib_file_descriptor     = 0
  __dlib_full_locale_support = 0
  __dptr_size                = 16
  __extended_stack           = disabled
  __location_for_constants   = data
  __number_of_dptrs          = 1
  __register_banks           = *
  __rt_version               = 1

                ****************************************
                *                                      *
                *    AUTOMATIC SYMBOL REDIRECTIONS     *
                *                                      *
                ****************************************

                  There are no automatic symbol redirections.



                ****************************************
                *                                      *
                *              MODULE MAP              *
                *                                      *
                ****************************************


  DEFINED ABSOLUTE ENTRIES
    *************************************************************************

  DEFINED ABSOLUTE ENTRIES
  PROGRAM MODULE, NAME : ?ABS_ENTRY_MOD

Absolute parts
           ENTRY                   ADDRESS         REF BY
           =====                   =======         ======
           _FAR22_HEAP_SIZE        00000FFF 
           _HUGE_HEAP_SIZE         00000FFF 
           _FAR_HEAP_SIZE          00000FFF 
           _XDATA_HEAP_SIZE        000000FF 
           _XDATA_STACK_SIZE       00000EFF 
           _PDATA_STACK_SIZE       00000080 
           _EXTENDED_STACK_SIZE    00000000 
           _EXTENDED_STACK_START   00000000 
           ?ESP_MASK               00000000 
           ?ESP                    00000000 
           _IDATA_STACK_SIZE       00000040 
           _NR_OF_BANKS            00000007 
           _CODEBANK_END           0000FFFF 
           _CODEBANK_START         00008000 
           ?CBANK_MASK             000000FF 
           ?CBANK                  0000009F        ?RESET_CODE_BANK (CSTARTUP)
                                                   Segment part 0 (?BANKED_CODE_SUPPORT)
           ?PBANK                  00000093 
           _NR_OF_VIRTUAL_REGISTERS
                                   00000008 
           _FLASH_LOCK_BITS_END    0003FFFF 
           _FLASH_LOCK_BITS_START
                                   0003FFF0 
           _BANK7_END              0003FFFF 
           _BANK7_START            00038000 
           _BANK6_END              00037FFF 
           _BANK6_START            00030000 
           _BANK5_END              0002FFFF 
           _BANK5_START            00028000 
           _BANK4_END              00027FFF 
           _BANK4_START            00020000 
           _BANK3_END              0001FFFF 
           _BANK3_START            00018000 
           _BANK2_END              00017FFF 
           _BANK2_START            00010000 
           _BANK1_END              0000FFFF 
           _BANK1_START            00008000 
           _BANK0_END              00007FFF 
           _BANK0_START            00000000 
           ?VB                     00000020        ?BANKED_ENTER_XDATA (?BANKED_ENTER_XDATA)
                                                   ?BANKED_LEAVE_XDATA (?BANKED_LEAVE_XDATA)
                                                   ?INTERRUPT_ENTER_XSP (?INTERRUPT_ENTER_XSP)
                                                   ?INTERRUPT_LEAVE_XSP (?INTERRUPT_LEAVE_XSP)
           _BREG_START             00000000 
           _REGISTER_BANK_START    00000000 
           ?REGISTER_BANK          00000000        Segment part 6 (CSTARTUP)
           _FIRST_BANK_ADDR        00010000 
           _NEAR_CODE_START        00000000 
           _XDATA0_END             00001EFF 
           _XDATA0_START           00000001 
           _IXDATA0_END            00001EFF 
           _IXDATA0_START          00000001 
           _PDATA0_END             00001EFF 
           _PDATA0_START           00001E00 
           _IDATA0_END             000000FF 
           _IDATA0_START           00000000 
    *************************************************************************

  FILE NAME : \\vmware-host\Shared Folders\Projects\WMNU\IAR\PRJ_UNITEST\Debug\Obj\FChain.r51
  PROGRAM MODULE, NAME : FChain

  SEGMENTS IN THE MODULE
  ======================
<BANKED_CODE> 1 (was BANKED_CODE)
  Relative segment, address: CODE 000035A3 - 000035B7 (0x15 bytes), align: 0
  Segment part 39.            Intra module refs:   malloc::?relay
           ENTRY                   ADDRESS         REF BY
           =====                   =======         ======
           malloc                  000035A3 
               calls direct
               XSTACK = 0000000A ( 00000009 )
    -------------------------------------------------------------------------
BANK_RELAYS
  Relative segment, address: CODE 00000220 - 00000225 (0x6 bytes), align: 0
  Segment part 40.            Intra module refs:   NT_Create (NTMR)
           ENTRY                   ADDRESS         REF BY
           =====                   =======         ======
           malloc::?relay          00000220 

    *************************************************************************

  FILE NAME : \\vmware-host\Shared Folders\Projects\WMNU\IAR\PRJ_UNITEST\Debug\Obj\FItem.r51
    *************************************************************************

  FILE NAME : \\vmware-host\Shared Folders\Projects\WMNU\IAR\PRJ_UNITEST\Debug\Obj\LLC.r51
    *************************************************************************

  FILE NAME : \\vmware-host\Shared Folders\Projects\WMNU\IAR\PRJ_UNITEST\Debug\Obj\MAC.r51
    *************************************************************************

  FILE NAME : \\vmware-host\Shared Folders\Projects\WMNU\IAR\PRJ_UNITEST\Debug\Obj\NTMR.r51
  PROGRAM MODULE, NAME : NTMR

  SEGMENTS IN THE MODULE
  ======================
SFR_AN
  Relative segment, address: DATA 00000095 - 00000095 (0x1 bytes), align: 0
  Segment part 1. ROOT        Intra module refs:   ReadTimer
                                                   loadTimerCompare
           ENTRY                   ADDRESS         REF BY
           =====                   =======         ======
           ST0                     00000095 
    -------------------------------------------------------------------------
SFR_AN
  Relative segment, address: DATA 00000096 - 00000096 (0x1 bytes), align: 0
  Segment part 2. ROOT        Intra module refs:   ReadTimer
                                                   loadTimerCompare
           ENTRY                   ADDRESS         REF BY
           =====                   =======         ======
           ST1                     00000096 
    -------------------------------------------------------------------------
SFR_AN
  Relative segment, address: DATA 00000097 - 00000097 (0x1 bytes), align: 0
  Segment part 3. ROOT        Intra module refs:   ReadTimer
                                                   loadTimerCompare
           ENTRY                   ADDRESS         REF BY
           =====                   =======         ======
           ST2                     00000097 
    -------------------------------------------------------------------------
SFR_AN
  Relative segment, address: DATA 0000009D - 0000009D (0x1 bytes), align: 0
  Segment part 4. ROOT        Intra module refs:   ReadTimer
           ENTRY                   ADDRESS         REF BY
           =====                   =======         ======
           SLEEPSTA                0000009D 
    -------------------------------------------------------------------------
SFR_AN
  Relative segment, address: DATA 000000A8 - 000000A8 (0x1 bytes), align: 0
  Segment part 5. ROOT        Intra module refs:   NT_IRQEnable
                                                   alg_test (utest_NTMR)
           ENTRY                   ADDRESS         REF BY
           =====                   =======         ======
           _A_IEN0                 000000A8 
           LOCAL                   ADDRESS         
           =====                   =======         
           IEN0                    000000A8 
    -------------------------------------------------------------------------
SFR_AN
  Relative segment, address: DATA 000000AD - 000000AD (0x1 bytes), align: 0
  Segment part 6. ROOT        Intra module refs:   loadTimerCompare
           ENTRY                   ADDRESS         REF BY
           =====                   =======         ======
           STLOAD                  000000AD 
    -------------------------------------------------------------------------
SFR_AN
  Relative segment, address: DATA 000000C0 - 000000C0 (0x1 bytes), align: 0
  Segment part 7. ROOT        Intra module refs:   NT_IRQEnable
                                                   TimerCompareInterrupt
           ENTRY                   ADDRESS         REF BY
           =====                   =======         ======
           _A_IRCON                000000C0 
           LOCAL                   ADDRESS         
           =====                   =======         
           IRCON                   000000C0 
    -------------------------------------------------------------------------
XDATA_Z
  Relative segment, address: XDATA 00000F00 - 00000F01 (0x2 bytes), align: 0
  Segment part 24.            Intra module refs:   NT_Create
                                                   NT_SetEventCallback
                                                   TimerCompareInterrupt
           ENTRY                   ADDRESS         REF BY
           =====                   =======         ======
           EventCallback           00000F00 
    -------------------------------------------------------------------------
XDATA_Z
  Relative segment, address: XDATA 00000F02 - 00000F03 (0x2 bytes), align: 0
  Segment part 25.            Intra module refs:   NT_Create
                                                   NT_GetTime
                                                   NT_SetTime
           ENTRY                   ADDRESS         REF BY
           =====                   =======         ======
           TOFFSET                 00000F02 
    -------------------------------------------------------------------------
<BANKED_CODE> 1 (was BANKED_CODE)
  Relative segment, address: CODE 00002A95 - 00002B15 (0x81 bytes), align: 0
  Segment part 38.            Intra module refs:   NT_Create::?relay
           ENTRY                   ADDRESS         REF BY
           =====                   =======         ======
           NT_Create               00002A95 
               calls direct
               XSTACK = 00000000 ( 0000000A )
    -------------------------------------------------------------------------
<BANKED_CODE> 1 (was BANKED_CODE)
  Relative segment, address: CODE 00002B16 - 00002B9A (0x85 bytes), align: 0
  Segment part 42.            Intra module refs:   NT_SetTime::?relay
           ENTRY                   ADDRESS         REF BY
           =====                   =======         ======
           NT_SetTime              00002B16 
               calls direct, is indirectly called
               XSTACK = 00000000 ( 00000010 )
    -------------------------------------------------------------------------
<BANKED_CODE> 1 (was BANKED_CODE)
  Relative segment, address: CODE 00002B9B - 00002CCD (0x133 bytes), align: 0
  Segment part 44.            Intra module refs:   NT_SetCapture::?relay
           ENTRY                   ADDRESS         REF BY
           =====                   =======         ======
           NT_SetCapture           00002B9B 
               calls direct, is indirectly called
               XSTACK = 00000000 ( 0000001E )
    -------------------------------------------------------------------------
<BANKED_CODE> 1 (was BANKED_CODE)
  Relative segment, address: CODE 00002CCE - 00002CE0 (0x13 bytes), align: 0
  Segment part 46.            Intra module refs:   NT_IRQEnable::?relay
           ENTRY                   ADDRESS         REF BY
           =====                   =======         ======
           NT_IRQEnable            00002CCE 
               is indirectly called
               XSTACK = 0000000A ( 00000000 )
    -------------------------------------------------------------------------
<BANKED_CODE> 1 (was BANKED_CODE)
  Relative segment, address: CODE 00002CE1 - 00002CF3 (0x13 bytes), align: 0
  Segment part 48.            Intra module refs:   NT_SetEventCallback::?relay
           ENTRY                   ADDRESS         REF BY
           =====                   =======         ======
           NT_SetEventCallback     00002CE1 
               is indirectly called
               ISTACK = 00000000 ( 00000002 )
    -------------------------------------------------------------------------
<BANKED_CODE> 1 (was BANKED_CODE)
  Relative segment, address: CODE 00002CF4 - 00002D2A (0x37 bytes), align: 0
  Segment part 50.            Intra module refs:   NT_GetTime::?relay
           ENTRY                   ADDRESS         REF BY
           =====                   =======         ======
           NT_GetTime              00002CF4 
               calls direct, is indirectly called
               XSTACK = 0000000F ( 00000010 )
    -------------------------------------------------------------------------
NEAR_CODE
  Relative segment, address: CODE 00000FE7 - 0000101D (0x37 bytes), align: 0
  Segment part 56.            Intra module refs:   TimerCompareInterrupt::??INTVEC 43
           ENTRY                   ADDRESS         REF BY
           =====                   =======         ======
           TimerCompareInterrupt   00000FE7 
               interrupt function
               calls direct
               XSTACK = 00000000 ( 0000000F )
    -------------------------------------------------------------------------
<BANKED_CODE> 1 (was BANKED_CODE)
  Relative segment, address: CODE 00002D2B - 00002D88 (0x5e bytes), align: 0
  Segment part 52.            Intra module refs:   ReadTimer::?relay
           LOCAL                   ADDRESS         
           =====                   =======         
           ReadTimer               00002D2B 
               XSTACK = 0000001A ( 00000004 )
               ISTACK = 00000000 ( 00000003 )
    -------------------------------------------------------------------------
<BANKED_CODE> 1 (was BANKED_CODE)
  Relative segment, address: CODE 00002D89 - 00002DCE (0x46 bytes), align: 0
  Segment part 54.            Intra module refs:   loadTimerCompare::?relay
           LOCAL                   ADDRESS         
           =====                   =======         
           loadTimerCompare        00002D89 
               XSTACK = 0000001A ( 00000010 )
    -------------------------------------------------------------------------
INTVEC
  Common segment, address: CODE 00000000 - 0000002D (0x2e bytes), align: 0
  Segment part 8. ROOT 
           ENTRY                   ADDRESS         REF BY
           =====                   =======         ======
           TimerCompareInterrupt::??INTVEC 43
                                   0000002B 
    -------------------------------------------------------------------------
XDATA_ID
  Relative segment, address: CODE 000000B5 - 000000C5 (0x11 bytes), align: 0
  Segment part 15.            Intra module refs:   Segment part 14
    -------------------------------------------------------------------------
XDATA_ID
  Relative segment, address: CODE 000000C6 - 000000CC (0x7 bytes), align: 0
  Segment part 17.            Intra module refs:   Segment part 16
    -------------------------------------------------------------------------
XDATA_ID
  Relative segment, address: CODE 000000CD - 000000DC (0x10 bytes), align: 0
  Segment part 19.            Intra module refs:   Segment part 18
    -------------------------------------------------------------------------
XDATA_ID
  Relative segment, address: CODE 000000DD - 000000F6 (0x1a bytes), align: 0
  Segment part 21.            Intra module refs:   Segment part 20
    -------------------------------------------------------------------------
XDATA_ID
  Relative segment, address: CODE 000000F7 - 00000103 (0xd bytes), align: 0
  Segment part 23.            Intra module refs:   Segment part 22
    -------------------------------------------------------------------------
XDATA_ID
  Relative segment, address: CODE 00000104 - 00000107 (0x4 bytes), align: 0
  Segment part 27.            Intra module refs:   __Constant_ffff8000
    -------------------------------------------------------------------------
XDATA_ID
  Relative segment, address: CODE 00000108 - 0000010B (0x4 bytes), align: 0
  Segment part 29.            Intra module refs:   __Constant_8000
    -------------------------------------------------------------------------
XDATA_ID
  Relative segment, address: CODE 0000010C - 0000010F (0x4 bytes), align: 0
  Segment part 31.            Intra module refs:   __Constant_ffffff
    -------------------------------------------------------------------------
XDATA_ID
  Relative segment, address: CODE 00000110 - 00000113 (0x4 bytes), align: 0
  Segment part 33.            Intra module refs:   __Constant_7fff
    -------------------------------------------------------------------------
BANK_RELAYS
  Relative segment, address: CODE 00000226 - 0000022B (0x6 bytes), align: 0
  Segment part 39.
           ENTRY                   ADDRESS         REF BY
           =====                   =======         ======
           NT_Create::?relay       00000226        alg_test (utest_NTMR)
    -------------------------------------------------------------------------
BANK_RELAYS
  Relative segment, address: CODE 0000022C - 00000231 (0x6 bytes), align: 0
  Segment part 43.            Intra module refs:   NT_Create
           ENTRY                   ADDRESS         REF BY
           =====                   =======         ======
           NT_SetTime::?relay      0000022C 
    -------------------------------------------------------------------------
BANK_RELAYS
  Relative segment, address: CODE 00000232 - 00000237 (0x6 bytes), align: 0
  Segment part 45.            Intra module refs:   NT_Create
           ENTRY                   ADDRESS         REF BY
           =====                   =======         ======
           NT_SetCapture::?relay   00000232 
    -------------------------------------------------------------------------
BANK_RELAYS
  Relative segment, address: CODE 00000238 - 0000023D (0x6 bytes), align: 0
  Segment part 47.            Intra module refs:   NT_Create
           ENTRY                   ADDRESS         REF BY
           =====                   =======         ======
           NT_IRQEnable::?relay    00000238 
    -------------------------------------------------------------------------
BANK_RELAYS
  Relative segment, address: CODE 0000023E - 00000243 (0x6 bytes), align: 0
  Segment part 49.            Intra module refs:   NT_Create
           ENTRY                   ADDRESS         REF BY
           =====                   =======         ======
           NT_SetEventCallback::?relay
                                   0000023E 
    -------------------------------------------------------------------------
BANK_RELAYS
  Relative segment, address: CODE 00000244 - 00000249 (0x6 bytes), align: 0
  Segment part 51.            Intra module refs:   NT_Create
                                                   TimerCompareInterrupt
           ENTRY                   ADDRESS         REF BY
           =====                   =======         ======
           NT_GetTime::?relay      00000244 
    -------------------------------------------------------------------------
BANK_RELAYS
  Relative segment, address: CODE 0000024A - 0000024F (0x6 bytes), align: 0
  Segment part 53.            Intra module refs:   NT_GetTime
                                                   NT_SetCapture
                                                   NT_SetTime
           LOCAL                   ADDRESS         
           =====                   =======         
           ReadTimer::?relay       0000024A 
    -------------------------------------------------------------------------
BANK_RELAYS
  Relative segment, address: CODE 00000250 - 00000255 (0x6 bytes), align: 0
  Segment part 55.            Intra module refs:   NT_SetCapture
           LOCAL                   ADDRESS         
           =====                   =======         
           loadTimerCompare::?relay
                                   00000250 
    -------------------------------------------------------------------------
XDATA_I
  Relative segment, address: XDATA 00000F11 - 00000F21 (0x11 bytes), align: 0
  Segment part 14.            Intra module refs:   NT_SetCapture
                                                   NT_SetTime
    -------------------------------------------------------------------------
XDATA_I
  Relative segment, address: XDATA 00000F22 - 00000F28 (0x7 bytes), align: 0
  Segment part 16.            Intra module refs:   NT_SetCapture
                                                   NT_SetTime
    -------------------------------------------------------------------------
XDATA_I
  Relative segment, address: XDATA 00000F29 - 00000F38 (0x10 bytes), align: 0
  Segment part 18.            Intra module refs:   NT_SetCapture
                                                   NT_SetTime
    -------------------------------------------------------------------------
XDATA_I
  Relative segment, address: XDATA 00000F39 - 00000F52 (0x1a bytes), align: 0
  Segment part 20.            Intra module refs:   NT_SetCapture
                                                   NT_SetTime
    -------------------------------------------------------------------------
XDATA_I
  Relative segment, address: XDATA 00000F53 - 00000F5F (0xd bytes), align: 0
  Segment part 22.            Intra module refs:   NT_SetCapture
                                                   NT_SetTime
    -------------------------------------------------------------------------
XDATA_I
  Relative segment, address: XDATA 00000F60 - 00000F63 (0x4 bytes), align: 0
  Segment part 26.            Intra module refs:   NT_SetCapture
           ENTRY                   ADDRESS         REF BY
           =====                   =======         ======
           __Constant_ffff8000     00000F60 
    -------------------------------------------------------------------------
XDATA_I
  Relative segment, address: XDATA 00000F64 - 00000F67 (0x4 bytes), align: 0
  Segment part 28.            Intra module refs:   NT_SetCapture
           ENTRY                   ADDRESS         REF BY
           =====                   =======         ======
           __Constant_8000         00000F64 
    -------------------------------------------------------------------------
XDATA_I
  Relative segment, address: XDATA 00000F68 - 00000F6B (0x4 bytes), align: 0
  Segment part 30.            Intra module refs:   NT_SetCapture
           ENTRY                   ADDRESS         REF BY
           =====                   =======         ======
           __Constant_ffffff       00000F68 
    -------------------------------------------------------------------------
XDATA_I
  Relative segment, address: XDATA 00000F6C - 00000F6F (0x4 bytes), align: 0
  Segment part 32.            Intra module refs:   NT_GetTime
           ENTRY                   ADDRESS         REF BY
           =====                   =======         ======
           __Constant_7fff         00000F6C 

    *************************************************************************

  FILE NAME : \\vmware-host\Shared Folders\Projects\WMNU\IAR\PRJ_UNITEST\Debug\Obj\nwdebuger.r51
  PROGRAM MODULE, NAME : ?__write

  SEGMENTS IN THE MODULE
  ======================
SFR_AN
  Relative segment, address: DATA 00000086 - 00000086 (0x1 bytes), align: 0
  Segment part 1. ROOT        Intra module refs:   MyLowLevelPutchar
                                                   uart_init
           ENTRY                   ADDRESS         REF BY
           =====                   =======         ======
           U0CSR                   00000086 
    -------------------------------------------------------------------------
SFR_AN
  Relative segment, address: DATA 0000009E - 0000009E (0x1 bytes), align: 0
  Segment part 2. ROOT        Intra module refs:   SetCPU32M
           ENTRY                   ADDRESS         REF BY
           =====                   =======         ======
           CLKCONSTA               0000009E 
    -------------------------------------------------------------------------
SFR_AN
  Relative segment, address: DATA 000000C1 - 000000C1 (0x1 bytes), align: 0
  Segment part 3. ROOT        Intra module refs:   MyLowLevelPutchar
           ENTRY                   ADDRESS         REF BY
           =====                   =======         ======
           U0DBUF                  000000C1 
    -------------------------------------------------------------------------
SFR_AN
  Relative segment, address: DATA 000000C2 - 000000C2 (0x1 bytes), align: 0
  Segment part 4. ROOT        Intra module refs:   uart_init
           ENTRY                   ADDRESS         REF BY
           =====                   =======         ======
           U0BAUD                  000000C2 
    -------------------------------------------------------------------------
SFR_AN
  Relative segment, address: DATA 000000C5 - 000000C5 (0x1 bytes), align: 0
  Segment part 5. ROOT        Intra module refs:   uart_init
           ENTRY                   ADDRESS         REF BY
           =====                   =======         ======
           U0GCR                   000000C5 
    -------------------------------------------------------------------------
SFR_AN
  Relative segment, address: DATA 000000C6 - 000000C6 (0x1 bytes), align: 0
  Segment part 6. ROOT        Intra module refs:   SetCPU32M
           ENTRY                   ADDRESS         REF BY
           =====                   =======         ======
           CLKCONCMD               000000C6 
    -------------------------------------------------------------------------
SFR_AN
  Relative segment, address: DATA 000000F1 - 000000F1 (0x1 bytes), align: 0
  Segment part 7. ROOT        Intra module refs:   uart_init
           ENTRY                   ADDRESS         REF BY
           =====                   =======         ======
           PERCFG                  000000F1 
    -------------------------------------------------------------------------
SFR_AN
  Relative segment, address: DATA 000000F3 - 000000F3 (0x1 bytes), align: 0
  Segment part 8. ROOT        Intra module refs:   uart_init
           ENTRY                   ADDRESS         REF BY
           =====                   =======         ======
           P0SEL                   000000F3 
    -------------------------------------------------------------------------
<BANKED_CODE> 1 (was BANKED_CODE)
  Relative segment, address: CODE 00003188 - 0000319A (0x13 bytes), align: 0
  Segment part 14.            Intra module refs:   uart_init::?relay
           LOCAL                   ADDRESS         
           =====                   =======         
           uart_init               00003188 
    -------------------------------------------------------------------------
<BANKED_CODE> 1 (was BANKED_CODE)
  Relative segment, address: CODE 0000319B - 000031A6 (0xc bytes), align: 0
  Segment part 16.            Intra module refs:   SetCPU32M::?relay
           LOCAL                   ADDRESS         
           =====                   =======         
           SetCPU32M               0000319B 
    -------------------------------------------------------------------------
<BANKED_CODE> 1 (was BANKED_CODE)
  Relative segment, address: CODE 000031A7 - 000031B7 (0x11 bytes), align: 0
  Segment part 18.            Intra module refs:   nwDebugerInit::?relay
           ENTRY                   ADDRESS         REF BY
           =====                   =======         ======
           nwDebugerInit           000031A7 
               calls direct
               ISTACK = 00000000 ( 00000002 )
    -------------------------------------------------------------------------
<BANKED_CODE> 1 (was BANKED_CODE)
  Relative segment, address: CODE 000031B8 - 000031C3 (0xc bytes), align: 0
  Segment part 20.            Intra module refs:   MyLowLevelPutchar::?relay
           ENTRY                   ADDRESS         REF BY
           =====                   =======         ======
           MyLowLevelPutchar       000031B8 
               XSTACK = 00000010 ( 00000000 )
    -------------------------------------------------------------------------
<BANKED_CODE> 1 (was BANKED_CODE)
  Relative segment, address: CODE 000031C4 - 0000325F (0x9c bytes), align: 0
  Segment part 22.            Intra module refs:   __write::?relay
           ENTRY                   ADDRESS         REF BY
           =====                   =======         ======
           __write                 000031C4 
               calls direct
               XSTACK = 00000002 ( 00000010 )
    -------------------------------------------------------------------------
<BANKED_CODE> 1 (was BANKED_CODE)
  Relative segment, address: CODE 00003260 - 00003261 (0x2 bytes), align: 0
  Segment part 24.            Intra module refs:   STACK_FAILURE::?relay
           ENTRY                   ADDRESS         REF BY
           =====                   =======         ======
           STACK_FAILURE           00003260 
    -------------------------------------------------------------------------
BANK_RELAYS
  Relative segment, address: CODE 00000256 - 0000025B (0x6 bytes), align: 0
  Segment part 15.            Intra module refs:   nwDebugerInit
           LOCAL                   ADDRESS         
           =====                   =======         
           uart_init::?relay       00000256 
    -------------------------------------------------------------------------
BANK_RELAYS
  Relative segment, address: CODE 0000025C - 00000261 (0x6 bytes), align: 0
  Segment part 17.            Intra module refs:   nwDebugerInit
           LOCAL                   ADDRESS         
           =====                   =======         
           SetCPU32M::?relay       0000025C 
    -------------------------------------------------------------------------
BANK_RELAYS
  Relative segment, address: CODE 00000262 - 00000267 (0x6 bytes), align: 0
  Segment part 19.
           ENTRY                   ADDRESS         REF BY
           =====                   =======         ======
           nwDebugerInit::?relay   00000262        main (utest)
    -------------------------------------------------------------------------
BANK_RELAYS
  Relative segment, address: CODE 00000268 - 0000026D (0x6 bytes), align: 0
  Segment part 21.            Intra module refs:   __write
           ENTRY                   ADDRESS         REF BY
           =====                   =======         ======
           MyLowLevelPutchar::?relay
                                   00000268 
    -------------------------------------------------------------------------
BANK_RELAYS
  Relative segment, address: CODE 0000026E - 00000273 (0x6 bytes), align: 0
  Segment part 23.
           ENTRY                   ADDRESS         REF BY
           =====                   =======         ======
           __write::?relay         0000026E        putchar (?putchar)
    -------------------------------------------------------------------------
BANK_RELAYS
  Relative segment, address: CODE 00000274 - 00000279 (0x6 bytes), align: 0
  Segment part 25.
           ENTRY                   ADDRESS         REF BY
           =====                   =======         ======
           STACK_FAILURE::?relay   00000274        NT_SetCapture (NTMR)
                                                   NT_SetTime (NTMR)

    *************************************************************************

  FILE NAME : \\vmware-host\Shared Folders\Projects\WMNU\IAR\PRJ_UNITEST\Debug\Obj\RADIO.r51
  PROGRAM MODULE, NAME : RADIO

  SEGMENTS IN THE MODULE
  ======================
SFR_AN
  Relative segment, address: DATA 000000E1 - 000000E1 (0x1 bytes), align: 0
  Segment part 1. ROOT 
           ENTRY                   ADDRESS         REF BY
           =====                   =======         ======
           RFST                    000000E1 
    -------------------------------------------------------------------------
SFR_AN
  Relative segment, address: DATA 000000E5 - 000000E5 (0x1 bytes), align: 0
  Segment part 2. ROOT 
           ENTRY                   ADDRESS         REF BY
           =====                   =======         ======
           T1CCTL0                 000000E5 

    *************************************************************************

  FILE NAME : \\vmware-host\Shared Folders\Projects\WMNU\IAR\PRJ_UNITEST\Debug\Obj\TIC.r51
    *************************************************************************

  FILE NAME : \\vmware-host\Shared Folders\Projects\WMNU\IAR\PRJ_UNITEST\Debug\Obj\utest.r51
  PROGRAM MODULE, NAME : utest

  SEGMENTS IN THE MODULE
  ======================
<BANKED_CODE> 1 (was BANKED_CODE)
  Relative segment, address: CODE 0000335A - 000033BB (0x62 bytes), align: 0
  Segment part 16.
           ENTRY                   ADDRESS         REF BY
           =====                   =======         ======
           main                    0000335A        ?call_main (?cmain)
               calls direct
               XSTACK = 00000000 ( 00000004 )
    -------------------------------------------------------------------------
XDATA_ID
  Relative segment, address: CODE 00000114 - 00000126 (0x13 bytes), align: 0
  Segment part 7.             Intra module refs:   Segment part 6
    -------------------------------------------------------------------------
XDATA_ID
  Relative segment, address: CODE 00000127 - 0000012E (0x8 bytes), align: 0
  Segment part 9.             Intra module refs:   Segment part 8
    -------------------------------------------------------------------------
XDATA_ID
  Relative segment, address: CODE 0000012F - 0000013F (0x11 bytes), align: 0
  Segment part 11.            Intra module refs:   Segment part 10
    -------------------------------------------------------------------------
XDATA_ID
  Relative segment, address: CODE 00000140 - 00000152 (0x13 bytes), align: 0
  Segment part 13.            Intra module refs:   Segment part 12
    -------------------------------------------------------------------------
XDATA_ID
  Relative segment, address: CODE 00000153 - 00000166 (0x14 bytes), align: 0
  Segment part 15.            Intra module refs:   Segment part 14
    -------------------------------------------------------------------------
XDATA_I
  Relative segment, address: XDATA 00000F70 - 00000F82 (0x13 bytes), align: 0
  Segment part 6.             Intra module refs:   main
    -------------------------------------------------------------------------
XDATA_I
  Relative segment, address: XDATA 00000F83 - 00000F8A (0x8 bytes), align: 0
  Segment part 8.             Intra module refs:   main
    -------------------------------------------------------------------------
XDATA_I
  Relative segment, address: XDATA 00000F8B - 00000F9B (0x11 bytes), align: 0
  Segment part 10.            Intra module refs:   main
    -------------------------------------------------------------------------
XDATA_I
  Relative segment, address: XDATA 00000F9C - 00000FAE (0x13 bytes), align: 0
  Segment part 12.            Intra module refs:   main
    -------------------------------------------------------------------------
XDATA_I
  Relative segment, address: XDATA 00000FAF - 00000FC2 (0x14 bytes), align: 0
  Segment part 14.            Intra module refs:   main

    *************************************************************************

  FILE NAME : \\vmware-host\Shared Folders\Projects\WMNU\IAR\PRJ_UNITEST\Debug\Obj\utest_FChain.r51
    *************************************************************************

  FILE NAME : \\vmware-host\Shared Folders\Projects\WMNU\IAR\PRJ_UNITEST\Debug\Obj\utest_FItem.r51
    *************************************************************************

  FILE NAME : \\vmware-host\Shared Folders\Projects\WMNU\IAR\PRJ_UNITEST\Debug\Obj\utest_Frames.r51
    *************************************************************************

  FILE NAME : \\vmware-host\Shared Folders\Projects\WMNU\IAR\PRJ_UNITEST\Debug\Obj\utest_LLC.r51
    *************************************************************************

  FILE NAME : \\vmware-host\Shared Folders\Projects\WMNU\IAR\PRJ_UNITEST\Debug\Obj\utest_MAC.r51
    *************************************************************************

  FILE NAME : \\vmware-host\Shared Folders\Projects\WMNU\IAR\PRJ_UNITEST\Debug\Obj\utest_NTMR.r51
  PROGRAM MODULE, NAME : utest_NTMR

  SEGMENTS IN THE MODULE
  ======================
XDATA_Z
  Relative segment, address: XDATA 00000F04 - 00000F04 (0x1 bytes), align: 0
  Segment part 9.             Intra module refs:   TimerHndl
                                                   alg_test
           LOCAL                   ADDRESS         
           =====                   =======         
           irq_counts              00000F04 
    -------------------------------------------------------------------------
XDATA_Z
  Relative segment, address: XDATA 00000F05 - 00000F06 (0x2 bytes), align: 0
  Segment part 10.            Intra module refs:   TimerHndl
                                                   alg_test
           ENTRY                   ADDRESS         REF BY
           =====                   =======         ======
           nt                      00000F05 
    -------------------------------------------------------------------------
<BANKED_CODE> 1 (was BANKED_CODE)
  Relative segment, address: CODE 000030A7 - 000030D7 (0x31 bytes), align: 0
  Segment part 11.            Intra module refs:   TimerHndl::?relay
           LOCAL                   ADDRESS         
           =====                   =======         
           TimerHndl               000030A7 
               is indirectly called
               XSTACK = 00000000 ( 00000009 )
    -------------------------------------------------------------------------
<BANKED_CODE> 1 (was BANKED_CODE)
  Relative segment, address: CODE 000030D8 - 00003172 (0x9b bytes), align: 0
  Segment part 13.            Intra module refs:   alg_test::?relay
           LOCAL                   ADDRESS         
           =====                   =======         
           alg_test                000030D8 
               calls direct
               ISTACK = 00000000 ( 00000002 )
    -------------------------------------------------------------------------
<BANKED_CODE> 1 (was BANKED_CODE)
  Relative segment, address: CODE 00003173 - 00003187 (0x15 bytes), align: 0
  Segment part 15.            Intra module refs:   suite_NT::?relay
           ENTRY                   ADDRESS         REF BY
           =====                   =======         ======
           suite_NT                00003173 
               calls direct
               ISTACK = 00000000 ( 00000002 )
    -------------------------------------------------------------------------
XDATA_ID
  Relative segment, address: CODE 00000167 - 00000172 (0xc bytes), align: 0
  Segment part 8.             Intra module refs:   Segment part 7
    -------------------------------------------------------------------------
BANK_RELAYS
  Relative segment, address: CODE 0000027A - 0000027F (0x6 bytes), align: 0
  Segment part 12.            Intra module refs:   alg_test
           LOCAL                   ADDRESS         
           =====                   =======         
           TimerHndl::?relay       0000027A 
    -------------------------------------------------------------------------
BANK_RELAYS
  Relative segment, address: CODE 00000280 - 00000285 (0x6 bytes), align: 0
  Segment part 14.            Intra module refs:   suite_NT
           LOCAL                   ADDRESS         
           =====                   =======         
           alg_test::?relay        00000280 
    -------------------------------------------------------------------------
BANK_RELAYS
  Relative segment, address: CODE 00000286 - 0000028B (0x6 bytes), align: 0
  Segment part 16.
           ENTRY                   ADDRESS         REF BY
           =====                   =======         ======
           suite_NT::?relay        00000286        main (utest)
    -------------------------------------------------------------------------
XDATA_I
  Relative segment, address: XDATA 00000FC3 - 00000FCE (0xc bytes), align: 0
  Segment part 7.             Intra module refs:   suite_NT

    *************************************************************************

  FILE NAME : \\vmware-host\Shared Folders\Projects\WMNU\IAR\PRJ_UNITEST\Debug\Obj\utest_suite.r51
  PROGRAM MODULE, NAME : utest_suite

  SEGMENTS IN THE MODULE
  ======================
XDATA_Z
  Relative segment, address: XDATA 00000F07 - 00000F0A (0x4 bytes), align: 0
  Segment part 26.            Intra module refs:   umsg_summary
           LOCAL                   ADDRESS         
           =====                   =======         
           utest_summary           00000F07 
    -------------------------------------------------------------------------
<BANKED_CODE> 1 (was BANKED_CODE)
  Relative segment, address: CODE 00003262 - 0000328E (0x2d bytes), align: 0
  Segment part 33.            Intra module refs:   umsg_line::?relay
           ENTRY                   ADDRESS         REF BY
           =====                   =======         ======
           umsg_line               00003262 
               calls direct
               XSTACK = 00000000 ( 0000000C )
    -------------------------------------------------------------------------
<BANKED_CODE> 1 (was BANKED_CODE)
  Relative segment, address: CODE 0000328F - 000032E0 (0x52 bytes), align: 0
  Segment part 35.            Intra module refs:   umsg_summary::?relay
           ENTRY                   ADDRESS         REF BY
           =====                   =======         ======
           umsg_summary            0000328F 
               calls direct
               XSTACK = 00000000 ( 00000002 )
               ISTACK = 00000000 ( 00000002 )
    -------------------------------------------------------------------------
XDATA_ID
  Relative segment, address: CODE 00000173 - 0000019B (0x29 bytes), align: 0
  Segment part 13.            Intra module refs:   Segment part 12
    -------------------------------------------------------------------------
XDATA_ID
  Relative segment, address: CODE 0000019C - 000001A0 (0x5 bytes), align: 0
  Segment part 15.            Intra module refs:   Segment part 14
    -------------------------------------------------------------------------
XDATA_ID
  Relative segment, address: CODE 000001A1 - 000001B2 (0x12 bytes), align: 0
  Segment part 17.            Intra module refs:   Segment part 16
    -------------------------------------------------------------------------
XDATA_ID
  Relative segment, address: CODE 000001B3 - 000001BF (0xd bytes), align: 0
  Segment part 19.            Intra module refs:   Segment part 18
    -------------------------------------------------------------------------
XDATA_ID
  Relative segment, address: CODE 000001C0 - 000001CC (0xd bytes), align: 0
  Segment part 21.            Intra module refs:   Segment part 20
    -------------------------------------------------------------------------
XDATA_ID
  Relative segment, address: CODE 000001CD - 000001DB (0xf bytes), align: 0
  Segment part 23.            Intra module refs:   Segment part 22
    -------------------------------------------------------------------------
XDATA_ID
  Relative segment, address: CODE 000001DC - 000001EA (0xf bytes), align: 0
  Segment part 25.            Intra module refs:   Segment part 24
    -------------------------------------------------------------------------
BANK_RELAYS
  Relative segment, address: CODE 0000028C - 00000291 (0x6 bytes), align: 0
  Segment part 34.            Intra module refs:   umsg_summary
           ENTRY                   ADDRESS         REF BY
           =====                   =======         ======
           umsg_line::?relay       0000028C        suite_NT (utest_NTMR)
    -------------------------------------------------------------------------
BANK_RELAYS
  Relative segment, address: CODE 00000292 - 00000297 (0x6 bytes), align: 0
  Segment part 36.
           ENTRY                   ADDRESS         REF BY
           =====                   =======         ======
           umsg_summary::?relay    00000292        main (utest)
    -------------------------------------------------------------------------
XDATA_I
  Relative segment, address: XDATA 00000FCF - 00000FF7 (0x29 bytes), align: 0
  Segment part 12.            Intra module refs:   umsg_line
    -------------------------------------------------------------------------
XDATA_I
  Relative segment, address: XDATA 00000FF8 - 00000FFC (0x5 bytes), align: 0
  Segment part 14.            Intra module refs:   umsg_line
    -------------------------------------------------------------------------
XDATA_I
  Relative segment, address: XDATA 00000FFD - 0000100E (0x12 bytes), align: 0
  Segment part 16.            Intra module refs:   umsg_summary
    -------------------------------------------------------------------------
XDATA_I
  Relative segment, address: XDATA 0000100F - 0000101B (0xd bytes), align: 0
  Segment part 18.            Intra module refs:   umsg_summary
    -------------------------------------------------------------------------
XDATA_I
  Relative segment, address: XDATA 0000101C - 00001028 (0xd bytes), align: 0
  Segment part 20.            Intra module refs:   umsg_summary
    -------------------------------------------------------------------------
XDATA_I
  Relative segment, address: XDATA 00001029 - 00001037 (0xf bytes), align: 0
  Segment part 22.            Intra module refs:   umsg_summary
    -------------------------------------------------------------------------
XDATA_I
  Relative segment, address: XDATA 00001038 - 00001046 (0xf bytes), align: 0
  Segment part 24.            Intra module refs:   umsg_summary

    *************************************************************************

  FILE NAME : \\vmware-host\Shared Folders\Projects\WMNU\IAR\PRJ_UNITEST\Debug\Obj\utest_TIC.r51
  PROGRAM MODULE, NAME : utest_TIC

  SEGMENTS IN THE MODULE
  ======================
XDATA_ID
  Relative segment, address: CODE 000001EB - 000001EE (0x4 bytes), align: 0
  Segment part 62.            Intra module refs:   __Constant_0
    -------------------------------------------------------------------------
XDATA_I
  Relative segment, address: XDATA 00001047 - 0000104A (0x4 bytes), align: 0
  Segment part 61.            Intra module refs:   _LdtobLarge (?xprintflarge)
                                                   _LitobLarge (?xprintflarge)
                                                   _PrintfLarge (?xprintflarge)
           ENTRY                   ADDRESS         REF BY
           =====                   =======         ======
           __Constant_0            00001047 

    *************************************************************************

  FILE NAME : C:\Program Files (x86)\IAR Systems\Embedded Workbench 8.0\8051\LIB\DLIB\dl-pli-blxd-1e16x01n.r51
  LIBRARY MODULE, NAME : ?__dbg_break

  SEGMENTS IN THE MODULE
  ======================
<BANKED_CODE> 1 (was BANKED_CODE)
  Relative segment, address: CODE 000035C6 - 000035C8 (0x3 bytes), align: 0
  Segment part 6.             Intra module refs:   __DebugBreak::?relay
           ENTRY                   ADDRESS         REF BY
           =====                   =======         ======
           __DebugBreak            000035C6 
    -------------------------------------------------------------------------
BANK_RELAYS
  Relative segment, address: CODE 00000298 - 0000029D (0x6 bytes), align: 0
  Segment part 7.
           ENTRY                   ADDRESS         REF BY
           =====                   =======         ======
           __DebugBreak::?relay    00000298        __exit (?__exit)

    -------------------------------------------------------------------------
  LIBRARY MODULE, NAME : ?__exit

  SEGMENTS IN THE MODULE
  ======================
<BANKED_CODE> 1 (was BANKED_CODE)
  Relative segment, address: CODE 00003561 - 00003584 (0x24 bytes), align: 0
  Segment part 6.
           ENTRY                   ADDRESS         REF BY
           =====                   =======         ======
           __exit                  00003561        Segment part 10 (?cexit)
               calls direct
               XSTACK = 00000000 ( 0000000B )

    -------------------------------------------------------------------------
  LIBRARY MODULE, NAME : ?cexit

  SEGMENTS IN THE MODULE
  ======================
CSTART
  Relative segment, address: CODE 0000002E, align: 0
  Segment part 5.             Intra module refs:   _exit::?relay
           ENTRY                   ADDRESS         REF BY
           =====                   =======         ======
           _exit                   0000002E 
               calls direct
    -------------------------------------------------------------------------
CSTART
  Relative segment, address: CODE 0000002E - 00000038 (0xb bytes), align: 0
  Segment part 10.            Intra module refs:   _exit
    -------------------------------------------------------------------------
BANK_RELAYS
  Relative segment, address: CODE 0000029E - 000002A3 (0x6 bytes), align: 0
  Segment part 11.
           ENTRY                   ADDRESS         REF BY
           =====                   =======         ======
           _exit::?relay           0000029E        exit (?exit)

    -------------------------------------------------------------------------
  LIBRARY MODULE, NAME : ?cmain

  SEGMENTS IN THE MODULE
  ======================
CSTART
  Relative segment, address: CODE 00000039, align: 0
  Segment part 5.
           ENTRY                   ADDRESS         REF BY
           =====                   =======         ======
           ?cmain                  00000039        Segment part 13 (CSTARTUP)
               calls direct
    -------------------------------------------------------------------------
CSTART
  Relative segment, address: CODE 00000039 - 00000048 (0x10 bytes), align: 0
  Segment part 16.
           ENTRY                   ADDRESS         REF BY
           =====                   =======         ======
           __INIT_XDATA_Z          00000039        EventCallback (NTMR)
                                                   Segment part 6 (?xgetmemchunk)
                                                   TOFFSET (NTMR)
                                                   __xdata_Aldata (?xxmemxmalloc)
                                                   irq_counts (utest_NTMR)
                                                   nt (utest_NTMR)
                                                   utest_summary (utest_suite)
    -------------------------------------------------------------------------
CSTART
  Relative segment, address: CODE 00000049 - 0000006E (0x26 bytes), align: 0
  Segment part 33.
           ENTRY                   ADDRESS         REF BY
           =====                   =======         ======
           __INIT_XDATA_I          00000049        Segment part 10 (?xprintflarge)
                                                   Segment part 10 (utest)
                                                   Segment part 12 (?xprintflarge)
                                                   Segment part 12 (utest)
                                                   Segment part 12 (utest_suite)
                                                   Segment part 14 (?xprintflarge)
                                                   Segment part 14 (NTMR)
                                                   Segment part 14 (utest)
                                                   Segment part 14 (utest_suite)
                                                   Segment part 16 (?xprintflarge)
                                                   Segment part 16 (NTMR)
                                                   Segment part 16 (utest_suite)
                                                   Segment part 18 (NTMR)
                                                   Segment part 18 (utest_suite)
                                                   Segment part 20 (NTMR)
                                                   Segment part 20 (utest_suite)
                                                   Segment part 22 (NTMR)
                                                   Segment part 22 (utest_suite)
                                                   Segment part 24 (utest_suite)
                                                   Segment part 6 (?xprintflarge)
                                                   Segment part 6 (utest)
                                                   Segment part 7 (utest_NTMR)
                                                   Segment part 8 (?xprintflarge)
                                                   Segment part 8 (utest)
                                                   __Constant_0 (utest_TIC)
                                                   __Constant_186a0 (?xprintflarge)
                                                   __Constant_3f800000 (?xprintflarge)
                                                   __Constant_4cbebc20 (?xprintflarge)
                                                   __Constant_7597 (?xprintflarge)
                                                   __Constant_7fff (NTMR)
                                                   __Constant_8000 (NTMR)
                                                   __Constant_a (?xprintflarge)
                                                   __Constant_ffff (?xprintflarge)
                                                   __Constant_ffff8000 (NTMR)
                                                   __Constant_ffffff (NTMR)
    -------------------------------------------------------------------------
DIFUNCT
  Relative segment, address: CODE 00000FE7, align: 0
  Segment part 38. ROOT 
    -------------------------------------------------------------------------
CSTART
  Relative segment, address: CODE 0000006F - 00000084 (0x16 bytes), align: 0
  Segment part 40.            Intra module refs:   ?cmain
           ENTRY                   ADDRESS         REF BY
           =====                   =======         ======
           ?call_main              0000006F 

    -------------------------------------------------------------------------
  LIBRARY MODULE, NAME : CSTARTUP

  SEGMENTS IN THE MODULE
  ======================
REGISTERS
  Relative segment, address: DATA 00000000, align: 0
  Segment part 0.             Intra module refs:   Segment part 6
           ENTRY                   ADDRESS         REF BY
           =====                   =======         ======
           ?REGISTERS              00000000 
    -------------------------------------------------------------------------
ISTACK
  Relative segment, address: IDATA 000000C0, align: 0
  Segment part 1.             Intra module refs:   Segment part 6
           ENTRY                   ADDRESS         REF BY
           =====                   =======         ======
           ?ISTACK_START           000000C0 
    -------------------------------------------------------------------------
XSTACK
  Relative segment, address: XDATA 00000001, align: 0
  Segment part 3.             Intra module refs:   ?RESET_XSP
           ENTRY                   ADDRESS         REF BY
           =====                   =======         ======
           ?XSTACK_START           00000001 
    -------------------------------------------------------------------------
INTVEC
  Common segment, address: CODE 00000000 - 00000002 (0x3 bytes), align: 0
  Segment part 5. ROOT        Intra module refs:   Segment part 6
    -------------------------------------------------------------------------
CSTART
  Relative segment, address: CODE 00000085 - 0000008A (0x6 bytes), align: 0
  Segment part 6. ROOT        Intra module refs:   Segment part 5
           ENTRY                   ADDRESS         REF BY
           =====                   =======         ======
           __program_start         00000085        Absolute parts (?ABS_ENTRY_MOD)
           ?RESET_SP               00000088 
    -------------------------------------------------------------------------
CSTART
  Relative segment, address: CODE 0000008B - 00000090 (0x6 bytes), align: 0
  Segment part 8.
           ENTRY                   ADDRESS         REF BY
           =====                   =======         ======
           ?RESET_XSP              0000008B        ?XSP (VIRTUAL_REGISTERS)
    -------------------------------------------------------------------------
CSTART
  Relative segment, address: CODE 00000091 - 00000093 (0x3 bytes), align: 0
  Segment part 9.
           ENTRY                   ADDRESS         REF BY
           =====                   =======         ======
           ?RESET_CODE_BANK        00000091        Absolute parts (?BANKED_CODE_SUPPORT)
    -------------------------------------------------------------------------
CSTART
  Relative segment, address: CODE 00000094 - 00000096 (0x3 bytes), align: 0
  Segment part 13.            Intra module refs:   Absolute parts

    -------------------------------------------------------------------------
  LIBRARY MODULE, NAME : VIRTUAL_REGISTERS

  SEGMENTS IN THE MODULE
  ======================
BREG
  Relative segment, address: BIT 00000020.0 - 00000020.7 (0x8 bits), align: 0
  Segment part 0.
           ENTRY                   ADDRESS         REF BY
           =====                   =======         ======
           ?B0                     00000020.0      Absolute parts (CSTARTUP)
    -------------------------------------------------------------------------
VREG
  Relative segment, address: DATA 00000008 - 00000008 (0x1 bytes), align: 0
  Segment part 1.             Intra module refs:   ?V1
           ENTRY                   ADDRESS         REF BY
           =====                   =======         ======
           ?V0                     00000008        ?BANKED_ENTER_XDATA (?BANKED_ENTER_XDATA)
                                                   ?BANKED_LEAVE_XDATA (?BANKED_LEAVE_XDATA)
                                                   ?INTERRUPT_ENTER_XSP (?INTERRUPT_ENTER_XSP)
                                                   ?INTERRUPT_LEAVE_XSP (?INTERRUPT_LEAVE_XSP)
                                                   ?SL_GE_X (?SL_GE_X)
                                                   NT_Create (NTMR)
                                                   NT_GetTime (NTMR)
                                                   NT_SetCapture (NTMR)
                                                   NT_SetTime (NTMR)
                                                   Segment part 116 (?xprintflarge)
                                                   Segment part 117 (?xprintflarge)
                                                   Segment part 118 (?xprintflarge)
                                                   Segment part 120 (?xprintflarge)
                                                   Segment part 145 (?xprintflarge)
                                                   Segment part 146 (?xprintflarge)
                                                   Segment part 157 (?xprintflarge)
                                                   Segment part 39 (?xprintflarge)
                                                   Segment part 51 (?xprintflarge)
                                                   Segment part 55 (?xprintflarge)
                                                   Segment part 74 (?xprintflarge)
                                                   Segment part 87 (?xprintflarge)
                                                   TimerCompareInterrupt (NTMR)
                                                   _GenldLarge (?xprintflarge)
                                                   _LdtobLarge (?xprintflarge)
                                                   _LitobLarge (?xprintflarge)
                                                   _PrintfLarge (?xprintflarge)
                                                   _Prout (?xprout)
                                                   _PutcharLarge (?xprintflarge)
                                                   _PutcharsLarge (?xprintflarge)
                                                   __write (?__write)
                                                   __xdata_free (?xxmemxfree)
                                                   __xdata_malloc (?xxmemxmalloc)
                                                   div (?div)
                                                   loadTimerCompare (NTMR)
                                                   main (utest)
                                                   memcpy (?memcpy)
                                                   pad (?xprintflarge)
                                                   printf (?printf)
                                                   putchar (?putchar)
                                                   scale (?xprintflarge)
                                                   umsg_line (utest_suite)
    -------------------------------------------------------------------------
VREG
  Relative segment, address: DATA 00000009 - 00000009 (0x1 bytes), align: 0
  Segment part 2.             Intra module refs:   ?V2
           ENTRY                   ADDRESS         REF BY
           =====                   =======         ======
           ?V1                     00000009        NT_Create (NTMR)
                                                   NT_GetTime (NTMR)
                                                   NT_SetCapture (NTMR)
                                                   NT_SetTime (NTMR)
                                                   Segment part 117 (?xprintflarge)
                                                   Segment part 118 (?xprintflarge)
                                                   Segment part 119 (?xprintflarge)
                                                   Segment part 121 (?xprintflarge)
                                                   Segment part 145 (?xprintflarge)
                                                   Segment part 146 (?xprintflarge)
                                                   Segment part 157 (?xprintflarge)
                                                   Segment part 44 (?xprintflarge)
                                                   Segment part 54 (?xprintflarge)
                                                   Segment part 74 (?xprintflarge)
                                                   Segment part 86 (?xprintflarge)
                                                   Segment part 88 (?xprintflarge)
                                                   TimerCompareInterrupt (NTMR)
                                                   _GenldLarge (?xprintflarge)
                                                   _LdtobLarge (?xprintflarge)
                                                   _LitobLarge (?xprintflarge)
                                                   _PrintfLarge (?xprintflarge)
                                                   _Prout (?xprout)
                                                   _PutcharLarge (?xprintflarge)
                                                   _PutcharsLarge (?xprintflarge)
                                                   __write (?__write)
                                                   __xdata_free (?xxmemxfree)
                                                   __xdata_malloc (?xxmemxmalloc)
                                                   div (?div)
                                                   loadTimerCompare (NTMR)
                                                   main (utest)
                                                   pad (?xprintflarge)
                                                   printf (?printf)
                                                   putchar (?putchar)
                                                   scale (?xprintflarge)
                                                   umsg_line (utest_suite)
[...]
           LOCAL                   ADDRESS         
           =====                   =======         
           _PutcharLarge           000029E5 
               XSTACK = 0000006C ( 0000000E )
    -------------------------------------------------------------------------
<BANKED_CODE> 1 (was BANKED_CODE)
  Relative segment, address: CODE 00002A38 - 00002A89 (0x52 bytes), align: 0
  Segment part 155.           Intra module refs:   _PutcharsLarge::?relay
           LOCAL                   ADDRESS         
           =====                   =======         
           _PutcharsLarge          00002A38 
               calls direct
               XSTACK = 00000070 ( 00000010 )
    -------------------------------------------------------------------------
<BANKED_CODE> 1 (was BANKED_CODE)
  Relative segment, address: CODE 00002A8A - 00002A94 (0xb bytes), align: 0
  Segment part 157.           Intra module refs:   Segment part 119
                                                   _PutcharsLarge
    -------------------------------------------------------------------------
XDATA_ID
  Relative segment, address: CODE 000001EF - 000001F5 (0x7 bytes), align: 0
  Segment part 7.             Intra module refs:   Segment part 6
    -------------------------------------------------------------------------
XDATA_ID
  Relative segment, address: CODE 000001F6 - 000001F9 (0x4 bytes), align: 0
  Segment part 9.             Intra module refs:   Segment part 8
    -------------------------------------------------------------------------
XDATA_ID
  Relative segment, address: CODE 000001FA - 000001FD (0x4 bytes), align: 0
  Segment part 11.            Intra module refs:   Segment part 10
    -------------------------------------------------------------------------
XDATA_ID
  Relative segment, address: CODE 000001FE - 00000201 (0x4 bytes), align: 0
  Segment part 13.            Intra module refs:   Segment part 12
    -------------------------------------------------------------------------
XDATA_ID
  Relative segment, address: CODE 00000202 - 00000205 (0x4 bytes), align: 0
  Segment part 15.            Intra module refs:   Segment part 14
    -------------------------------------------------------------------------
XDATA_ID
  Relative segment, address: CODE 00000206 - 00000207 (0x2 bytes), align: 0
  Segment part 17.            Intra module refs:   Segment part 16
    -------------------------------------------------------------------------
XDATA_ID
  Relative segment, address: CODE 00000208 - 0000020B (0x4 bytes), align: 0
  Segment part 19.            Intra module refs:   __Constant_ffff
    -------------------------------------------------------------------------
XDATA_ID
  Relative segment, address: CODE 0000020C - 0000020F (0x4 bytes), align: 0
  Segment part 23.            Intra module refs:   __Constant_7597
    -------------------------------------------------------------------------
XDATA_ID
  Relative segment, address: CODE 00000210 - 00000213 (0x4 bytes), align: 0
  Segment part 25.            Intra module refs:   __Constant_186a0
    -------------------------------------------------------------------------
XDATA_ID
  Relative segment, address: CODE 00000214 - 00000217 (0x4 bytes), align: 0
  Segment part 27.            Intra module refs:   __Constant_3f800000
    -------------------------------------------------------------------------
XDATA_ID
  Relative segment, address: CODE 00000218 - 0000021B (0x4 bytes), align: 0
  Segment part 29.            Intra module refs:   __Constant_a
    -------------------------------------------------------------------------
XDATA_ID
  Relative segment, address: CODE 0000021C - 0000021F (0x4 bytes), align: 0
  Segment part 31.            Intra module refs:   __Constant_4cbebc20
    -------------------------------------------------------------------------
BANK_RELAYS
  Relative segment, address: CODE 000002D4 - 000002D9 (0x6 bytes), align: 0
  Segment part 33.
           ENTRY                   ADDRESS         REF BY
           =====                   =======         ======
           _PrintfLarge::?relay    000002D4        printf (?printf)
    -------------------------------------------------------------------------
BANK_RELAYS
  Relative segment, address: CODE 000002DA - 000002DF (0x6 bytes), align: 0
  Segment part 63.            Intra module refs:   _PrintfLarge
           LOCAL                   ADDRESS         
           =====                   =======         
           pad::?relay             000002DA 
    -------------------------------------------------------------------------
BANK_RELAYS
  Relative segment, address: CODE 000002E0 - 000002E5 (0x6 bytes), align: 0
  Segment part 65.            Intra module refs:   _PrintfLarge
           LOCAL                   ADDRESS         
           =====                   =======         
           _LitobLarge::?relay     000002E0 
    -------------------------------------------------------------------------
BANK_RELAYS
  Relative segment, address: CODE 000002E6 - 000002EB (0x6 bytes), align: 0
  Segment part 79.            Intra module refs:   _LdtobLarge
           LOCAL                   ADDRESS         
           =====                   =======         
           scale::?relay           000002E6 
    -------------------------------------------------------------------------
BANK_RELAYS
  Relative segment, address: CODE 000002EC - 000002F1 (0x6 bytes), align: 0
  Segment part 82.            Intra module refs:   _PrintfLarge
           LOCAL                   ADDRESS         
           =====                   =======         
           _LdtobLarge::?relay     000002EC 
    -------------------------------------------------------------------------
BANK_RELAYS
  Relative segment, address: CODE 000002F2 - 000002F7 (0x6 bytes), align: 0
  Segment part 115.           Intra module refs:   _LdtobLarge
           LOCAL                   ADDRESS         
           =====                   =======         
           _GenldLarge::?relay     000002F2 
    -------------------------------------------------------------------------
BANK_RELAYS
  Relative segment, address: CODE 000002F8 - 000002FD (0x6 bytes), align: 0
  Segment part 154.           Intra module refs:   _PrintfLarge
                                                   _PutcharsLarge
           LOCAL                   ADDRESS         
           =====                   =======         
           _PutcharLarge::?relay   000002F8 
    -------------------------------------------------------------------------
BANK_RELAYS
  Relative segment, address: CODE 000002FE - 00000303 (0x6 bytes), align: 0
  Segment part 156.           Intra module refs:   _PrintfLarge
                                                   pad
           LOCAL                   ADDRESS         
           =====                   =======         
           _PutcharsLarge::?relay
                                   000002FE 
    -------------------------------------------------------------------------
XDATA_I
  Relative segment, address: XDATA 0000104B - 00001051 (0x7 bytes), align: 0
  Segment part 6.             Intra module refs:   _PrintfLarge
    -------------------------------------------------------------------------
XDATA_I
  Relative segment, address: XDATA 00001052 - 00001055 (0x4 bytes), align: 0
  Segment part 8.             Intra module refs:   _LdtobLarge
    -------------------------------------------------------------------------
XDATA_I
  Relative segment, address: XDATA 00001056 - 00001059 (0x4 bytes), align: 0
  Segment part 10.            Intra module refs:   _LdtobLarge
    -------------------------------------------------------------------------
XDATA_I
  Relative segment, address: XDATA 0000105A - 0000105D (0x4 bytes), align: 0
  Segment part 12.            Intra module refs:   _LdtobLarge
    -------------------------------------------------------------------------
XDATA_I
  Relative segment, address: XDATA 0000105E - 00001061 (0x4 bytes), align: 0
  Segment part 14.            Intra module refs:   _LdtobLarge
    -------------------------------------------------------------------------
XDATA_I
  Relative segment, address: XDATA 00001062 - 00001063 (0x2 bytes), align: 0
  Segment part 16.            Intra module refs:   _GenldLarge
    -------------------------------------------------------------------------
XDATA_I
  Relative segment, address: XDATA 00001064 - 00001067 (0x4 bytes), align: 0
  Segment part 18.            Intra module refs:   _PrintfLarge
           ENTRY                   ADDRESS         REF BY
           =====                   =======         ======
           __Constant_ffff         00001064 
    -------------------------------------------------------------------------
XDATA_I
  Relative segment, address: XDATA 00001068 - 0000106B (0x4 bytes), align: 0
  Segment part 22.            Intra module refs:   _LdtobLarge
           ENTRY                   ADDRESS         REF BY
           =====                   =======         ======
           __Constant_7597         00001068 
    -------------------------------------------------------------------------
XDATA_I
  Relative segment, address: XDATA 0000106C - 0000106F (0x4 bytes), align: 0
  Segment part 24.            Intra module refs:   _LdtobLarge
           ENTRY                   ADDRESS         REF BY
           =====                   =======         ======
           __Constant_186a0        0000106C 
    -------------------------------------------------------------------------
XDATA_I
  Relative segment, address: XDATA 00001070 - 00001073 (0x4 bytes), align: 0
  Segment part 26.            Intra module refs:   _LdtobLarge
           ENTRY                   ADDRESS         REF BY
           =====                   =======         ======
           __Constant_3f800000     00001070 
    -------------------------------------------------------------------------
XDATA_I
  Relative segment, address: XDATA 00001074 - 00001077 (0x4 bytes), align: 0
  Segment part 28.            Intra module refs:   _LdtobLarge
           ENTRY                   ADDRESS         REF BY
           =====                   =======         ======
           __Constant_a            00001074 
    -------------------------------------------------------------------------
XDATA_I
  Relative segment, address: XDATA 00001078 - 0000107B (0x4 bytes), align: 0
  Segment part 30.            Intra module refs:   _LdtobLarge
           ENTRY                   ADDRESS         REF BY
           =====                   =======         ======
           __Constant_4cbebc20     00001078 

    -------------------------------------------------------------------------
  LIBRARY MODULE, NAME : ?xprout

  SEGMENTS IN THE MODULE
  ======================
<BANKED_CODE> 1 (was BANKED_CODE)
  Relative segment, address: CODE 00003511 - 0000353B (0x2b bytes), align: 0
  Segment part 6.             Intra module refs:   _Prout::?relay
           ENTRY                   ADDRESS         REF BY
           =====                   =======         ======
           _Prout                  00003511 
               calls direct
               XSTACK = 00000000 ( 0000000E )
    -------------------------------------------------------------------------
BANK_RELAYS
  Relative segment, address: CODE 00000304 - 00000309 (0x6 bytes), align: 0
  Segment part 7.
           ENTRY                   ADDRESS         REF BY
           =====                   =======         ======
           _Prout::?relay          00000304        printf (?printf)

    -------------------------------------------------------------------------
  LIBRARY MODULE, NAME : ?xxmemxfree

  SEGMENTS IN THE MODULE
  ======================
<BANKED_CODE> 1 (was BANKED_CODE)
  Relative segment, address: CODE 00002F67 - 0000309E (0x138 bytes), align: 0
  Segment part 6.             Intra module refs:   __xdata_free::?relay
           ENTRY                   ADDRESS         REF BY
           =====                   =======         ======
           __xdata_free            00002F67 
               XSTACK = 0000000A ( 0000000E )
    -------------------------------------------------------------------------
<BANKED_CODE> 1 (was BANKED_CODE)
  Relative segment, address: CODE 0000309F - 000030A6 (0x8 bytes), align: 0
  Segment part 8.             Intra module refs:   __xdata_free
    -------------------------------------------------------------------------
BANK_RELAYS
  Relative segment, address: CODE 0000030A - 0000030F (0x6 bytes), align: 0
  Segment part 7.
           ENTRY                   ADDRESS         REF BY
           =====                   =======         ======
           __xdata_free::?relay    0000030A        __xdata_malloc (?xxmemxmalloc)

    -------------------------------------------------------------------------
  LIBRARY MODULE, NAME : ?xxmemxmalloc

  SEGMENTS IN THE MODULE
  ======================
XDATA_Z
  Relative segment, address: XDATA 00000F0D - 00000F10 (0x4 bytes), align: 0
  Segment part 6.             Intra module refs:   __xdata_malloc
           ENTRY                   ADDRESS         REF BY
           =====                   =======         ======
           __xdata_Aldata          00000F0D        __xdata_free (?xxmemxfree)
    -------------------------------------------------------------------------
<BANKED_CODE> 1 (was BANKED_CODE)
  Relative segment, address: CODE 00002DCF - 00002F41 (0x173 bytes), align: 0
  Segment part 8.             Intra module refs:   __xdata_malloc::?relay
           ENTRY                   ADDRESS         REF BY
           =====                   =======         ======
           __xdata_malloc          00002DCF 
               calls direct
               XSTACK = 0000000A ( 0000000F )
    -------------------------------------------------------------------------
<BANKED_CODE> 1 (was BANKED_CODE)
  Relative segment, address: CODE 00002F42 - 00002F4A (0x9 bytes), align: 0
  Segment part 10.            Intra module refs:   __xdata_malloc
    -------------------------------------------------------------------------
<BANKED_CODE> 1 (was BANKED_CODE)
  Relative segment, address: CODE 00002F4B - 00002F4E (0x4 bytes), align: 0
  Segment part 11.            Intra module refs:   __xdata_malloc
    -------------------------------------------------------------------------
<BANKED_CODE> 1 (was BANKED_CODE)
  Relative segment, address: CODE 00002F4F - 00002F54 (0x6 bytes), align: 0
  Segment part 12.            Intra module refs:   Segment part 11
                                                   __xdata_malloc
    -------------------------------------------------------------------------
<BANKED_CODE> 1 (was BANKED_CODE)
  Relative segment, address: CODE 00002F55 - 00002F58 (0x4 bytes), align: 0
  Segment part 13.            Intra module refs:   __xdata_malloc
    -------------------------------------------------------------------------
<BANKED_CODE> 1 (was BANKED_CODE)
  Relative segment, address: CODE 00002F59 - 00002F5E (0x6 bytes), align: 0
  Segment part 14.            Intra module refs:   Segment part 12
                                                   Segment part 13
                                                   __xdata_malloc
    -------------------------------------------------------------------------
<BANKED_CODE> 1 (was BANKED_CODE)
  Relative segment, address: CODE 00002F5F - 00002F66 (0x8 bytes), align: 0
  Segment part 15.            Intra module refs:   __xdata_malloc
    -------------------------------------------------------------------------
BANK_RELAYS
  Relative segment, address: CODE 00000310 - 00000315 (0x6 bytes), align: 0
  Segment part 9.
           ENTRY                   ADDRESS         REF BY
           =====                   =======         ======
           __xdata_malloc::?relay
                                   00000310        malloc (FChain)




                ****************************************
                *                                      *
                *      SEGMENTS IN ADDRESS ORDER       *
                *                                      *
                ****************************************


SEGMENT              SPACE    START ADDRESS   END ADDRESS     SIZE  TYPE  ALIGN
=======              =====    =============   ===========     ====  ====  =====
INTVEC               CODE          00000000 - 0000002D          2E   com    0
CSTART               CODE          0000002E - 000000B4          87   rel    0
BDATA_ID             CODE               000000B5                     dse    0
BIT_ID               CODE               000000B5                     dse    0
DATA_ID              CODE               000000B5                     dse    0
IDATA_ID             CODE               000000B5                     dse    0
IXDATA_ID            CODE               000000B5                     dse    0
PDATA_ID             CODE               000000B5                     dse    0
XDATA_ID             CODE          000000B5 - 0000021F         16B   rel    0
BANK_RELAYS          CODE          00000220 - 00000315          F6   rel    0
RCODE                CODE          00000316 - 00000FE6         CD1   rel    0
CODE_N               CODE               00000FE7                     dse    0
DIFUNCT              CODE               00000FE7                     rel    0
CODE_C               CODE               00000FE7                     dse    0
NEAR_CODE            CODE          00000FE7 - 0000101D          37   rel    0
<BANKED_CODE> 1      CODE          0000101E - 000035C8        25AB   rel    0
REGISTERS            DATA          00000000 - 00000007           8   rel    0
VREG                 DATA          00000008 - 0000000F           8   rel    0
PSP                  DATA               00000010                     dse    0
XSP                  DATA          00000010 - 00000011           2   rel    0
BREG                 BIT        00000020.0  -  00000020.7        8   rel    0
SFR_AN               DATA          00000086 - 00000086           1   rel    0
                     DATA          00000095 - 00000097           3 
                     DATA          0000009D - 0000009E           2 
                     DATA          000000A8 - 000000A8           1 
                     DATA          000000AD - 000000AD           1 
                     DATA          000000C0 - 000000C2           3 
                     DATA          000000C5 - 000000C6           2 
                     DATA          000000E1 - 000000E1           1 
                     DATA          000000E5 - 000000E5           1 
                     DATA          000000F1 - 000000F1           1 
                     DATA          000000F3 - 000000F3           1 
XSTACK               XDATA         00000001 - 00000EFF         EFF   rel    0
XDATA_Z              XDATA         00000F00 - 00000F10          11   rel    0
XDATA_I              XDATA         00000F11 - 0000107B         16B   rel    0
XDATA_HEAP           XDATA         0000107C - 0000117A          FF   dse    0
ISTACK               IDATA         000000C0 - 000000FF          40   rel    0

                ****************************************
                *                                      *
                *        END OF CROSS REFERENCE        *
                *                                      *
                ****************************************

 13 769 bytes of CODE  memory
     18 bytes of DATA  memory (+ 17 absolute )
  4 474 bytes of XDATA memory
     64 bytes of IDATA memory
      8 bits  of BIT   memory

Errors: none
Warnings: none

