################################################################################
#                                                                              #
#      IAR Universal Linker V6.4.6.89                                          #
#                                                                              #
#           Link time     =  05/Oct/2019  22:14:24                             #
#           Target CPU    =  x51                                               #
#           List file     =  "\\vmware-host\Shared Folders\Projects\WMNU\IAR\P #
#                            RJ_UNITEST\Debug\List\unitest.map"                #
#           Output file 1 =  "\\vmware-host\Shared Folders\Projects\WMNU\IAR\P #
#                            RJ_UNITEST\Debug\Exe\unitest.d51"                 #
#                            Format: ubrof10                                   #
#                            UBROF version 10.0.6                              #
#                            Using library modules for C-SPY (-rt)             #
#           Command line  =  -f                                                #
#                            C:\Users\08A4~1\AppData\Local\Temp\EWCFAE.tmp     #
#                            ("\\vmware-host\Shared Folders\Projects\WMNU\IAR\ #
#                            PRJ_UNITEST\Debug\Obj\FChain.r51"                 #
#                            "\\vmware-host\Shared Folders\Projects\WMNU\IAR\P #
#                            RJ_UNITEST\Debug\Obj\FItem.r51"                   #
#                            "\\vmware-host\Shared Folders\Projects\WMNU\IAR\P #
#                            RJ_UNITEST\Debug\Obj\LLC.r51"                     #
#                            "\\vmware-host\Shared Folders\Projects\WMNU\IAR\P #
#                            RJ_UNITEST\Debug\Obj\MAC.r51"                     #
#                            "\\vmware-host\Shared Folders\Projects\WMNU\IAR\P #
#                            RJ_UNITEST\Debug\Obj\NTMR.r51"                    #
#                            "\\vmware-host\Shared Folders\Projects\WMNU\IAR\P #
#                            RJ_UNITEST\Debug\Obj\nwdebuger.r51"               #
#                            "\\vmware-host\Shared Folders\Projects\WMNU\IAR\P #
#                            RJ_UNITEST\Debug\Obj\RADIO.r51"                   #
#                            "\\vmware-host\Shared Folders\Projects\WMNU\IAR\P #
#                            RJ_UNITEST\Debug\Obj\TIC.r51"                     #
#                            "\\vmware-host\Shared Folders\Projects\WMNU\IAR\P #
#                            RJ_UNITEST\Debug\Obj\utest.r51"                   #
#                            "\\vmware-host\Shared Folders\Projects\WMNU\IAR\P #
#                            RJ_UNITEST\Debug\Obj\utest_FChain.r51"            #
#                            "\\vmware-host\Shared Folders\Projects\WMNU\IAR\P #
#                            RJ_UNITEST\Debug\Obj\utest_FItem.r51"             #
#                            "\\vmware-host\Shared Folders\Projects\WMNU\IAR\P #
#                            RJ_UNITEST\Debug\Obj\utest_Frames.r51"            #
#                            "\\vmware-host\Shared Folders\Projects\WMNU\IAR\P #
#                            RJ_UNITEST\Debug\Obj\utest_LLC.r51"               #
#                            "\\vmware-host\Shared Folders\Projects\WMNU\IAR\P #
#                            RJ_UNITEST\Debug\Obj\utest_MAC.r51"               #
#                            "\\vmware-host\Shared Folders\Projects\WMNU\IAR\P #
#                            RJ_UNITEST\Debug\Obj\utest_NTMR.r51"              #
#                            "\\vmware-host\Shared Folders\Projects\WMNU\IAR\P #
#                            RJ_UNITEST\Debug\Obj\utest_suite.r51"             #
#                            "\\vmware-host\Shared Folders\Projects\WMNU\IAR\P #
#                            RJ_UNITEST\Debug\Obj\utest_TIC.r51"               #
#                            -o                                                #
#                            "\\vmware-host\Shared Folders\Projects\WMNU\IAR\P #
#                            RJ_UNITEST\Debug\Exe\unitest.d51"                 #
#                            -l                                                #
#                            "\\vmware-host\Shared Folders\Projects\WMNU\IAR\P #
#                            RJ_UNITEST\Debug\List\unitest.map"                #
#                            -xms                                              #
#                            "-IC:\Program Files (x86)\IAR Systems\Embedded Wo #
#                            rkbench 8.0\8051\LIB\"                            #
#                            -f                                                #
#                            "C:\Program Files (x86)\IAR Systems\Embedded Work #
#                            bench 8.0\8051\config\devices\Texas Instruments\l #
#                            nk51ew_CC2530F256_banked.xcl"                     #
#                            (-D_IDATA0_START=0x00 -D_IDATA0_END=0xFF          #
#                            -D_PDATA0_START=0x1E00 -D_PDATA0_END=0x1EFF       #
#                            -D_IXDATA0_START=0x0001 -D_IXDATA0_END=0x1EFF     #
#                            -D_XDATA0_START=_IXDATA0_START                    #
#                            -D_XDATA0_END=_IXDATA0_END                        #
#                            -D_NEAR_CODE_START=0x0000                         #
#                            -D_FIRST_BANK_ADDR=0x10000 -D?REGISTER_BANK=0x0   #
#                            -D_REGISTER_BANK_START=0x0 -D_BREG_START=0x00     #
#                            -D?VB=0x20 -Z(BIT)BREG=_BREG_START                #
#                            -Z(BIT)BIT_N=0-7F                                 #
#                            -Z(DATA)REGISTERS+8=_REGISTER_BANK_START          #
#                            -Z(DATA)BDATA_Z,BDATA_N,BDATA_I=20-2F             #
#                            -Z(DATA)VREG=08-7F -Z(DATA)PSP,XSP=08-7F          #
#                            -Z(DATA)DOVERLAY=08-7F                            #
#                            -Z(DATA)DATA_I,DATA_Z,DATA_N=08-7F                #
#                            -U(IDATA)0-7F=(DATA)0-7F                          #
#                            -Z(IDATA)IDATA_I,IDATA_Z,IDATA_N=08-_IDATA0_END   #
#                            -Z(IDATA)ISTACK+_IDATA_STACK_SIZE#08-_IDATA0_END  #
#                            -Z(IDATA)IOVERLAY=08-FF -Z(CODE)INTVEC=0          #
#                            -Z(CODE)CSTART=_NEAR_CODE_START-(_CODEBANK_START- #
#                            1)                                                #
#                            -Z(CODE)BIT_ID,BDATA_ID,DATA_ID,IDATA_ID,IXDATA_I #
#                            D,PDATA_ID,XDATA_ID=_NEAR_CODE_START-(_CODEBANK_S #
#                            TART-1)                                           #
#                            -Z(CODE)BANK_RELAYS,RCODE,DIFUNCT,CODE_C,CODE_N,N #
#                            EAR_CODE=_NEAR_CODE_START-(_CODEBANK_START-1)     #
#                            -P(CODE)BANKED_CODE=_NEAR_CODE_START-(_CODEBANK_S #
#                            TART-1),[(_CODEBANK_START+_FIRST_BANK_ADDR)-(_COD #
#                            EBANK_END+_FIRST_BANK_ADDR)]*_NR_OF_BANKS+10000   #
#                            -Z(CODE)CHECKSUM#(_CODEBANK_START-1)              #
#                            -Z(XDATA)PDATA_Z,PDATA_I=_PDATA0_START-_PDATA0_EN #
#                            D                                                 #
#                            -P(XDATA)PDATA_N=_PDATA0_START-_PDATA0_END        #
#                            -Z(XDATA)PSTACK+_PDATA_STACK_SIZE=_PDATA0_START-_ #
#                            PDATA0_END                                        #
#                            -Z(XDATA)EXT_STACK+_EXTENDED_STACK_SIZE=_EXTENDED #
#                            _STACK_START                                      #
#                            -Z(XDATA)XSTACK+_XDATA_STACK_SIZE=_XDATA0_START-_ #
#                            XDATA0_END                                        #
#                            -Z(XDATA)IXDATA_Z,IXDATA_I=_IXDATA0_START-_IXDATA #
#                            0_END                                             #
#                            -P(XDATA)IXDATA_N=_IXDATA0_START-_IXDATA0_END     #
#                            -Z(XDATA)XDATA_Z,XDATA_I=_XDATA0_START-_XDATA0_EN #
#                            D                                                 #
#                            -P(XDATA)XDATA_N=_XDATA0_START-_XDATA0_END        #
#                            -Z(XDATA)XDATA_HEAP+_XDATA_HEAP_SIZE=_XDATA0_STAR #
#                            T-_XDATA0_END                                     #
#                            -Z(CONST)XDATA_ROM_C=_XDATA0_START-_XDATA0_END    #
#                            -cx51                                             #
#                            -M(CODE)[(_CODEBANK_START+_FIRST_BANK_ADDR)-(_COD #
#                            EBANK_END+_FIRST_BANK_ADDR)]*_NR_OF_BANKS+0x10000 #
#                            =0x8000                                           #
#                            -ww69=i -D_BANK0_START=0x00000                    #
#                            -D_BANK0_END=0x07FFF -D_BANK1_START=0x18000       #
#                            -D_BANK1_END=0x1FFFF -D_BANK2_START=0x28000       #
#                            -D_BANK2_END=0x2FFFF -D_BANK3_START=0x38000       #
#                            -D_BANK3_END=0x3FFFF -D_BANK4_START=0x48000       #
#                            -D_BANK4_END=0x4FFFF -D_BANK5_START=0x58000       #
#                            -D_BANK5_END=0x5FFFF -D_BANK6_START=0x68000       #
#                            -D_BANK6_END=0x6FFFF -D_BANK7_START=0x78000       #
#                            -D_BANK7_END=0x7FFFF                              #
#                            -P(CODE)BANK0=_BANK0_START-_BANK0_END             #
#                            -P(CODE)BANK1=_BANK1_START-_BANK1_END             #
#                            -P(CODE)BANK2=_BANK2_START-_BANK2_END             #
#                            -P(CODE)BANK3=_BANK3_START-_BANK3_END             #
#                            -P(CODE)BANK4=_BANK4_START-_BANK4_END             #
#                            -P(CODE)BANK5=_BANK5_START-_BANK5_END             #
#                            -P(CODE)BANK6=_BANK6_START-_BANK6_END             #
#                            -P(CODE)BANK7=_BANK7_START-_BANK7_END             #
#                            -D_FLASH_LOCK_BITS_START=0x7FFF0                  #
#                            -D_FLASH_LOCK_BITS_END=0x7FFFF                    #
#                            -Z(CODE)FLASH_LOCK_BITS=_FLASH_LOCK_BITS_START-_F #
#                            LASH_LOCK_BITS_END                                #
#                            -U(CODE)0x0000=(CODE)_FLASH_LOCK_BITS_START-_FLAS #
#                            H_LOCK_BITS_END)                                  #
#                            -D_NR_OF_VIRTUAL_REGISTERS=8 -D?PBANK=0x93        #
#                            -D?CBANK=0x9F -D?CBANK_MASK=0xFF                  #
#                            -e?BCALL_FF=?BCALL -e?BRET_FF=?BRET               #
#                            -e?BDISPATCH_FF=?BDISPATCH                        #
#                            -D_CODEBANK_START=0x8000 -D_CODEBANK_END=0xFFFF   #
#                            -D_NR_OF_BANKS=0x07                               #
#                            "-IC:\Program Files (x86)\IAR Systems\Embedded Wo #
#                            rkbench 8.0\8051\CONFIG\"                         #
#                            -e_PrintfLarge=_Printf -e_ScanfLarge=_Scanf -rt   #
#                            -s __program_start                                #
#                            "C:\Program Files (x86)\IAR Systems\Embedded Work #
#                            bench 8.0\8051\LIB\DLIB\dl-pli-blxd-1e16x01n.r51" #
#                            -D_IDATA_STACK_SIZE=0x40 -D?ESP=0 -D?ESP_MASK=0   #
#                            -D_EXTENDED_STACK_START=0                         #
#                            -D_EXTENDED_STACK_SIZE=0                          #
#                            -D_PDATA_STACK_SIZE=0x80                          #
#                            -D_XDATA_STACK_SIZE=0xEFF                         #
#                            -D_XDATA_HEAP_SIZE=0xFF -D_FAR_HEAP_SIZE=0xFFF    #
#                            -D_HUGE_HEAP_SIZE=0xFFF                           #
#                            -D_FAR22_HEAP_SIZE=0xFFF)                         #
#                                                                              #
#                           Copyright (C) 1987-2016 IAR Systems AB.            #
################################################################################





                ****************************************
                *                                      *
                *           CROSS REFERENCE            *
                *                                      *
                ****************************************

       Program entry at : CODE      0000005A  Relocatable, from module : CSTARTUP




                ****************************************
                *                                      *
                *            RUNTIME MODEL             *
                *                                      *
                ****************************************

  __Heap_Handler             = Basic
  __SystemLibrary            = DLib
  __calling_convention       = xdata_reentrant
  __code_model               = banked
  __core                     = plain
  __data_model               = large
  __dlib_file_descriptor     = 0
  __dlib_full_locale_support = 0
  __dptr_size                = 16
  __extended_stack           = disabled
  __location_for_constants   = data
  __number_of_dptrs          = 1
  __register_banks           = *
  __rt_version               = 1

                ****************************************
                *                                      *
                *    AUTOMATIC SYMBOL REDIRECTIONS     *
                *                                      *
                ****************************************

                  There are no automatic symbol redirections.



                ****************************************
                *                                      *
                *              MODULE MAP              *
                *                                      *
                ****************************************


  DEFINED ABSOLUTE ENTRIES
    *************************************************************************

  DEFINED ABSOLUTE ENTRIES
  PROGRAM MODULE, NAME : ?ABS_ENTRY_MOD

Absolute parts
           ENTRY                   ADDRESS         REF BY
           =====                   =======         ======
           _FAR22_HEAP_SIZE        00000FFF 
           _HUGE_HEAP_SIZE         00000FFF 
           _FAR_HEAP_SIZE          00000FFF 
           _XDATA_HEAP_SIZE        000000FF 
           _XDATA_STACK_SIZE       00000EFF 
           _PDATA_STACK_SIZE       00000080 
           _EXTENDED_STACK_SIZE    00000000 
           _EXTENDED_STACK_START   00000000 
           ?ESP_MASK               00000000 
           ?ESP                    00000000 
           _IDATA_STACK_SIZE       00000040 
           _NR_OF_BANKS            00000007 
           _CODEBANK_END           0000FFFF 
           _CODEBANK_START         00008000 
           ?CBANK_MASK             000000FF 
           ?CBANK                  0000009F        ?RESET_CODE_BANK (CSTARTUP)
                                                   Segment part 0 (?BANKED_CODE_SUPPORT)
           ?PBANK                  00000093 
           _NR_OF_VIRTUAL_REGISTERS
                                   00000008 
           _FLASH_LOCK_BITS_END    0003FFFF 
           _FLASH_LOCK_BITS_START
                                   0003FFF0 
           _BANK7_END              0003FFFF 
           _BANK7_START            00038000 
           _BANK6_END              00037FFF 
           _BANK6_START            00030000 
           _BANK5_END              0002FFFF 
           _BANK5_START            00028000 
           _BANK4_END              00027FFF 
           _BANK4_START            00020000 
           _BANK3_END              0001FFFF 
           _BANK3_START            00018000 
           _BANK2_END              00017FFF 
           _BANK2_START            00010000 
           _BANK1_END              0000FFFF 
           _BANK1_START            00008000 
           _BANK0_END              00007FFF 
           _BANK0_START            00000000 
           ?VB                     00000020        ?BANKED_ENTER_XDATA (?BANKED_ENTER_XDATA)
                                                   ?BANKED_LEAVE_XDATA (?BANKED_LEAVE_XDATA)
                                                   TIC_SetRXState (TIC)
                                                   TIC_SetTXState (TIC)
                                                   create_test (utest_TIC)
                                                   umsg (utest_suite)
           _BREG_START             00000000 
           _REGISTER_BANK_START    00000000 
           ?REGISTER_BANK          00000000        Segment part 6 (CSTARTUP)
           _FIRST_BANK_ADDR        00010000 
           _NEAR_CODE_START        00000000 
           _XDATA0_END             00001EFF 
           _XDATA0_START           00000001 
           _IXDATA0_END            00001EFF 
           _IXDATA0_START          00000001 
           _PDATA0_END             00001EFF 
           _PDATA0_START           00001E00 
           _IDATA0_END             000000FF 
           _IDATA0_START           00000000 
    *************************************************************************

  FILE NAME : \\vmware-host\Shared Folders\Projects\WMNU\IAR\PRJ_UNITEST\Debug\Obj\FChain.r51
  PROGRAM MODULE, NAME : FChain

  SEGMENTS IN THE MODULE
  ======================
<BANKED_CODE> 1 (was BANKED_CODE)
  Relative segment, address: CODE 00004356 - 0000436A (0x15 bytes), align: 0
  Segment part 37.            Intra module refs:   free::?relay
           ENTRY                   ADDRESS         REF BY
           =====                   =======         ======
           free                    00004356 
               calls direct
               XSTACK = 0000000E ( 00000009 )
    -------------------------------------------------------------------------
<BANKED_CODE> 1 (was BANKED_CODE)
  Relative segment, address: CODE 0000436B - 0000437F (0x15 bytes), align: 0
  Segment part 39.            Intra module refs:   malloc::?relay
           ENTRY                   ADDRESS         REF BY
           =====                   =======         ======
           malloc                  0000436B 
               calls direct
               XSTACK = 0000000A ( 00000009 )
    -------------------------------------------------------------------------
BANK_RELAYS
  Relative segment, address: CODE 000004D6 - 000004DB (0x6 bytes), align: 0
  Segment part 38.            Intra module refs:   NT_Delete (NTMR)
                                                   TIC_Delete (TIC)
           ENTRY                   ADDRESS         REF BY
           =====                   =======         ======
           free::?relay            000004D6 
    -------------------------------------------------------------------------
BANK_RELAYS
  Relative segment, address: CODE 000004DC - 000004E1 (0x6 bytes), align: 0
  Segment part 40.            Intra module refs:   NT_Create (NTMR)
                                                   TIC_Create (TIC)
           ENTRY                   ADDRESS         REF BY
           =====                   =======         ======
           malloc::?relay          000004DC 

    *************************************************************************

  FILE NAME : \\vmware-host\Shared Folders\Projects\WMNU\IAR\PRJ_UNITEST\Debug\Obj\FItem.r51
    *************************************************************************

  FILE NAME : \\vmware-host\Shared Folders\Projects\WMNU\IAR\PRJ_UNITEST\Debug\Obj\LLC.r51
    *************************************************************************

  FILE NAME : \\vmware-host\Shared Folders\Projects\WMNU\IAR\PRJ_UNITEST\Debug\Obj\MAC.r51
    *************************************************************************

  FILE NAME : \\vmware-host\Shared Folders\Projects\WMNU\IAR\PRJ_UNITEST\Debug\Obj\NTMR.r51
  PROGRAM MODULE, NAME : NTMR

  SEGMENTS IN THE MODULE
  ======================
<BANKED_CODE> 1 (was BANKED_CODE)
  Relative segment, address: CODE 000040C3 - 00004102 (0x40 bytes), align: 0
  Segment part 10.            Intra module refs:   NT_Create::?relay
           ENTRY                   ADDRESS         REF BY
           =====                   =======         ======
           NT_Create               000040C3 
               calls direct
               XSTACK = 00000000 ( 0000000A )
    -------------------------------------------------------------------------
<BANKED_CODE> 1 (was BANKED_CODE)
  Relative segment, address: CODE 00004103 - 00004118 (0x16 bytes), align: 0
  Segment part 12.            Intra module refs:   NT_Delete::?relay
           ENTRY                   ADDRESS         REF BY
           =====                   =======         ======
           NT_Delete               00004103 
               calls direct
               XSTACK = 00000000 ( 00000009 )
    -------------------------------------------------------------------------
<BANKED_CODE> 1 (was BANKED_CODE)
  Relative segment, address: CODE 00004119 - 0000411C (0x4 bytes), align: 0
  Segment part 14.            Intra module refs:   NT_SetTime::?relay
           ENTRY                   ADDRESS         REF BY
           =====                   =======         ======
           NT_SetTime              00004119 
               is indirectly called
    -------------------------------------------------------------------------
<BANKED_CODE> 1 (was BANKED_CODE)
  Relative segment, address: CODE 0000411D - 00004120 (0x4 bytes), align: 0
  Segment part 16.            Intra module refs:   NT_SetCapture::?relay
           ENTRY                   ADDRESS         REF BY
           =====                   =======         ======
           NT_SetCapture           0000411D 
               is indirectly called
    -------------------------------------------------------------------------
<BANKED_CODE> 1 (was BANKED_CODE)
  Relative segment, address: CODE 00004121 - 00004127 (0x7 bytes), align: 0
  Segment part 18.            Intra module refs:   NT_IRQEnable::?relay
           ENTRY                   ADDRESS         REF BY
           =====                   =======         ======
           NT_IRQEnable            00004121 
               is indirectly called
    -------------------------------------------------------------------------
BANK_RELAYS
  Relative segment, address: CODE 000004E2 - 000004E7 (0x6 bytes), align: 0
  Segment part 11.
           ENTRY                   ADDRESS         REF BY
           =====                   =======         ======
           NT_Create::?relay       000004E2        create_test (utest_TIC)
    -------------------------------------------------------------------------
BANK_RELAYS
  Relative segment, address: CODE 000004E8 - 000004ED (0x6 bytes), align: 0
  Segment part 13.
           ENTRY                   ADDRESS         REF BY
           =====                   =======         ======
           NT_Delete::?relay       000004E8        create_test (utest_TIC)
    -------------------------------------------------------------------------
BANK_RELAYS
  Relative segment, address: CODE 000004EE - 000004F3 (0x6 bytes), align: 0
  Segment part 15.            Intra module refs:   NT_Create
           ENTRY                   ADDRESS         REF BY
           =====                   =======         ======
           NT_SetTime::?relay      000004EE 
    -------------------------------------------------------------------------
BANK_RELAYS
  Relative segment, address: CODE 000004F4 - 000004F9 (0x6 bytes), align: 0
  Segment part 17.            Intra module refs:   NT_Create
           ENTRY                   ADDRESS         REF BY
           =====                   =======         ======
           NT_SetCapture::?relay   000004F4 
    -------------------------------------------------------------------------
BANK_RELAYS
  Relative segment, address: CODE 000004FA - 000004FF (0x6 bytes), align: 0
  Segment part 19.            Intra module refs:   NT_Create
           ENTRY                   ADDRESS         REF BY
           =====                   =======         ======
           NT_IRQEnable::?relay    000004FA 

    *************************************************************************

  FILE NAME : \\vmware-host\Shared Folders\Projects\WMNU\IAR\PRJ_UNITEST\Debug\Obj\nwdebuger.r51
  PROGRAM MODULE, NAME : nwdebuger

  SEGMENTS IN THE MODULE
  ======================
<BANKED_CODE> 1 (was BANKED_CODE)
  Relative segment, address: CODE 0000441B - 0000441D (0x3 bytes), align: 0
  Segment part 6.             Intra module refs:   nwDebugerInit::?relay
           ENTRY                   ADDRESS         REF BY
           =====                   =======         ======
           nwDebugerInit           0000441B 
    -------------------------------------------------------------------------
<BANKED_CODE> 1 (was BANKED_CODE)
  Relative segment, address: CODE 0000441E - 0000441F (0x2 bytes), align: 0
  Segment part 8.             Intra module refs:   STACK_FAILURE::?relay
           ENTRY                   ADDRESS         REF BY
           =====                   =======         ======
           STACK_FAILURE           0000441E 
    -------------------------------------------------------------------------
BANK_RELAYS
  Relative segment, address: CODE 00000500 - 00000505 (0x6 bytes), align: 0
  Segment part 7.
           ENTRY                   ADDRESS         REF BY
           =====                   =======         ======
           nwDebugerInit::?relay   00000500        main (utest)
    -------------------------------------------------------------------------
BANK_RELAYS
  Relative segment, address: CODE 00000506 - 0000050B (0x6 bytes), align: 0
  Segment part 9.
           ENTRY                   ADDRESS         REF BY
           =====                   =======         ======
           STACK_FAILURE::?relay   00000506        Callback_execution (TIC)
                                                   TIC_Create (TIC)
                                                   TIC_Delete (TIC)
                                                   TIC_GetRXState (TIC)
                                                   TIC_GetTXState (TIC)
                                                   TIC_SetRXCallback (TIC)
                                                   TIC_SetRXState (TIC)
                                                   TIC_SetSECallback (TIC)
                                                   TIC_SetTXCallback (TIC)
                                                   TIC_SetTXState (TIC)
                                                   TIC_SetTimer (TIC)

    *************************************************************************

  FILE NAME : \\vmware-host\Shared Folders\Projects\WMNU\IAR\PRJ_UNITEST\Debug\Obj\RADIO.r51
    *************************************************************************

  FILE NAME : \\vmware-host\Shared Folders\Projects\WMNU\IAR\PRJ_UNITEST\Debug\Obj\TIC.r51
  PROGRAM MODULE, NAME : TIC

  SEGMENTS IN THE MODULE
  ======================
XDATA_Z
  Relative segment, address: XDATA 00000F00 - 00000F03 (0x4 bytes), align: 0
  Segment part 30.            Intra module refs:   TIC_GetUptime
                                                   clocks_update
           LOCAL                   ADDRESS         
           =====                   =======         
           NODE_UPTIME             00000F00 
    -------------------------------------------------------------------------
XDATA_Z
  Relative segment, address: XDATA 00000F04 - 00000F07 (0x4 bytes), align: 0
  Segment part 31.            Intra module refs:   TIC_GetRTC
                                                   TIC_SetRTC
                                                   clocks_update
           LOCAL                   ADDRESS         
           =====                   =======         
           NODE_RTC                00000F04 
    -------------------------------------------------------------------------
XDATA_Z
  Relative segment, address: XDATA 00000F08 - 00000F09 (0x2 bytes), align: 0
  Segment part 32.            Intra module refs:   TIC_HW_Timer_IRQ
                                                   TIC_SetRXCallback
           LOCAL                   ADDRESS         
           =====                   =======         
           RXCallback              00000F08 
    -------------------------------------------------------------------------
XDATA_Z
  Relative segment, address: XDATA 00000F0A - 00000F0B (0x2 bytes), align: 0
  Segment part 33.            Intra module refs:   TIC_HW_Timer_IRQ
                                                   TIC_SetTXCallback
           LOCAL                   ADDRESS         
           =====                   =======         
           TXCallback              00000F0A 
    -------------------------------------------------------------------------
XDATA_Z
  Relative segment, address: XDATA 00000F0C - 00000F0D (0x2 bytes), align: 0
  Segment part 34.            Intra module refs:   TIC_HW_Timer_IRQ
                                                   TIC_SetSECallback
           LOCAL                   ADDRESS         
           =====                   =======         
           SECallback              00000F0C 
    -------------------------------------------------------------------------
XDATA_Z
  Relative segment, address: XDATA 00000F0E - 00000F0E (0x1 bytes), align: 0
  Segment part 35.            Intra module refs:   TIC_Create
                                                   TIC_Delete
           LOCAL                   ADDRESS         
           =====                   =======         
           TIC_CREATED             00000F0E 
    -------------------------------------------------------------------------
XDATA_Z
  Relative segment, address: XDATA 00000F0F - 00000F10 (0x2 bytes), align: 0
  Segment part 36.            Intra module refs:   TIC_Create
                                                   TIC_GetTimer
                                                   TIC_SetTimer
                                                   set_capture_time
           LOCAL                   ADDRESS         
           =====                   =======         
           TIC_nt                  00000F0F 
    -------------------------------------------------------------------------
XDATA_Z
  Relative segment, address: XDATA 00000F11 - 00000F42 (0x32 bytes), align: 0
  Segment part 37.            Intra module refs:   TIC_GetRXState
                                                   TIC_GetTXState
                                                   TIC_HW_Timer_IRQ
                                                   TIC_SetRXState
                                                   TIC_SetTXState
                                                   TIC_TDMAShelduler
           LOCAL                   ADDRESS         
           =====                   =======         
           TSStateTable            00000F11 
    -------------------------------------------------------------------------
<BANKED_CODE> 1 (was BANKED_CODE)
  Relative segment, address: CODE 00002CFE - 00002ED8 (0x1db bytes), align: 0
  Segment part 46.            Intra module refs:   TIC_Create::?relay
           ENTRY                   ADDRESS         REF BY
           =====                   =======         ======
           TIC_Create              00002CFE 
               calls direct
               XSTACK = 00000000 ( 00000010 )
    -------------------------------------------------------------------------
<BANKED_CODE> 1 (was BANKED_CODE)
  Relative segment, address: CODE 00002ED9 - 00002F36 (0x5e bytes), align: 0
  Segment part 48.            Intra module refs:   TIC_Delete::?relay
           ENTRY                   ADDRESS         REF BY
           =====                   =======         ======
           TIC_Delete              00002ED9 
               calls direct
               XSTACK = 00000000 ( 0000000E )
    -------------------------------------------------------------------------
<BANKED_CODE> 1 (was BANKED_CODE)
  Relative segment, address: CODE 00002F37 - 00002FAB (0x75 bytes), align: 0
  Segment part 50.            Intra module refs:   TIC_SetTimer::?relay
           LOCAL                   ADDRESS         
           =====                   =======         
           TIC_SetTimer            00002F37 
               calls direct, is indirectly called
               XSTACK = 00000000 ( 0000000E )
    -------------------------------------------------------------------------
<BANKED_CODE> 1 (was BANKED_CODE)
  Relative segment, address: CODE 00002FAC - 00002FD2 (0x27 bytes), align: 0
  Segment part 52.            Intra module refs:   TIC_GetTimer::?relay
           LOCAL                   ADDRESS         
           =====                   =======         
           TIC_GetTimer            00002FAC 
               is indirectly called
               ISTACK = 00000000 ( 00000002 )
    -------------------------------------------------------------------------
<BANKED_CODE> 1 (was BANKED_CODE)
  Relative segment, address: CODE 00002FD3 - 00003053 (0x81 bytes), align: 0
  Segment part 54.            Intra module refs:   TIC_SetTXState::?relay
           LOCAL                   ADDRESS         
           =====                   =======         
           TIC_SetTXState          00002FD3 
               calls direct, is indirectly called
               XSTACK = 00000000 ( 0000000E )
    -------------------------------------------------------------------------
<BANKED_CODE> 1 (was BANKED_CODE)
  Relative segment, address: CODE 00003054 - 000030D4 (0x81 bytes), align: 0
  Segment part 56.            Intra module refs:   TIC_SetRXState::?relay
           LOCAL                   ADDRESS         
           =====                   =======         
           TIC_SetRXState          00003054 
               calls direct, is indirectly called
               XSTACK = 00000000 ( 0000000E )
    -------------------------------------------------------------------------
<BANKED_CODE> 1 (was BANKED_CODE)
  Relative segment, address: CODE 000030D5 - 00003137 (0x63 bytes), align: 0
  Segment part 58.            Intra module refs:   TIC_GetTXState::?relay
           LOCAL                   ADDRESS         
           =====                   =======         
           TIC_GetTXState          000030D5 
               calls direct, is indirectly called
               XSTACK = 00000000 ( 0000000E )
    -------------------------------------------------------------------------
<BANKED_CODE> 1 (was BANKED_CODE)
  Relative segment, address: CODE 00003138 - 0000319A (0x63 bytes), align: 0
  Segment part 60.            Intra module refs:   TIC_GetRXState::?relay
           LOCAL                   ADDRESS         
           =====                   =======         
           TIC_GetRXState          00003138 
               calls direct, is indirectly called
               XSTACK = 00000000 ( 0000000E )
    -------------------------------------------------------------------------
<BANKED_CODE> 1 (was BANKED_CODE)
  Relative segment, address: CODE 0000319B - 000031EB (0x51 bytes), align: 0
  Segment part 62.            Intra module refs:   TIC_SetRXCallback::?relay
           LOCAL                   ADDRESS         
           =====                   =======         
           TIC_SetRXCallback       0000319B 
               calls direct, is indirectly called
               XSTACK = 00000000 ( 0000000E )
    -------------------------------------------------------------------------
<BANKED_CODE> 1 (was BANKED_CODE)
  Relative segment, address: CODE 000031EC - 0000323C (0x51 bytes), align: 0
  Segment part 64.            Intra module refs:   TIC_SetTXCallback::?relay
           LOCAL                   ADDRESS         
           =====                   =======         
           TIC_SetTXCallback       000031EC 
               calls direct, is indirectly called
               XSTACK = 00000000 ( 0000000E )
    -------------------------------------------------------------------------
<BANKED_CODE> 1 (was BANKED_CODE)
  Relative segment, address: CODE 0000323D - 0000328D (0x51 bytes), align: 0
  Segment part 66.            Intra module refs:   TIC_SetSECallback::?relay
           LOCAL                   ADDRESS         
           =====                   =======         
           TIC_SetSECallback       0000323D 
               calls direct, is indirectly called
               XSTACK = 00000000 ( 0000000E )
    -------------------------------------------------------------------------
<BANKED_CODE> 1 (was BANKED_CODE)
  Relative segment, address: CODE 0000328E - 0000329E (0x11 bytes), align: 0
  Segment part 68.            Intra module refs:   TIC_GetUptime::?relay
           LOCAL                   ADDRESS         
           =====                   =======         
           TIC_GetUptime           0000328E 
               is indirectly called
               ISTACK = 00000000 ( 00000002 )
    -------------------------------------------------------------------------
<BANKED_CODE> 1 (was BANKED_CODE)
  Relative segment, address: CODE 0000329F - 000032AF (0x11 bytes), align: 0
  Segment part 70.            Intra module refs:   TIC_GetRTC::?relay
           LOCAL                   ADDRESS         
           =====                   =======         
           TIC_GetRTC              0000329F 
               is indirectly called
               ISTACK = 00000000 ( 00000002 )
    -------------------------------------------------------------------------
<BANKED_CODE> 1 (was BANKED_CODE)
  Relative segment, address: CODE 000032B0 - 000032D7 (0x28 bytes), align: 0
  Segment part 72.            Intra module refs:   TIC_SetRTC::?relay
           LOCAL                   ADDRESS         
           =====                   =======         
           TIC_SetRTC              000032B0 
               is indirectly called
               XSTACK = 00000000 ( 0000000C )
    -------------------------------------------------------------------------
<BANKED_CODE> 1 (was BANKED_CODE)
  Relative segment, address: CODE 000032D8 - 00003314 (0x3d bytes), align: 0
  Segment part 74.            Intra module refs:   TIC_getCurrentTS::?relay
           LOCAL                   ADDRESS         
           =====                   =======         
           TIC_getCurrentTS        000032D8 
               XSTACK = 00000009 ( 0000000A )
    -------------------------------------------------------------------------
<BANKED_CODE> 1 (was BANKED_CODE)
  Relative segment, address: CODE 00003315 - 00003338 (0x24 bytes), align: 0
  Segment part 76.            Intra module refs:   incrementTS::?relay
           LOCAL                   ADDRESS         
           =====                   =======         
           incrementTS             00003315 
               XSTACK = 00000001 ( 00000000 )
               ISTACK = 00000000 ( 00000002 )
    -------------------------------------------------------------------------
<BANKED_CODE> 1 (was BANKED_CODE)
  Relative segment, address: CODE 00003339 - 00003375 (0x3d bytes), align: 0
  Segment part 78.            Intra module refs:   set_capture_time::?relay
           LOCAL                   ADDRESS         
           =====                   =======         
           set_capture_time        00003339 
               XSTACK = 00000001 ( 00000009 )
    -------------------------------------------------------------------------
<BANKED_CODE> 1 (was BANKED_CODE)
  Relative segment, address: CODE 00003376 - 000033D1 (0x5c bytes), align: 0
  Segment part 80.            Intra module refs:   TIC_TDMAShelduler::?relay
           LOCAL                   ADDRESS         
           =====                   =======         
           TIC_TDMAShelduler       00003376 
               calls direct
               XSTACK = 00000009 ( 00000001 )
               ISTACK = 00000000 ( 00000003 )
    -------------------------------------------------------------------------
<BANKED_CODE> 1 (was BANKED_CODE)
  Relative segment, address: CODE 000033D2 - 00003429 (0x58 bytes), align: 0
  Segment part 82.            Intra module refs:   Callback_execution::?relay
           LOCAL                   ADDRESS         
           =====                   =======         
           Callback_execution      000033D2 
               calls direct
               XSTACK = 00000009 ( 00000010 )
    -------------------------------------------------------------------------
<BANKED_CODE> 1 (was BANKED_CODE)
  Relative segment, address: CODE 0000342A - 0000349E (0x75 bytes), align: 0
  Segment part 84.            Intra module refs:   TIC_HW_Timer_IRQ::?relay
           LOCAL                   ADDRESS         
           =====                   =======         
           TIC_HW_Timer_IRQ        0000342A 
               calls direct, is indirectly called
               XSTACK = 00000000 ( 00000009 )
    -------------------------------------------------------------------------
<BANKED_CODE> 1 (was BANKED_CODE)
  Relative segment, address: CODE 0000349F - 000034EC (0x4e bytes), align: 0
  Segment part 86.            Intra module refs:   clocks_update::?relay
           LOCAL                   ADDRESS         
           =====                   =======         
           clocks_update           0000349F 
               XSTACK = 00000009 ( 0000000C )
    -------------------------------------------------------------------------
XDATA_ID
  Relative segment, address: CODE 0000008A - 0000009A (0x11 bytes), align: 0
  Segment part 7.             Intra module refs:   Segment part 6
    -------------------------------------------------------------------------
XDATA_ID
  Relative segment, address: CODE 0000009B - 000000A0 (0x6 bytes), align: 0
  Segment part 9.             Intra module refs:   Segment part 8
    -------------------------------------------------------------------------
XDATA_ID
  Relative segment, address: CODE 000000A1 - 000000B4 (0x14 bytes), align: 0
  Segment part 11.            Intra module refs:   Segment part 10
    -------------------------------------------------------------------------
XDATA_ID
  Relative segment, address: CODE 000000B5 - 000000CE (0x1a bytes), align: 0
  Segment part 13.            Intra module refs:   Segment part 12
    -------------------------------------------------------------------------
XDATA_ID
  Relative segment, address: CODE 000000CF - 000000DB (0xd bytes), align: 0
  Segment part 15.            Intra module refs:   Segment part 14
    -------------------------------------------------------------------------
XDATA_ID
  Relative segment, address: CODE 000000DC - 000000EA (0xf bytes), align: 0
  Segment part 17.            Intra module refs:   Segment part 16
    -------------------------------------------------------------------------
XDATA_ID
  Relative segment, address: CODE 000000EB - 00000102 (0x18 bytes), align: 0
  Segment part 19.            Intra module refs:   Segment part 18
    -------------------------------------------------------------------------
XDATA_ID
  Relative segment, address: CODE 00000103 - 00000115 (0x13 bytes), align: 0
  Segment part 21.            Intra module refs:   Segment part 20
    -------------------------------------------------------------------------
XDATA_ID
  Relative segment, address: CODE 00000116 - 00000128 (0x13 bytes), align: 0
  Segment part 23.            Intra module refs:   Segment part 22
    -------------------------------------------------------------------------
XDATA_ID
  Relative segment, address: CODE 00000129 - 00000138 (0x10 bytes), align: 0
  Segment part 25.            Intra module refs:   Segment part 24
    -------------------------------------------------------------------------
XDATA_ID
  Relative segment, address: CODE 00000139 - 00000143 (0xb bytes), align: 0
  Segment part 27.            Intra module refs:   Segment part 26
    -------------------------------------------------------------------------
XDATA_ID
  Relative segment, address: CODE 00000144 - 00000154 (0x11 bytes), align: 0
  Segment part 29.            Intra module refs:   Segment part 28
    -------------------------------------------------------------------------
XDATA_ID
  Relative segment, address: CODE 00000155 - 00000158 (0x4 bytes), align: 0
  Segment part 39.            Intra module refs:   __Constant_15180
    -------------------------------------------------------------------------
XDATA_ID
  Relative segment, address: CODE 00000159 - 0000015C (0x4 bytes), align: 0
  Segment part 41.            Intra module refs:   __Constant_1
    -------------------------------------------------------------------------
BANK_RELAYS
  Relative segment, address: CODE 0000050C - 00000511 (0x6 bytes), align: 0
  Segment part 47.
           ENTRY                   ADDRESS         REF BY
           =====                   =======         ======
           TIC_Create::?relay      0000050C        create_test (utest_TIC)
    -------------------------------------------------------------------------
BANK_RELAYS
  Relative segment, address: CODE 00000512 - 00000517 (0x6 bytes), align: 0
  Segment part 49.
           ENTRY                   ADDRESS         REF BY
           =====                   =======         ======
           TIC_Delete::?relay      00000512        create_test (utest_TIC)
    -------------------------------------------------------------------------
BANK_RELAYS
  Relative segment, address: CODE 00000518 - 0000051D (0x6 bytes), align: 0
  Segment part 51.            Intra module refs:   TIC_Create
           LOCAL                   ADDRESS         
           =====                   =======         
           TIC_SetTimer::?relay    00000518 
    -------------------------------------------------------------------------
BANK_RELAYS
  Relative segment, address: CODE 0000051E - 00000523 (0x6 bytes), align: 0
  Segment part 53.            Intra module refs:   TIC_Create
           LOCAL                   ADDRESS         
           =====                   =======         
           TIC_GetTimer::?relay    0000051E 
    -------------------------------------------------------------------------
BANK_RELAYS
  Relative segment, address: CODE 00000524 - 00000529 (0x6 bytes), align: 0
  Segment part 55.            Intra module refs:   TIC_Create
           LOCAL                   ADDRESS         
           =====                   =======         
           TIC_SetTXState::?relay
                                   00000524 
    -------------------------------------------------------------------------
BANK_RELAYS
  Relative segment, address: CODE 0000052A - 0000052F (0x6 bytes), align: 0
  Segment part 57.            Intra module refs:   TIC_Create
           LOCAL                   ADDRESS         
           =====                   =======         
           TIC_SetRXState::?relay
                                   0000052A 
    -------------------------------------------------------------------------
BANK_RELAYS
  Relative segment, address: CODE 00000530 - 00000535 (0x6 bytes), align: 0
  Segment part 59.            Intra module refs:   TIC_Create
           LOCAL                   ADDRESS         
           =====                   =======         
           TIC_GetTXState::?relay
                                   00000530 
    -------------------------------------------------------------------------
BANK_RELAYS
  Relative segment, address: CODE 00000536 - 0000053B (0x6 bytes), align: 0
  Segment part 61.            Intra module refs:   TIC_Create
           LOCAL                   ADDRESS         
           =====                   =======         
           TIC_GetRXState::?relay
                                   00000536 
    -------------------------------------------------------------------------
BANK_RELAYS
  Relative segment, address: CODE 0000053C - 00000541 (0x6 bytes), align: 0
  Segment part 63.            Intra module refs:   TIC_Create
           LOCAL                   ADDRESS         
           =====                   =======         
           TIC_SetRXCallback::?relay
                                   0000053C 
    -------------------------------------------------------------------------
BANK_RELAYS
  Relative segment, address: CODE 00000542 - 00000547 (0x6 bytes), align: 0
  Segment part 65.            Intra module refs:   TIC_Create
           LOCAL                   ADDRESS         
           =====                   =======         
           TIC_SetTXCallback::?relay
                                   00000542 
    -------------------------------------------------------------------------
BANK_RELAYS
  Relative segment, address: CODE 00000548 - 0000054D (0x6 bytes), align: 0
  Segment part 67.            Intra module refs:   TIC_Create
           LOCAL                   ADDRESS         
           =====                   =======         
           TIC_SetSECallback::?relay
                                   00000548 
    -------------------------------------------------------------------------
BANK_RELAYS
  Relative segment, address: CODE 0000054E - 00000553 (0x6 bytes), align: 0
  Segment part 69.            Intra module refs:   TIC_Create
           LOCAL                   ADDRESS         
           =====                   =======         
           TIC_GetUptime::?relay   0000054E 
    -------------------------------------------------------------------------
BANK_RELAYS
  Relative segment, address: CODE 00000554 - 00000559 (0x6 bytes), align: 0
  Segment part 71.            Intra module refs:   TIC_Create
           LOCAL                   ADDRESS         
           =====                   =======         
           TIC_GetRTC::?relay      00000554 
    -------------------------------------------------------------------------
BANK_RELAYS
  Relative segment, address: CODE 0000055A - 0000055F (0x6 bytes), align: 0
  Segment part 73.            Intra module refs:   TIC_Create
           LOCAL                   ADDRESS         
           =====                   =======         
           TIC_SetRTC::?relay      0000055A 
    -------------------------------------------------------------------------
BANK_RELAYS
  Relative segment, address: CODE 00000560 - 00000565 (0x6 bytes), align: 0
  Segment part 75.            Intra module refs:   TIC_HW_Timer_IRQ
           LOCAL                   ADDRESS         
           =====                   =======         
           TIC_getCurrentTS::?relay
                                   00000560 
    -------------------------------------------------------------------------
BANK_RELAYS
  Relative segment, address: CODE 00000566 - 0000056B (0x6 bytes), align: 0
  Segment part 77.            Intra module refs:   TIC_TDMAShelduler
           LOCAL                   ADDRESS         
           =====                   =======         
           incrementTS::?relay     00000566 
    -------------------------------------------------------------------------
BANK_RELAYS
  Relative segment, address: CODE 0000056C - 00000571 (0x6 bytes), align: 0
  Segment part 79.            Intra module refs:   TIC_TDMAShelduler
           LOCAL                   ADDRESS         
           =====                   =======         
           set_capture_time::?relay
                                   0000056C 
    -------------------------------------------------------------------------
BANK_RELAYS
  Relative segment, address: CODE 00000572 - 00000577 (0x6 bytes), align: 0
  Segment part 81.            Intra module refs:   TIC_HW_Timer_IRQ
           LOCAL                   ADDRESS         
           =====                   =======         
           TIC_TDMAShelduler::?relay
                                   00000572 
    -------------------------------------------------------------------------
BANK_RELAYS
  Relative segment, address: CODE 00000578 - 0000057D (0x6 bytes), align: 0
  Segment part 83.            Intra module refs:   TIC_HW_Timer_IRQ
           LOCAL                   ADDRESS         
           =====                   =======         
           Callback_execution::?relay
                                   00000578 
    -------------------------------------------------------------------------
BANK_RELAYS
  Relative segment, address: CODE 0000057E - 00000583 (0x6 bytes), align: 0
  Segment part 85.            Intra module refs:   TIC_Create
           LOCAL                   ADDRESS         
           =====                   =======         
           TIC_HW_Timer_IRQ::?relay
                                   0000057E 
    -------------------------------------------------------------------------
BANK_RELAYS
  Relative segment, address: CODE 00000584 - 00000589 (0x6 bytes), align: 0
  Segment part 87.            Intra module refs:   TIC_HW_Timer_IRQ
           LOCAL                   ADDRESS         
           =====                   =======         
           clocks_update::?relay   00000584 
    -------------------------------------------------------------------------
XDATA_I
  Relative segment, address: XDATA 00000F5B - 00000F6B (0x11 bytes), align: 0
  Segment part 6.             Intra module refs:   Callback_execution
                                                   TIC_Create
                                                   TIC_Delete
                                                   TIC_GetRXState
                                                   TIC_GetTXState
                                                   TIC_SetRXCallback
                                                   TIC_SetRXState
                                                   TIC_SetSECallback
                                                   TIC_SetTXCallback
                                                   TIC_SetTXState
                                                   TIC_SetTimer
    -------------------------------------------------------------------------
XDATA_I
  Relative segment, address: XDATA 00000F6C - 00000F71 (0x6 bytes), align: 0
  Segment part 8.             Intra module refs:   Callback_execution
                                                   TIC_Create
                                                   TIC_Delete
                                                   TIC_GetRXState
                                                   TIC_GetTXState
                                                   TIC_SetRXCallback
                                                   TIC_SetRXState
                                                   TIC_SetSECallback
                                                   TIC_SetTXCallback
                                                   TIC_SetTXState
                                                   TIC_SetTimer
    -------------------------------------------------------------------------
XDATA_I
  Relative segment, address: XDATA 00000F72 - 00000F85 (0x14 bytes), align: 0
  Segment part 10.            Intra module refs:   TIC_Create
    -------------------------------------------------------------------------
XDATA_I
  Relative segment, address: XDATA 00000F86 - 00000F9F (0x1a bytes), align: 0
  Segment part 12.            Intra module refs:   Callback_execution
                                                   TIC_Create
                                                   TIC_Delete
                                                   TIC_GetRXState
                                                   TIC_GetTXState
                                                   TIC_SetRXCallback
                                                   TIC_SetRXState
                                                   TIC_SetSECallback
                                                   TIC_SetTXCallback
                                                   TIC_SetTXState
                                                   TIC_SetTimer
    -------------------------------------------------------------------------
XDATA_I
  Relative segment, address: XDATA 00000FA0 - 00000FAC (0xd bytes), align: 0
  Segment part 14.            Intra module refs:   Callback_execution
                                                   TIC_Create
                                                   TIC_Delete
                                                   TIC_GetRXState
                                                   TIC_GetTXState
                                                   TIC_SetRXCallback
                                                   TIC_SetRXState
                                                   TIC_SetSECallback
                                                   TIC_SetTXCallback
                                                   TIC_SetTXState
                                                   TIC_SetTimer
    -------------------------------------------------------------------------
XDATA_I
  Relative segment, address: XDATA 00000FAD - 00000FBB (0xf bytes), align: 0
  Segment part 16.            Intra module refs:   TIC_Create
    -------------------------------------------------------------------------
XDATA_I
  Relative segment, address: XDATA 00000FBC - 00000FD3 (0x18 bytes), align: 0
  Segment part 18.            Intra module refs:   TIC_Create
    -------------------------------------------------------------------------
XDATA_I
  Relative segment, address: XDATA 00000FD4 - 00000FE6 (0x13 bytes), align: 0
  Segment part 20.            Intra module refs:   TIC_Delete
    -------------------------------------------------------------------------
XDATA_I
  Relative segment, address: XDATA 00000FE7 - 00000FF9 (0x13 bytes), align: 0
  Segment part 22.            Intra module refs:   TIC_SetTimer
    -------------------------------------------------------------------------
XDATA_I
  Relative segment, address: XDATA 00000FFA - 00001009 (0x10 bytes), align: 0
  Segment part 24.            Intra module refs:   TIC_GetRXState
                                                   TIC_GetTXState
                                                   TIC_SetRXState
                                                   TIC_SetTXState
    -------------------------------------------------------------------------
XDATA_I
  Relative segment, address: XDATA 0000100A - 00001014 (0xb bytes), align: 0
  Segment part 26.            Intra module refs:   TIC_SetRXCallback
                                                   TIC_SetSECallback
                                                   TIC_SetTXCallback
    -------------------------------------------------------------------------
XDATA_I
  Relative segment, address: XDATA 00001015 - 00001025 (0x11 bytes), align: 0
  Segment part 28.            Intra module refs:   Callback_execution
    -------------------------------------------------------------------------
XDATA_I
  Relative segment, address: XDATA 00001026 - 00001029 (0x4 bytes), align: 0
  Segment part 38.            Intra module refs:   TIC_SetRTC
                                                   clocks_update
                                                   create_test (utest_TIC)
           ENTRY                   ADDRESS         REF BY
           =====                   =======         ======
           __Constant_15180        00001026 
    -------------------------------------------------------------------------
XDATA_I
  Relative segment, address: XDATA 0000102A - 0000102D (0x4 bytes), align: 0
  Segment part 40.            Intra module refs:   clocks_update
                                                   create_test (utest_TIC)
           ENTRY                   ADDRESS         REF BY
           =====                   =======         ======
           __Constant_1            0000102A 

    *************************************************************************

  FILE NAME : \\vmware-host\Shared Folders\Projects\WMNU\IAR\PRJ_UNITEST\Debug\Obj\utest.r51
  PROGRAM MODULE, NAME : utest

  SEGMENTS IN THE MODULE
  ======================
<BANKED_CODE> 1 (was BANKED_CODE)
  Relative segment, address: CODE 00004128 - 00004184 (0x5d bytes), align: 0
  Segment part 16.
           ENTRY                   ADDRESS         REF BY
           =====                   =======         ======
           main                    00004128        ?call_main (?cmain)
               calls direct
               XSTACK = 00000000 ( 00000004 )
    -------------------------------------------------------------------------
XDATA_ID
  Relative segment, address: CODE 0000015D - 0000016F (0x13 bytes), align: 0
  Segment part 7.             Intra module refs:   Segment part 6
    -------------------------------------------------------------------------
XDATA_ID
  Relative segment, address: CODE 00000170 - 00000177 (0x8 bytes), align: 0
  Segment part 9.             Intra module refs:   Segment part 8
    -------------------------------------------------------------------------
XDATA_ID
  Relative segment, address: CODE 00000178 - 00000188 (0x11 bytes), align: 0
  Segment part 11.            Intra module refs:   Segment part 10
    -------------------------------------------------------------------------
XDATA_ID
  Relative segment, address: CODE 00000189 - 0000019B (0x13 bytes), align: 0
  Segment part 13.            Intra module refs:   Segment part 12
    -------------------------------------------------------------------------
XDATA_ID
  Relative segment, address: CODE 0000019C - 000001AF (0x14 bytes), align: 0
  Segment part 15.            Intra module refs:   Segment part 14
    -------------------------------------------------------------------------
XDATA_I
  Relative segment, address: XDATA 0000102E - 00001040 (0x13 bytes), align: 0
  Segment part 6.             Intra module refs:   main
    -------------------------------------------------------------------------
XDATA_I
  Relative segment, address: XDATA 00001041 - 00001048 (0x8 bytes), align: 0
  Segment part 8.             Intra module refs:   main
    -------------------------------------------------------------------------
XDATA_I
  Relative segment, address: XDATA 00001049 - 00001059 (0x11 bytes), align: 0
  Segment part 10.            Intra module refs:   main
    -------------------------------------------------------------------------
XDATA_I
  Relative segment, address: XDATA 0000105A - 0000106C (0x13 bytes), align: 0
  Segment part 12.            Intra module refs:   main
    -------------------------------------------------------------------------
XDATA_I
  Relative segment, address: XDATA 0000106D - 00001080 (0x14 bytes), align: 0
  Segment part 14.            Intra module refs:   main

    *************************************************************************

  FILE NAME : \\vmware-host\Shared Folders\Projects\WMNU\IAR\PRJ_UNITEST\Debug\Obj\utest_FChain.r51
    *************************************************************************

  FILE NAME : \\vmware-host\Shared Folders\Projects\WMNU\IAR\PRJ_UNITEST\Debug\Obj\utest_FItem.r51
    *************************************************************************

  FILE NAME : \\vmware-host\Shared Folders\Projects\WMNU\IAR\PRJ_UNITEST\Debug\Obj\utest_Frames.r51
    *************************************************************************

  FILE NAME : \\vmware-host\Shared Folders\Projects\WMNU\IAR\PRJ_UNITEST\Debug\Obj\utest_LLC.r51
    *************************************************************************

  FILE NAME : \\vmware-host\Shared Folders\Projects\WMNU\IAR\PRJ_UNITEST\Debug\Obj\utest_MAC.r51
    *************************************************************************

  FILE NAME : \\vmware-host\Shared Folders\Projects\WMNU\IAR\PRJ_UNITEST\Debug\Obj\utest_NTMR.r51
    *************************************************************************

  FILE NAME : \\vmware-host\Shared Folders\Projects\WMNU\IAR\PRJ_UNITEST\Debug\Obj\utest_suite.r51
  PROGRAM MODULE, NAME : utest_suite

  SEGMENTS IN THE MODULE
  ======================
XDATA_Z
  Relative segment, address: XDATA 00000F43 - 00000F46 (0x4 bytes), align: 0
  Segment part 26.            Intra module refs:   umsg
                                                   umsg_summary
           LOCAL                   ADDRESS         
           =====                   =======         
           utest_summary           00000F43 
    -------------------------------------------------------------------------
<BANKED_CODE> 1 (was BANKED_CODE)
  Relative segment, address: CODE 00003F55 - 00003FCA (0x76 bytes), align: 0
  Segment part 31.            Intra module refs:   umsg::?relay
           ENTRY                   ADDRESS         REF BY
           =====                   =======         ======
           umsg                    00003F55 
               calls direct
               XSTACK = 00000000 ( 00000014 )
    -------------------------------------------------------------------------
<BANKED_CODE> 1 (was BANKED_CODE)
  Relative segment, address: CODE 00003FCB - 00003FF7 (0x2d bytes), align: 0
  Segment part 33.            Intra module refs:   umsg_line::?relay
           ENTRY                   ADDRESS         REF BY
           =====                   =======         ======
           umsg_line               00003FCB 
               calls direct
               XSTACK = 00000000 ( 0000000C )
    -------------------------------------------------------------------------
<BANKED_CODE> 1 (was BANKED_CODE)
  Relative segment, address: CODE 00003FF8 - 00004049 (0x52 bytes), align: 0
  Segment part 35.            Intra module refs:   umsg_summary::?relay
           ENTRY                   ADDRESS         REF BY
           =====                   =======         ======
           umsg_summary            00003FF8 
               calls direct
               XSTACK = 00000000 ( 00000002 )
               ISTACK = 00000000 ( 00000002 )
    -------------------------------------------------------------------------
XDATA_ID
  Relative segment, address: CODE 000001B0 - 000001D8 (0x29 bytes), align: 0
  Segment part 7.             Intra module refs:   Segment part 6
    -------------------------------------------------------------------------
XDATA_ID
  Relative segment, address: CODE 000001D9 - 000001DF (0x7 bytes), align: 0
  Segment part 9.             Intra module refs:   Segment part 8
    -------------------------------------------------------------------------
XDATA_ID
  Relative segment, address: CODE 000001E0 - 000001EC (0xd bytes), align: 0
  Segment part 11.            Intra module refs:   Segment part 10
    -------------------------------------------------------------------------
XDATA_ID
  Relative segment, address: CODE 000001ED - 00000214 (0x28 bytes), align: 0
  Segment part 13.            Intra module refs:   Segment part 12
    -------------------------------------------------------------------------
XDATA_ID
  Relative segment, address: CODE 00000215 - 00000218 (0x4 bytes), align: 0
  Segment part 15.            Intra module refs:   Segment part 14
    -------------------------------------------------------------------------
XDATA_ID
  Relative segment, address: CODE 00000219 - 0000022A (0x12 bytes), align: 0
  Segment part 17.            Intra module refs:   Segment part 16
    -------------------------------------------------------------------------
XDATA_ID
  Relative segment, address: CODE 0000022B - 00000236 (0xc bytes), align: 0
  Segment part 19.            Intra module refs:   Segment part 18
    -------------------------------------------------------------------------
XDATA_ID
  Relative segment, address: CODE 00000237 - 00000242 (0xc bytes), align: 0
  Segment part 21.            Intra module refs:   Segment part 20
    -------------------------------------------------------------------------
XDATA_ID
  Relative segment, address: CODE 00000243 - 00000250 (0xe bytes), align: 0
  Segment part 23.            Intra module refs:   Segment part 22
    -------------------------------------------------------------------------
XDATA_ID
  Relative segment, address: CODE 00000251 - 0000025E (0xe bytes), align: 0
  Segment part 25.            Intra module refs:   Segment part 24
    -------------------------------------------------------------------------
BANK_RELAYS
  Relative segment, address: CODE 0000058A - 0000058F (0x6 bytes), align: 0
  Segment part 32.
           ENTRY                   ADDRESS         REF BY
           =====                   =======         ======
           umsg::?relay            0000058A        create_test (utest_TIC)
    -------------------------------------------------------------------------
BANK_RELAYS
  Relative segment, address: CODE 00000590 - 00000595 (0x6 bytes), align: 0
  Segment part 34.            Intra module refs:   umsg_summary
           ENTRY                   ADDRESS         REF BY
           =====                   =======         ======
           umsg_line::?relay       00000590        suite_TIC (utest_TIC)
    -------------------------------------------------------------------------
BANK_RELAYS
  Relative segment, address: CODE 00000596 - 0000059B (0x6 bytes), align: 0
  Segment part 36.
           ENTRY                   ADDRESS         REF BY
           =====                   =======         ======
           umsg_summary::?relay    00000596        main (utest)
    -------------------------------------------------------------------------
XDATA_I
  Relative segment, address: XDATA 00001081 - 000010A9 (0x29 bytes), align: 0
  Segment part 6.             Intra module refs:   umsg
    -------------------------------------------------------------------------
XDATA_I
  Relative segment, address: XDATA 000010AA - 000010B0 (0x7 bytes), align: 0
  Segment part 8.             Intra module refs:   umsg
    -------------------------------------------------------------------------
XDATA_I
  Relative segment, address: XDATA 000010B1 - 000010BD (0xd bytes), align: 0
  Segment part 10.            Intra module refs:   umsg
    -------------------------------------------------------------------------
XDATA_I
  Relative segment, address: XDATA 000010BE - 000010E5 (0x28 bytes), align: 0
  Segment part 12.            Intra module refs:   umsg_line
    -------------------------------------------------------------------------
XDATA_I
  Relative segment, address: XDATA 000010E6 - 000010E9 (0x4 bytes), align: 0
  Segment part 14.            Intra module refs:   umsg_line
    -------------------------------------------------------------------------
XDATA_I
  Relative segment, address: XDATA 000010EA - 000010FB (0x12 bytes), align: 0
  Segment part 16.            Intra module refs:   umsg_summary
    -------------------------------------------------------------------------
XDATA_I
  Relative segment, address: XDATA 000010FC - 00001107 (0xc bytes), align: 0
  Segment part 18.            Intra module refs:   umsg_summary
    -------------------------------------------------------------------------
XDATA_I
  Relative segment, address: XDATA 00001108 - 00001113 (0xc bytes), align: 0
  Segment part 20.            Intra module refs:   umsg_summary
    -------------------------------------------------------------------------
XDATA_I
  Relative segment, address: XDATA 00001114 - 00001121 (0xe bytes), align: 0
  Segment part 22.            Intra module refs:   umsg_summary
    -------------------------------------------------------------------------
XDATA_I
  Relative segment, address: XDATA 00001122 - 0000112F (0xe bytes), align: 0
  Segment part 24.            Intra module refs:   umsg_summary

    *************************************************************************

  FILE NAME : \\vmware-host\Shared Folders\Projects\WMNU\IAR\PRJ_UNITEST\Debug\Obj\utest_TIC.r51
  PROGRAM MODULE, NAME : utest_TIC

  SEGMENTS IN THE MODULE
  ======================
XDATA_Z
  Relative segment, address: XDATA 00000F47 - 00000F54 (0xe bytes), align: 0
  Segment part 56.            Intra module refs:   create_test
                                                   mock_NT_GetTime
                                                   mock_NT_IRQEnable
                                                   mock_NT_SetCapture
                                                   mock_NT_SetEventCallback
                                                   mock_NT_SetTime
                                                   mock_RX_hndl
                                                   mock_SE_hndl
                                                   mock_TX_hndl
           ENTRY                   ADDRESS         REF BY
           =====                   =======         ======
           results                 00000F47 
    -------------------------------------------------------------------------
<BANKED_CODE> 1 (was BANKED_CODE)
  Relative segment, address: CODE 000034ED - 00003502 (0x16 bytes), align: 0
  Segment part 65.            Intra module refs:   mock_RX_hndl::?relay
           LOCAL                   ADDRESS         
           =====                   =======         
           mock_RX_hndl            000034ED 
               is indirectly called
               ISTACK = 00000000 ( 00000002 )
    -------------------------------------------------------------------------
<BANKED_CODE> 1 (was BANKED_CODE)
  Relative segment, address: CODE 00003503 - 00003518 (0x16 bytes), align: 0
  Segment part 67.            Intra module refs:   mock_TX_hndl::?relay
           LOCAL                   ADDRESS         
           =====                   =======         
           mock_TX_hndl            00003503 
               is indirectly called
               ISTACK = 00000000 ( 00000002 )
    -------------------------------------------------------------------------
<BANKED_CODE> 1 (was BANKED_CODE)
  Relative segment, address: CODE 00003519 - 0000352E (0x16 bytes), align: 0
  Segment part 69.            Intra module refs:   mock_SE_hndl::?relay
           LOCAL                   ADDRESS         
           =====                   =======         
           mock_SE_hndl            00003519 
               is indirectly called
               ISTACK = 00000000 ( 00000002 )
    -------------------------------------------------------------------------
<BANKED_CODE> 1 (was BANKED_CODE)
  Relative segment, address: CODE 0000352F - 00003547 (0x19 bytes), align: 0
  Segment part 71.            Intra module refs:   mock_NT_SetEventCallback::?relay
           LOCAL                   ADDRESS         
           =====                   =======         
           mock_NT_SetEventCallback
                                   0000352F 
               is indirectly called
               ISTACK = 00000000 ( 00000002 )
    -------------------------------------------------------------------------
<BANKED_CODE> 1 (was BANKED_CODE)
  Relative segment, address: CODE 00003548 - 0000355B (0x14 bytes), align: 0
  Segment part 73.            Intra module refs:   mock_NT_SetTime::?relay
           LOCAL                   ADDRESS         
           =====                   =======         
           mock_NT_SetTime         00003548 
               is indirectly called
               ISTACK = 00000000 ( 00000002 )
    -------------------------------------------------------------------------
<BANKED_CODE> 1 (was BANKED_CODE)
  Relative segment, address: CODE 0000355C - 0000356F (0x14 bytes), align: 0
  Segment part 75.            Intra module refs:   mock_NT_SetCapture::?relay
           LOCAL                   ADDRESS         
           =====                   =======         
           mock_NT_SetCapture      0000355C 
               is indirectly called
               ISTACK = 00000000 ( 00000002 )
    -------------------------------------------------------------------------
<BANKED_CODE> 1 (was BANKED_CODE)
  Relative segment, address: CODE 00003570 - 00003586 (0x17 bytes), align: 0
  Segment part 77.            Intra module refs:   mock_NT_IRQEnable::?relay
           LOCAL                   ADDRESS         
           =====                   =======         
           mock_NT_IRQEnable       00003570 
               is indirectly called
               ISTACK = 00000000 ( 00000002 )
    -------------------------------------------------------------------------
<BANKED_CODE> 1 (was BANKED_CODE)
  Relative segment, address: CODE 00003587 - 00003599 (0x13 bytes), align: 0
  Segment part 79.            Intra module refs:   mock_NT_GetTime::?relay
           LOCAL                   ADDRESS         
           =====                   =======         
           mock_NT_GetTime         00003587 
               is indirectly called
               ISTACK = 00000000 ( 00000002 )
    -------------------------------------------------------------------------
<BANKED_CODE> 1 (was BANKED_CODE)
  Relative segment, address: CODE 0000359A - 00003C67 (0x6ce bytes), align: 0
  Segment part 81.            Intra module refs:   create_test::?relay
           LOCAL                   ADDRESS         
           =====                   =======         
           create_test             0000359A 
               calls direct
               XSTACK = 00000000 ( 00000016 )
               ISTACK = 00000000 ( 00000002 )
    -------------------------------------------------------------------------
<BANKED_CODE> 1 (was BANKED_CODE)
  Relative segment, address: CODE 00003C68 - 00003C7C (0x15 bytes), align: 0
  Segment part 83.            Intra module refs:   suite_TIC::?relay
           ENTRY                   ADDRESS         REF BY
           =====                   =======         ======
           suite_TIC               00003C68 
               calls direct
               ISTACK = 00000000 ( 00000002 )
[...]
  Segment part 150.           Intra module refs:   _GenldLarge
    -------------------------------------------------------------------------
<BANKED_CODE> 1 (was BANKED_CODE)
  Relative segment, address: CODE 00002C3B - 00002C3D (0x3 bytes), align: 0
  Segment part 151.           Intra module refs:   Segment part 150
                                                   _GenldLarge
    -------------------------------------------------------------------------
<BANKED_CODE> 1 (was BANKED_CODE)
  Relative segment, address: CODE 00002C3E - 00002C4D (0x10 bytes), align: 0
  Segment part 152.           Intra module refs:   Segment part 151
                                                   _GenldLarge
    -------------------------------------------------------------------------
<BANKED_CODE> 1 (was BANKED_CODE)
  Relative segment, address: CODE 00002C4E - 00002CA0 (0x53 bytes), align: 0
  Segment part 153.           Intra module refs:   _PutcharLarge::?relay
           LOCAL                   ADDRESS         
           =====                   =======         
           _PutcharLarge           00002C4E 
               XSTACK = 0000006C ( 0000000E )
    -------------------------------------------------------------------------
<BANKED_CODE> 1 (was BANKED_CODE)
  Relative segment, address: CODE 00002CA1 - 00002CF2 (0x52 bytes), align: 0
  Segment part 155.           Intra module refs:   _PutcharsLarge::?relay
           LOCAL                   ADDRESS         
           =====                   =======         
           _PutcharsLarge          00002CA1 
               calls direct
               XSTACK = 00000070 ( 00000010 )
    -------------------------------------------------------------------------
<BANKED_CODE> 1 (was BANKED_CODE)
  Relative segment, address: CODE 00002CF3 - 00002CFD (0xb bytes), align: 0
  Segment part 157.           Intra module refs:   Segment part 119
                                                   _PutcharsLarge
    -------------------------------------------------------------------------
XDATA_ID
  Relative segment, address: CODE 000004A5 - 000004AB (0x7 bytes), align: 0
  Segment part 7.             Intra module refs:   Segment part 6
    -------------------------------------------------------------------------
XDATA_ID
  Relative segment, address: CODE 000004AC - 000004AF (0x4 bytes), align: 0
  Segment part 9.             Intra module refs:   Segment part 8
    -------------------------------------------------------------------------
XDATA_ID
  Relative segment, address: CODE 000004B0 - 000004B3 (0x4 bytes), align: 0
  Segment part 11.            Intra module refs:   Segment part 10
    -------------------------------------------------------------------------
XDATA_ID
  Relative segment, address: CODE 000004B4 - 000004B7 (0x4 bytes), align: 0
  Segment part 13.            Intra module refs:   Segment part 12
    -------------------------------------------------------------------------
XDATA_ID
  Relative segment, address: CODE 000004B8 - 000004BB (0x4 bytes), align: 0
  Segment part 15.            Intra module refs:   Segment part 14
    -------------------------------------------------------------------------
XDATA_ID
  Relative segment, address: CODE 000004BC - 000004BD (0x2 bytes), align: 0
  Segment part 17.            Intra module refs:   Segment part 16
    -------------------------------------------------------------------------
XDATA_ID
  Relative segment, address: CODE 000004BE - 000004C1 (0x4 bytes), align: 0
  Segment part 19.            Intra module refs:   __Constant_ffff
    -------------------------------------------------------------------------
XDATA_ID
  Relative segment, address: CODE 000004C2 - 000004C5 (0x4 bytes), align: 0
  Segment part 23.            Intra module refs:   __Constant_7597
    -------------------------------------------------------------------------
XDATA_ID
  Relative segment, address: CODE 000004C6 - 000004C9 (0x4 bytes), align: 0
  Segment part 25.            Intra module refs:   __Constant_186a0
    -------------------------------------------------------------------------
XDATA_ID
  Relative segment, address: CODE 000004CA - 000004CD (0x4 bytes), align: 0
  Segment part 27.            Intra module refs:   __Constant_3f800000
    -------------------------------------------------------------------------
XDATA_ID
  Relative segment, address: CODE 000004CE - 000004D1 (0x4 bytes), align: 0
  Segment part 29.            Intra module refs:   __Constant_a
    -------------------------------------------------------------------------
XDATA_ID
  Relative segment, address: CODE 000004D2 - 000004D5 (0x4 bytes), align: 0
  Segment part 31.            Intra module refs:   __Constant_4cbebc20
    -------------------------------------------------------------------------
BANK_RELAYS
  Relative segment, address: CODE 00000620 - 00000625 (0x6 bytes), align: 0
  Segment part 33.
           ENTRY                   ADDRESS         REF BY
           =====                   =======         ======
           _PrintfLarge::?relay    00000620        printf (?printf)
    -------------------------------------------------------------------------
BANK_RELAYS
  Relative segment, address: CODE 00000626 - 0000062B (0x6 bytes), align: 0
  Segment part 63.            Intra module refs:   _PrintfLarge
           LOCAL                   ADDRESS         
           =====                   =======         
           pad::?relay             00000626 
    -------------------------------------------------------------------------
BANK_RELAYS
  Relative segment, address: CODE 0000062C - 00000631 (0x6 bytes), align: 0
  Segment part 65.            Intra module refs:   _PrintfLarge
           LOCAL                   ADDRESS         
           =====                   =======         
           _LitobLarge::?relay     0000062C 
    -------------------------------------------------------------------------
BANK_RELAYS
  Relative segment, address: CODE 00000632 - 00000637 (0x6 bytes), align: 0
  Segment part 79.            Intra module refs:   _LdtobLarge
           LOCAL                   ADDRESS         
           =====                   =======         
           scale::?relay           00000632 
    -------------------------------------------------------------------------
BANK_RELAYS
  Relative segment, address: CODE 00000638 - 0000063D (0x6 bytes), align: 0
  Segment part 82.            Intra module refs:   _PrintfLarge
           LOCAL                   ADDRESS         
           =====                   =======         
           _LdtobLarge::?relay     00000638 
    -------------------------------------------------------------------------
BANK_RELAYS
  Relative segment, address: CODE 0000063E - 00000643 (0x6 bytes), align: 0
  Segment part 115.           Intra module refs:   _LdtobLarge
           LOCAL                   ADDRESS         
           =====                   =======         
           _GenldLarge::?relay     0000063E 
    -------------------------------------------------------------------------
BANK_RELAYS
  Relative segment, address: CODE 00000644 - 00000649 (0x6 bytes), align: 0
  Segment part 154.           Intra module refs:   _PrintfLarge
                                                   _PutcharsLarge
           LOCAL                   ADDRESS         
           =====                   =======         
           _PutcharLarge::?relay   00000644 
    -------------------------------------------------------------------------
BANK_RELAYS
  Relative segment, address: CODE 0000064A - 0000064F (0x6 bytes), align: 0
  Segment part 156.           Intra module refs:   _PrintfLarge
                                                   pad
           LOCAL                   ADDRESS         
           =====                   =======         
           _PutcharsLarge::?relay
                                   0000064A 
    -------------------------------------------------------------------------
XDATA_I
  Relative segment, address: XDATA 00001376 - 0000137C (0x7 bytes), align: 0
  Segment part 6.             Intra module refs:   _PrintfLarge
    -------------------------------------------------------------------------
XDATA_I
  Relative segment, address: XDATA 0000137D - 00001380 (0x4 bytes), align: 0
  Segment part 8.             Intra module refs:   _LdtobLarge
    -------------------------------------------------------------------------
XDATA_I
  Relative segment, address: XDATA 00001381 - 00001384 (0x4 bytes), align: 0
  Segment part 10.            Intra module refs:   _LdtobLarge
    -------------------------------------------------------------------------
XDATA_I
  Relative segment, address: XDATA 00001385 - 00001388 (0x4 bytes), align: 0
  Segment part 12.            Intra module refs:   _LdtobLarge
    -------------------------------------------------------------------------
XDATA_I
  Relative segment, address: XDATA 00001389 - 0000138C (0x4 bytes), align: 0
  Segment part 14.            Intra module refs:   _LdtobLarge
    -------------------------------------------------------------------------
XDATA_I
  Relative segment, address: XDATA 0000138D - 0000138E (0x2 bytes), align: 0
  Segment part 16.            Intra module refs:   _GenldLarge
    -------------------------------------------------------------------------
XDATA_I
  Relative segment, address: XDATA 0000138F - 00001392 (0x4 bytes), align: 0
  Segment part 18.            Intra module refs:   _PrintfLarge
           ENTRY                   ADDRESS         REF BY
           =====                   =======         ======
           __Constant_ffff         0000138F 
    -------------------------------------------------------------------------
XDATA_I
  Relative segment, address: XDATA 00001393 - 00001396 (0x4 bytes), align: 0
  Segment part 22.            Intra module refs:   _LdtobLarge
           ENTRY                   ADDRESS         REF BY
           =====                   =======         ======
           __Constant_7597         00001393 
    -------------------------------------------------------------------------
XDATA_I
  Relative segment, address: XDATA 00001397 - 0000139A (0x4 bytes), align: 0
  Segment part 24.            Intra module refs:   _LdtobLarge
           ENTRY                   ADDRESS         REF BY
           =====                   =======         ======
           __Constant_186a0        00001397 
    -------------------------------------------------------------------------
XDATA_I
  Relative segment, address: XDATA 0000139B - 0000139E (0x4 bytes), align: 0
  Segment part 26.            Intra module refs:   _LdtobLarge
           ENTRY                   ADDRESS         REF BY
           =====                   =======         ======
           __Constant_3f800000     0000139B 
    -------------------------------------------------------------------------
XDATA_I
  Relative segment, address: XDATA 0000139F - 000013A2 (0x4 bytes), align: 0
  Segment part 28.            Intra module refs:   _LdtobLarge
           ENTRY                   ADDRESS         REF BY
           =====                   =======         ======
           __Constant_a            0000139F 
    -------------------------------------------------------------------------
XDATA_I
  Relative segment, address: XDATA 000013A3 - 000013A6 (0x4 bytes), align: 0
  Segment part 30.            Intra module refs:   _LdtobLarge
           ENTRY                   ADDRESS         REF BY
           =====                   =======         ======
           __Constant_4cbebc20     000013A3 

    -------------------------------------------------------------------------
  LIBRARY MODULE, NAME : ?xprout

  SEGMENTS IN THE MODULE
  ======================
<BANKED_CODE> 1 (was BANKED_CODE)
  Relative segment, address: CODE 0000432B - 00004355 (0x2b bytes), align: 0
  Segment part 6.             Intra module refs:   _Prout::?relay
           ENTRY                   ADDRESS         REF BY
           =====                   =======         ======
           _Prout                  0000432B 
               calls direct
               XSTACK = 00000000 ( 0000000E )
    -------------------------------------------------------------------------
BANK_RELAYS
  Relative segment, address: CODE 00000650 - 00000655 (0x6 bytes), align: 0
  Segment part 7.
           ENTRY                   ADDRESS         REF BY
           =====                   =======         ======
           _Prout::?relay          00000650        printf (?printf)

    -------------------------------------------------------------------------
  LIBRARY MODULE, NAME : ?xxmemxfree

  SEGMENTS IN THE MODULE
  ======================
<BANKED_CODE> 1 (was BANKED_CODE)
  Relative segment, address: CODE 00003E15 - 00003F4C (0x138 bytes), align: 0
  Segment part 6.             Intra module refs:   __xdata_free::?relay
           ENTRY                   ADDRESS         REF BY
           =====                   =======         ======
           __xdata_free            00003E15 
               XSTACK = 0000000A ( 0000000E )
    -------------------------------------------------------------------------
<BANKED_CODE> 1 (was BANKED_CODE)
  Relative segment, address: CODE 00003F4D - 00003F54 (0x8 bytes), align: 0
  Segment part 8.             Intra module refs:   __xdata_free
    -------------------------------------------------------------------------
BANK_RELAYS
  Relative segment, address: CODE 00000656 - 0000065B (0x6 bytes), align: 0
  Segment part 7.
           ENTRY                   ADDRESS         REF BY
           =====                   =======         ======
           __xdata_free::?relay    00000656        __xdata_malloc (?xxmemxmalloc)
                                                   free (FChain)

    -------------------------------------------------------------------------
  LIBRARY MODULE, NAME : ?xxmemxmalloc

  SEGMENTS IN THE MODULE
  ======================
XDATA_Z
  Relative segment, address: XDATA 00000F57 - 00000F5A (0x4 bytes), align: 0
  Segment part 6.             Intra module refs:   __xdata_malloc
           ENTRY                   ADDRESS         REF BY
           =====                   =======         ======
           __xdata_Aldata          00000F57        __xdata_free (?xxmemxfree)
    -------------------------------------------------------------------------
<BANKED_CODE> 1 (was BANKED_CODE)
  Relative segment, address: CODE 00003C7D - 00003DEF (0x173 bytes), align: 0
  Segment part 8.             Intra module refs:   __xdata_malloc::?relay
           ENTRY                   ADDRESS         REF BY
           =====                   =======         ======
           __xdata_malloc          00003C7D 
               calls direct
               XSTACK = 0000000A ( 0000000F )
    -------------------------------------------------------------------------
<BANKED_CODE> 1 (was BANKED_CODE)
  Relative segment, address: CODE 00003DF0 - 00003DF8 (0x9 bytes), align: 0
  Segment part 10.            Intra module refs:   __xdata_malloc
    -------------------------------------------------------------------------
<BANKED_CODE> 1 (was BANKED_CODE)
  Relative segment, address: CODE 00003DF9 - 00003DFC (0x4 bytes), align: 0
  Segment part 11.            Intra module refs:   __xdata_malloc
    -------------------------------------------------------------------------
<BANKED_CODE> 1 (was BANKED_CODE)
  Relative segment, address: CODE 00003DFD - 00003E02 (0x6 bytes), align: 0
  Segment part 12.            Intra module refs:   Segment part 11
                                                   __xdata_malloc
    -------------------------------------------------------------------------
<BANKED_CODE> 1 (was BANKED_CODE)
  Relative segment, address: CODE 00003E03 - 00003E06 (0x4 bytes), align: 0
  Segment part 13.            Intra module refs:   __xdata_malloc
    -------------------------------------------------------------------------
<BANKED_CODE> 1 (was BANKED_CODE)
  Relative segment, address: CODE 00003E07 - 00003E0C (0x6 bytes), align: 0
  Segment part 14.            Intra module refs:   Segment part 12
                                                   Segment part 13
                                                   __xdata_malloc
    -------------------------------------------------------------------------
<BANKED_CODE> 1 (was BANKED_CODE)
  Relative segment, address: CODE 00003E0D - 00003E14 (0x8 bytes), align: 0
  Segment part 15.            Intra module refs:   __xdata_malloc
    -------------------------------------------------------------------------
BANK_RELAYS
  Relative segment, address: CODE 0000065C - 00000661 (0x6 bytes), align: 0
  Segment part 9.
           ENTRY                   ADDRESS         REF BY
           =====                   =======         ======
           __xdata_malloc::?relay
                                   0000065C        malloc (FChain)




                ****************************************
                *                                      *
                *      SEGMENTS IN ADDRESS ORDER       *
                *                                      *
                ****************************************


SEGMENT              SPACE    START ADDRESS   END ADDRESS     SIZE  TYPE  ALIGN
=======              =====    =============   ===========     ====  ====  =====
INTVEC               CODE          00000000 - 00000002           3   com    0
CSTART               CODE          00000003 - 00000089          87   rel    0
BIT_ID               CODE               0000008A                     dse    0
BDATA_ID             CODE               0000008A                     dse    0
DATA_ID              CODE               0000008A                     dse    0
PDATA_ID             CODE               0000008A                     dse    0
IDATA_ID             CODE               0000008A                     dse    0
IXDATA_ID            CODE               0000008A                     dse    0
XDATA_ID             CODE          0000008A - 000004D5         44C   rel    0
BANK_RELAYS          CODE          000004D6 - 00000661         18C   rel    0
RCODE                CODE          00000662 - 00001286         C25   rel    0
DIFUNCT              CODE               00001287                     rel    0
<BANKED_CODE> 1      CODE          00001287 - 00004422        319C   rel    0
REGISTERS            DATA          00000000 - 00000007           8   rel    0
VREG                 DATA          00000008 - 0000000F           8   rel    0
PSP                  DATA               00000010                     dse    0
XSP                  DATA          00000010 - 00000011           2   rel    0
BREG                 BIT        00000020.0  -  00000020.7        8   rel    0
XSTACK               XDATA         00000001 - 00000EFF         EFF   rel    0
XDATA_Z              XDATA         00000F00 - 00000F5A          5B   rel    0
XDATA_I              XDATA         00000F5B - 000013A6         44C   rel    0
XDATA_HEAP           XDATA         000013A7 - 000014A5          FF   dse    0
ISTACK               IDATA         000000C0 - 000000FF          40   rel    0

                ****************************************
                *                                      *
                *        END OF CROSS REFERENCE        *
                *                                      *
                ****************************************

 17 443 bytes of CODE  memory
     18 bytes of DATA  memory
  5 285 bytes of XDATA memory
     64 bytes of IDATA memory
      8 bits  of BIT   memory

Errors: none
Warnings: none

