Warning[w6]: Type conflict for external/entry "NT_SetCompare", in module utest_NTMR against external/entry in module NTMR; prototyped function vs K&R function
  /* In module utest_NTMR: */
  /* K&R Function, args 0, attr 0 */
  int (__xdata_reentrant NT_SetCompare)();
  /* In module NTMR: */
  /* Function, args 1, attr 0 */
  void (__xdata_reentrant NT_SetCompare)(uint16_t);
    typedef unsigned int uint16_t;
################################################################################
#                                                                              #
#      IAR Universal Linker V6.4.6.89                                          #
#                                                                              #
#           Link time     =  01/Nov/2019  00:45:06                             #
#           Target CPU    =  x51                                               #
#           List file     =  "\\vmware-host\Shared Folders\Projects\WMNU\IAR\P #
#                            RJ_UNITEST\Debug\List\unitest.map"                #
#           Output file 1 =  "\\vmware-host\Shared Folders\Projects\WMNU\IAR\P #
#                            RJ_UNITEST\Debug\Exe\unitest.d51"                 #
#                            Format: ubrof10                                   #
#                            UBROF version 10.0.6                              #
#                            Using library modules for C-SPY (-rt)             #
#           Command line  =  -f                                                #
#                            C:\Users\08A4~1\AppData\Local\Temp\EWF283.tmp     #
#                            ("\\vmware-host\Shared Folders\Projects\WMNU\IAR\ #
#                            PRJ_UNITEST\Debug\Obj\FChain.r51"                 #
#                            "\\vmware-host\Shared Folders\Projects\WMNU\IAR\P #
#                            RJ_UNITEST\Debug\Obj\FItem.r51"                   #
#                            "\\vmware-host\Shared Folders\Projects\WMNU\IAR\P #
#                            RJ_UNITEST\Debug\Obj\LLC.r51"                     #
#                            "\\vmware-host\Shared Folders\Projects\WMNU\IAR\P #
#                            RJ_UNITEST\Debug\Obj\MAC.r51"                     #
#                            "\\vmware-host\Shared Folders\Projects\WMNU\IAR\P #
#                            RJ_UNITEST\Debug\Obj\NTMR.r51"                    #
#                            "\\vmware-host\Shared Folders\Projects\WMNU\IAR\P #
#                            RJ_UNITEST\Debug\Obj\nwdebuger.r51"               #
#                            "\\vmware-host\Shared Folders\Projects\WMNU\IAR\P #
#                            RJ_UNITEST\Debug\Obj\RADIO.r51"                   #
#                            "\\vmware-host\Shared Folders\Projects\WMNU\IAR\P #
#                            RJ_UNITEST\Debug\Obj\TIC.r51"                     #
#                            "\\vmware-host\Shared Folders\Projects\WMNU\IAR\P #
#                            RJ_UNITEST\Debug\Obj\utest.r51"                   #
#                            "\\vmware-host\Shared Folders\Projects\WMNU\IAR\P #
#                            RJ_UNITEST\Debug\Obj\utest_FChain.r51"            #
#                            "\\vmware-host\Shared Folders\Projects\WMNU\IAR\P #
#                            RJ_UNITEST\Debug\Obj\utest_FItem.r51"             #
#                            "\\vmware-host\Shared Folders\Projects\WMNU\IAR\P #
#                            RJ_UNITEST\Debug\Obj\utest_Frames.r51"            #
#                            "\\vmware-host\Shared Folders\Projects\WMNU\IAR\P #
#                            RJ_UNITEST\Debug\Obj\utest_LLC.r51"               #
#                            "\\vmware-host\Shared Folders\Projects\WMNU\IAR\P #
#                            RJ_UNITEST\Debug\Obj\utest_MAC.r51"               #
#                            "\\vmware-host\Shared Folders\Projects\WMNU\IAR\P #
#                            RJ_UNITEST\Debug\Obj\utest_NTMR.r51"              #
#                            "\\vmware-host\Shared Folders\Projects\WMNU\IAR\P #
#                            RJ_UNITEST\Debug\Obj\utest_suite.r51"             #
#                            "\\vmware-host\Shared Folders\Projects\WMNU\IAR\P #
#                            RJ_UNITEST\Debug\Obj\utest_TIC.r51"               #
#                            -o                                                #
#                            "\\vmware-host\Shared Folders\Projects\WMNU\IAR\P #
#                            RJ_UNITEST\Debug\Exe\unitest.d51"                 #
#                            -l                                                #
#                            "\\vmware-host\Shared Folders\Projects\WMNU\IAR\P #
#                            RJ_UNITEST\Debug\List\unitest.map"                #
#                            -xms                                              #
#                            "-IC:\Program Files (x86)\IAR Systems\Embedded Wo #
#                            rkbench 8.0\8051\LIB\"                            #
#                            -f                                                #
#                            "C:\Program Files (x86)\IAR Systems\Embedded Work #
#                            bench 8.0\8051\config\devices\Texas Instruments\l #
#                            nk51ew_CC2530F256_banked.xcl"                     #
#                            (-D_IDATA0_START=0x00 -D_IDATA0_END=0xFF          #
#                            -D_PDATA0_START=0x1E00 -D_PDATA0_END=0x1EFF       #
#                            -D_IXDATA0_START=0x0001 -D_IXDATA0_END=0x1EFF     #
#                            -D_XDATA0_START=_IXDATA0_START                    #
#                            -D_XDATA0_END=_IXDATA0_END                        #
#                            -D_NEAR_CODE_START=0x0000                         #
#                            -D_FIRST_BANK_ADDR=0x10000 -D?REGISTER_BANK=0x0   #
#                            -D_REGISTER_BANK_START=0x0 -D_BREG_START=0x00     #
#                            -D?VB=0x20 -Z(BIT)BREG=_BREG_START                #
#                            -Z(BIT)BIT_N=0-7F                                 #
#                            -Z(DATA)REGISTERS+8=_REGISTER_BANK_START          #
#                            -Z(DATA)BDATA_Z,BDATA_N,BDATA_I=20-2F             #
#                            -Z(DATA)VREG=08-7F -Z(DATA)PSP,XSP=08-7F          #
#                            -Z(DATA)DOVERLAY=08-7F                            #
#                            -Z(DATA)DATA_I,DATA_Z,DATA_N=08-7F                #
#                            -U(IDATA)0-7F=(DATA)0-7F                          #
#                            -Z(IDATA)IDATA_I,IDATA_Z,IDATA_N=08-_IDATA0_END   #
#                            -Z(IDATA)ISTACK+_IDATA_STACK_SIZE#08-_IDATA0_END  #
#                            -Z(IDATA)IOVERLAY=08-FF -Z(CODE)INTVEC=0          #
#                            -Z(CODE)CSTART=_NEAR_CODE_START-(_CODEBANK_START- #
#                            1)                                                #
#                            -Z(CODE)BIT_ID,BDATA_ID,DATA_ID,IDATA_ID,IXDATA_I #
#                            D,PDATA_ID,XDATA_ID=_NEAR_CODE_START-(_CODEBANK_S #
#                            TART-1)                                           #
#                            -Z(CODE)BANK_RELAYS,RCODE,DIFUNCT,CODE_C,CODE_N,N #
#                            EAR_CODE=_NEAR_CODE_START-(_CODEBANK_START-1)     #
#                            -P(CODE)BANKED_CODE=_NEAR_CODE_START-(_CODEBANK_S #
#                            TART-1),[(_CODEBANK_START+_FIRST_BANK_ADDR)-(_COD #
#                            EBANK_END+_FIRST_BANK_ADDR)]*_NR_OF_BANKS+10000   #
#                            -Z(CODE)CHECKSUM#(_CODEBANK_START-1)              #
#                            -Z(XDATA)PDATA_Z,PDATA_I=_PDATA0_START-_PDATA0_EN #
#                            D                                                 #
#                            -P(XDATA)PDATA_N=_PDATA0_START-_PDATA0_END        #
#                            -Z(XDATA)PSTACK+_PDATA_STACK_SIZE=_PDATA0_START-_ #
#                            PDATA0_END                                        #
#                            -Z(XDATA)EXT_STACK+_EXTENDED_STACK_SIZE=_EXTENDED #
#                            _STACK_START                                      #
#                            -Z(XDATA)XSTACK+_XDATA_STACK_SIZE=_XDATA0_START-_ #
#                            XDATA0_END                                        #
#                            -Z(XDATA)IXDATA_Z,IXDATA_I=_IXDATA0_START-_IXDATA #
#                            0_END                                             #
#                            -P(XDATA)IXDATA_N=_IXDATA0_START-_IXDATA0_END     #
#                            -Z(XDATA)XDATA_Z,XDATA_I=_XDATA0_START-_XDATA0_EN #
#                            D                                                 #
#                            -P(XDATA)XDATA_N=_XDATA0_START-_XDATA0_END        #
#                            -Z(XDATA)XDATA_HEAP+_XDATA_HEAP_SIZE=_XDATA0_STAR #
#                            T-_XDATA0_END                                     #
#                            -Z(CONST)XDATA_ROM_C=_XDATA0_START-_XDATA0_END    #
#                            -cx51                                             #
#                            -M(CODE)[(_CODEBANK_START+_FIRST_BANK_ADDR)-(_COD #
#                            EBANK_END+_FIRST_BANK_ADDR)]*_NR_OF_BANKS+0x10000 #
#                            =0x8000                                           #
#                            -ww69=i -D_BANK0_START=0x00000                    #
#                            -D_BANK0_END=0x07FFF -D_BANK1_START=0x18000       #
#                            -D_BANK1_END=0x1FFFF -D_BANK2_START=0x28000       #
#                            -D_BANK2_END=0x2FFFF -D_BANK3_START=0x38000       #
#                            -D_BANK3_END=0x3FFFF -D_BANK4_START=0x48000       #
#                            -D_BANK4_END=0x4FFFF -D_BANK5_START=0x58000       #
#                            -D_BANK5_END=0x5FFFF -D_BANK6_START=0x68000       #
#                            -D_BANK6_END=0x6FFFF -D_BANK7_START=0x78000       #
#                            -D_BANK7_END=0x7FFFF                              #
#                            -P(CODE)BANK0=_BANK0_START-_BANK0_END             #
#                            -P(CODE)BANK1=_BANK1_START-_BANK1_END             #
#                            -P(CODE)BANK2=_BANK2_START-_BANK2_END             #
#                            -P(CODE)BANK3=_BANK3_START-_BANK3_END             #
#                            -P(CODE)BANK4=_BANK4_START-_BANK4_END             #
#                            -P(CODE)BANK5=_BANK5_START-_BANK5_END             #
#                            -P(CODE)BANK6=_BANK6_START-_BANK6_END             #
#                            -P(CODE)BANK7=_BANK7_START-_BANK7_END             #
#                            -D_FLASH_LOCK_BITS_START=0x7FFF0                  #
#                            -D_FLASH_LOCK_BITS_END=0x7FFFF                    #
#                            -Z(CODE)FLASH_LOCK_BITS=_FLASH_LOCK_BITS_START-_F #
#                            LASH_LOCK_BITS_END                                #
#                            -U(CODE)0x0000=(CODE)_FLASH_LOCK_BITS_START-_FLAS #
#                            H_LOCK_BITS_END)                                  #
#                            -D_NR_OF_VIRTUAL_REGISTERS=8 -D?PBANK=0x93        #
#                            -D?CBANK=0x9F -D?CBANK_MASK=0xFF                  #
#                            -e?BCALL_FF=?BCALL -e?BRET_FF=?BRET               #
#                            -e?BDISPATCH_FF=?BDISPATCH                        #
#                            -D_CODEBANK_START=0x8000 -D_CODEBANK_END=0xFFFF   #
#                            -D_NR_OF_BANKS=0x07                               #
#                            "-IC:\Program Files (x86)\IAR Systems\Embedded Wo #
#                            rkbench 8.0\8051\CONFIG\"                         #
#                            -e_PrintfLarge=_Printf -e_ScanfLarge=_Scanf -rt   #
#                            -s __program_start                                #
#                            "C:\Program Files (x86)\IAR Systems\Embedded Work #
#                            bench 8.0\8051\LIB\DLIB\dl-pli-blxd-1e16x01n.r51" #
#                            -D_IDATA_STACK_SIZE=0x40 -D?ESP=0 -D?ESP_MASK=0   #
#                            -D_EXTENDED_STACK_START=0                         #
#                            -D_EXTENDED_STACK_SIZE=0                          #
#                            -D_PDATA_STACK_SIZE=0x80                          #
#                            -D_XDATA_STACK_SIZE=0xEFF                         #
#                            -D_XDATA_HEAP_SIZE=0xFF -D_FAR_HEAP_SIZE=0xFFF    #
#                            -D_HUGE_HEAP_SIZE=0xFFF                           #
#                            -D_FAR22_HEAP_SIZE=0xFFF)                         #
#                                                                              #
#                           Copyright (C) 1987-2016 IAR Systems AB.            #
################################################################################





                ****************************************
                *                                      *
                *           CROSS REFERENCE            *
                *                                      *
                ****************************************

       Program entry at : CODE      00000085  Relocatable, from module : CSTARTUP




                ****************************************
                *                                      *
                *            RUNTIME MODEL             *
                *                                      *
                ****************************************

  __Heap_Handler             = Basic
  __SystemLibrary            = DLib
  __calling_convention       = xdata_reentrant
  __code_model               = banked
  __core                     = plain
  __data_model               = large
  __dlib_file_descriptor     = 0
  __dlib_full_locale_support = 0
  __dptr_size                = 16
  __extended_stack           = disabled
  __location_for_constants   = data
  __number_of_dptrs          = 1
  __register_banks           = *
  __rt_version               = 1

                ****************************************
                *                                      *
                *    AUTOMATIC SYMBOL REDIRECTIONS     *
                *                                      *
                ****************************************

                  There are no automatic symbol redirections.



                ****************************************
                *                                      *
                *              MODULE MAP              *
                *                                      *
                ****************************************


  DEFINED ABSOLUTE ENTRIES
    *************************************************************************

  DEFINED ABSOLUTE ENTRIES
  PROGRAM MODULE, NAME : ?ABS_ENTRY_MOD

Absolute parts
           ENTRY                   ADDRESS         REF BY
           =====                   =======         ======
           _FAR22_HEAP_SIZE        00000FFF 
           _HUGE_HEAP_SIZE         00000FFF 
           _FAR_HEAP_SIZE          00000FFF 
           _XDATA_HEAP_SIZE        000000FF 
           _XDATA_STACK_SIZE       00000EFF 
           _PDATA_STACK_SIZE       00000080 
           _EXTENDED_STACK_SIZE    00000000 
           _EXTENDED_STACK_START   00000000 
           ?ESP_MASK               00000000 
           ?ESP                    00000000 
           _IDATA_STACK_SIZE       00000040 
           _NR_OF_BANKS            00000007 
           _CODEBANK_END           0000FFFF 
           _CODEBANK_START         00008000 
           ?CBANK_MASK             000000FF 
           ?CBANK                  0000009F        ?RESET_CODE_BANK (CSTARTUP)
                                                   Segment part 0 (?BANKED_CODE_SUPPORT)
           ?PBANK                  00000093 
           _NR_OF_VIRTUAL_REGISTERS
                                   00000008 
           _FLASH_LOCK_BITS_END    0003FFFF 
           _FLASH_LOCK_BITS_START
                                   0003FFF0 
           _BANK7_END              0003FFFF 
           _BANK7_START            00038000 
           _BANK6_END              00037FFF 
           _BANK6_START            00030000 
           _BANK5_END              0002FFFF 
           _BANK5_START            00028000 
           _BANK4_END              00027FFF 
           _BANK4_START            00020000 
           _BANK3_END              0001FFFF 
           _BANK3_START            00018000 
           _BANK2_END              00017FFF 
           _BANK2_START            00010000 
           _BANK1_END              0000FFFF 
           _BANK1_START            00008000 
           _BANK0_END              00007FFF 
           _BANK0_START            00000000 
           ?VB                     00000020        ?BANKED_ENTER_XDATA (?BANKED_ENTER_XDATA)
                                                   ?BANKED_LEAVE_XDATA (?BANKED_LEAVE_XDATA)
                                                   ?INTERRUPT_ENTER_XSP (?INTERRUPT_ENTER_XSP)
                                                   ?INTERRUPT_LEAVE_XSP (?INTERRUPT_LEAVE_XSP)
                                                   TIC_SetRXState (TIC)
                                                   TIC_SetTXState (TIC)
           _BREG_START             00000000 
           _REGISTER_BANK_START    00000000 
           ?REGISTER_BANK          00000000        Segment part 6 (CSTARTUP)
           _FIRST_BANK_ADDR        00010000 
           _NEAR_CODE_START        00000000 
           _XDATA0_END             00001EFF 
           _XDATA0_START           00000001 
           _IXDATA0_END            00001EFF 
           _IXDATA0_START          00000001 
           _PDATA0_END             00001EFF 
           _PDATA0_START           00001E00 
           _IDATA0_END             000000FF 
           _IDATA0_START           00000000 
    *************************************************************************

  FILE NAME : \\vmware-host\Shared Folders\Projects\WMNU\IAR\PRJ_UNITEST\Debug\Obj\FChain.r51
  PROGRAM MODULE, NAME : FChain

  SEGMENTS IN THE MODULE
  ======================
<BANKED_CODE> 1 (was BANKED_CODE)
  Relative segment, address: CODE 00004103 - 00004117 (0x15 bytes), align: 0
  Segment part 39.            Intra module refs:   malloc::?relay
           ENTRY                   ADDRESS         REF BY
           =====                   =======         ======
           malloc                  00004103 
               calls direct
               XSTACK = 0000000A ( 00000009 )
    -------------------------------------------------------------------------
BANK_RELAYS
  Relative segment, address: CODE 000002EF - 000002F4 (0x6 bytes), align: 0
  Segment part 40.            Intra module refs:   NT_Create (NTMR)
                                                   TIC_Create (TIC)
           ENTRY                   ADDRESS         REF BY
           =====                   =======         ======
           malloc::?relay          000002EF 

    *************************************************************************

  FILE NAME : \\vmware-host\Shared Folders\Projects\WMNU\IAR\PRJ_UNITEST\Debug\Obj\FItem.r51
    *************************************************************************

  FILE NAME : \\vmware-host\Shared Folders\Projects\WMNU\IAR\PRJ_UNITEST\Debug\Obj\LLC.r51
    *************************************************************************

  FILE NAME : \\vmware-host\Shared Folders\Projects\WMNU\IAR\PRJ_UNITEST\Debug\Obj\MAC.r51
    *************************************************************************

  FILE NAME : \\vmware-host\Shared Folders\Projects\WMNU\IAR\PRJ_UNITEST\Debug\Obj\NTMR.r51
  PROGRAM MODULE, NAME : NTMR

  SEGMENTS IN THE MODULE
  ======================
SFR_AN
  Relative segment, address: DATA 00000095 - 00000095 (0x1 bytes), align: 0
  Segment part 1. ROOT        Intra module refs:   ReadTimer
                                                   loadTimerCompare
           ENTRY                   ADDRESS         REF BY
           =====                   =======         ======
           ST0                     00000095 
    -------------------------------------------------------------------------
SFR_AN
  Relative segment, address: DATA 00000096 - 00000096 (0x1 bytes), align: 0
  Segment part 2. ROOT        Intra module refs:   ReadTimer
                                                   loadTimerCompare
           ENTRY                   ADDRESS         REF BY
           =====                   =======         ======
           ST1                     00000096 
    -------------------------------------------------------------------------
SFR_AN
  Relative segment, address: DATA 00000097 - 00000097 (0x1 bytes), align: 0
  Segment part 3. ROOT        Intra module refs:   ReadTimer
                                                   loadTimerCompare
           ENTRY                   ADDRESS         REF BY
           =====                   =======         ======
           ST2                     00000097 
    -------------------------------------------------------------------------
SFR_AN
  Relative segment, address: DATA 0000009D - 0000009D (0x1 bytes), align: 0
  Segment part 4. ROOT        Intra module refs:   ReadTimer
           ENTRY                   ADDRESS         REF BY
           =====                   =======         ======
           SLEEPSTA                0000009D 
    -------------------------------------------------------------------------
SFR_AN
  Relative segment, address: DATA 000000A8 - 000000A8 (0x1 bytes), align: 0
  Segment part 5. ROOT        Intra module refs:   NT_IRQEnable
                                                   isIRQEnable
                                                   test_hw (utest_TIC)
           ENTRY                   ADDRESS         REF BY
           =====                   =======         ======
           _A_IEN0                 000000A8 
           LOCAL                   ADDRESS         
           =====                   =======         
           IEN0                    000000A8 
    -------------------------------------------------------------------------
SFR_AN
  Relative segment, address: DATA 000000AD - 000000AD (0x1 bytes), align: 0
  Segment part 6. ROOT        Intra module refs:   loadTimerCompare
           ENTRY                   ADDRESS         REF BY
           =====                   =======         ======
           STLOAD                  000000AD 
    -------------------------------------------------------------------------
SFR_AN
  Relative segment, address: DATA 000000C0 - 000000C0 (0x1 bytes), align: 0
  Segment part 7. ROOT        Intra module refs:   NT_IRQEnable
                                                   TimerCompareInterrupt
           ENTRY                   ADDRESS         REF BY
           =====                   =======         ======
           _A_IRCON                000000C0 
           LOCAL                   ADDRESS         
           =====                   =======         
           IRCON                   000000C0 
    -------------------------------------------------------------------------
XDATA_Z
  Relative segment, address: XDATA 00000F00 - 00000F01 (0x2 bytes), align: 0
  Segment part 26.            Intra module refs:   NT_Create
                                                   NT_SetEventCallback
                                                   TimerCompareInterrupt
           ENTRY                   ADDRESS         REF BY
           =====                   =======         ======
           EventCallback           00000F00 
    -------------------------------------------------------------------------
XDATA_Z
  Relative segment, address: XDATA 00000F02 - 00000F05 (0x4 bytes), align: 0
  Segment part 27.            Intra module refs:   NT_Create
                                                   NT_SetCompare
                                                   NT_SetTime
           LOCAL                   ADDRESS         
           =====                   =======         
           COMPARE_TIME            00000F02 
    -------------------------------------------------------------------------
XDATA_Z
  Relative segment, address: XDATA 00000F06 - 00000F07 (0x2 bytes), align: 0
  Segment part 28.            Intra module refs:   NT_Create
                                                   NT_GetTime
                                                   NT_SetTime
                                                   calcCompareTime
           ENTRY                   ADDRESS         REF BY
           =====                   =======         ======
           TOFFSET                 00000F06 
    -------------------------------------------------------------------------
XDATA_Z
  Relative segment, address: XDATA 00000F08 - 00000F08 (0x1 bytes), align: 0
  Segment part 29.            Intra module refs:   NT_Create
           ENTRY                   ADDRESS         REF BY
           =====                   =======         ======
           NT_CREATED              00000F08 
    -------------------------------------------------------------------------
<BANKED_CODE> 1 (was BANKED_CODE)
  Relative segment, address: CODE 00003440 - 0000350E (0xcf bytes), align: 0
  Segment part 42.            Intra module refs:   NT_Create::?relay
           ENTRY                   ADDRESS         REF BY
           =====                   =======         ======
           NT_Create               00003440 
               calls direct
               XSTACK = 00000000 ( 0000000E )
    -------------------------------------------------------------------------
<BANKED_CODE> 1 (was BANKED_CODE)
  Relative segment, address: CODE 0000350F - 000035AB (0x9d bytes), align: 0
  Segment part 46.            Intra module refs:   NT_SetTime::?relay
           ENTRY                   ADDRESS         REF BY
           =====                   =======         ======
           NT_SetTime              0000350F 
               calls direct, is indirectly called
               XSTACK = 00000000 ( 00000012 )
    -------------------------------------------------------------------------
<BANKED_CODE> 1 (was BANKED_CODE)
  Relative segment, address: CODE 000035AC - 000036C5 (0x11a bytes), align: 0
  Segment part 48.            Intra module refs:   calcCompareTime::?relay
           LOCAL                   ADDRESS         
           =====                   =======         
           calcCompareTime         000035AC 
               calls direct
               XSTACK = 0000000C ( 00000018 )
               ISTACK = 00000000 ( 00000002 )
    -------------------------------------------------------------------------
<BANKED_CODE> 1 (was BANKED_CODE)
  Relative segment, address: CODE 000036C6 - 00003747 (0x82 bytes), align: 0
  Segment part 50.            Intra module refs:   NT_SetCompare::?relay
           ENTRY                   ADDRESS         REF BY
           =====                   =======         ======
           NT_SetCompare           000036C6 
               calls direct, is indirectly called
               XSTACK = 0000000E ( 00000010 )
    -------------------------------------------------------------------------
<BANKED_CODE> 1 (was BANKED_CODE)
  Relative segment, address: CODE 00003748 - 0000375A (0x13 bytes), align: 0
  Segment part 52.            Intra module refs:   NT_IRQEnable::?relay
           LOCAL                   ADDRESS         
           =====                   =======         
           NT_IRQEnable            00003748 
               XSTACK = 0000000F ( 00000000 )
    -------------------------------------------------------------------------
<BANKED_CODE> 1 (was BANKED_CODE)
  Relative segment, address: CODE 0000375B - 00003765 (0xb bytes), align: 0
  Segment part 54.            Intra module refs:   isIRQEnable::?relay
           LOCAL                   ADDRESS         
           =====                   =======         
           isIRQEnable             0000375B 
               XSTACK = 0000000E ( 00000000 )
    -------------------------------------------------------------------------
<BANKED_CODE> 1 (was BANKED_CODE)
  Relative segment, address: CODE 00003766 - 00003778 (0x13 bytes), align: 0
  Segment part 56.            Intra module refs:   NT_SetEventCallback::?relay
           ENTRY                   ADDRESS         REF BY
           =====                   =======         ======
           NT_SetEventCallback     00003766 
               is indirectly called
               ISTACK = 00000000 ( 00000002 )
    -------------------------------------------------------------------------
<BANKED_CODE> 1 (was BANKED_CODE)
  Relative segment, address: CODE 00003779 - 000037AF (0x37 bytes), align: 0
  Segment part 58.            Intra module refs:   NT_GetTime::?relay
           ENTRY                   ADDRESS         REF BY
           =====                   =======         ======
           NT_GetTime              00003779 
               calls direct, is indirectly called
               XSTACK = 0000000F ( 00000010 )
    -------------------------------------------------------------------------
NEAR_CODE
  Relative segment, address: CODE 00001181 - 000011BC (0x3c bytes), align: 0
  Segment part 64.            Intra module refs:   TimerCompareInterrupt::??INTVEC 43
           ENTRY                   ADDRESS         REF BY
           =====                   =======         ======
           TimerCompareInterrupt   00001181 
               interrupt function
               calls direct
               XSTACK = 00000000 ( 0000000F )
    -------------------------------------------------------------------------
<BANKED_CODE> 1 (was BANKED_CODE)
  Relative segment, address: CODE 000037B0 - 0000380D (0x5e bytes), align: 0
  Segment part 60.            Intra module refs:   ReadTimer::?relay
           LOCAL                   ADDRESS         
           =====                   =======         
           ReadTimer               000037B0 
               XSTACK = 00000018 ( 00000004 )
               ISTACK = 00000000 ( 00000003 )
    -------------------------------------------------------------------------
<BANKED_CODE> 1 (was BANKED_CODE)
  Relative segment, address: CODE 0000380E - 00003853 (0x46 bytes), align: 0
  Segment part 62.            Intra module refs:   loadTimerCompare::?relay
           LOCAL                   ADDRESS         
           =====                   =======         
           loadTimerCompare        0000380E 
               XSTACK = 0000000C ( 00000010 )
    -------------------------------------------------------------------------
INTVEC
  Common segment, address: CODE 00000000 - 0000002D (0x2e bytes), align: 0
  Segment part 8. ROOT 
           ENTRY                   ADDRESS         REF BY
           =====                   =======         ======
           TimerCompareInterrupt::??INTVEC 43
                                   0000002B 
    -------------------------------------------------------------------------
XDATA_ID
  Relative segment, address: CODE 000000B5 - 000000C5 (0x11 bytes), align: 0
  Segment part 15.            Intra module refs:   Segment part 14
    -------------------------------------------------------------------------
XDATA_ID
  Relative segment, address: CODE 000000C6 - 000000CC (0x7 bytes), align: 0
  Segment part 17.            Intra module refs:   Segment part 16
    -------------------------------------------------------------------------
XDATA_ID
  Relative segment, address: CODE 000000CD - 000000DF (0x13 bytes), align: 0
  Segment part 19.            Intra module refs:   Segment part 18
    -------------------------------------------------------------------------
XDATA_ID
  Relative segment, address: CODE 000000E0 - 000000F9 (0x1a bytes), align: 0
  Segment part 21.            Intra module refs:   Segment part 20
    -------------------------------------------------------------------------
XDATA_ID
  Relative segment, address: CODE 000000FA - 00000106 (0xd bytes), align: 0
  Segment part 23.            Intra module refs:   Segment part 22
    -------------------------------------------------------------------------
XDATA_ID
  Relative segment, address: CODE 00000107 - 00000116 (0x10 bytes), align: 0
  Segment part 25.            Intra module refs:   Segment part 24
    -------------------------------------------------------------------------
XDATA_ID
  Relative segment, address: CODE 00000117 - 0000011A (0x4 bytes), align: 0
  Segment part 31.            Intra module refs:   __Constant_ffff8000
    -------------------------------------------------------------------------
XDATA_ID
  Relative segment, address: CODE 0000011B - 0000011E (0x4 bytes), align: 0
  Segment part 33.            Intra module refs:   __Constant_8000
    -------------------------------------------------------------------------
XDATA_ID
  Relative segment, address: CODE 0000011F - 00000122 (0x4 bytes), align: 0
  Segment part 35.            Intra module refs:   __Constant_ffffff
    -------------------------------------------------------------------------
XDATA_ID
  Relative segment, address: CODE 00000123 - 00000126 (0x4 bytes), align: 0
  Segment part 37.            Intra module refs:   __Constant_7fff
    -------------------------------------------------------------------------
BANK_RELAYS
  Relative segment, address: CODE 000002F5 - 000002FA (0x6 bytes), align: 0
  Segment part 43.
           ENTRY                   ADDRESS         REF BY
           =====                   =======         ======
           NT_Create::?relay       000002F5        test_hw (utest_TIC)
    -------------------------------------------------------------------------
BANK_RELAYS
  Relative segment, address: CODE 000002FB - 00000300 (0x6 bytes), align: 0
  Segment part 47.            Intra module refs:   NT_Create
           ENTRY                   ADDRESS         REF BY
           =====                   =======         ======
           NT_SetTime::?relay      000002FB 
    -------------------------------------------------------------------------
BANK_RELAYS
  Relative segment, address: CODE 00000301 - 00000306 (0x6 bytes), align: 0
  Segment part 49.            Intra module refs:   NT_SetCompare
           LOCAL                   ADDRESS         
           =====                   =======         
           calcCompareTime::?relay
                                   00000301 
    -------------------------------------------------------------------------
BANK_RELAYS
  Relative segment, address: CODE 00000307 - 0000030C (0x6 bytes), align: 0
  Segment part 51.            Intra module refs:   NT_Create
                                                   NT_SetTime
           ENTRY                   ADDRESS         REF BY
           =====                   =======         ======
           NT_SetCompare::?relay   00000307 
    -------------------------------------------------------------------------
BANK_RELAYS
  Relative segment, address: CODE 0000030D - 00000312 (0x6 bytes), align: 0
  Segment part 53.            Intra module refs:   NT_Create
                                                   NT_SetCompare
                                                   TimerCompareInterrupt
           LOCAL                   ADDRESS         
           =====                   =======         
           NT_IRQEnable::?relay    0000030D 
    -------------------------------------------------------------------------
BANK_RELAYS
  Relative segment, address: CODE 00000313 - 00000318 (0x6 bytes), align: 0
  Segment part 55.            Intra module refs:   NT_SetTime
           LOCAL                   ADDRESS         
           =====                   =======         
           isIRQEnable::?relay     00000313 
    -------------------------------------------------------------------------
BANK_RELAYS
  Relative segment, address: CODE 00000319 - 0000031E (0x6 bytes), align: 0
  Segment part 57.            Intra module refs:   NT_Create
           ENTRY                   ADDRESS         REF BY
           =====                   =======         ======
           NT_SetEventCallback::?relay
                                   00000319 
    -------------------------------------------------------------------------
BANK_RELAYS
  Relative segment, address: CODE 0000031F - 00000324 (0x6 bytes), align: 0
  Segment part 59.            Intra module refs:   NT_Create
                                                   TimerCompareInterrupt
           ENTRY                   ADDRESS         REF BY
           =====                   =======         ======
           NT_GetTime::?relay      0000031F 
    -------------------------------------------------------------------------
BANK_RELAYS
  Relative segment, address: CODE 00000325 - 0000032A (0x6 bytes), align: 0
  Segment part 61.            Intra module refs:   NT_GetTime
                                                   NT_SetTime
                                                   calcCompareTime
           LOCAL                   ADDRESS         
           =====                   =======         
           ReadTimer::?relay       00000325 
    -------------------------------------------------------------------------
BANK_RELAYS
  Relative segment, address: CODE 0000032B - 00000330 (0x6 bytes), align: 0
  Segment part 63.            Intra module refs:   NT_SetCompare
           LOCAL                   ADDRESS         
           =====                   =======         
           loadTimerCompare::?relay
                                   0000032B 
    -------------------------------------------------------------------------
XDATA_I
  Relative segment, address: XDATA 00000F5A - 00000F6A (0x11 bytes), align: 0
  Segment part 14.            Intra module refs:   NT_Create
                                                   NT_SetCompare
                                                   NT_SetTime
    -------------------------------------------------------------------------
XDATA_I
  Relative segment, address: XDATA 00000F6B - 00000F71 (0x7 bytes), align: 0
  Segment part 16.            Intra module refs:   NT_Create
                                                   NT_SetCompare
                                                   NT_SetTime
    -------------------------------------------------------------------------
XDATA_I
  Relative segment, address: XDATA 00000F72 - 00000F84 (0x13 bytes), align: 0
  Segment part 18.            Intra module refs:   NT_Create
    -------------------------------------------------------------------------
XDATA_I
  Relative segment, address: XDATA 00000F85 - 00000F9E (0x1a bytes), align: 0
  Segment part 20.            Intra module refs:   NT_Create
                                                   NT_SetCompare
                                                   NT_SetTime
    -------------------------------------------------------------------------
XDATA_I
  Relative segment, address: XDATA 00000F9F - 00000FAB (0xd bytes), align: 0
  Segment part 22.            Intra module refs:   NT_Create
                                                   NT_SetCompare
                                                   NT_SetTime
    -------------------------------------------------------------------------
XDATA_I
  Relative segment, address: XDATA 00000FAC - 00000FBB (0x10 bytes), align: 0
  Segment part 24.            Intra module refs:   NT_SetCompare
                                                   NT_SetTime
    -------------------------------------------------------------------------
XDATA_I
  Relative segment, address: XDATA 00000FBC - 00000FBF (0x4 bytes), align: 0
  Segment part 30.            Intra module refs:   calcCompareTime
           ENTRY                   ADDRESS         REF BY
           =====                   =======         ======
           __Constant_ffff8000     00000FBC 
    -------------------------------------------------------------------------
XDATA_I
  Relative segment, address: XDATA 00000FC0 - 00000FC3 (0x4 bytes), align: 0
  Segment part 32.            Intra module refs:   calcCompareTime
           ENTRY                   ADDRESS         REF BY
           =====                   =======         ======
           __Constant_8000         00000FC0 
    -------------------------------------------------------------------------
XDATA_I
  Relative segment, address: XDATA 00000FC4 - 00000FC7 (0x4 bytes), align: 0
  Segment part 34.            Intra module refs:   calcCompareTime
           ENTRY                   ADDRESS         REF BY
           =====                   =======         ======
           __Constant_ffffff       00000FC4 
    -------------------------------------------------------------------------
XDATA_I
  Relative segment, address: XDATA 00000FC8 - 00000FCB (0x4 bytes), align: 0
  Segment part 36.            Intra module refs:   NT_GetTime
           ENTRY                   ADDRESS         REF BY
           =====                   =======         ======
           __Constant_7fff         00000FC8 

    *************************************************************************

  FILE NAME : \\vmware-host\Shared Folders\Projects\WMNU\IAR\PRJ_UNITEST\Debug\Obj\nwdebuger.r51
  PROGRAM MODULE, NAME : ?__write

  SEGMENTS IN THE MODULE
  ======================
SFR_AN
  Relative segment, address: DATA 00000086 - 00000086 (0x1 bytes), align: 0
  Segment part 1. ROOT        Intra module refs:   MyLowLevelPutchar
                                                   uart_init
           ENTRY                   ADDRESS         REF BY
           =====                   =======         ======
           U0CSR                   00000086 
    -------------------------------------------------------------------------
SFR_AN
  Relative segment, address: DATA 0000009E - 0000009E (0x1 bytes), align: 0
  Segment part 2. ROOT        Intra module refs:   SetCPU32M
           ENTRY                   ADDRESS         REF BY
           =====                   =======         ======
           CLKCONSTA               0000009E 
    -------------------------------------------------------------------------
SFR_AN
  Relative segment, address: DATA 000000C1 - 000000C1 (0x1 bytes), align: 0
  Segment part 3. ROOT        Intra module refs:   MyLowLevelPutchar
           ENTRY                   ADDRESS         REF BY
           =====                   =======         ======
           U0DBUF                  000000C1 
    -------------------------------------------------------------------------
SFR_AN
  Relative segment, address: DATA 000000C2 - 000000C2 (0x1 bytes), align: 0
  Segment part 4. ROOT        Intra module refs:   uart_init
           ENTRY                   ADDRESS         REF BY
           =====                   =======         ======
           U0BAUD                  000000C2 
    -------------------------------------------------------------------------
SFR_AN
  Relative segment, address: DATA 000000C5 - 000000C5 (0x1 bytes), align: 0
  Segment part 5. ROOT        Intra module refs:   uart_init
           ENTRY                   ADDRESS         REF BY
           =====                   =======         ======
           U0GCR                   000000C5 
    -------------------------------------------------------------------------
SFR_AN
  Relative segment, address: DATA 000000C6 - 000000C6 (0x1 bytes), align: 0
  Segment part 6. ROOT        Intra module refs:   SetCPU32M
           ENTRY                   ADDRESS         REF BY
           =====                   =======         ======
           CLKCONCMD               000000C6 
    -------------------------------------------------------------------------
SFR_AN
  Relative segment, address: DATA 000000F1 - 000000F1 (0x1 bytes), align: 0
  Segment part 7. ROOT        Intra module refs:   uart_init
           ENTRY                   ADDRESS         REF BY
           =====                   =======         ======
           PERCFG                  000000F1 
    -------------------------------------------------------------------------
SFR_AN
  Relative segment, address: DATA 000000F3 - 000000F3 (0x1 bytes), align: 0
  Segment part 8. ROOT        Intra module refs:   uart_init
           ENTRY                   ADDRESS         REF BY
           =====                   =======         ======
           P0SEL                   000000F3 
    -------------------------------------------------------------------------
<BANKED_CODE> 1 (was BANKED_CODE)
  Relative segment, address: CODE 00003CE8 - 00003CFA (0x13 bytes), align: 0
  Segment part 14.            Intra module refs:   uart_init::?relay
           LOCAL                   ADDRESS         
           =====                   =======         
           uart_init               00003CE8 
    -------------------------------------------------------------------------
<BANKED_CODE> 1 (was BANKED_CODE)
  Relative segment, address: CODE 00003CFB - 00003D06 (0xc bytes), align: 0
  Segment part 16.            Intra module refs:   SetCPU32M::?relay
           LOCAL                   ADDRESS         
           =====                   =======         
           SetCPU32M               00003CFB 
    -------------------------------------------------------------------------
<BANKED_CODE> 1 (was BANKED_CODE)
  Relative segment, address: CODE 00003D07 - 00003D17 (0x11 bytes), align: 0
  Segment part 18.            Intra module refs:   nwDebugerInit::?relay
           ENTRY                   ADDRESS         REF BY
           =====                   =======         ======
           nwDebugerInit           00003D07 
               calls direct
               ISTACK = 00000000 ( 00000002 )
    -------------------------------------------------------------------------
<BANKED_CODE> 1 (was BANKED_CODE)
  Relative segment, address: CODE 00003D18 - 00003D23 (0xc bytes), align: 0
  Segment part 20.            Intra module refs:   MyLowLevelPutchar::?relay
           ENTRY                   ADDRESS         REF BY
           =====                   =======         ======
           MyLowLevelPutchar       00003D18 
               XSTACK = 00000010 ( 00000000 )
    -------------------------------------------------------------------------
<BANKED_CODE> 1 (was BANKED_CODE)
  Relative segment, address: CODE 00003D24 - 00003DBF (0x9c bytes), align: 0
  Segment part 22.            Intra module refs:   __write::?relay
           ENTRY                   ADDRESS         REF BY
           =====                   =======         ======
           __write                 00003D24 
               calls direct
               XSTACK = 00000002 ( 00000010 )
    -------------------------------------------------------------------------
<BANKED_CODE> 1 (was BANKED_CODE)
  Relative segment, address: CODE 00003DC0 - 00003DC1 (0x2 bytes), align: 0
  Segment part 24.            Intra module refs:   STACK_FAILURE::?relay
           ENTRY                   ADDRESS         REF BY
           =====                   =======         ======
           STACK_FAILURE           00003DC0 
    -------------------------------------------------------------------------
BANK_RELAYS
  Relative segment, address: CODE 00000331 - 00000336 (0x6 bytes), align: 0
  Segment part 15.            Intra module refs:   nwDebugerInit
           LOCAL                   ADDRESS         
           =====                   =======         
           uart_init::?relay       00000331 
    -------------------------------------------------------------------------
BANK_RELAYS
  Relative segment, address: CODE 00000337 - 0000033C (0x6 bytes), align: 0
  Segment part 17.            Intra module refs:   nwDebugerInit
           LOCAL                   ADDRESS         
           =====                   =======         
           SetCPU32M::?relay       00000337 
    -------------------------------------------------------------------------
BANK_RELAYS
  Relative segment, address: CODE 0000033D - 00000342 (0x6 bytes), align: 0
  Segment part 19.
           ENTRY                   ADDRESS         REF BY
           =====                   =======         ======
           nwDebugerInit::?relay   0000033D        main (utest)
    -------------------------------------------------------------------------
BANK_RELAYS
  Relative segment, address: CODE 00000343 - 00000348 (0x6 bytes), align: 0
  Segment part 21.            Intra module refs:   __write
           ENTRY                   ADDRESS         REF BY
           =====                   =======         ======
           MyLowLevelPutchar::?relay
                                   00000343 
    -------------------------------------------------------------------------
BANK_RELAYS
  Relative segment, address: CODE 00000349 - 0000034E (0x6 bytes), align: 0
  Segment part 23.
           ENTRY                   ADDRESS         REF BY
           =====                   =======         ======
           __write::?relay         00000349        putchar (?putchar)
    -------------------------------------------------------------------------
BANK_RELAYS
  Relative segment, address: CODE 0000034F - 00000354 (0x6 bytes), align: 0
  Segment part 25.
           ENTRY                   ADDRESS         REF BY
           =====                   =======         ======
           STACK_FAILURE::?relay   0000034F        Callback_execution (TIC)
                                                   NT_Create (NTMR)
                                                   NT_SetCompare (NTMR)
                                                   NT_SetTime (NTMR)
                                                   TIC_Create (TIC)
                                                   TIC_GetRXState (TIC)
                                                   TIC_GetTXState (TIC)
                                                   TIC_SetRXCallback (TIC)
                                                   TIC_SetRXState (TIC)
                                                   TIC_SetSECallback (TIC)
                                                   TIC_SetTXCallback (TIC)
                                                   TIC_SetTXState (TIC)
                                                   TIC_SetTimer (TIC)

    *************************************************************************

  FILE NAME : \\vmware-host\Shared Folders\Projects\WMNU\IAR\PRJ_UNITEST\Debug\Obj\RADIO.r51
  PROGRAM MODULE, NAME : RADIO

  SEGMENTS IN THE MODULE
  ======================
SFR_AN
  Relative segment, address: DATA 000000E1 - 000000E1 (0x1 bytes), align: 0
  Segment part 1. ROOT 
           ENTRY                   ADDRESS         REF BY
           =====                   =======         ======
           RFST                    000000E1 
    -------------------------------------------------------------------------
SFR_AN
  Relative segment, address: DATA 000000E5 - 000000E5 (0x1 bytes), align: 0
  Segment part 2. ROOT 
           ENTRY                   ADDRESS         REF BY
           =====                   =======         ======
           T1CCTL0                 000000E5 

    *************************************************************************

  FILE NAME : \\vmware-host\Shared Folders\Projects\WMNU\IAR\PRJ_UNITEST\Debug\Obj\TIC.r51
  PROGRAM MODULE, NAME : TIC

  SEGMENTS IN THE MODULE
  ======================
XDATA_Z
  Relative segment, address: XDATA 00000F09 - 00000F0C (0x4 bytes), align: 0
  Segment part 30.            Intra module refs:   TIC_GetUptime
                                                   clocks_update
           LOCAL                   ADDRESS         
           =====                   =======         
           NODE_UPTIME             00000F09 
    -------------------------------------------------------------------------
XDATA_Z
  Relative segment, address: XDATA 00000F0D - 00000F10 (0x4 bytes), align: 0
  Segment part 31.            Intra module refs:   TIC_GetRTC
                                                   TIC_SetRTC
                                                   clocks_update
           LOCAL                   ADDRESS         
           =====                   =======         
           NODE_RTC                00000F0D 
    -------------------------------------------------------------------------
XDATA_Z
  Relative segment, address: XDATA 00000F11 - 00000F14 (0x4 bytes), align: 0
  Segment part 32.            Intra module refs:   TIC_GetNonce
                                                   TIC_SetNonce
                                                   clocks_update
           LOCAL                   ADDRESS         
           =====                   =======         
           NODE_NONCE              00000F11 
    -------------------------------------------------------------------------
XDATA_Z
  Relative segment, address: XDATA 00000F15 - 00000F16 (0x2 bytes), align: 0
  Segment part 33.            Intra module refs:   TIC_HW_Timer_IRQ
                                                   TIC_SetRXCallback
           LOCAL                   ADDRESS         
           =====                   =======         
           RXCallback              00000F15 
    -------------------------------------------------------------------------
XDATA_Z
  Relative segment, address: XDATA 00000F17 - 00000F18 (0x2 bytes), align: 0
  Segment part 34.            Intra module refs:   TIC_HW_Timer_IRQ
                                                   TIC_SetTXCallback
           LOCAL                   ADDRESS         
           =====                   =======         
           TXCallback              00000F17 
    -------------------------------------------------------------------------
XDATA_Z
  Relative segment, address: XDATA 00000F19 - 00000F1A (0x2 bytes), align: 0
  Segment part 35.            Intra module refs:   TIC_HW_Timer_IRQ
                                                   TIC_SetSECallback
           LOCAL                   ADDRESS         
           =====                   =======         
           SECallback              00000F19 
    -------------------------------------------------------------------------
XDATA_Z
  Relative segment, address: XDATA 00000F1B - 00000F1B (0x1 bytes), align: 0
  Segment part 36.            Intra module refs:   TIC_Create
           LOCAL                   ADDRESS         
           =====                   =======         
           TIC_CREATED             00000F1B 
    -------------------------------------------------------------------------
XDATA_Z
  Relative segment, address: XDATA 00000F1C - 00000F1D (0x2 bytes), align: 0
  Segment part 37.            Intra module refs:   TIC_Create
                                                   TIC_GetTimer
                                                   TIC_SetTimer
                                                   set_capture_time
           LOCAL                   ADDRESS         
           =====                   =======         
           TIC_nt                  00000F1C 
    -------------------------------------------------------------------------
XDATA_Z
  Relative segment, address: XDATA 00000F1E - 00000F4F (0x32 bytes), align: 0
  Segment part 38.            Intra module refs:   TIC_GetRXState
                                                   TIC_GetTXState
                                                   TIC_HW_Timer_IRQ
                                                   TIC_SetRXState
                                                   TIC_SetTXState
                                                   TIC_TDMAShelduler
           LOCAL                   ADDRESS         
           =====                   =======         
           TSStateTable            00000F1E 
    -------------------------------------------------------------------------
<BANKED_CODE> 1 (was BANKED_CODE)
  Relative segment, address: CODE 00002C34 - 00002E41 (0x20e bytes), align: 0
  Segment part 47.            Intra module refs:   TIC_Create::?relay
           ENTRY                   ADDRESS         REF BY
           =====                   =======         ======
           TIC_Create              00002C34 
               calls direct
               XSTACK = 00000000 ( 00000010 )
    -------------------------------------------------------------------------
<BANKED_CODE> 1 (was BANKED_CODE)
  Relative segment, address: CODE 00002E42 - 00002EB6 (0x75 bytes), align: 0
  Segment part 51.            Intra module refs:   TIC_SetTimer::?relay
           LOCAL                   ADDRESS         
           =====                   =======         
           TIC_SetTimer            00002E42 
               calls direct, is indirectly called
               XSTACK = 00000000 ( 0000000E )
    -------------------------------------------------------------------------
<BANKED_CODE> 1 (was BANKED_CODE)
  Relative segment, address: CODE 00002EB7 - 00002EDD (0x27 bytes), align: 0
  Segment part 53.            Intra module refs:   TIC_GetTimer::?relay
           LOCAL                   ADDRESS         
           =====                   =======         
           TIC_GetTimer            00002EB7 
               is indirectly called
               ISTACK = 00000000 ( 00000002 )
    -------------------------------------------------------------------------
<BANKED_CODE> 1 (was BANKED_CODE)
  Relative segment, address: CODE 00002EDE - 00002F5E (0x81 bytes), align: 0
  Segment part 55.            Intra module refs:   TIC_SetTXState::?relay
           LOCAL                   ADDRESS         
           =====                   =======         
           TIC_SetTXState          00002EDE 
               calls direct, is indirectly called
               XSTACK = 00000000 ( 0000000E )
    -------------------------------------------------------------------------
<BANKED_CODE> 1 (was BANKED_CODE)
  Relative segment, address: CODE 00002F5F - 00002FDF (0x81 bytes), align: 0
  Segment part 57.            Intra module refs:   TIC_SetRXState::?relay
           LOCAL                   ADDRESS         
           =====                   =======         
           TIC_SetRXState          00002F5F 
               calls direct, is indirectly called
               XSTACK = 00000000 ( 0000000E )
    -------------------------------------------------------------------------
<BANKED_CODE> 1 (was BANKED_CODE)
  Relative segment, address: CODE 00002FE0 - 00003042 (0x63 bytes), align: 0
  Segment part 59.            Intra module refs:   TIC_GetTXState::?relay
           LOCAL                   ADDRESS         
           =====                   =======         
           TIC_GetTXState          00002FE0 
               calls direct, is indirectly called
               XSTACK = 00000000 ( 0000000E )
    -------------------------------------------------------------------------
<BANKED_CODE> 1 (was BANKED_CODE)
  Relative segment, address: CODE 00003043 - 000030A5 (0x63 bytes), align: 0
  Segment part 61.            Intra module refs:   TIC_GetRXState::?relay
           LOCAL                   ADDRESS         
           =====                   =======         
           TIC_GetRXState          00003043 
               calls direct, is indirectly called
               XSTACK = 00000000 ( 0000000E )
    -------------------------------------------------------------------------
<BANKED_CODE> 1 (was BANKED_CODE)
  Relative segment, address: CODE 000030A6 - 000030F6 (0x51 bytes), align: 0
  Segment part 63.            Intra module refs:   TIC_SetRXCallback::?relay
           LOCAL                   ADDRESS         
           =====                   =======         
           TIC_SetRXCallback       000030A6 
               calls direct, is indirectly called
               XSTACK = 00000000 ( 0000000E )
    -------------------------------------------------------------------------
<BANKED_CODE> 1 (was BANKED_CODE)
  Relative segment, address: CODE 000030F7 - 00003147 (0x51 bytes), align: 0
  Segment part 65.            Intra module refs:   TIC_SetTXCallback::?relay
           LOCAL                   ADDRESS         
           =====                   =======         
           TIC_SetTXCallback       000030F7 
               calls direct, is indirectly called
               XSTACK = 00000000 ( 0000000E )
    -------------------------------------------------------------------------
<BANKED_CODE> 1 (was BANKED_CODE)
  Relative segment, address: CODE 00003148 - 00003198 (0x51 bytes), align: 0
  Segment part 67.            Intra module refs:   TIC_SetSECallback::?relay
           LOCAL                   ADDRESS         
           =====                   =======         
           TIC_SetSECallback       00003148 
               calls direct, is indirectly called
               XSTACK = 00000000 ( 0000000E )
    -------------------------------------------------------------------------
<BANKED_CODE> 1 (was BANKED_CODE)
  Relative segment, address: CODE 00003199 - 000031A9 (0x11 bytes), align: 0
  Segment part 69.            Intra module refs:   TIC_GetUptime::?relay
           LOCAL                   ADDRESS         
           =====                   =======         
           TIC_GetUptime           00003199 
               is indirectly called
               ISTACK = 00000000 ( 00000002 )
    -------------------------------------------------------------------------
<BANKED_CODE> 1 (was BANKED_CODE)
  Relative segment, address: CODE 000031AA - 000031BA (0x11 bytes), align: 0
  Segment part 71.            Intra module refs:   TIC_GetRTC::?relay
           LOCAL                   ADDRESS         
           =====                   =======         
           TIC_GetRTC              000031AA 
               is indirectly called
               ISTACK = 00000000 ( 00000002 )
    -------------------------------------------------------------------------
<BANKED_CODE> 1 (was BANKED_CODE)
  Relative segment, address: CODE 000031BB - 000031E2 (0x28 bytes), align: 0
  Segment part 73.            Intra module refs:   TIC_SetRTC::?relay
           LOCAL                   ADDRESS         
           =====                   =======         
           TIC_SetRTC              000031BB 
               is indirectly called
               XSTACK = 00000000 ( 0000000C )
    -------------------------------------------------------------------------
<BANKED_CODE> 1 (was BANKED_CODE)
  Relative segment, address: CODE 000031E3 - 0000321F (0x3d bytes), align: 0
  Segment part 75.            Intra module refs:   TIC_getCurrentTS::?relay
           LOCAL                   ADDRESS         
           =====                   =======         
           TIC_getCurrentTS        000031E3 
               XSTACK = 00000009 ( 0000000A )
    -------------------------------------------------------------------------
<BANKED_CODE> 1 (was BANKED_CODE)
  Relative segment, address: CODE 00003220 - 00003243 (0x24 bytes), align: 0
  Segment part 77.            Intra module refs:   incrementTS::?relay
           LOCAL                   ADDRESS         
           =====                   =======         
           incrementTS             00003220 
               XSTACK = 00000001 ( 00000000 )
               ISTACK = 00000000 ( 00000002 )
    -------------------------------------------------------------------------
<BANKED_CODE> 1 (was BANKED_CODE)
  Relative segment, address: CODE 00003244 - 00003280 (0x3d bytes), align: 0
  Segment part 79.            Intra module refs:   set_capture_time::?relay
           LOCAL                   ADDRESS         
           =====                   =======         
           set_capture_time        00003244 
               XSTACK = 00000001 ( 00000009 )
    -------------------------------------------------------------------------
<BANKED_CODE> 1 (was BANKED_CODE)
  Relative segment, address: CODE 00003281 - 000032DC (0x5c bytes), align: 0
  Segment part 81.            Intra module refs:   TIC_TDMAShelduler::?relay
           LOCAL                   ADDRESS         
           =====                   =======         
           TIC_TDMAShelduler       00003281 
               calls direct
               XSTACK = 00000009 ( 00000001 )
               ISTACK = 00000000 ( 00000003 )
    -------------------------------------------------------------------------
<BANKED_CODE> 1 (was BANKED_CODE)
  Relative segment, address: CODE 000032DD - 00003334 (0x58 bytes), align: 0
  Segment part 83.            Intra module refs:   Callback_execution::?relay
           LOCAL                   ADDRESS         
           =====                   =======         
           Callback_execution      000032DD 
               calls direct
               XSTACK = 00000009 ( 00000010 )
    -------------------------------------------------------------------------
<BANKED_CODE> 1 (was BANKED_CODE)
  Relative segment, address: CODE 00003335 - 000033B6 (0x82 bytes), align: 0
  Segment part 85.            Intra module refs:   TIC_HW_Timer_IRQ::?relay
           LOCAL                   ADDRESS         
           =====                   =======         
           TIC_HW_Timer_IRQ        00003335 
               calls direct, is indirectly called
               XSTACK = 00000000 ( 00000009 )
    -------------------------------------------------------------------------
<BANKED_CODE> 1 (was BANKED_CODE)
  Relative segment, address: CODE 000033B7 - 00003414 (0x5e bytes), align: 0
  Segment part 87.            Intra module refs:   clocks_update::?relay
           LOCAL                   ADDRESS         
           =====                   =======         
           clocks_update           000033B7 
               XSTACK = 00000009 ( 0000000C )
    -------------------------------------------------------------------------
<BANKED_CODE> 1 (was BANKED_CODE)
  Relative segment, address: CODE 00003415 - 0000342E (0x1a bytes), align: 0
  Segment part 89.            Intra module refs:   TIC_SetNonce::?relay
           LOCAL                   ADDRESS         
           =====                   =======         
           TIC_SetNonce            00003415 
               is indirectly called
               XSTACK = 00000000 ( 0000000C )
    -------------------------------------------------------------------------
<BANKED_CODE> 1 (was BANKED_CODE)
  Relative segment, address: CODE 0000342F - 0000343F (0x11 bytes), align: 0
  Segment part 91.            Intra module refs:   TIC_GetNonce::?relay
           LOCAL                   ADDRESS         
           =====                   =======         
           TIC_GetNonce            0000342F 
               is indirectly called
               ISTACK = 00000000 ( 00000002 )
    -------------------------------------------------------------------------
XDATA_ID
  Relative segment, address: CODE 00000127 - 00000137 (0x11 bytes), align: 0
  Segment part 7.             Intra module refs:   Segment part 6
    -------------------------------------------------------------------------
XDATA_ID
  Relative segment, address: CODE 00000138 - 0000013D (0x6 bytes), align: 0
  Segment part 9.             Intra module refs:   Segment part 8
    -------------------------------------------------------------------------
XDATA_ID
  Relative segment, address: CODE 0000013E - 00000151 (0x14 bytes), align: 0
  Segment part 11.            Intra module refs:   Segment part 10
    -------------------------------------------------------------------------
XDATA_ID
  Relative segment, address: CODE 00000152 - 0000016B (0x1a bytes), align: 0
  Segment part 13.            Intra module refs:   Segment part 12
    -------------------------------------------------------------------------
XDATA_ID
  Relative segment, address: CODE 0000016C - 00000178 (0xd bytes), align: 0
  Segment part 15.            Intra module refs:   Segment part 14
    -------------------------------------------------------------------------
XDATA_ID
  Relative segment, address: CODE 00000179 - 00000187 (0xf bytes), align: 0
  Segment part 17.            Intra module refs:   Segment part 16
    -------------------------------------------------------------------------
XDATA_ID
  Relative segment, address: CODE 00000188 - 0000019F (0x18 bytes), align: 0
  Segment part 19.            Intra module refs:   Segment part 18
    -------------------------------------------------------------------------
XDATA_ID
  Relative segment, address: CODE 000001A0 - 000001B2 (0x13 bytes), align: 0
  Segment part 23.            Intra module refs:   Segment part 22
    -------------------------------------------------------------------------
XDATA_ID
  Relative segment, address: CODE 000001B3 - 000001C2 (0x10 bytes), align: 0
  Segment part 25.            Intra module refs:   Segment part 24
    -------------------------------------------------------------------------
XDATA_ID
  Relative segment, address: CODE 000001C3 - 000001CD (0xb bytes), align: 0
  Segment part 27.            Intra module refs:   Segment part 26
    -------------------------------------------------------------------------
XDATA_ID
  Relative segment, address: CODE 000001CE - 000001DE (0x11 bytes), align: 0
  Segment part 29.            Intra module refs:   Segment part 28
    -------------------------------------------------------------------------
XDATA_ID
  Relative segment, address: CODE 000001DF - 000001E2 (0x4 bytes), align: 0
  Segment part 40.            Intra module refs:   __Constant_15180
    -------------------------------------------------------------------------
XDATA_ID
  Relative segment, address: CODE 000001E3 - 000001E6 (0x4 bytes), align: 0
  Segment part 42.            Intra module refs:   __Constant_1
    -------------------------------------------------------------------------
BANK_RELAYS
  Relative segment, address: CODE 00000355 - 0000035A (0x6 bytes), align: 0
  Segment part 48.
           ENTRY                   ADDRESS         REF BY
           =====                   =======         ======
           TIC_Create::?relay      00000355        test_hw (utest_TIC)
    -------------------------------------------------------------------------
BANK_RELAYS
  Relative segment, address: CODE 0000035B - 00000360 (0x6 bytes), align: 0
  Segment part 52.            Intra module refs:   TIC_Create
           LOCAL                   ADDRESS         
           =====                   =======         
           TIC_SetTimer::?relay    0000035B 
    -------------------------------------------------------------------------
BANK_RELAYS
  Relative segment, address: CODE 00000361 - 00000366 (0x6 bytes), align: 0
  Segment part 54.            Intra module refs:   TIC_Create
           LOCAL                   ADDRESS         
           =====                   =======         
           TIC_GetTimer::?relay    00000361 
    -------------------------------------------------------------------------
BANK_RELAYS
  Relative segment, address: CODE 00000367 - 0000036C (0x6 bytes), align: 0
  Segment part 56.            Intra module refs:   TIC_Create
           LOCAL                   ADDRESS         
           =====                   =======         
           TIC_SetTXState::?relay
                                   00000367 
    -------------------------------------------------------------------------
BANK_RELAYS
  Relative segment, address: CODE 0000036D - 00000372 (0x6 bytes), align: 0
  Segment part 58.            Intra module refs:   TIC_Create
           LOCAL                   ADDRESS         
           =====                   =======         
           TIC_SetRXState::?relay
                                   0000036D 
    -------------------------------------------------------------------------
BANK_RELAYS
  Relative segment, address: CODE 00000373 - 00000378 (0x6 bytes), align: 0
  Segment part 60.            Intra module refs:   TIC_Create
           LOCAL                   ADDRESS         
           =====                   =======         
           TIC_GetTXState::?relay
                                   00000373 
    -------------------------------------------------------------------------
BANK_RELAYS
  Relative segment, address: CODE 00000379 - 0000037E (0x6 bytes), align: 0
  Segment part 62.            Intra module refs:   TIC_Create
           LOCAL                   ADDRESS         
           =====                   =======         
           TIC_GetRXState::?relay
                                   00000379 
    -------------------------------------------------------------------------
BANK_RELAYS
  Relative segment, address: CODE 0000037F - 00000384 (0x6 bytes), align: 0
  Segment part 64.            Intra module refs:   TIC_Create
           LOCAL                   ADDRESS         
           =====                   =======         
           TIC_SetRXCallback::?relay
                                   0000037F 
    -------------------------------------------------------------------------
BANK_RELAYS
  Relative segment, address: CODE 00000385 - 0000038A (0x6 bytes), align: 0
  Segment part 66.            Intra module refs:   TIC_Create
           LOCAL                   ADDRESS         
           =====                   =======         
           TIC_SetTXCallback::?relay
                                   00000385 
    -------------------------------------------------------------------------
BANK_RELAYS
  Relative segment, address: CODE 0000038B - 00000390 (0x6 bytes), align: 0
  Segment part 68.            Intra module refs:   TIC_Create
           LOCAL                   ADDRESS         
           =====                   =======         
           TIC_SetSECallback::?relay
                                   0000038B 
    -------------------------------------------------------------------------
BANK_RELAYS
  Relative segment, address: CODE 00000391 - 00000396 (0x6 bytes), align: 0
  Segment part 70.            Intra module refs:   TIC_Create
           LOCAL                   ADDRESS         
           =====                   =======         
           TIC_GetUptime::?relay   00000391 
    -------------------------------------------------------------------------
BANK_RELAYS
  Relative segment, address: CODE 00000397 - 0000039C (0x6 bytes), align: 0
  Segment part 72.            Intra module refs:   TIC_Create
           LOCAL                   ADDRESS         
           =====                   =======         
           TIC_GetRTC::?relay      00000397 
    -------------------------------------------------------------------------
BANK_RELAYS
  Relative segment, address: CODE 0000039D - 000003A2 (0x6 bytes), align: 0
  Segment part 74.            Intra module refs:   TIC_Create
           LOCAL                   ADDRESS         
           =====                   =======         
           TIC_SetRTC::?relay      0000039D 
    -------------------------------------------------------------------------
BANK_RELAYS
  Relative segment, address: CODE 000003A3 - 000003A8 (0x6 bytes), align: 0
  Segment part 76.            Intra module refs:   TIC_HW_Timer_IRQ
           LOCAL                   ADDRESS         
           =====                   =======         
           TIC_getCurrentTS::?relay
                                   000003A3 
    -------------------------------------------------------------------------
BANK_RELAYS
  Relative segment, address: CODE 000003A9 - 000003AE (0x6 bytes), align: 0
  Segment part 78.            Intra module refs:   TIC_TDMAShelduler
           LOCAL                   ADDRESS         
           =====                   =======         
           incrementTS::?relay     000003A9 
    -------------------------------------------------------------------------
BANK_RELAYS
  Relative segment, address: CODE 000003AF - 000003B4 (0x6 bytes), align: 0
  Segment part 80.            Intra module refs:   TIC_TDMAShelduler
           LOCAL                   ADDRESS         
           =====                   =======         
           set_capture_time::?relay
                                   000003AF 
    -------------------------------------------------------------------------
BANK_RELAYS
  Relative segment, address: CODE 000003B5 - 000003BA (0x6 bytes), align: 0
  Segment part 82.            Intra module refs:   TIC_HW_Timer_IRQ
           LOCAL                   ADDRESS         
           =====                   =======         
           TIC_TDMAShelduler::?relay
                                   000003B5 
    -------------------------------------------------------------------------
BANK_RELAYS
  Relative segment, address: CODE 000003BB - 000003C0 (0x6 bytes), align: 0
  Segment part 84.            Intra module refs:   TIC_HW_Timer_IRQ
           LOCAL                   ADDRESS         
           =====                   =======         
           Callback_execution::?relay
                                   000003BB 
    -------------------------------------------------------------------------
BANK_RELAYS
  Relative segment, address: CODE 000003C1 - 000003C6 (0x6 bytes), align: 0
  Segment part 86.            Intra module refs:   TIC_Create
           LOCAL                   ADDRESS         
           =====                   =======         
           TIC_HW_Timer_IRQ::?relay
                                   000003C1 
    -------------------------------------------------------------------------
BANK_RELAYS
  Relative segment, address: CODE 000003C7 - 000003CC (0x6 bytes), align: 0
  Segment part 88.            Intra module refs:   TIC_HW_Timer_IRQ
           LOCAL                   ADDRESS         
           =====                   =======         
           clocks_update::?relay   000003C7 
    -------------------------------------------------------------------------
BANK_RELAYS
  Relative segment, address: CODE 000003CD - 000003D2 (0x6 bytes), align: 0
  Segment part 90.            Intra module refs:   TIC_Create
           LOCAL                   ADDRESS         
           =====                   =======         
           TIC_SetNonce::?relay    000003CD 
[...]
               XSTACK = 0000006C ( 0000000E )
    -------------------------------------------------------------------------
<BANKED_CODE> 1 (was BANKED_CODE)
  Relative segment, address: CODE 00002BD7 - 00002C28 (0x52 bytes), align: 0
  Segment part 155.           Intra module refs:   _PutcharsLarge::?relay
           LOCAL                   ADDRESS         
           =====                   =======         
           _PutcharsLarge          00002BD7 
               calls direct
               XSTACK = 00000070 ( 00000010 )
    -------------------------------------------------------------------------
<BANKED_CODE> 1 (was BANKED_CODE)
  Relative segment, address: CODE 00002C29 - 00002C33 (0xb bytes), align: 0
  Segment part 157.           Intra module refs:   Segment part 119
                                                   _PutcharsLarge
    -------------------------------------------------------------------------
XDATA_ID
  Relative segment, address: CODE 000002BE - 000002C4 (0x7 bytes), align: 0
  Segment part 7.             Intra module refs:   Segment part 6
    -------------------------------------------------------------------------
XDATA_ID
  Relative segment, address: CODE 000002C5 - 000002C8 (0x4 bytes), align: 0
  Segment part 9.             Intra module refs:   Segment part 8
    -------------------------------------------------------------------------
XDATA_ID
  Relative segment, address: CODE 000002C9 - 000002CC (0x4 bytes), align: 0
  Segment part 11.            Intra module refs:   Segment part 10
    -------------------------------------------------------------------------
XDATA_ID
  Relative segment, address: CODE 000002CD - 000002D0 (0x4 bytes), align: 0
  Segment part 13.            Intra module refs:   Segment part 12
    -------------------------------------------------------------------------
XDATA_ID
  Relative segment, address: CODE 000002D1 - 000002D4 (0x4 bytes), align: 0
  Segment part 15.            Intra module refs:   Segment part 14
    -------------------------------------------------------------------------
XDATA_ID
  Relative segment, address: CODE 000002D5 - 000002D6 (0x2 bytes), align: 0
  Segment part 17.            Intra module refs:   Segment part 16
    -------------------------------------------------------------------------
XDATA_ID
  Relative segment, address: CODE 000002D7 - 000002DA (0x4 bytes), align: 0
  Segment part 19.            Intra module refs:   __Constant_ffff
    -------------------------------------------------------------------------
XDATA_ID
  Relative segment, address: CODE 000002DB - 000002DE (0x4 bytes), align: 0
  Segment part 23.            Intra module refs:   __Constant_7597
    -------------------------------------------------------------------------
XDATA_ID
  Relative segment, address: CODE 000002DF - 000002E2 (0x4 bytes), align: 0
  Segment part 25.            Intra module refs:   __Constant_186a0
    -------------------------------------------------------------------------
XDATA_ID
  Relative segment, address: CODE 000002E3 - 000002E6 (0x4 bytes), align: 0
  Segment part 27.            Intra module refs:   __Constant_3f800000
    -------------------------------------------------------------------------
XDATA_ID
  Relative segment, address: CODE 000002E7 - 000002EA (0x4 bytes), align: 0
  Segment part 29.            Intra module refs:   __Constant_a
    -------------------------------------------------------------------------
XDATA_ID
  Relative segment, address: CODE 000002EB - 000002EE (0x4 bytes), align: 0
  Segment part 31.            Intra module refs:   __Constant_4cbebc20
    -------------------------------------------------------------------------
BANK_RELAYS
  Relative segment, address: CODE 0000043F - 00000444 (0x6 bytes), align: 0
  Segment part 33.
           ENTRY                   ADDRESS         REF BY
           =====                   =======         ======
           _PrintfLarge::?relay    0000043F        printf (?printf)
    -------------------------------------------------------------------------
BANK_RELAYS
  Relative segment, address: CODE 00000445 - 0000044A (0x6 bytes), align: 0
  Segment part 63.            Intra module refs:   _PrintfLarge
           LOCAL                   ADDRESS         
           =====                   =======         
           pad::?relay             00000445 
    -------------------------------------------------------------------------
BANK_RELAYS
  Relative segment, address: CODE 0000044B - 00000450 (0x6 bytes), align: 0
  Segment part 65.            Intra module refs:   _PrintfLarge
           LOCAL                   ADDRESS         
           =====                   =======         
           _LitobLarge::?relay     0000044B 
    -------------------------------------------------------------------------
BANK_RELAYS
  Relative segment, address: CODE 00000451 - 00000456 (0x6 bytes), align: 0
  Segment part 79.            Intra module refs:   _LdtobLarge
           LOCAL                   ADDRESS         
           =====                   =======         
           scale::?relay           00000451 
    -------------------------------------------------------------------------
BANK_RELAYS
  Relative segment, address: CODE 00000457 - 0000045C (0x6 bytes), align: 0
  Segment part 82.            Intra module refs:   _PrintfLarge
           LOCAL                   ADDRESS         
           =====                   =======         
           _LdtobLarge::?relay     00000457 
    -------------------------------------------------------------------------
BANK_RELAYS
  Relative segment, address: CODE 0000045D - 00000462 (0x6 bytes), align: 0
  Segment part 115.           Intra module refs:   _LdtobLarge
           LOCAL                   ADDRESS         
           =====                   =======         
           _GenldLarge::?relay     0000045D 
    -------------------------------------------------------------------------
BANK_RELAYS
  Relative segment, address: CODE 00000463 - 00000468 (0x6 bytes), align: 0
  Segment part 154.           Intra module refs:   _PrintfLarge
                                                   _PutcharsLarge
           LOCAL                   ADDRESS         
           =====                   =======         
           _PutcharLarge::?relay   00000463 
    -------------------------------------------------------------------------
BANK_RELAYS
  Relative segment, address: CODE 00000469 - 0000046E (0x6 bytes), align: 0
  Segment part 156.           Intra module refs:   _PrintfLarge
                                                   pad
           LOCAL                   ADDRESS         
           =====                   =======         
           _PutcharsLarge::?relay
                                   00000469 
    -------------------------------------------------------------------------
XDATA_I
  Relative segment, address: XDATA 00001163 - 00001169 (0x7 bytes), align: 0
  Segment part 6.             Intra module refs:   _PrintfLarge
    -------------------------------------------------------------------------
XDATA_I
  Relative segment, address: XDATA 0000116A - 0000116D (0x4 bytes), align: 0
  Segment part 8.             Intra module refs:   _LdtobLarge
    -------------------------------------------------------------------------
XDATA_I
  Relative segment, address: XDATA 0000116E - 00001171 (0x4 bytes), align: 0
  Segment part 10.            Intra module refs:   _LdtobLarge
    -------------------------------------------------------------------------
XDATA_I
  Relative segment, address: XDATA 00001172 - 00001175 (0x4 bytes), align: 0
  Segment part 12.            Intra module refs:   _LdtobLarge
    -------------------------------------------------------------------------
XDATA_I
  Relative segment, address: XDATA 00001176 - 00001179 (0x4 bytes), align: 0
  Segment part 14.            Intra module refs:   _LdtobLarge
    -------------------------------------------------------------------------
XDATA_I
  Relative segment, address: XDATA 0000117A - 0000117B (0x2 bytes), align: 0
  Segment part 16.            Intra module refs:   _GenldLarge
    -------------------------------------------------------------------------
XDATA_I
  Relative segment, address: XDATA 0000117C - 0000117F (0x4 bytes), align: 0
  Segment part 18.            Intra module refs:   _PrintfLarge
           ENTRY                   ADDRESS         REF BY
           =====                   =======         ======
           __Constant_ffff         0000117C 
    -------------------------------------------------------------------------
XDATA_I
  Relative segment, address: XDATA 00001180 - 00001183 (0x4 bytes), align: 0
  Segment part 22.            Intra module refs:   _LdtobLarge
           ENTRY                   ADDRESS         REF BY
           =====                   =======         ======
           __Constant_7597         00001180 
    -------------------------------------------------------------------------
XDATA_I
  Relative segment, address: XDATA 00001184 - 00001187 (0x4 bytes), align: 0
  Segment part 24.            Intra module refs:   _LdtobLarge
           ENTRY                   ADDRESS         REF BY
           =====                   =======         ======
           __Constant_186a0        00001184 
    -------------------------------------------------------------------------
XDATA_I
  Relative segment, address: XDATA 00001188 - 0000118B (0x4 bytes), align: 0
  Segment part 26.            Intra module refs:   _LdtobLarge
           ENTRY                   ADDRESS         REF BY
           =====                   =======         ======
           __Constant_3f800000     00001188 
    -------------------------------------------------------------------------
XDATA_I
  Relative segment, address: XDATA 0000118C - 0000118F (0x4 bytes), align: 0
  Segment part 28.            Intra module refs:   _LdtobLarge
           ENTRY                   ADDRESS         REF BY
           =====                   =======         ======
           __Constant_a            0000118C 
    -------------------------------------------------------------------------
XDATA_I
  Relative segment, address: XDATA 00001190 - 00001193 (0x4 bytes), align: 0
  Segment part 30.            Intra module refs:   _LdtobLarge
           ENTRY                   ADDRESS         REF BY
           =====                   =======         ======
           __Constant_4cbebc20     00001190 

    -------------------------------------------------------------------------
  LIBRARY MODULE, NAME : ?xprout

  SEGMENTS IN THE MODULE
  ======================
<BANKED_CODE> 1 (was BANKED_CODE)
  Relative segment, address: CODE 00004071 - 0000409B (0x2b bytes), align: 0
  Segment part 6.             Intra module refs:   _Prout::?relay
           ENTRY                   ADDRESS         REF BY
           =====                   =======         ======
           _Prout                  00004071 
               calls direct
               XSTACK = 00000000 ( 0000000E )
    -------------------------------------------------------------------------
BANK_RELAYS
  Relative segment, address: CODE 0000046F - 00000474 (0x6 bytes), align: 0
  Segment part 7.
           ENTRY                   ADDRESS         REF BY
           =====                   =======         ======
           _Prout::?relay          0000046F        printf (?printf)

    -------------------------------------------------------------------------
  LIBRARY MODULE, NAME : ?xxmemxfree

  SEGMENTS IN THE MODULE
  ======================
<BANKED_CODE> 1 (was BANKED_CODE)
  Relative segment, address: CODE 00003BA8 - 00003CDF (0x138 bytes), align: 0
  Segment part 6.             Intra module refs:   __xdata_free::?relay
           ENTRY                   ADDRESS         REF BY
           =====                   =======         ======
           __xdata_free            00003BA8 
               XSTACK = 0000000A ( 0000000E )
    -------------------------------------------------------------------------
<BANKED_CODE> 1 (was BANKED_CODE)
  Relative segment, address: CODE 00003CE0 - 00003CE7 (0x8 bytes), align: 0
  Segment part 8.             Intra module refs:   __xdata_free
    -------------------------------------------------------------------------
BANK_RELAYS
  Relative segment, address: CODE 00000475 - 0000047A (0x6 bytes), align: 0
  Segment part 7.
           ENTRY                   ADDRESS         REF BY
           =====                   =======         ======
           __xdata_free::?relay    00000475        __xdata_malloc (?xxmemxmalloc)

    -------------------------------------------------------------------------
  LIBRARY MODULE, NAME : ?xxmemxmalloc

  SEGMENTS IN THE MODULE
  ======================
XDATA_Z
  Relative segment, address: XDATA 00000F56 - 00000F59 (0x4 bytes), align: 0
  Segment part 6.             Intra module refs:   __xdata_malloc
           ENTRY                   ADDRESS         REF BY
           =====                   =======         ======
           __xdata_Aldata          00000F56        __xdata_free (?xxmemxfree)
    -------------------------------------------------------------------------
<BANKED_CODE> 1 (was BANKED_CODE)
  Relative segment, address: CODE 00003A10 - 00003B82 (0x173 bytes), align: 0
  Segment part 8.             Intra module refs:   __xdata_malloc::?relay
           ENTRY                   ADDRESS         REF BY
           =====                   =======         ======
           __xdata_malloc          00003A10 
               calls direct
               XSTACK = 0000000A ( 0000000F )
    -------------------------------------------------------------------------
<BANKED_CODE> 1 (was BANKED_CODE)
  Relative segment, address: CODE 00003B83 - 00003B8B (0x9 bytes), align: 0
  Segment part 10.            Intra module refs:   __xdata_malloc
    -------------------------------------------------------------------------
<BANKED_CODE> 1 (was BANKED_CODE)
  Relative segment, address: CODE 00003B8C - 00003B8F (0x4 bytes), align: 0
  Segment part 11.            Intra module refs:   __xdata_malloc
    -------------------------------------------------------------------------
<BANKED_CODE> 1 (was BANKED_CODE)
  Relative segment, address: CODE 00003B90 - 00003B95 (0x6 bytes), align: 0
  Segment part 12.            Intra module refs:   Segment part 11
                                                   __xdata_malloc
    -------------------------------------------------------------------------
<BANKED_CODE> 1 (was BANKED_CODE)
  Relative segment, address: CODE 00003B96 - 00003B99 (0x4 bytes), align: 0
  Segment part 13.            Intra module refs:   __xdata_malloc
    -------------------------------------------------------------------------
<BANKED_CODE> 1 (was BANKED_CODE)
  Relative segment, address: CODE 00003B9A - 00003B9F (0x6 bytes), align: 0
  Segment part 14.            Intra module refs:   Segment part 12
                                                   Segment part 13
                                                   __xdata_malloc
    -------------------------------------------------------------------------
<BANKED_CODE> 1 (was BANKED_CODE)
  Relative segment, address: CODE 00003BA0 - 00003BA7 (0x8 bytes), align: 0
  Segment part 15.            Intra module refs:   __xdata_malloc
    -------------------------------------------------------------------------
BANK_RELAYS
  Relative segment, address: CODE 0000047B - 00000480 (0x6 bytes), align: 0
  Segment part 9.
           ENTRY                   ADDRESS         REF BY
           =====                   =======         ======
           __xdata_malloc::?relay
                                   0000047B        malloc (FChain)




                ****************************************
                *                                      *
                *      SEGMENTS IN ADDRESS ORDER       *
                *                                      *
                ****************************************


SEGMENT              SPACE    START ADDRESS   END ADDRESS     SIZE  TYPE  ALIGN
=======              =====    =============   ===========     ====  ====  =====
INTVEC               CODE          00000000 - 0000002D          2E   com    0
CSTART               CODE          0000002E - 000000B4          87   rel    0
BDATA_ID             CODE               000000B5                     dse    0
BIT_ID               CODE               000000B5                     dse    0
DATA_ID              CODE               000000B5                     dse    0
IDATA_ID             CODE               000000B5                     dse    0
IXDATA_ID            CODE               000000B5                     dse    0
PDATA_ID             CODE               000000B5                     dse    0
XDATA_ID             CODE          000000B5 - 000002EE         23A   rel    0
BANK_RELAYS          CODE          000002EF - 00000480         192   rel    0
RCODE                CODE          00000481 - 00001180         D00   rel    0
CODE_C               CODE               00001181                     dse    0
DIFUNCT              CODE               00001181                     rel    0
CODE_N               CODE               00001181                     dse    0
NEAR_CODE            CODE          00001181 - 000011BC          3C   rel    0
<BANKED_CODE> 1      CODE          000011BD - 00004128        2F6C   rel    0
REGISTERS            DATA          00000000 - 00000007           8   rel    0
VREG                 DATA          00000008 - 0000000F           8   rel    0
PSP                  DATA               00000010                     dse    0
XSP                  DATA          00000010 - 00000011           2   rel    0
BREG                 BIT        00000020.0  -  00000020.7        8   rel    0
SFR_AN               DATA          00000080 - 00000080           1   rel    0
                     DATA          00000086 - 00000086           1 
                     DATA          00000095 - 00000097           3 
                     DATA          0000009D - 0000009E           2 
                     DATA          000000A8 - 000000A8           1 
                     DATA          000000AD - 000000AD           1 
                     DATA          000000C0 - 000000C2           3 
                     DATA          000000C5 - 000000C6           2 
                     DATA          000000E1 - 000000E1           1 
                     DATA          000000E5 - 000000E5           1 
                     DATA          000000F1 - 000000F1           1 
                     DATA          000000F3 - 000000F3           1 
                     DATA          000000FD - 000000FD           1 
XSTACK               XDATA         00000001 - 00000EFF         EFF   rel    0
XDATA_Z              XDATA         00000F00 - 00000F59          5A   rel    0
XDATA_I              XDATA         00000F5A - 00001193         23A   rel    0
XDATA_HEAP           XDATA         00001194 - 00001292          FF   dse    0
ISTACK               IDATA         000000C0 - 000000FF          40   rel    0

                ****************************************
                *                                      *
                *        END OF CROSS REFERENCE        *
                *                                      *
                ****************************************

 16 681 bytes of CODE  memory
     18 bytes of DATA  memory (+ 19 absolute )
  4 754 bytes of XDATA memory
     64 bytes of IDATA memory
      8 bits  of BIT   memory

Errors: none
Warnings: 1

