################################################################################
#                                                                              #
#      IAR Universal Linker V6.4.6.89                                          #
#                                                                              #
#           Link time     =  05/Oct/2019  13:39:19                             #
#           Target CPU    =  x51                                               #
#           List file     =  "\\vmware-host\Shared Folders\Projects\WMNU\IAR\P #
#                            RJ_UNITEST\Debug\List\unitest.map"                #
#           Output file 1 =  "\\vmware-host\Shared Folders\Projects\WMNU\IAR\P #
#                            RJ_UNITEST\Debug\Exe\unitest.d51"                 #
#                            Format: ubrof10                                   #
#                            UBROF version 10.0.6                              #
#                            Using library modules for C-SPY (-rt)             #
#           Command line  =  -f                                                #
#                            C:\Users\08A4~1\AppData\Local\Temp\EWF6BF.tmp     #
#                            ("\\vmware-host\Shared Folders\Projects\WMNU\IAR\ #
#                            PRJ_UNITEST\Debug\Obj\FChain.r51"                 #
#                            "\\vmware-host\Shared Folders\Projects\WMNU\IAR\P #
#                            RJ_UNITEST\Debug\Obj\FItem.r51"                   #
#                            "\\vmware-host\Shared Folders\Projects\WMNU\IAR\P #
#                            RJ_UNITEST\Debug\Obj\LLC.r51"                     #
#                            "\\vmware-host\Shared Folders\Projects\WMNU\IAR\P #
#                            RJ_UNITEST\Debug\Obj\MAC.r51"                     #
#                            "\\vmware-host\Shared Folders\Projects\WMNU\IAR\P #
#                            RJ_UNITEST\Debug\Obj\NTMR.r51"                    #
#                            "\\vmware-host\Shared Folders\Projects\WMNU\IAR\P #
#                            RJ_UNITEST\Debug\Obj\nwdebuger.r51"               #
#                            "\\vmware-host\Shared Folders\Projects\WMNU\IAR\P #
#                            RJ_UNITEST\Debug\Obj\RADIO.r51"                   #
#                            "\\vmware-host\Shared Folders\Projects\WMNU\IAR\P #
#                            RJ_UNITEST\Debug\Obj\TIC.r51"                     #
#                            "\\vmware-host\Shared Folders\Projects\WMNU\IAR\P #
#                            RJ_UNITEST\Debug\Obj\utest.r51"                   #
#                            "\\vmware-host\Shared Folders\Projects\WMNU\IAR\P #
#                            RJ_UNITEST\Debug\Obj\utest_FChain.r51"            #
#                            "\\vmware-host\Shared Folders\Projects\WMNU\IAR\P #
#                            RJ_UNITEST\Debug\Obj\utest_FItem.r51"             #
#                            "\\vmware-host\Shared Folders\Projects\WMNU\IAR\P #
#                            RJ_UNITEST\Debug\Obj\utest_Frames.r51"            #
#                            "\\vmware-host\Shared Folders\Projects\WMNU\IAR\P #
#                            RJ_UNITEST\Debug\Obj\utest_LLC.r51"               #
#                            "\\vmware-host\Shared Folders\Projects\WMNU\IAR\P #
#                            RJ_UNITEST\Debug\Obj\utest_MAC.r51"               #
#                            "\\vmware-host\Shared Folders\Projects\WMNU\IAR\P #
#                            RJ_UNITEST\Debug\Obj\utest_NTMR.r51"              #
#                            "\\vmware-host\Shared Folders\Projects\WMNU\IAR\P #
#                            RJ_UNITEST\Debug\Obj\utest_suite.r51"             #
#                            "\\vmware-host\Shared Folders\Projects\WMNU\IAR\P #
#                            RJ_UNITEST\Debug\Obj\utest_TIC.r51"               #
#                            -o                                                #
#                            "\\vmware-host\Shared Folders\Projects\WMNU\IAR\P #
#                            RJ_UNITEST\Debug\Exe\unitest.d51"                 #
#                            -l                                                #
#                            "\\vmware-host\Shared Folders\Projects\WMNU\IAR\P #
#                            RJ_UNITEST\Debug\List\unitest.map"                #
#                            -xms                                              #
#                            "-IC:\Program Files (x86)\IAR Systems\Embedded Wo #
#                            rkbench 8.0\8051\LIB\"                            #
#                            -f                                                #
#                            "C:\Program Files (x86)\IAR Systems\Embedded Work #
#                            bench 8.0\8051\config\devices\Texas Instruments\l #
#                            nk51ew_CC2530F256_banked.xcl"                     #
#                            (-D_IDATA0_START=0x00 -D_IDATA0_END=0xFF          #
#                            -D_PDATA0_START=0x1E00 -D_PDATA0_END=0x1EFF       #
#                            -D_IXDATA0_START=0x0001 -D_IXDATA0_END=0x1EFF     #
#                            -D_XDATA0_START=_IXDATA0_START                    #
#                            -D_XDATA0_END=_IXDATA0_END                        #
#                            -D_NEAR_CODE_START=0x0000                         #
#                            -D_FIRST_BANK_ADDR=0x10000 -D?REGISTER_BANK=0x0   #
#                            -D_REGISTER_BANK_START=0x0 -D_BREG_START=0x00     #
#                            -D?VB=0x20 -Z(BIT)BREG=_BREG_START                #
#                            -Z(BIT)BIT_N=0-7F                                 #
#                            -Z(DATA)REGISTERS+8=_REGISTER_BANK_START          #
#                            -Z(DATA)BDATA_Z,BDATA_N,BDATA_I=20-2F             #
#                            -Z(DATA)VREG=08-7F -Z(DATA)PSP,XSP=08-7F          #
#                            -Z(DATA)DOVERLAY=08-7F                            #
#                            -Z(DATA)DATA_I,DATA_Z,DATA_N=08-7F                #
#                            -U(IDATA)0-7F=(DATA)0-7F                          #
#                            -Z(IDATA)IDATA_I,IDATA_Z,IDATA_N=08-_IDATA0_END   #
#                            -Z(IDATA)ISTACK+_IDATA_STACK_SIZE#08-_IDATA0_END  #
#                            -Z(IDATA)IOVERLAY=08-FF -Z(CODE)INTVEC=0          #
#                            -Z(CODE)CSTART=_NEAR_CODE_START-(_CODEBANK_START- #
#                            1)                                                #
#                            -Z(CODE)BIT_ID,BDATA_ID,DATA_ID,IDATA_ID,IXDATA_I #
#                            D,PDATA_ID,XDATA_ID=_NEAR_CODE_START-(_CODEBANK_S #
#                            TART-1)                                           #
#                            -Z(CODE)BANK_RELAYS,RCODE,DIFUNCT,CODE_C,CODE_N,N #
#                            EAR_CODE=_NEAR_CODE_START-(_CODEBANK_START-1)     #
#                            -P(CODE)BANKED_CODE=_NEAR_CODE_START-(_CODEBANK_S #
#                            TART-1),[(_CODEBANK_START+_FIRST_BANK_ADDR)-(_COD #
#                            EBANK_END+_FIRST_BANK_ADDR)]*_NR_OF_BANKS+10000   #
#                            -Z(CODE)CHECKSUM#(_CODEBANK_START-1)              #
#                            -Z(XDATA)PDATA_Z,PDATA_I=_PDATA0_START-_PDATA0_EN #
#                            D                                                 #
#                            -P(XDATA)PDATA_N=_PDATA0_START-_PDATA0_END        #
#                            -Z(XDATA)PSTACK+_PDATA_STACK_SIZE=_PDATA0_START-_ #
#                            PDATA0_END                                        #
#                            -Z(XDATA)EXT_STACK+_EXTENDED_STACK_SIZE=_EXTENDED #
#                            _STACK_START                                      #
#                            -Z(XDATA)XSTACK+_XDATA_STACK_SIZE=_XDATA0_START-_ #
#                            XDATA0_END                                        #
#                            -Z(XDATA)IXDATA_Z,IXDATA_I=_IXDATA0_START-_IXDATA #
#                            0_END                                             #
#                            -P(XDATA)IXDATA_N=_IXDATA0_START-_IXDATA0_END     #
#                            -Z(XDATA)XDATA_Z,XDATA_I=_XDATA0_START-_XDATA0_EN #
#                            D                                                 #
#                            -P(XDATA)XDATA_N=_XDATA0_START-_XDATA0_END        #
#                            -Z(XDATA)XDATA_HEAP+_XDATA_HEAP_SIZE=_XDATA0_STAR #
#                            T-_XDATA0_END                                     #
#                            -Z(CONST)XDATA_ROM_C=_XDATA0_START-_XDATA0_END    #
#                            -cx51                                             #
#                            -M(CODE)[(_CODEBANK_START+_FIRST_BANK_ADDR)-(_COD #
#                            EBANK_END+_FIRST_BANK_ADDR)]*_NR_OF_BANKS+0x10000 #
#                            =0x8000                                           #
#                            -ww69=i -D_BANK0_START=0x00000                    #
#                            -D_BANK0_END=0x07FFF -D_BANK1_START=0x18000       #
#                            -D_BANK1_END=0x1FFFF -D_BANK2_START=0x28000       #
#                            -D_BANK2_END=0x2FFFF -D_BANK3_START=0x38000       #
#                            -D_BANK3_END=0x3FFFF -D_BANK4_START=0x48000       #
#                            -D_BANK4_END=0x4FFFF -D_BANK5_START=0x58000       #
#                            -D_BANK5_END=0x5FFFF -D_BANK6_START=0x68000       #
#                            -D_BANK6_END=0x6FFFF -D_BANK7_START=0x78000       #
#                            -D_BANK7_END=0x7FFFF                              #
#                            -P(CODE)BANK0=_BANK0_START-_BANK0_END             #
#                            -P(CODE)BANK1=_BANK1_START-_BANK1_END             #
#                            -P(CODE)BANK2=_BANK2_START-_BANK2_END             #
#                            -P(CODE)BANK3=_BANK3_START-_BANK3_END             #
#                            -P(CODE)BANK4=_BANK4_START-_BANK4_END             #
#                            -P(CODE)BANK5=_BANK5_START-_BANK5_END             #
#                            -P(CODE)BANK6=_BANK6_START-_BANK6_END             #
#                            -P(CODE)BANK7=_BANK7_START-_BANK7_END             #
#                            -D_FLASH_LOCK_BITS_START=0x7FFF0                  #
#                            -D_FLASH_LOCK_BITS_END=0x7FFFF                    #
#                            -Z(CODE)FLASH_LOCK_BITS=_FLASH_LOCK_BITS_START-_F #
#                            LASH_LOCK_BITS_END                                #
#                            -U(CODE)0x0000=(CODE)_FLASH_LOCK_BITS_START-_FLAS #
#                            H_LOCK_BITS_END)                                  #
#                            -D_NR_OF_VIRTUAL_REGISTERS=8 -D?PBANK=0x93        #
#                            -D?CBANK=0x9F -D?CBANK_MASK=0xFF                  #
#                            -e?BCALL_FF=?BCALL -e?BRET_FF=?BRET               #
#                            -e?BDISPATCH_FF=?BDISPATCH                        #
#                            -D_CODEBANK_START=0x8000 -D_CODEBANK_END=0xFFFF   #
#                            -D_NR_OF_BANKS=0x07                               #
#                            "-IC:\Program Files (x86)\IAR Systems\Embedded Wo #
#                            rkbench 8.0\8051\CONFIG\"                         #
#                            -e_PrintfLarge=_Printf -e_ScanfLarge=_Scanf -rt   #
#                            -s __program_start                                #
#                            "C:\Program Files (x86)\IAR Systems\Embedded Work #
#                            bench 8.0\8051\LIB\DLIB\dl-pli-blxd-1e16x01n.r51" #
#                            -D_IDATA_STACK_SIZE=0x40 -D?ESP=0 -D?ESP_MASK=0   #
#                            -D_EXTENDED_STACK_START=0                         #
#                            -D_EXTENDED_STACK_SIZE=0                          #
#                            -D_PDATA_STACK_SIZE=0x80                          #
#                            -D_XDATA_STACK_SIZE=0xEFF                         #
#                            -D_XDATA_HEAP_SIZE=0xFF -D_FAR_HEAP_SIZE=0xFFF    #
#                            -D_HUGE_HEAP_SIZE=0xFFF                           #
#                            -D_FAR22_HEAP_SIZE=0xFFF)                         #
#                                                                              #
#                           Copyright (C) 1987-2016 IAR Systems AB.            #
################################################################################





                ****************************************
                *                                      *
                *           CROSS REFERENCE            *
                *                                      *
                ****************************************

       Program entry at : CODE      0000005A  Relocatable, from module : CSTARTUP




                ****************************************
                *                                      *
                *            RUNTIME MODEL             *
                *                                      *
                ****************************************

  __Heap_Handler             = Basic
  __SystemLibrary            = DLib
  __calling_convention       = xdata_reentrant
  __code_model               = banked
  __core                     = plain
  __data_model               = large
  __dlib_file_descriptor     = 0
  __dlib_full_locale_support = 0
  __dptr_size                = 16
  __extended_stack           = disabled
  __location_for_constants   = data
  __number_of_dptrs          = 1
  __register_banks           = *
  __rt_version               = 1

                ****************************************
                *                                      *
                *    AUTOMATIC SYMBOL REDIRECTIONS     *
                *                                      *
                ****************************************

                  There are no automatic symbol redirections.



                ****************************************
                *                                      *
                *              MODULE MAP              *
                *                                      *
                ****************************************


  DEFINED ABSOLUTE ENTRIES
    *************************************************************************

  DEFINED ABSOLUTE ENTRIES
  PROGRAM MODULE, NAME : ?ABS_ENTRY_MOD

Absolute parts
           ENTRY                   ADDRESS         REF BY
           =====                   =======         ======
           _FAR22_HEAP_SIZE        00000FFF 
           _HUGE_HEAP_SIZE         00000FFF 
           _FAR_HEAP_SIZE          00000FFF 
           _XDATA_HEAP_SIZE        000000FF 
           _XDATA_STACK_SIZE       00000EFF 
           _PDATA_STACK_SIZE       00000080 
           _EXTENDED_STACK_SIZE    00000000 
           _EXTENDED_STACK_START   00000000 
           ?ESP_MASK               00000000 
           ?ESP                    00000000 
           _IDATA_STACK_SIZE       00000040 
           _NR_OF_BANKS            00000007 
           _CODEBANK_END           0000FFFF 
           _CODEBANK_START         00008000 
           ?CBANK_MASK             000000FF 
           ?CBANK                  0000009F        ?RESET_CODE_BANK (CSTARTUP)
                                                   Segment part 0 (?BANKED_CODE_SUPPORT)
           ?PBANK                  00000093 
           _NR_OF_VIRTUAL_REGISTERS
                                   00000008 
           _FLASH_LOCK_BITS_END    0003FFFF 
           _FLASH_LOCK_BITS_START
                                   0003FFF0 
           _BANK7_END              0003FFFF 
           _BANK7_START            00038000 
           _BANK6_END              00037FFF 
           _BANK6_START            00030000 
           _BANK5_END              0002FFFF 
           _BANK5_START            00028000 
           _BANK4_END              00027FFF 
           _BANK4_START            00020000 
           _BANK3_END              0001FFFF 
           _BANK3_START            00018000 
           _BANK2_END              00017FFF 
           _BANK2_START            00010000 
           _BANK1_END              0000FFFF 
           _BANK1_START            00008000 
           _BANK0_END              00007FFF 
           _BANK0_START            00000000 
           ?VB                     00000020        ?BANKED_ENTER_XDATA (?BANKED_ENTER_XDATA)
                                                   ?BANKED_LEAVE_XDATA (?BANKED_LEAVE_XDATA)
                                                   umsg (utest_suite)
           _BREG_START             00000000 
           _REGISTER_BANK_START    00000000 
           ?REGISTER_BANK          00000000        Segment part 6 (CSTARTUP)
           _FIRST_BANK_ADDR        00010000 
           _NEAR_CODE_START        00000000 
           _XDATA0_END             00001EFF 
           _XDATA0_START           00000001 
           _IXDATA0_END            00001EFF 
           _IXDATA0_START          00000001 
           _PDATA0_END             00001EFF 
           _PDATA0_START           00001E00 
           _IDATA0_END             000000FF 
           _IDATA0_START           00000000 
    *************************************************************************

  FILE NAME : \\vmware-host\Shared Folders\Projects\WMNU\IAR\PRJ_UNITEST\Debug\Obj\FChain.r51
    *************************************************************************

  FILE NAME : \\vmware-host\Shared Folders\Projects\WMNU\IAR\PRJ_UNITEST\Debug\Obj\FItem.r51
    *************************************************************************

  FILE NAME : \\vmware-host\Shared Folders\Projects\WMNU\IAR\PRJ_UNITEST\Debug\Obj\LLC.r51
    *************************************************************************

  FILE NAME : \\vmware-host\Shared Folders\Projects\WMNU\IAR\PRJ_UNITEST\Debug\Obj\MAC.r51
    *************************************************************************

  FILE NAME : \\vmware-host\Shared Folders\Projects\WMNU\IAR\PRJ_UNITEST\Debug\Obj\NTMR.r51
    *************************************************************************

  FILE NAME : \\vmware-host\Shared Folders\Projects\WMNU\IAR\PRJ_UNITEST\Debug\Obj\nwdebuger.r51
  PROGRAM MODULE, NAME : nwdebuger

  SEGMENTS IN THE MODULE
  ======================
<BANKED_CODE> 1 (was BANKED_CODE)
  Relative segment, address: CODE 00002E86 - 00002E88 (0x3 bytes), align: 0
  Segment part 6.             Intra module refs:   nwDebugerInit::?relay
           ENTRY                   ADDRESS         REF BY
           =====                   =======         ======
           nwDebugerInit           00002E86 
    -------------------------------------------------------------------------
BANK_RELAYS
  Relative segment, address: CODE 00000255 - 0000025A (0x6 bytes), align: 0
  Segment part 7.
           ENTRY                   ADDRESS         REF BY
           =====                   =======         ======
           nwDebugerInit::?relay   00000255        main (utest)

    *************************************************************************

  FILE NAME : \\vmware-host\Shared Folders\Projects\WMNU\IAR\PRJ_UNITEST\Debug\Obj\RADIO.r51
    *************************************************************************

  FILE NAME : \\vmware-host\Shared Folders\Projects\WMNU\IAR\PRJ_UNITEST\Debug\Obj\TIC.r51
    *************************************************************************

  FILE NAME : \\vmware-host\Shared Folders\Projects\WMNU\IAR\PRJ_UNITEST\Debug\Obj\utest.r51
  PROGRAM MODULE, NAME : utest

  SEGMENTS IN THE MODULE
  ======================
<BANKED_CODE> 1 (was BANKED_CODE)
  Relative segment, address: CODE 00002BCE - 00002C2A (0x5d bytes), align: 0
  Segment part 16.
           ENTRY                   ADDRESS         REF BY
           =====                   =======         ======
           main                    00002BCE        ?call_main (?cmain)
               calls direct
               XSTACK = 00000000 ( 00000004 )
    -------------------------------------------------------------------------
XDATA_ID
  Relative segment, address: CODE 0000008A - 0000009C (0x13 bytes), align: 0
  Segment part 7.             Intra module refs:   Segment part 6
    -------------------------------------------------------------------------
XDATA_ID
  Relative segment, address: CODE 0000009D - 000000A4 (0x8 bytes), align: 0
  Segment part 9.             Intra module refs:   Segment part 8
    -------------------------------------------------------------------------
XDATA_ID
  Relative segment, address: CODE 000000A5 - 000000B5 (0x11 bytes), align: 0
  Segment part 11.            Intra module refs:   Segment part 10
    -------------------------------------------------------------------------
XDATA_ID
  Relative segment, address: CODE 000000B6 - 000000C8 (0x13 bytes), align: 0
  Segment part 13.            Intra module refs:   Segment part 12
    -------------------------------------------------------------------------
XDATA_ID
  Relative segment, address: CODE 000000C9 - 000000DC (0x14 bytes), align: 0
  Segment part 15.            Intra module refs:   Segment part 14
    -------------------------------------------------------------------------
XDATA_I
  Relative segment, address: XDATA 00000F04 - 00000F16 (0x13 bytes), align: 0
  Segment part 6.             Intra module refs:   main
    -------------------------------------------------------------------------
XDATA_I
  Relative segment, address: XDATA 00000F17 - 00000F1E (0x8 bytes), align: 0
  Segment part 8.             Intra module refs:   main
    -------------------------------------------------------------------------
XDATA_I
  Relative segment, address: XDATA 00000F1F - 00000F2F (0x11 bytes), align: 0
  Segment part 10.            Intra module refs:   main
    -------------------------------------------------------------------------
XDATA_I
  Relative segment, address: XDATA 00000F30 - 00000F42 (0x13 bytes), align: 0
  Segment part 12.            Intra module refs:   main
    -------------------------------------------------------------------------
XDATA_I
  Relative segment, address: XDATA 00000F43 - 00000F56 (0x14 bytes), align: 0
  Segment part 14.            Intra module refs:   main

    *************************************************************************

  FILE NAME : \\vmware-host\Shared Folders\Projects\WMNU\IAR\PRJ_UNITEST\Debug\Obj\utest_FChain.r51
    *************************************************************************

  FILE NAME : \\vmware-host\Shared Folders\Projects\WMNU\IAR\PRJ_UNITEST\Debug\Obj\utest_FItem.r51
    *************************************************************************

  FILE NAME : \\vmware-host\Shared Folders\Projects\WMNU\IAR\PRJ_UNITEST\Debug\Obj\utest_Frames.r51
  PROGRAM MODULE, NAME : utest_Frames

  SEGMENTS IN THE MODULE
  ======================
<BANKED_CODE> 1 (was BANKED_CODE)
  Relative segment, address: CODE 0000294E - 0000298A (0x3d bytes), align: 0
  Segment part 18.            Intra module refs:   test_ETH_H::?relay
           LOCAL                   ADDRESS         
           =====                   =======         
           test_ETH_H              0000294E 
               calls direct
               XSTACK = 00000000 ( 00000014 )
    -------------------------------------------------------------------------
<BANKED_CODE> 1 (was BANKED_CODE)
  Relative segment, address: CODE 0000298B - 000029C7 (0x3d bytes), align: 0
  Segment part 20.            Intra module refs:   test_ETH_F::?relay
           LOCAL                   ADDRESS         
           =====                   =======         
           test_ETH_F              0000298B 
               calls direct
               XSTACK = 00000000 ( 0000000E )
    -------------------------------------------------------------------------
<BANKED_CODE> 1 (was BANKED_CODE)
  Relative segment, address: CODE 000029C8 - 00002A04 (0x3d bytes), align: 0
  Segment part 22.            Intra module refs:   test_IP_HEADER::?relay
           LOCAL                   ADDRESS         
           =====                   =======         
           test_IP_HEADER          000029C8 
               calls direct
               XSTACK = 00000000 ( 00000013 )
    -------------------------------------------------------------------------
<BANKED_CODE> 1 (was BANKED_CODE)
  Relative segment, address: CODE 00002A05 - 00002A41 (0x3d bytes), align: 0
  Segment part 24.            Intra module refs:   test_SYNC::?relay
           LOCAL                   ADDRESS         
           =====                   =======         
           test_SYNC               00002A05 
               calls direct
               XSTACK = 00000000 ( 00000012 )
    -------------------------------------------------------------------------
<BANKED_CODE> 1 (was BANKED_CODE)
  Relative segment, address: CODE 00002A42 - 00002A5F (0x1e bytes), align: 0
  Segment part 26.            Intra module refs:   suite_Frames::?relay
           ENTRY                   ADDRESS         REF BY
           =====                   =======         ======
           suite_Frames            00002A42 
               calls direct
               ISTACK = 00000000 ( 00000002 )
    -------------------------------------------------------------------------
XDATA_ID
  Relative segment, address: CODE 000000DD - 000000E3 (0x7 bytes), align: 0
  Segment part 7.             Intra module refs:   Segment part 6
    -------------------------------------------------------------------------
XDATA_ID
  Relative segment, address: CODE 000000E4 - 00000102 (0x1f bytes), align: 0
  Segment part 9.             Intra module refs:   Segment part 8
    -------------------------------------------------------------------------
XDATA_ID
  Relative segment, address: CODE 00000103 - 00000121 (0x1f bytes), align: 0
  Segment part 11.            Intra module refs:   Segment part 10
    -------------------------------------------------------------------------
XDATA_ID
  Relative segment, address: CODE 00000122 - 00000144 (0x23 bytes), align: 0
  Segment part 13.            Intra module refs:   Segment part 12
    -------------------------------------------------------------------------
XDATA_ID
  Relative segment, address: CODE 00000145 - 00000162 (0x1e bytes), align: 0
  Segment part 15.            Intra module refs:   Segment part 14
    -------------------------------------------------------------------------
XDATA_ID
  Relative segment, address: CODE 00000163 - 00000170 (0xe bytes), align: 0
  Segment part 17.            Intra module refs:   Segment part 16
    -------------------------------------------------------------------------
BANK_RELAYS
  Relative segment, address: CODE 0000025B - 00000260 (0x6 bytes), align: 0
  Segment part 19.            Intra module refs:   suite_Frames
           LOCAL                   ADDRESS         
           =====                   =======         
           test_ETH_H::?relay      0000025B 
    -------------------------------------------------------------------------
BANK_RELAYS
  Relative segment, address: CODE 00000261 - 00000266 (0x6 bytes), align: 0
  Segment part 21.            Intra module refs:   suite_Frames
           LOCAL                   ADDRESS         
           =====                   =======         
           test_ETH_F::?relay      00000261 
    -------------------------------------------------------------------------
BANK_RELAYS
  Relative segment, address: CODE 00000267 - 0000026C (0x6 bytes), align: 0
  Segment part 23.            Intra module refs:   suite_Frames
           LOCAL                   ADDRESS         
           =====                   =======         
           test_IP_HEADER::?relay
                                   00000267 
    -------------------------------------------------------------------------
BANK_RELAYS
  Relative segment, address: CODE 0000026D - 00000272 (0x6 bytes), align: 0
  Segment part 25.            Intra module refs:   suite_Frames
           LOCAL                   ADDRESS         
           =====                   =======         
           test_SYNC::?relay       0000026D 
    -------------------------------------------------------------------------
BANK_RELAYS
  Relative segment, address: CODE 00000273 - 00000278 (0x6 bytes), align: 0
  Segment part 27.
           ENTRY                   ADDRESS         REF BY
           =====                   =======         ======
           suite_Frames::?relay    00000273        main (utest)
    -------------------------------------------------------------------------
XDATA_I
  Relative segment, address: XDATA 00000F57 - 00000F5D (0x7 bytes), align: 0
  Segment part 6.             Intra module refs:   test_ETH_F
                                                   test_ETH_H
                                                   test_IP_HEADER
                                                   test_SYNC
    -------------------------------------------------------------------------
XDATA_I
  Relative segment, address: XDATA 00000F5E - 00000F7C (0x1f bytes), align: 0
  Segment part 8.             Intra module refs:   test_ETH_H
    -------------------------------------------------------------------------
XDATA_I
  Relative segment, address: XDATA 00000F7D - 00000F9B (0x1f bytes), align: 0
  Segment part 10.            Intra module refs:   test_ETH_F
    -------------------------------------------------------------------------
XDATA_I
  Relative segment, address: XDATA 00000F9C - 00000FBE (0x23 bytes), align: 0
  Segment part 12.            Intra module refs:   test_IP_HEADER
    -------------------------------------------------------------------------
XDATA_I
  Relative segment, address: XDATA 00000FBF - 00000FDC (0x1e bytes), align: 0
  Segment part 14.            Intra module refs:   test_SYNC
    -------------------------------------------------------------------------
XDATA_I
  Relative segment, address: XDATA 00000FDD - 00000FEA (0xe bytes), align: 0
  Segment part 16.            Intra module refs:   suite_Frames

    *************************************************************************

  FILE NAME : \\vmware-host\Shared Folders\Projects\WMNU\IAR\PRJ_UNITEST\Debug\Obj\utest_LLC.r51
    *************************************************************************

  FILE NAME : \\vmware-host\Shared Folders\Projects\WMNU\IAR\PRJ_UNITEST\Debug\Obj\utest_MAC.r51
    *************************************************************************

  FILE NAME : \\vmware-host\Shared Folders\Projects\WMNU\IAR\PRJ_UNITEST\Debug\Obj\utest_NTMR.r51
    *************************************************************************

  FILE NAME : \\vmware-host\Shared Folders\Projects\WMNU\IAR\PRJ_UNITEST\Debug\Obj\utest_suite.r51
  PROGRAM MODULE, NAME : utest_suite

  SEGMENTS IN THE MODULE
  ======================
XDATA_Z
  Relative segment, address: XDATA 00000F00 - 00000F03 (0x4 bytes), align: 0
  Segment part 26.            Intra module refs:   umsg
                                                   umsg_summary
           LOCAL                   ADDRESS         
           =====                   =======         
           utest_summary           00000F00 
    -------------------------------------------------------------------------
<BANKED_CODE> 1 (was BANKED_CODE)
  Relative segment, address: CODE 00002A60 - 00002AD5 (0x76 bytes), align: 0
  Segment part 31.            Intra module refs:   umsg::?relay
           ENTRY                   ADDRESS         REF BY
           =====                   =======         ======
           umsg                    00002A60 
               calls direct
               XSTACK = 00000000 ( 00000014 )
    -------------------------------------------------------------------------
<BANKED_CODE> 1 (was BANKED_CODE)
  Relative segment, address: CODE 00002AD6 - 00002B02 (0x2d bytes), align: 0
  Segment part 33.            Intra module refs:   umsg_line::?relay
           ENTRY                   ADDRESS         REF BY
           =====                   =======         ======
           umsg_line               00002AD6 
               calls direct
               XSTACK = 00000000 ( 0000000C )
    -------------------------------------------------------------------------
<BANKED_CODE> 1 (was BANKED_CODE)
  Relative segment, address: CODE 00002B03 - 00002B54 (0x52 bytes), align: 0
  Segment part 35.            Intra module refs:   umsg_summary::?relay
           ENTRY                   ADDRESS         REF BY
           =====                   =======         ======
           umsg_summary            00002B03 
               calls direct
               XSTACK = 00000000 ( 00000002 )
               ISTACK = 00000000 ( 00000002 )
    -------------------------------------------------------------------------
XDATA_ID
  Relative segment, address: CODE 00000171 - 00000199 (0x29 bytes), align: 0
  Segment part 7.             Intra module refs:   Segment part 6
    -------------------------------------------------------------------------
XDATA_ID
  Relative segment, address: CODE 0000019A - 000001A0 (0x7 bytes), align: 0
  Segment part 9.             Intra module refs:   Segment part 8
    -------------------------------------------------------------------------
XDATA_ID
  Relative segment, address: CODE 000001A1 - 000001AD (0xd bytes), align: 0
  Segment part 11.            Intra module refs:   Segment part 10
    -------------------------------------------------------------------------
XDATA_ID
  Relative segment, address: CODE 000001AE - 000001D5 (0x28 bytes), align: 0
  Segment part 13.            Intra module refs:   Segment part 12
    -------------------------------------------------------------------------
XDATA_ID
  Relative segment, address: CODE 000001D6 - 000001D9 (0x4 bytes), align: 0
  Segment part 15.            Intra module refs:   Segment part 14
    -------------------------------------------------------------------------
XDATA_ID
  Relative segment, address: CODE 000001DA - 000001EB (0x12 bytes), align: 0
  Segment part 17.            Intra module refs:   Segment part 16
    -------------------------------------------------------------------------
XDATA_ID
  Relative segment, address: CODE 000001EC - 000001F7 (0xc bytes), align: 0
  Segment part 19.            Intra module refs:   Segment part 18
    -------------------------------------------------------------------------
XDATA_ID
  Relative segment, address: CODE 000001F8 - 00000203 (0xc bytes), align: 0
  Segment part 21.            Intra module refs:   Segment part 20
    -------------------------------------------------------------------------
XDATA_ID
  Relative segment, address: CODE 00000204 - 00000211 (0xe bytes), align: 0
  Segment part 23.            Intra module refs:   Segment part 22
    -------------------------------------------------------------------------
XDATA_ID
  Relative segment, address: CODE 00000212 - 0000021F (0xe bytes), align: 0
  Segment part 25.            Intra module refs:   Segment part 24
    -------------------------------------------------------------------------
BANK_RELAYS
  Relative segment, address: CODE 00000279 - 0000027E (0x6 bytes), align: 0
  Segment part 32.
           ENTRY                   ADDRESS         REF BY
           =====                   =======         ======
           umsg::?relay            00000279        test_ETH_F (utest_Frames)
                                                   test_ETH_H (utest_Frames)
                                                   test_IP_HEADER (utest_Frames)
                                                   test_SYNC (utest_Frames)
    -------------------------------------------------------------------------
BANK_RELAYS
  Relative segment, address: CODE 0000027F - 00000284 (0x6 bytes), align: 0
  Segment part 34.            Intra module refs:   umsg_summary
           ENTRY                   ADDRESS         REF BY
           =====                   =======         ======
           umsg_line::?relay       0000027F        suite_Frames (utest_Frames)
    -------------------------------------------------------------------------
BANK_RELAYS
  Relative segment, address: CODE 00000285 - 0000028A (0x6 bytes), align: 0
  Segment part 36.
           ENTRY                   ADDRESS         REF BY
           =====                   =======         ======
           umsg_summary::?relay    00000285        main (utest)
    -------------------------------------------------------------------------
XDATA_I
  Relative segment, address: XDATA 00000FEB - 00001013 (0x29 bytes), align: 0
  Segment part 6.             Intra module refs:   umsg
    -------------------------------------------------------------------------
XDATA_I
  Relative segment, address: XDATA 00001014 - 0000101A (0x7 bytes), align: 0
  Segment part 8.             Intra module refs:   umsg
    -------------------------------------------------------------------------
XDATA_I
  Relative segment, address: XDATA 0000101B - 00001027 (0xd bytes), align: 0
  Segment part 10.            Intra module refs:   umsg
    -------------------------------------------------------------------------
XDATA_I
  Relative segment, address: XDATA 00001028 - 0000104F (0x28 bytes), align: 0
  Segment part 12.            Intra module refs:   umsg_line
    -------------------------------------------------------------------------
XDATA_I
  Relative segment, address: XDATA 00001050 - 00001053 (0x4 bytes), align: 0
  Segment part 14.            Intra module refs:   umsg_line
    -------------------------------------------------------------------------
XDATA_I
  Relative segment, address: XDATA 00001054 - 00001065 (0x12 bytes), align: 0
  Segment part 16.            Intra module refs:   umsg_summary
    -------------------------------------------------------------------------
XDATA_I
  Relative segment, address: XDATA 00001066 - 00001071 (0xc bytes), align: 0
  Segment part 18.            Intra module refs:   umsg_summary
    -------------------------------------------------------------------------
XDATA_I
  Relative segment, address: XDATA 00001072 - 0000107D (0xc bytes), align: 0
  Segment part 20.            Intra module refs:   umsg_summary
    -------------------------------------------------------------------------
XDATA_I
  Relative segment, address: XDATA 0000107E - 0000108B (0xe bytes), align: 0
  Segment part 22.            Intra module refs:   umsg_summary
    -------------------------------------------------------------------------
XDATA_I
  Relative segment, address: XDATA 0000108C - 00001099 (0xe bytes), align: 0
  Segment part 24.            Intra module refs:   umsg_summary

    *************************************************************************

  FILE NAME : \\vmware-host\Shared Folders\Projects\WMNU\IAR\PRJ_UNITEST\Debug\Obj\utest_TIC.r51
    *************************************************************************

  FILE NAME : C:\Program Files (x86)\IAR Systems\Embedded Workbench 8.0\8051\LIB\DLIB\dl-pli-blxd-1e16x01n.r51
  LIBRARY MODULE, NAME : ?__dbg_break

  SEGMENTS IN THE MODULE
  ======================
<BANKED_CODE> 1 (was BANKED_CODE)
  Relative segment, address: CODE 00002E89 - 00002E8B (0x3 bytes), align: 0
  Segment part 6.             Intra module refs:   __DebugBreak::?relay
           ENTRY                   ADDRESS         REF BY
           =====                   =======         ======
           __DebugBreak            00002E89 
    -------------------------------------------------------------------------
BANK_RELAYS
  Relative segment, address: CODE 0000028B - 00000290 (0x6 bytes), align: 0
  Segment part 7.
           ENTRY                   ADDRESS         REF BY
           =====                   =======         ======
           __DebugBreak::?relay    0000028B        __dwrite (?__dwrite)
                                                   __exit (?__exit)

    -------------------------------------------------------------------------
  LIBRARY MODULE, NAME : ?__dwrite

  SEGMENTS IN THE MODULE
  ======================
<BANKED_CODE> 1 (was BANKED_CODE)
  Relative segment, address: CODE 00002C84 - 00002CD4 (0x51 bytes), align: 0
  Segment part 6.             Intra module refs:   __dwrite::?relay
           ENTRY                   ADDRESS         REF BY
           =====                   =======         ======
           __dwrite                00002C84 
               calls direct
               XSTACK = 00000002 ( 00000008 )
               ISTACK = 00000000 ( 00000002 )
    -------------------------------------------------------------------------
BANK_RELAYS
  Relative segment, address: CODE 00000291 - 00000296 (0x6 bytes), align: 0
  Segment part 7.
           ENTRY                   ADDRESS         REF BY
           =====                   =======         ======
           __dwrite::?relay        00000291        __write (?__write)

    -------------------------------------------------------------------------
  LIBRARY MODULE, NAME : ?__exit

  SEGMENTS IN THE MODULE
  ======================
<BANKED_CODE> 1 (was BANKED_CODE)
  Relative segment, address: CODE 00002E36 - 00002E59 (0x24 bytes), align: 0
  Segment part 6.
           ENTRY                   ADDRESS         REF BY
           =====                   =======         ======
           __exit                  00002E36        Segment part 10 (?cexit)
               calls direct
               XSTACK = 00000000 ( 0000000B )

    -------------------------------------------------------------------------
  LIBRARY MODULE, NAME : ?__write

  SEGMENTS IN THE MODULE
  ======================
<BANKED_CODE> 1 (was BANKED_CODE)
  Relative segment, address: CODE 00002DEB - 00002E10 (0x26 bytes), align: 0
  Segment part 6.             Intra module refs:   __write::?relay
           ENTRY                   ADDRESS         REF BY
           =====                   =======         ======
           __write                 00002DEB 
               calls direct
               XSTACK = 00000002 ( 00000002 )
               ISTACK = 00000000 ( 00000002 )
    -------------------------------------------------------------------------
BANK_RELAYS
  Relative segment, address: CODE 00000297 - 0000029C (0x6 bytes), align: 0
  Segment part 7.
           ENTRY                   ADDRESS         REF BY
           =====                   =======         ======
           __write::?relay         00000297        putchar (?putchar)

    -------------------------------------------------------------------------
  LIBRARY MODULE, NAME : ?cexit

  SEGMENTS IN THE MODULE
  ======================
CSTART
  Relative segment, address: CODE 00000003, align: 0
  Segment part 5.             Intra module refs:   _exit::?relay
           ENTRY                   ADDRESS         REF BY
           =====                   =======         ======
           _exit                   00000003 
               calls direct
    -------------------------------------------------------------------------
CSTART
  Relative segment, address: CODE 00000003 - 0000000D (0xb bytes), align: 0
  Segment part 10.            Intra module refs:   _exit
    -------------------------------------------------------------------------
BANK_RELAYS
  Relative segment, address: CODE 0000029D - 000002A2 (0x6 bytes), align: 0
  Segment part 11.
           ENTRY                   ADDRESS         REF BY
           =====                   =======         ======
           _exit::?relay           0000029D        exit (?exit)

    -------------------------------------------------------------------------
  LIBRARY MODULE, NAME : ?cmain

  SEGMENTS IN THE MODULE
  ======================
CSTART
  Relative segment, address: CODE 0000000E, align: 0
  Segment part 5.
           ENTRY                   ADDRESS         REF BY
           =====                   =======         ======
           ?cmain                  0000000E        Segment part 13 (CSTARTUP)
               calls direct
    -------------------------------------------------------------------------
CSTART
  Relative segment, address: CODE 0000000E - 0000001D (0x10 bytes), align: 0
  Segment part 16.
           ENTRY                   ADDRESS         REF BY
           =====                   =======         ======
           __INIT_XDATA_Z          0000000E        utest_summary (utest_suite)
    -------------------------------------------------------------------------
CSTART
  Relative segment, address: CODE 0000001E - 00000043 (0x26 bytes), align: 0
  Segment part 33.
           ENTRY                   ADDRESS         REF BY
           =====                   =======         ======
           __INIT_XDATA_I          0000001E        Segment part 10 (?xprintflarge)
                                                   Segment part 10 (utest)
                                                   Segment part 10 (utest_Frames)
                                                   Segment part 10 (utest_suite)
                                                   Segment part 12 (?xprintflarge)
                                                   Segment part 12 (utest)
                                                   Segment part 12 (utest_Frames)
                                                   Segment part 12 (utest_suite)
                                                   Segment part 14 (?xprintflarge)
                                                   Segment part 14 (utest)
                                                   Segment part 14 (utest_Frames)
                                                   Segment part 14 (utest_suite)
                                                   Segment part 16 (?xprintflarge)
                                                   Segment part 16 (utest_Frames)
                                                   Segment part 16 (utest_suite)
                                                   Segment part 18 (utest_suite)
                                                   Segment part 20 (utest_suite)
                                                   Segment part 22 (utest_suite)
                                                   Segment part 24 (utest_suite)
                                                   Segment part 6 (?xprintflarge)
                                                   Segment part 6 (utest)
                                                   Segment part 6 (utest_Frames)
                                                   Segment part 6 (utest_suite)
                                                   Segment part 8 (?xprintflarge)
                                                   Segment part 8 (utest)
                                                   Segment part 8 (utest_Frames)
                                                   Segment part 8 (utest_suite)
                                                   __Constant_0 (?xprintflarge)
                                                   __Constant_186a0 (?xprintflarge)
                                                   __Constant_3f800000 (?xprintflarge)
                                                   __Constant_4cbebc20 (?xprintflarge)
                                                   __Constant_7597 (?xprintflarge)
                                                   __Constant_a (?xprintflarge)
                                                   __Constant_ffff (?xprintflarge)
    -------------------------------------------------------------------------
DIFUNCT
  Relative segment, address: CODE 00000ED7, align: 0
  Segment part 38. ROOT 
    -------------------------------------------------------------------------
CSTART
  Relative segment, address: CODE 00000044 - 00000059 (0x16 bytes), align: 0
  Segment part 40.            Intra module refs:   ?cmain
           ENTRY                   ADDRESS         REF BY
           =====                   =======         ======
           ?call_main              00000044 

    -------------------------------------------------------------------------
  LIBRARY MODULE, NAME : CSTARTUP

  SEGMENTS IN THE MODULE
  ======================
REGISTERS
  Relative segment, address: DATA 00000000, align: 0
  Segment part 0.             Intra module refs:   Segment part 6
           ENTRY                   ADDRESS         REF BY
           =====                   =======         ======
           ?REGISTERS              00000000 
    -------------------------------------------------------------------------
ISTACK
  Relative segment, address: IDATA 000000C0, align: 0
  Segment part 1.             Intra module refs:   Segment part 6
           ENTRY                   ADDRESS         REF BY
           =====                   =======         ======
           ?ISTACK_START           000000C0 
    -------------------------------------------------------------------------
XSTACK
  Relative segment, address: XDATA 00000001, align: 0
  Segment part 3.             Intra module refs:   ?RESET_XSP
           ENTRY                   ADDRESS         REF BY
           =====                   =======         ======
           ?XSTACK_START           00000001 
    -------------------------------------------------------------------------
INTVEC
  Common segment, address: CODE 00000000 - 00000002 (0x3 bytes), align: 0
  Segment part 5. ROOT        Intra module refs:   Segment part 6
    -------------------------------------------------------------------------
CSTART
  Relative segment, address: CODE 0000005A - 0000005F (0x6 bytes), align: 0
  Segment part 6. ROOT        Intra module refs:   Segment part 5
           ENTRY                   ADDRESS         REF BY
           =====                   =======         ======
           __program_start         0000005A        Absolute parts (?ABS_ENTRY_MOD)
           ?RESET_SP               0000005D 
    -------------------------------------------------------------------------
CSTART
  Relative segment, address: CODE 00000060 - 00000065 (0x6 bytes), align: 0
  Segment part 8.
           ENTRY                   ADDRESS         REF BY
           =====                   =======         ======
           ?RESET_XSP              00000060        ?XSP (VIRTUAL_REGISTERS)
    -------------------------------------------------------------------------
CSTART
  Relative segment, address: CODE 00000066 - 00000068 (0x3 bytes), align: 0
  Segment part 9.
           ENTRY                   ADDRESS         REF BY
           =====                   =======         ======
           ?RESET_CODE_BANK        00000066        Absolute parts (?BANKED_CODE_SUPPORT)
    -------------------------------------------------------------------------
CSTART
  Relative segment, address: CODE 00000069 - 0000006B (0x3 bytes), align: 0
  Segment part 13.            Intra module refs:   Absolute parts

    -------------------------------------------------------------------------
  LIBRARY MODULE, NAME : VIRTUAL_REGISTERS

  SEGMENTS IN THE MODULE
  ======================
BREG
  Relative segment, address: BIT 00000020.0 - 00000020.7 (0x8 bits), align: 0
  Segment part 0.
           ENTRY                   ADDRESS         REF BY
           =====                   =======         ======
           ?B0                     00000020.0      Absolute parts (CSTARTUP)
    -------------------------------------------------------------------------
VREG
  Relative segment, address: DATA 00000008 - 00000008 (0x1 bytes), align: 0
  Segment part 1.             Intra module refs:   ?V1
           ENTRY                   ADDRESS         REF BY
           =====                   =======         ======
           ?V0                     00000008        ?BANKED_ENTER_XDATA (?BANKED_ENTER_XDATA)
                                                   ?BANKED_LEAVE_XDATA (?BANKED_LEAVE_XDATA)
                                                   ?SL_GE_X (?SL_GE_X)
                                                   Segment part 116 (?xprintflarge)
                                                   Segment part 117 (?xprintflarge)
                                                   Segment part 118 (?xprintflarge)
                                                   Segment part 120 (?xprintflarge)
                                                   Segment part 145 (?xprintflarge)
                                                   Segment part 146 (?xprintflarge)
                                                   Segment part 157 (?xprintflarge)
                                                   Segment part 39 (?xprintflarge)
                                                   Segment part 51 (?xprintflarge)
                                                   Segment part 55 (?xprintflarge)
                                                   Segment part 74 (?xprintflarge)
                                                   Segment part 87 (?xprintflarge)
                                                   _GenldLarge (?xprintflarge)
                                                   _LdtobLarge (?xprintflarge)
                                                   _LitobLarge (?xprintflarge)
                                                   _PrintfLarge (?xprintflarge)
                                                   _Prout (?xprout)
                                                   _PutcharLarge (?xprintflarge)
                                                   _PutcharsLarge (?xprintflarge)
                                                   div (?div)
                                                   main (utest)
                                                   memcpy (?memcpy)
                                                   pad (?xprintflarge)
                                                   printf (?printf)
                                                   putchar (?putchar)
                                                   scale (?xprintflarge)
                                                   test_ETH_F (utest_Frames)
                                                   test_ETH_H (utest_Frames)
                                                   test_IP_HEADER (utest_Frames)
                                                   test_SYNC (utest_Frames)
                                                   umsg (utest_suite)
                                                   umsg_line (utest_suite)
    -------------------------------------------------------------------------
VREG
  Relative segment, address: DATA 00000009 - 00000009 (0x1 bytes), align: 0
  Segment part 2.             Intra module refs:   ?V2
           ENTRY                   ADDRESS         REF BY
           =====                   =======         ======
           ?V1                     00000009        Segment part 117 (?xprintflarge)
                                                   Segment part 118 (?xprintflarge)
                                                   Segment part 119 (?xprintflarge)
                                                   Segment part 121 (?xprintflarge)
                                                   Segment part 145 (?xprintflarge)
                                                   Segment part 146 (?xprintflarge)
                                                   Segment part 157 (?xprintflarge)
                                                   Segment part 44 (?xprintflarge)
                                                   Segment part 54 (?xprintflarge)
                                                   Segment part 74 (?xprintflarge)
                                                   Segment part 86 (?xprintflarge)
                                                   Segment part 88 (?xprintflarge)
                                                   _GenldLarge (?xprintflarge)
                                                   _LdtobLarge (?xprintflarge)
                                                   _LitobLarge (?xprintflarge)
                                                   _PrintfLarge (?xprintflarge)
                                                   _Prout (?xprout)
                                                   _PutcharLarge (?xprintflarge)
                                                   _PutcharsLarge (?xprintflarge)
                                                   div (?div)
                                                   main (utest)
                                                   pad (?xprintflarge)
                                                   printf (?printf)
                                                   putchar (?putchar)
                                                   scale (?xprintflarge)
                                                   test_ETH_F (utest_Frames)
                                                   test_ETH_H (utest_Frames)
                                                   test_IP_HEADER (utest_Frames)
                                                   test_SYNC (utest_Frames)
                                                   umsg (utest_suite)
                                                   umsg_line (utest_suite)
    -------------------------------------------------------------------------
VREG
  Relative segment, address: DATA 0000000A - 0000000A (0x1 bytes), align: 0
  Segment part 3.             Intra module refs:   ?V3
           ENTRY                   ADDRESS         REF BY
           =====                   =======         ======
           ?V2                     0000000A        Segment part 118 (?xprintflarge)
                                                   Segment part 120 (?xprintflarge)
                                                   Segment part 146 (?xprintflarge)
                                                   Segment part 152 (?xprintflarge)
                                                   Segment part 74 (?xprintflarge)
                                                   _GenldLarge (?xprintflarge)
                                                   _LdtobLarge (?xprintflarge)
                                                   _LitobLarge (?xprintflarge)
                                                   _PrintfLarge (?xprintflarge)
                                                   _Prout (?xprout)
                                                   _PutcharLarge (?xprintflarge)
                                                   _PutcharsLarge (?xprintflarge)
                                                   pad (?xprintflarge)
                                                   scale (?xprintflarge)
                                                   umsg (utest_suite)
    -------------------------------------------------------------------------
VREG
  Relative segment, address: DATA 0000000B - 0000000B (0x1 bytes), align: 0
  Segment part 4.             Intra module refs:   ?V4
           ENTRY                   ADDRESS         REF BY
           =====                   =======         ======
           ?V3                     0000000B        Segment part 118 (?xprintflarge)
                                                   Segment part 120 (?xprintflarge)
                                                   Segment part 146 (?xprintflarge)
                                                   Segment part 152 (?xprintflarge)
                                                   Segment part 74 (?xprintflarge)
                                                   _GenldLarge (?xprintflarge)
                                                   _LdtobLarge (?xprintflarge)
                                                   _LitobLarge (?xprintflarge)
                                                   _PrintfLarge (?xprintflarge)
                                                   _PutcharsLarge (?xprintflarge)
                                                   pad (?xprintflarge)
                                                   scale (?xprintflarge)
                                                   umsg (utest_suite)
    -------------------------------------------------------------------------
VREG
  Relative segment, address: DATA 0000000C - 0000000C (0x1 bytes), align: 0
  Segment part 5.             Intra module refs:   ?V5
           ENTRY                   ADDRESS         REF BY
           =====                   =======         ======
           ?V4                     0000000C        Segment part 141 (?xprintflarge)
                                                   Segment part 142 (?xprintflarge)
                                                   Segment part 74 (?xprintflarge)
                                                   _GenldLarge (?xprintflarge)
                                                   _LdtobLarge (?xprintflarge)
                                                   _LitobLarge (?xprintflarge)
                                                   _PrintfLarge (?xprintflarge)
                                                   _Prout (?xprout)
                                                   _PutcharLarge (?xprintflarge)
                                                   _PutcharsLarge (?xprintflarge)
                                                   pad (?xprintflarge)
                                                   scale (?xprintflarge)
                                                   umsg (utest_suite)
    -------------------------------------------------------------------------
VREG
  Relative segment, address: DATA 0000000D - 0000000D (0x1 bytes), align: 0
  Segment part 6.             Intra module refs:   ?V6
           ENTRY                   ADDRESS         REF BY
           =====                   =======         ======
           ?V5                     0000000D        Segment part 141 (?xprintflarge)
                                                   Segment part 142 (?xprintflarge)
                                                   _GenldLarge (?xprintflarge)
                                                   _LdtobLarge (?xprintflarge)
                                                   _LitobLarge (?xprintflarge)
                                                   _PrintfLarge (?xprintflarge)
                                                   _Prout (?xprout)
                                                   _PutcharLarge (?xprintflarge)
                                                   _PutcharsLarge (?xprintflarge)
                                                   pad (?xprintflarge)
                                                   scale (?xprintflarge)
                                                   umsg (utest_suite)
    -------------------------------------------------------------------------
VREG
  Relative segment, address: DATA 0000000E - 0000000E (0x1 bytes), align: 0
  Segment part 7.             Intra module refs:   ?V7
           ENTRY                   ADDRESS         REF BY
           =====                   =======         ======
           ?V6                     0000000E        _GenldLarge (?xprintflarge)
                                                   _LdtobLarge (?xprintflarge)
                                                   _LitobLarge (?xprintflarge)
                                                   _PutcharsLarge (?xprintflarge)
                                                   pad (?xprintflarge)
                                                   scale (?xprintflarge)
    -------------------------------------------------------------------------
VREG
  Relative segment, address: DATA 0000000F - 0000000F (0x1 bytes), align: 0
  Segment part 8.
           ENTRY                   ADDRESS         REF BY
           =====                   =======         ======
           ?V7                     0000000F        _GenldLarge (?xprintflarge)
                                                   _LdtobLarge (?xprintflarge)
                                                   _LitobLarge (?xprintflarge)
                                                   _PutcharsLarge (?xprintflarge)
                                                   pad (?xprintflarge)
                                                   scale (?xprintflarge)
    -------------------------------------------------------------------------
XSP
  Relative segment, address: DATA 00000010 - 00000011 (0x2 bytes), align: 0
  Segment part 34.
           ENTRY                   ADDRESS         REF BY
           =====                   =======         ======
           ?XSP                    00000010        ?ADD_XSTACK_DISP0_8 (?ADD_XSTACK_DISP8)
                                                   ?ALLOC_XSTACK8 (?ALLOC_XSTACK8)
                                                   ?BANKED_ENTER_XDATA (?BANKED_ENTER_XDATA)
                                                   ?BANKED_LEAVE_XDATA (?BANKED_LEAVE_XDATA)
                                                   ?DEALLOC_XSTACK8 (?DEALLOC_XSTACK8)
                                                   ?PUSH_XSTACK8_X (?PUSH_XSTACK8_X)
                                                   ?RESET_XSP (CSTARTUP)
                                                   ?XSTACK_DISP0_8 (?XSTACK_DISP8)
                                                   ?XSTACK_DISP100_8 (?XSTACK_DISP8_RP)
                                                   ?XSTACK_DISP101_8 (?XSTACK_DISP8_RP)
                                                   ?XSTACK_DISP102_8 (?XSTACK_DISP8_RP)
                                                   Segment part 110 (?xprintflarge)
                                                   Segment part 112 (?xprintflarge)
                                                   Segment part 133 (?xprintflarge)
                                                   Segment part 136 (?xprintflarge)
                                                   Segment part 144 (?xprintflarge)
                                                   Segment part 148 (?xprintflarge)
                                                   Segment part 68 (?xprintflarge)
                                                   Segment part 77 (?xprintflarge)
                                                   Segment part 8 (?div)
                                                   Segment part 91 (?xprintflarge)
                                                   _GenldLarge (?xprintflarge)
                                                   _LdtobLarge (?xprintflarge)
                                                   _LitobLarge (?xprintflarge)
                                                   _PrintfLarge (?xprintflarge)
                                                   __dwrite (?__dwrite)
                                                   __exit (?__exit)
                                                   __iar_Memchr (?memchr)
                                                   __write (?__write)
                                                   div (?div)
                                                   memset (?memset)
                                                   pad (?xprintflarge)
                                                   printf (?printf)
                                                   putchar (?putchar)
                                                   scale (?xprintflarge)

    -------------------------------------------------------------------------
  LIBRARY MODULE, NAME : ?div

  SEGMENTS IN THE MODULE
  ======================
<BANKED_CODE> 1 (was BANKED_CODE)
  Relative segment, address: CODE 00002B55 - 00002BC1 (0x6d bytes), align: 0
  Segment part 6.             Intra module refs:   div::?relay
           ENTRY                   ADDRESS         REF BY
           =====                   =======         ======
           div                     00002B55 
               XSTACK = 00000002 ( 0000000E )
               ISTACK = 00000000 ( 00000002 )
    -------------------------------------------------------------------------
<BANKED_CODE> 1 (was BANKED_CODE)
  Relative segment, address: CODE 00002BC2 - 00002BCD (0xc bytes), align: 0
  Segment part 8.             Intra module refs:   div
    -------------------------------------------------------------------------
BANK_RELAYS
  Relative segment, address: CODE 000002A3 - 000002A8 (0x6 bytes), align: 0
  Segment part 7.
           ENTRY                   ADDRESS         REF BY
           =====                   =======         ======
           div::?relay             000002A3        _GenldLarge (?xprintflarge)

    -------------------------------------------------------------------------
  LIBRARY MODULE, NAME : ?exit

  SEGMENTS IN THE MODULE
  ======================
<BANKED_CODE> 1 (was BANKED_CODE)
  Relative segment, address: CODE 00002E78 - 00002E85 (0xe bytes), align: 0
  Segment part 6.
           ENTRY                   ADDRESS         REF BY
           =====                   =======         ======
           exit                    00002E78        ?call_main (?cmain)
               calls direct
               ISTACK = 00000000 ( 00000002 )

    -------------------------------------------------------------------------
  LIBRARY MODULE, NAME : ?BANKED_CODE_SUPPORT

  SEGMENTS IN THE MODULE
  ======================
CSTART
  Relative segment, address: CODE 0000006C - 00000089 (0x1e bytes), align: 0
  Segment part 0.
           ENTRY                   ADDRESS         REF BY
           =====                   =======         ======
           ?BCALL_FF               0000006C        ?call_main (?cmain)
                                                   Segment part 10 (?cexit)
           ?BRET_FF                00000072        ?BANKED_LEAVE_XDATA (?BANKED_LEAVE_XDATA)
                                                   __DebugBreak (?__dbg_break)
                                                   __dwrite (?__dwrite)
                                                   __iar_Memchr (?memchr)
                                                   __iar_Strchr (?strchr)
                                                   __write (?__write)
                                                   exit (?exit)
                                                   memset (?memset)
                                                   nwDebugerInit (nwdebuger)
                                                   strlen (?strlen)
                                                   suite_Frames (utest_Frames)
                                                   umsg_summary (utest_suite)
           ?BDISPATCH_FF           00000075        _GenldLarge::?relay (?xprintflarge)
                                                   _LdtobLarge::?relay (?xprintflarge)
                                                   _LitobLarge::?relay (?xprintflarge)
                                                   _PrintfLarge::?relay (?xprintflarge)
                                                   _Prout::?relay (?xprout)
                                                   _PutcharLarge::?relay (?xprintflarge)
                                                   _PutcharsLarge::?relay (?xprintflarge)
                                                   __DebugBreak::?relay (?__dbg_break)
                                                   __dwrite::?relay (?__dwrite)
                                                   __iar_Memchr::?relay (?memchr)
                                                   __iar_Strchr::?relay (?strchr)
                                                   __write::?relay (?__write)
                                                   _exit::?relay (?cexit)
                                                   div::?relay (?div)
                                                   memcpy::?relay (?memcpy)
                                                   memset::?relay (?memset)
                                                   nwDebugerInit::?relay (nwdebuger)
                                                   pad::?relay (?xprintflarge)
                                                   printf::?relay (?printf)
                                                   putchar::?relay (?putchar)
                                                   scale::?relay (?xprintflarge)
                                                   strlen::?relay (?strlen)
                                                   suite_Frames::?relay (utest_Frames)
                                                   test_ETH_F::?relay (utest_Frames)
                                                   test_ETH_H::?relay (utest_Frames)
                                                   test_IP_HEADER::?relay (utest_Frames)
                                                   test_SYNC::?relay (utest_Frames)
                                                   umsg::?relay (utest_suite)
                                                   umsg_line::?relay (utest_suite)
                                                   umsg_summary::?relay (utest_suite)

    -------------------------------------------------------------------------
  LIBRARY MODULE, NAME : ?SL_GT_X

  SEGMENTS IN THE MODULE
  ======================
RCODE
  Relative segment, address: CODE 00000309 - 0000031D (0x15 bytes), align: 0
  Segment part 1.
           ENTRY                   ADDRESS         REF BY
           =====                   =======         ======
           ?SL_GT_X                00000309        _PrintfLarge (?xprintflarge)

    -------------------------------------------------------------------------
  LIBRARY MODULE, NAME : ?SL_GE_X

  SEGMENTS IN THE MODULE
  ======================
RCODE
  Relative segment, address: CODE 0000031E - 00000343 (0x26 bytes), align: 0
  Segment part 1.
           ENTRY                   ADDRESS         REF BY
           =====                   =======         ======
           ?SL_GE_X                0000031E        _LitobLarge (?xprintflarge)

    -------------------------------------------------------------------------
  LIBRARY MODULE, NAME : ?L_TO_FLT

  SEGMENTS IN THE MODULE
  ======================
RCODE
  Relative segment, address: CODE 00000344 - 000003A0 (0x5d bytes), align: 0
  Segment part 3.
           ENTRY                   ADDRESS         REF BY
           =====                   =======         ======
           ?UL_TO_FLT              00000344        _LdtobLarge (?xprintflarge)

    -------------------------------------------------------------------------
  LIBRARY MODULE, NAME : ?FLT_TO_L

  SEGMENTS IN THE MODULE
  ======================
RCODE
  Relative segment, address: CODE 000003A1 - 000003AB (0xb bytes), align: 0
  Segment part 2.
           ENTRY                   ADDRESS         REF BY
           =====                   =======         ======
           ?FLT_TO_UL              000003A1        _LdtobLarge (?xprintflarge)
    -------------------------------------------------------------------------
RCODE
  Relative segment, address: CODE 000003AC - 000003B7 (0xc bytes), align: 0
  Segment part 6.             Intra module refs:   ?FLT_TO_UL
    -------------------------------------------------------------------------
RCODE
  Relative segment, address: CODE 000003B8 - 00000406 (0x4f bytes), align: 0
  Segment part 7.             Intra module refs:   ?FLT_TO_UL

    -------------------------------------------------------------------------
  LIBRARY MODULE, NAME : ?FLT_TEST_ZERO

  SEGMENTS IN THE MODULE
  ======================
RCODE
  Relative segment, address: CODE 00000407 - 0000040F (0x9 bytes), align: 0
  Segment part 1.
           ENTRY                   ADDRESS         REF BY
           =====                   =======         ======
           ?FLT_TEST_ZERO_REW      00000407        ?FLT_ADD (?FLT_ADD)
                                                   ?FLT_DIV (?FLT_DIV)
                                                   ?FLT_LT (?FLT_LT)
                                                   ?FLT_MUL (?FLT_MUL)

    -------------------------------------------------------------------------
  LIBRARY MODULE, NAME : ?FLT_TEST_ZERO_R1

  SEGMENTS IN THE MODULE
  ======================
RCODE
  Relative segment, address: CODE 00000410 - 00000418 (0x9 bytes), align: 0
  Segment part 1.
           ENTRY                   ADDRESS         REF BY
           =====                   =======         ======
           ?FLT_TEST_ZERO_R1_REW   00000410        ?FLT_ADD (?FLT_ADD)
                                                   ?FLT_DIV (?FLT_DIV)
                                                   ?FLT_LT (?FLT_LT)
                                                   ?FLT_MUL (?FLT_MUL)

    -------------------------------------------------------------------------
  LIBRARY MODULE, NAME : ?FLT_TEST_INF

  SEGMENTS IN THE MODULE
  ======================
RCODE
  Relative segment, address: CODE 00000419 - 0000041B (0x3 bytes), align: 0
  Segment part 0.
           ENTRY                   ADDRESS         REF BY
           =====                   =======         ======
           ?FLT_TEST_INF_REW       00000419        ?FLT_ADD (?FLT_ADD)
                                                   ?FLT_MUL (?FLT_MUL)
    -------------------------------------------------------------------------
RCODE
  Relative segment, address: CODE 0000041C - 0000042C (0x11 bytes), align: 0
  Segment part 1.             Intra module refs:   ?FLT_TEST_INF_REW
           ENTRY                   ADDRESS         REF BY
           =====                   =======         ======
           ?FLT_TEST_INF           0000041C        ?FLT_DIV (?FLT_DIV)

    -------------------------------------------------------------------------
  LIBRARY MODULE, NAME : ?FLT_TEST_INF_R1

  SEGMENTS IN THE MODULE
  ======================
RCODE
  Relative segment, address: CODE 0000042D - 0000042F (0x3 bytes), align: 0
  Segment part 0.
           ENTRY                   ADDRESS         REF BY
           =====                   =======         ======
           ?FLT_TEST_INF_R1_REW    0000042D        ?FLT_ADD (?FLT_ADD)
                                                   ?FLT_MUL (?FLT_MUL)
    -------------------------------------------------------------------------
RCODE
[...]
<BANKED_CODE> 1 (was BANKED_CODE)
  Relative segment, address: CODE 00002818 - 00002821 (0xa bytes), align: 0
  Segment part 138.           Intra module refs:   _GenldLarge
    -------------------------------------------------------------------------
<BANKED_CODE> 1 (was BANKED_CODE)
  Relative segment, address: CODE 00002822 - 00002827 (0x6 bytes), align: 0
  Segment part 139.           Intra module refs:   _GenldLarge
                                                   _LitobLarge
    -------------------------------------------------------------------------
<BANKED_CODE> 1 (was BANKED_CODE)
  Relative segment, address: CODE 00002828 - 0000282C (0x5 bytes), align: 0
  Segment part 140.           Intra module refs:   _GenldLarge
                                                   _PrintfLarge
                                                   _PutcharLarge
    -------------------------------------------------------------------------
<BANKED_CODE> 1 (was BANKED_CODE)
  Relative segment, address: CODE 0000282D - 00002834 (0x8 bytes), align: 0
  Segment part 141.           Intra module refs:   _GenldLarge
    -------------------------------------------------------------------------
<BANKED_CODE> 1 (was BANKED_CODE)
  Relative segment, address: CODE 00002835 - 0000283D (0x9 bytes), align: 0
  Segment part 142.           Intra module refs:   Segment part 141
                                                   _GenldLarge
    -------------------------------------------------------------------------
<BANKED_CODE> 1 (was BANKED_CODE)
  Relative segment, address: CODE 0000283E - 00002845 (0x8 bytes), align: 0
  Segment part 143.           Intra module refs:   _GenldLarge
    -------------------------------------------------------------------------
<BANKED_CODE> 1 (was BANKED_CODE)
  Relative segment, address: CODE 00002846 - 00002857 (0x12 bytes), align: 0
  Segment part 144.           Intra module refs:   _GenldLarge
    -------------------------------------------------------------------------
<BANKED_CODE> 1 (was BANKED_CODE)
  Relative segment, address: CODE 00002858 - 00002860 (0x9 bytes), align: 0
  Segment part 145.           Intra module refs:   Segment part 144
                                                   _GenldLarge
    -------------------------------------------------------------------------
<BANKED_CODE> 1 (was BANKED_CODE)
  Relative segment, address: CODE 00002861 - 0000286C (0xc bytes), align: 0
  Segment part 146.           Intra module refs:   Segment part 144
                                                   _GenldLarge
    -------------------------------------------------------------------------
<BANKED_CODE> 1 (was BANKED_CODE)
  Relative segment, address: CODE 0000286D - 00002877 (0xb bytes), align: 0
  Segment part 147.           Intra module refs:   _GenldLarge
    -------------------------------------------------------------------------
<BANKED_CODE> 1 (was BANKED_CODE)
  Relative segment, address: CODE 00002878 - 00002880 (0x9 bytes), align: 0
  Segment part 148.           Intra module refs:   Segment part 147
                                                   Segment part 151
    -------------------------------------------------------------------------
<BANKED_CODE> 1 (was BANKED_CODE)
  Relative segment, address: CODE 00002881 - 00002889 (0x9 bytes), align: 0
  Segment part 149.           Intra module refs:   Segment part 140
                                                   Segment part 148
                                                   Segment part 93
    -------------------------------------------------------------------------
<BANKED_CODE> 1 (was BANKED_CODE)
  Relative segment, address: CODE 0000288A - 0000288A (0x1 bytes), align: 0
  Segment part 150.           Intra module refs:   _GenldLarge
    -------------------------------------------------------------------------
<BANKED_CODE> 1 (was BANKED_CODE)
  Relative segment, address: CODE 0000288B - 0000288D (0x3 bytes), align: 0
  Segment part 151.           Intra module refs:   Segment part 150
                                                   _GenldLarge
    -------------------------------------------------------------------------
<BANKED_CODE> 1 (was BANKED_CODE)
  Relative segment, address: CODE 0000288E - 0000289D (0x10 bytes), align: 0
  Segment part 152.           Intra module refs:   Segment part 151
                                                   _GenldLarge
    -------------------------------------------------------------------------
<BANKED_CODE> 1 (was BANKED_CODE)
  Relative segment, address: CODE 0000289E - 000028F0 (0x53 bytes), align: 0
  Segment part 153.           Intra module refs:   _PutcharLarge::?relay
           LOCAL                   ADDRESS         
           =====                   =======         
           _PutcharLarge           0000289E 
               XSTACK = 0000006C ( 0000000E )
    -------------------------------------------------------------------------
<BANKED_CODE> 1 (was BANKED_CODE)
  Relative segment, address: CODE 000028F1 - 00002942 (0x52 bytes), align: 0
  Segment part 155.           Intra module refs:   _PutcharsLarge::?relay
           LOCAL                   ADDRESS         
           =====                   =======         
           _PutcharsLarge          000028F1 
               calls direct
               XSTACK = 00000070 ( 00000010 )
    -------------------------------------------------------------------------
<BANKED_CODE> 1 (was BANKED_CODE)
  Relative segment, address: CODE 00002943 - 0000294D (0xb bytes), align: 0
  Segment part 157.           Intra module refs:   Segment part 119
                                                   _PutcharsLarge
    -------------------------------------------------------------------------
XDATA_ID
  Relative segment, address: CODE 00000220 - 00000226 (0x7 bytes), align: 0
  Segment part 7.             Intra module refs:   Segment part 6
    -------------------------------------------------------------------------
XDATA_ID
  Relative segment, address: CODE 00000227 - 0000022A (0x4 bytes), align: 0
  Segment part 9.             Intra module refs:   Segment part 8
    -------------------------------------------------------------------------
XDATA_ID
  Relative segment, address: CODE 0000022B - 0000022E (0x4 bytes), align: 0
  Segment part 11.            Intra module refs:   Segment part 10
    -------------------------------------------------------------------------
XDATA_ID
  Relative segment, address: CODE 0000022F - 00000232 (0x4 bytes), align: 0
  Segment part 13.            Intra module refs:   Segment part 12
    -------------------------------------------------------------------------
XDATA_ID
  Relative segment, address: CODE 00000233 - 00000236 (0x4 bytes), align: 0
  Segment part 15.            Intra module refs:   Segment part 14
    -------------------------------------------------------------------------
XDATA_ID
  Relative segment, address: CODE 00000237 - 00000238 (0x2 bytes), align: 0
  Segment part 17.            Intra module refs:   Segment part 16
    -------------------------------------------------------------------------
XDATA_ID
  Relative segment, address: CODE 00000239 - 0000023C (0x4 bytes), align: 0
  Segment part 19.            Intra module refs:   __Constant_ffff
    -------------------------------------------------------------------------
XDATA_ID
  Relative segment, address: CODE 0000023D - 00000240 (0x4 bytes), align: 0
  Segment part 21.            Intra module refs:   __Constant_0
    -------------------------------------------------------------------------
XDATA_ID
  Relative segment, address: CODE 00000241 - 00000244 (0x4 bytes), align: 0
  Segment part 23.            Intra module refs:   __Constant_7597
    -------------------------------------------------------------------------
XDATA_ID
  Relative segment, address: CODE 00000245 - 00000248 (0x4 bytes), align: 0
  Segment part 25.            Intra module refs:   __Constant_186a0
    -------------------------------------------------------------------------
XDATA_ID
  Relative segment, address: CODE 00000249 - 0000024C (0x4 bytes), align: 0
  Segment part 27.            Intra module refs:   __Constant_3f800000
    -------------------------------------------------------------------------
XDATA_ID
  Relative segment, address: CODE 0000024D - 00000250 (0x4 bytes), align: 0
  Segment part 29.            Intra module refs:   __Constant_a
    -------------------------------------------------------------------------
XDATA_ID
  Relative segment, address: CODE 00000251 - 00000254 (0x4 bytes), align: 0
  Segment part 31.            Intra module refs:   __Constant_4cbebc20
    -------------------------------------------------------------------------
BANK_RELAYS
  Relative segment, address: CODE 000002D3 - 000002D8 (0x6 bytes), align: 0
  Segment part 33.
           ENTRY                   ADDRESS         REF BY
           =====                   =======         ======
           _PrintfLarge::?relay    000002D3        printf (?printf)
    -------------------------------------------------------------------------
BANK_RELAYS
  Relative segment, address: CODE 000002D9 - 000002DE (0x6 bytes), align: 0
  Segment part 63.            Intra module refs:   _PrintfLarge
           LOCAL                   ADDRESS         
           =====                   =======         
           pad::?relay             000002D9 
    -------------------------------------------------------------------------
BANK_RELAYS
  Relative segment, address: CODE 000002DF - 000002E4 (0x6 bytes), align: 0
  Segment part 65.            Intra module refs:   _PrintfLarge
           LOCAL                   ADDRESS         
           =====                   =======         
           _LitobLarge::?relay     000002DF 
    -------------------------------------------------------------------------
BANK_RELAYS
  Relative segment, address: CODE 000002E5 - 000002EA (0x6 bytes), align: 0
  Segment part 79.            Intra module refs:   _LdtobLarge
           LOCAL                   ADDRESS         
           =====                   =======         
           scale::?relay           000002E5 
    -------------------------------------------------------------------------
BANK_RELAYS
  Relative segment, address: CODE 000002EB - 000002F0 (0x6 bytes), align: 0
  Segment part 82.            Intra module refs:   _PrintfLarge
           LOCAL                   ADDRESS         
           =====                   =======         
           _LdtobLarge::?relay     000002EB 
    -------------------------------------------------------------------------
BANK_RELAYS
  Relative segment, address: CODE 000002F1 - 000002F6 (0x6 bytes), align: 0
  Segment part 115.           Intra module refs:   _LdtobLarge
           LOCAL                   ADDRESS         
           =====                   =======         
           _GenldLarge::?relay     000002F1 
    -------------------------------------------------------------------------
BANK_RELAYS
  Relative segment, address: CODE 000002F7 - 000002FC (0x6 bytes), align: 0
  Segment part 154.           Intra module refs:   _PrintfLarge
                                                   _PutcharsLarge
           LOCAL                   ADDRESS         
           =====                   =======         
           _PutcharLarge::?relay   000002F7 
    -------------------------------------------------------------------------
BANK_RELAYS
  Relative segment, address: CODE 000002FD - 00000302 (0x6 bytes), align: 0
  Segment part 156.           Intra module refs:   _PrintfLarge
                                                   pad
           LOCAL                   ADDRESS         
           =====                   =======         
           _PutcharsLarge::?relay
                                   000002FD 
    -------------------------------------------------------------------------
XDATA_I
  Relative segment, address: XDATA 0000109A - 000010A0 (0x7 bytes), align: 0
  Segment part 6.             Intra module refs:   _PrintfLarge
    -------------------------------------------------------------------------
XDATA_I
  Relative segment, address: XDATA 000010A1 - 000010A4 (0x4 bytes), align: 0
  Segment part 8.             Intra module refs:   _LdtobLarge
    -------------------------------------------------------------------------
XDATA_I
  Relative segment, address: XDATA 000010A5 - 000010A8 (0x4 bytes), align: 0
  Segment part 10.            Intra module refs:   _LdtobLarge
    -------------------------------------------------------------------------
XDATA_I
  Relative segment, address: XDATA 000010A9 - 000010AC (0x4 bytes), align: 0
  Segment part 12.            Intra module refs:   _LdtobLarge
    -------------------------------------------------------------------------
XDATA_I
  Relative segment, address: XDATA 000010AD - 000010B0 (0x4 bytes), align: 0
  Segment part 14.            Intra module refs:   _LdtobLarge
    -------------------------------------------------------------------------
XDATA_I
  Relative segment, address: XDATA 000010B1 - 000010B2 (0x2 bytes), align: 0
  Segment part 16.            Intra module refs:   _GenldLarge
    -------------------------------------------------------------------------
XDATA_I
  Relative segment, address: XDATA 000010B3 - 000010B6 (0x4 bytes), align: 0
  Segment part 18.            Intra module refs:   _PrintfLarge
           ENTRY                   ADDRESS         REF BY
           =====                   =======         ======
           __Constant_ffff         000010B3 
    -------------------------------------------------------------------------
XDATA_I
  Relative segment, address: XDATA 000010B7 - 000010BA (0x4 bytes), align: 0
  Segment part 20.            Intra module refs:   _LdtobLarge
                                                   _LitobLarge
                                                   _PrintfLarge
           ENTRY                   ADDRESS         REF BY
           =====                   =======         ======
           __Constant_0            000010B7 
    -------------------------------------------------------------------------
XDATA_I
  Relative segment, address: XDATA 000010BB - 000010BE (0x4 bytes), align: 0
  Segment part 22.            Intra module refs:   _LdtobLarge
           ENTRY                   ADDRESS         REF BY
           =====                   =======         ======
           __Constant_7597         000010BB 
    -------------------------------------------------------------------------
XDATA_I
  Relative segment, address: XDATA 000010BF - 000010C2 (0x4 bytes), align: 0
  Segment part 24.            Intra module refs:   _LdtobLarge
           ENTRY                   ADDRESS         REF BY
           =====                   =======         ======
           __Constant_186a0        000010BF 
    -------------------------------------------------------------------------
XDATA_I
  Relative segment, address: XDATA 000010C3 - 000010C6 (0x4 bytes), align: 0
  Segment part 26.            Intra module refs:   _LdtobLarge
           ENTRY                   ADDRESS         REF BY
           =====                   =======         ======
           __Constant_3f800000     000010C3 
    -------------------------------------------------------------------------
XDATA_I
  Relative segment, address: XDATA 000010C7 - 000010CA (0x4 bytes), align: 0
  Segment part 28.            Intra module refs:   _LdtobLarge
           ENTRY                   ADDRESS         REF BY
           =====                   =======         ======
           __Constant_a            000010C7 
    -------------------------------------------------------------------------
XDATA_I
  Relative segment, address: XDATA 000010CB - 000010CE (0x4 bytes), align: 0
  Segment part 30.            Intra module refs:   _LdtobLarge
           ENTRY                   ADDRESS         REF BY
           =====                   =======         ======
           __Constant_4cbebc20     000010CB 

    -------------------------------------------------------------------------
  LIBRARY MODULE, NAME : ?xprout

  SEGMENTS IN THE MODULE
  ======================
<BANKED_CODE> 1 (was BANKED_CODE)
  Relative segment, address: CODE 00002DC0 - 00002DEA (0x2b bytes), align: 0
  Segment part 6.             Intra module refs:   _Prout::?relay
           ENTRY                   ADDRESS         REF BY
           =====                   =======         ======
           _Prout                  00002DC0 
               calls direct
               XSTACK = 00000000 ( 0000000E )
    -------------------------------------------------------------------------
BANK_RELAYS
  Relative segment, address: CODE 00000303 - 00000308 (0x6 bytes), align: 0
  Segment part 7.
           ENTRY                   ADDRESS         REF BY
           =====                   =======         ======
           _Prout::?relay          00000303        printf (?printf)




                ****************************************
                *                                      *
                *      SEGMENTS IN ADDRESS ORDER       *
                *                                      *
                ****************************************


SEGMENT              SPACE    START ADDRESS   END ADDRESS     SIZE  TYPE  ALIGN
=======              =====    =============   ===========     ====  ====  =====
INTVEC               CODE          00000000 - 00000002           3   com    0
CSTART               CODE          00000003 - 00000089          87   rel    0
BIT_ID               CODE               0000008A                     dse    0
BDATA_ID             CODE               0000008A                     dse    0
DATA_ID              CODE               0000008A                     dse    0
PDATA_ID             CODE               0000008A                     dse    0
IDATA_ID             CODE               0000008A                     dse    0
IXDATA_ID            CODE               0000008A                     dse    0
XDATA_ID             CODE          0000008A - 00000254         1CB   rel    0
BANK_RELAYS          CODE          00000255 - 00000308          B4   rel    0
RCODE                CODE          00000309 - 00000ED6         BCE   rel    0
DIFUNCT              CODE               00000ED7                     rel    0
<BANKED_CODE> 1      CODE          00000ED7 - 00002E8B        1FB5   rel    0
REGISTERS            DATA          00000000 - 00000007           8   rel    0
VREG                 DATA          00000008 - 0000000F           8   rel    0
PSP                  DATA               00000010                     dse    0
XSP                  DATA          00000010 - 00000011           2   rel    0
BREG                 BIT        00000020.0  -  00000020.7        8   rel    0
XSTACK               XDATA         00000001 - 00000EFF         EFF   rel    0
XDATA_Z              XDATA         00000F00 - 00000F03           4   rel    0
XDATA_I              XDATA         00000F04 - 000010CE         1CB   rel    0
ISTACK               IDATA         000000C0 - 000000FF          40   rel    0

                ****************************************
                *                                      *
                *        END OF CROSS REFERENCE        *
                *                                      *
                ****************************************

 11 916 bytes of CODE  memory
     18 bytes of DATA  memory
  4 302 bytes of XDATA memory
     64 bytes of IDATA memory
      8 bits  of BIT   memory

Errors: none
Warnings: none

