################################################################################
#                                                                              #
#      IAR Universal Linker V6.4.6.89                                          #
#                                                                              #
#           Link time     =  15/Jan/2020  22:05:37                             #
#           Target CPU    =  x51                                               #
#           List file     =  "\\vmware-host\Shared Folders\Projects\WMNU\IAR\P #
#                            RJ_UNITEST\Debug\List\unitest.map"                #
#           Output file 1 =  "\\vmware-host\Shared Folders\Projects\WMNU\IAR\P #
#                            RJ_UNITEST\Debug\Exe\unitest.d51"                 #
#                            Format: ubrof10                                   #
#                            UBROF version 10.0.6                              #
#                            Using library modules for C-SPY (-rt)             #
#           Command line  =  -f                                                #
#                            C:\Users\08A4~1\AppData\Local\Temp\EWC31C.tmp     #
#                            ("\\vmware-host\Shared Folders\Projects\WMNU\IAR\ #
#                            PRJ_UNITEST\Debug\Obj\coder.r51"                  #
#                            "\\vmware-host\Shared Folders\Projects\WMNU\IAR\P #
#                            RJ_UNITEST\Debug\Obj\config.r51"                  #
#                            "\\vmware-host\Shared Folders\Projects\WMNU\IAR\P #
#                            RJ_UNITEST\Debug\Obj\delays.r51"                  #
#                            "\\vmware-host\Shared Folders\Projects\WMNU\IAR\P #
#                            RJ_UNITEST\Debug\Obj\ethernet.r51"                #
#                            "\\vmware-host\Shared Folders\Projects\WMNU\IAR\P #
#                            RJ_UNITEST\Debug\Obj\frame.r51"                   #
#                            "\\vmware-host\Shared Folders\Projects\WMNU\IAR\P #
#                            RJ_UNITEST\Debug\Obj\LLC.r51"                     #
#                            "\\vmware-host\Shared Folders\Projects\WMNU\IAR\P #
#                            RJ_UNITEST\Debug\Obj\MAC.r51"                     #
#                            "\\vmware-host\Shared Folders\Projects\WMNU\IAR\P #
#                            RJ_UNITEST\Debug\Obj\manager.r51"                 #
#                            "\\vmware-host\Shared Folders\Projects\WMNU\IAR\P #
#                            RJ_UNITEST\Debug\Obj\mem.r51"                     #
#                            "\\vmware-host\Shared Folders\Projects\WMNU\IAR\P #
#                            RJ_UNITEST\Debug\Obj\NTMR.r51"                    #
#                            "\\vmware-host\Shared Folders\Projects\WMNU\IAR\P #
#                            RJ_UNITEST\Debug\Obj\nwdebuger.r51"               #
#                            "\\vmware-host\Shared Folders\Projects\WMNU\IAR\P #
#                            RJ_UNITEST\Debug\Obj\RADIO.r51"                   #
#                            "\\vmware-host\Shared Folders\Projects\WMNU\IAR\P #
#                            RJ_UNITEST\Debug\Obj\sync.r51"                    #
#                            "\\vmware-host\Shared Folders\Projects\WMNU\IAR\P #
#                            RJ_UNITEST\Debug\Obj\TIC.r51"                     #
#                            "\\vmware-host\Shared Folders\Projects\WMNU\IAR\P #
#                            RJ_UNITEST\Debug\Obj\utest.r51"                   #
#                            "\\vmware-host\Shared Folders\Projects\WMNU\IAR\P #
#                            RJ_UNITEST\Debug\Obj\utest_GW.r51"                #
#                            "\\vmware-host\Shared Folders\Projects\WMNU\IAR\P #
#                            RJ_UNITEST\Debug\Obj\utest_NODE.r51"              #
#                            "\\vmware-host\Shared Folders\Projects\WMNU\IAR\P #
#                            RJ_UNITEST\Debug\Obj\utest_suite.r51"             #
#                            -o                                                #
#                            "\\vmware-host\Shared Folders\Projects\WMNU\IAR\P #
#                            RJ_UNITEST\Debug\Exe\unitest.d51"                 #
#                            -l                                                #
#                            "\\vmware-host\Shared Folders\Projects\WMNU\IAR\P #
#                            RJ_UNITEST\Debug\List\unitest.map"                #
#                            -xmsno                                            #
#                            "-IC:\Program Files (x86)\IAR Systems\Embedded Wo #
#                            rkbench 8.0\8051\LIB\"                            #
#                            -f                                                #
#                            "C:\Program Files (x86)\IAR Systems\Embedded Work #
#                            bench 8.0\8051\config\devices\Texas Instruments\l #
#                            nk51ew_CC2530F256_banked.xcl"                     #
#                            (-D_IDATA0_START=0x00 -D_IDATA0_END=0xFF          #
#                            -D_PDATA0_START=0x1E00 -D_PDATA0_END=0x1EFF       #
#                            -D_IXDATA0_START=0x0001 -D_IXDATA0_END=0x1EFF     #
#                            -D_XDATA0_START=_IXDATA0_START                    #
#                            -D_XDATA0_END=_IXDATA0_END                        #
#                            -D_NEAR_CODE_START=0x0000                         #
#                            -D_FIRST_BANK_ADDR=0x10000 -D?REGISTER_BANK=0x0   #
#                            -D_REGISTER_BANK_START=0x0 -D_BREG_START=0x00     #
#                            -D?VB=0x20 -Z(BIT)BREG=_BREG_START                #
#                            -Z(BIT)BIT_N=0-7F                                 #
#                            -Z(DATA)REGISTERS+8=_REGISTER_BANK_START          #
#                            -Z(DATA)BDATA_Z,BDATA_N,BDATA_I=20-2F             #
#                            -Z(DATA)VREG=08-7F -Z(DATA)PSP,XSP=08-7F          #
#                            -Z(DATA)DOVERLAY=08-7F                            #
#                            -Z(DATA)DATA_I,DATA_Z,DATA_N=08-7F                #
#                            -U(IDATA)0-7F=(DATA)0-7F                          #
#                            -Z(IDATA)IDATA_I,IDATA_Z,IDATA_N=08-_IDATA0_END   #
#                            -Z(IDATA)ISTACK+_IDATA_STACK_SIZE#08-_IDATA0_END  #
#                            -Z(IDATA)IOVERLAY=08-FF -Z(CODE)INTVEC=0          #
#                            -Z(CODE)CSTART=_NEAR_CODE_START-(_CODEBANK_START- #
#                            1)                                                #
#                            -Z(CODE)BIT_ID,BDATA_ID,DATA_ID,IDATA_ID,IXDATA_I #
#                            D,PDATA_ID,XDATA_ID=_NEAR_CODE_START-(_CODEBANK_S #
#                            TART-1)                                           #
#                            -Z(CODE)BANK_RELAYS,RCODE,DIFUNCT,CODE_C,CODE_N,N #
#                            EAR_CODE=_NEAR_CODE_START-(_CODEBANK_START-1)     #
#                            -P(CODE)BANKED_CODE=_NEAR_CODE_START-(_CODEBANK_S #
#                            TART-1),[(_CODEBANK_START+_FIRST_BANK_ADDR)-(_COD #
#                            EBANK_END+_FIRST_BANK_ADDR)]*_NR_OF_BANKS+10000   #
#                            -Z(CODE)CHECKSUM#(_CODEBANK_START-1)              #
#                            -Z(XDATA)PDATA_Z,PDATA_I=_PDATA0_START-_PDATA0_EN #
#                            D                                                 #
#                            -P(XDATA)PDATA_N=_PDATA0_START-_PDATA0_END        #
#                            -Z(XDATA)PSTACK+_PDATA_STACK_SIZE=_PDATA0_START-_ #
#                            PDATA0_END                                        #
#                            -Z(XDATA)EXT_STACK+_EXTENDED_STACK_SIZE=_EXTENDED #
#                            _STACK_START                                      #
#                            -Z(XDATA)XSTACK+_XDATA_STACK_SIZE=_XDATA0_START-_ #
#                            XDATA0_END                                        #
#                            -Z(XDATA)IXDATA_Z,IXDATA_I=_IXDATA0_START-_IXDATA #
#                            0_END                                             #
#                            -P(XDATA)IXDATA_N=_IXDATA0_START-_IXDATA0_END     #
#                            -Z(XDATA)XDATA_Z,XDATA_I=_XDATA0_START-_XDATA0_EN #
#                            D                                                 #
#                            -P(XDATA)XDATA_N=_XDATA0_START-_XDATA0_END        #
#                            -Z(XDATA)XDATA_HEAP+_XDATA_HEAP_SIZE=_XDATA0_STAR #
#                            T-_XDATA0_END                                     #
#                            -Z(CONST)XDATA_ROM_C=_XDATA0_START-_XDATA0_END    #
#                            -cx51                                             #
#                            -M(CODE)[(_CODEBANK_START+_FIRST_BANK_ADDR)-(_COD #
#                            EBANK_END+_FIRST_BANK_ADDR)]*_NR_OF_BANKS+0x10000 #
#                            =0x8000                                           #
#                            -ww69=i -D_BANK0_START=0x00000                    #
#                            -D_BANK0_END=0x07FFF -D_BANK1_START=0x18000       #
#                            -D_BANK1_END=0x1FFFF -D_BANK2_START=0x28000       #
#                            -D_BANK2_END=0x2FFFF -D_BANK3_START=0x38000       #
#                            -D_BANK3_END=0x3FFFF -D_BANK4_START=0x48000       #
#                            -D_BANK4_END=0x4FFFF -D_BANK5_START=0x58000       #
#                            -D_BANK5_END=0x5FFFF -D_BANK6_START=0x68000       #
#                            -D_BANK6_END=0x6FFFF -D_BANK7_START=0x78000       #
#                            -D_BANK7_END=0x7FFFF                              #
#                            -P(CODE)BANK0=_BANK0_START-_BANK0_END             #
#                            -P(CODE)BANK1=_BANK1_START-_BANK1_END             #
#                            -P(CODE)BANK2=_BANK2_START-_BANK2_END             #
#                            -P(CODE)BANK3=_BANK3_START-_BANK3_END             #
#                            -P(CODE)BANK4=_BANK4_START-_BANK4_END             #
#                            -P(CODE)BANK5=_BANK5_START-_BANK5_END             #
#                            -P(CODE)BANK6=_BANK6_START-_BANK6_END             #
#                            -P(CODE)BANK7=_BANK7_START-_BANK7_END             #
#                            -D_FLASH_LOCK_BITS_START=0x7FFF0                  #
#                            -D_FLASH_LOCK_BITS_END=0x7FFFF                    #
#                            -Z(CODE)FLASH_LOCK_BITS=_FLASH_LOCK_BITS_START-_F #
#                            LASH_LOCK_BITS_END                                #
#                            -U(CODE)0x0000=(CODE)_FLASH_LOCK_BITS_START-_FLAS #
#                            H_LOCK_BITS_END)                                  #
#                            -D_NR_OF_VIRTUAL_REGISTERS=8 -D?PBANK=0x93        #
#                            -D?CBANK=0x9F -D?CBANK_MASK=0xFF                  #
#                            -e?BCALL_FF=?BCALL -e?BRET_FF=?BRET               #
#                            -e?BDISPATCH_FF=?BDISPATCH                        #
#                            -D_CODEBANK_START=0x8000 -D_CODEBANK_END=0xFFFF   #
#                            -D_NR_OF_BANKS=0x07                               #
#                            "-IC:\Program Files (x86)\IAR Systems\Embedded Wo #
#                            rkbench 8.0\8051\CONFIG\"                         #
#                            -e_PrintfLarge=_Printf -e_ScanfLarge=_Scanf -rt   #
#                            -s __program_start                                #
#                            "C:\Program Files (x86)\IAR Systems\Embedded Work #
#                            bench 8.0\8051\LIB\DLIB\dl-pli-blxd-1e16x01n.r51" #
#                            -D_IDATA_STACK_SIZE=0x40 -D?ESP=0 -D?ESP_MASK=0   #
#                            -D_EXTENDED_STACK_START=0                         #
#                            -D_EXTENDED_STACK_SIZE=0                          #
#                            -D_PDATA_STACK_SIZE=0x80                          #
#                            -D_XDATA_STACK_SIZE=0x300                         #
#                            -D_XDATA_HEAP_SIZE=0x1300                         #
#                            -D_FAR_HEAP_SIZE=0x0FF -D_HUGE_HEAP_SIZE=0x0FF    #
#                            -D_FAR22_HEAP_SIZE=0x0FF)                         #
#                                                                              #
#                           Copyright (C) 1987-2016 IAR Systems AB.            #
################################################################################





                ****************************************
                *                                      *
                *           CROSS REFERENCE            *
                *                                      *
                ****************************************

       Program entry at : CODE      00000085  Relocatable, from module : CSTARTUP




                ****************************************
                *                                      *
                *            RUNTIME MODEL             *
                *                                      *
                ****************************************

  __Heap_Handler             = Basic
  __SystemLibrary            = DLib
  __calling_convention       = xdata_reentrant
  __code_model               = banked
  __core                     = plain
  __data_model               = large
  __dlib_file_descriptor     = 0
  __dlib_full_locale_support = 0
  __dptr_size                = 16
  __extended_stack           = disabled
  __location_for_constants   = data
  __number_of_dptrs          = 1
  __register_banks           = *
  __rt_version               = 1

                ****************************************
                *                                      *
                *    AUTOMATIC SYMBOL REDIRECTIONS     *
                *                                      *
                ****************************************

                  There are no automatic symbol redirections.



                ****************************************
                *                                      *
                *              MODULE MAP              *
                *                                      *
                ****************************************


  DEFINED ABSOLUTE ENTRIES
    *************************************************************************

  DEFINED ABSOLUTE ENTRIES
  PROGRAM MODULE, NAME : ?ABS_ENTRY_MOD

Absolute parts
           ENTRY                   ADDRESS         REF BY
           =====                   =======         ======
           _FAR22_HEAP_SIZE        000000FF 
           _HUGE_HEAP_SIZE         000000FF 
           _FAR_HEAP_SIZE          000000FF 
           _XDATA_HEAP_SIZE        00001300 
           _XDATA_STACK_SIZE       00000300 
           _PDATA_STACK_SIZE       00000080 
           _EXTENDED_STACK_SIZE    00000000 
           _EXTENDED_STACK_START   00000000 
           ?ESP_MASK               00000000 
           ?ESP                    00000000 
           _IDATA_STACK_SIZE       00000040 
           _NR_OF_BANKS            00000007 
           _CODEBANK_END           0000FFFF 
           _CODEBANK_START         00008000 
           ?CBANK_MASK             000000FF 
           ?CBANK                  0000009F        ?RESET_CODE_BANK (CSTARTUP)
                                                   Segment part 0 (?BANKED_CODE_SUPPORT)
           ?PBANK                  00000093 
           _NR_OF_VIRTUAL_REGISTERS
                                   00000008 
           _FLASH_LOCK_BITS_END    0003FFFF 
           _FLASH_LOCK_BITS_START
                                   0003FFF0 
           _BANK7_END              0003FFFF 
           _BANK7_START            00038000 
           _BANK6_END              00037FFF 
           _BANK6_START            00030000 
           _BANK5_END              0002FFFF 
           _BANK5_START            00028000 
           _BANK4_END              00027FFF 
           _BANK4_START            00020000 
           _BANK3_END              0001FFFF 
           _BANK3_START            00018000 
           _BANK2_END              00017FFF 
           _BANK2_START            00010000 
           _BANK1_END              0000FFFF 
           _BANK1_START            00008000 
           _BANK0_END              00007FFF 
           _BANK0_START            00000000 
           ?VB                     00000020        ?BANKED_ENTER_XDATA (?BANKED_ENTER_XDATA)
                                                   ?BANKED_LEAVE_XDATA (?BANKED_LEAVE_XDATA)
                                                   ?INTERRUPT_ENTER_XSP (?INTERRUPT_ENTER_XSP)
                                                   ?INTERRUPT_LEAVE_XSP (?INTERRUPT_LEAVE_XSP)
                                                   RI_Receive (?__write)
                                                   RI_Send (?__write)
                                                   SY_SYNC_NETWORK (?__write)
                                                   SY_TS1_HNDL_SLAVE (?__write)
                                                   SendData (?__write)
           _BREG_START             00000000 
           _REGISTER_BANK_START    00000000 
           ?REGISTER_BANK          00000000        Segment part 6 (CSTARTUP)
           _FIRST_BANK_ADDR        00010000 
           _NEAR_CODE_START        00000000 
           _XDATA0_END             00001EFF 
           _XDATA0_START           00000001 
           _IXDATA0_END            00001EFF 
           _IXDATA0_START          00000001 
           _PDATA0_END             00001EFF 
           _PDATA0_START           00001E00 
           _IDATA0_END             000000FF 
           _IDATA0_START           00000000 
    *************************************************************************

  FILE NAME : \\vmware-host\Shared Folders\Projects\WMNU\IAR\PRJ_UNITEST\Debug\Obj\coder.r51
  PROGRAM MODULE, NAME : ?__write

  SEGMENTS IN THE MODULE
  ======================
SFR_AN
  Relative segment, address: DATA 00000086 - 00000086 (0x1 bytes), align: 0
  Segment part 1. ROOT        Intra module refs:   __write
                                                   nwDebugerInit
           ENTRY                   ADDRESS         REF BY
           =====                   =======         ======
           U0CSR                   00000086 
    -------------------------------------------------------------------------
SFR_AN
  Relative segment, address: DATA 00000087 - 00000087 (0x1 bytes), align: 0
  Segment part 2. ROOT        Intra module refs:   suite_NODE
           ENTRY                   ADDRESS         REF BY
           =====                   =======         ======
           PCON                    00000087 
    -------------------------------------------------------------------------
SFR_AN
  Relative segment, address: DATA 00000090 - 00000090 (0x1 bytes), align: 0
  Segment part 3. ROOT        Intra module refs:   SY_TIME_ALLOC_SLAVE
                                                   SY_TS1_HNDL_SLAVE
           ENTRY                   ADDRESS         REF BY
           =====                   =======         ======
           _A_P1                   00000090 
           LOCAL                   ADDRESS         
           =====                   =======         
           P1                      00000090 
    -------------------------------------------------------------------------
SFR_AN
  Relative segment, address: DATA 00000091 - 00000091 (0x1 bytes), align: 0
  Segment part 4. ROOT        Intra module refs:   SendData
           ENTRY                   ADDRESS         REF BY
           =====                   =======         ======
           RFIRQF1                 00000091 
    -------------------------------------------------------------------------
SFR_AN
  Relative segment, address: DATA 00000094 - 00000094 (0x1 bytes), align: 0
  Segment part 5. ROOT        Intra module refs:   TIM_init
           ENTRY                   ADDRESS         REF BY
           =====                   =======         ======
           T2CTRL                  00000094 
    -------------------------------------------------------------------------
SFR_AN
  Relative segment, address: DATA 00000095 - 00000095 (0x1 bytes), align: 0
  Segment part 6. ROOT        Intra module refs:   NT_SetCompare
                                                   NT_WaitTime
                                                   ReadTimer
                                                   SY_SYNC_NETWORK
                                                   SY_TS1_HNDL_SLAVE
                                                   SendData
                                                   TimerCompareInterrupt
           ENTRY                   ADDRESS         REF BY
           =====                   =======         ======
           ST0                     00000095 
    -------------------------------------------------------------------------
SFR_AN
  Relative segment, address: DATA 00000096 - 00000096 (0x1 bytes), align: 0
  Segment part 7. ROOT        Intra module refs:   NT_SetCompare
                                                   NT_WaitTime
                                                   ReadTimer
                                                   SY_SYNC_NETWORK
                                                   SY_TS1_HNDL_SLAVE
                                                   SendData
                                                   TimerCompareInterrupt
           ENTRY                   ADDRESS         REF BY
           =====                   =======         ======
           ST1                     00000096 
    -------------------------------------------------------------------------
SFR_AN
  Relative segment, address: DATA 00000097 - 00000097 (0x1 bytes), align: 0
  Segment part 8. ROOT        Intra module refs:   NT_SetCompare
                                                   NT_WaitTime
                                                   ReadTimer
                                                   SY_SYNC_NETWORK
                                                   SY_TS1_HNDL_SLAVE
                                                   SendData
                                                   TimerCompareInterrupt
           ENTRY                   ADDRESS         REF BY
           =====                   =======         ======
           ST2                     00000097 
    -------------------------------------------------------------------------
SFR_AN
  Relative segment, address: DATA 0000009D - 0000009D (0x1 bytes), align: 0
  Segment part 9. ROOT        Intra module refs:   NT_WaitTime
                                                   ReadTimer
                                                   SY_SYNC_NETWORK
                                                   SY_TS1_HNDL_SLAVE
                                                   SendData
                                                   TimerCompareInterrupt
           ENTRY                   ADDRESS         REF BY
           =====                   =======         ======
           SLEEPSTA                0000009D 
    -------------------------------------------------------------------------
SFR_AN
  Relative segment, address: DATA 0000009E - 0000009E (0x1 bytes), align: 0
  Segment part 10. ROOT       Intra module refs:   NT_Init
           ENTRY                   ADDRESS         REF BY
           =====                   =======         ======
           CLKCONSTA               0000009E 
    -------------------------------------------------------------------------
SFR_AN
  Relative segment, address: DATA 000000A2 - 000000A2 (0x1 bytes), align: 0
  Segment part 11. ROOT       Intra module refs:   RI_Receive
                                                   RI_Send
                                                   SY_SYNC_NETWORK
                                                   TIM_TimeStamp
                                                   TIM_delay
                                                   TIM_init
           ENTRY                   ADDRESS         REF BY
           =====                   =======         ======
           T2M0                    000000A2 
    -------------------------------------------------------------------------
SFR_AN
  Relative segment, address: DATA 000000A3 - 000000A3 (0x1 bytes), align: 0
  Segment part 12. ROOT       Intra module refs:   RI_Receive
                                                   RI_Send
                                                   SY_SYNC_NETWORK
                                                   TIM_TimeStamp
                                                   TIM_delay
                                                   TIM_init
           ENTRY                   ADDRESS         REF BY
           =====                   =======         ======
           T2M1                    000000A3 
    -------------------------------------------------------------------------
SFR_AN
  Relative segment, address: DATA 000000A4 - 000000A4 (0x1 bytes), align: 0
  Segment part 13. ROOT       Intra module refs:   RI_Receive
                                                   RI_Send
                                                   SY_SYNC_NETWORK
                                                   TIM_TimeStamp
                                                   TIM_delay
                                                   TIM_init
           ENTRY                   ADDRESS         REF BY
           =====                   =======         ======
           T2MOVF0                 000000A4 
    -------------------------------------------------------------------------
SFR_AN
  Relative segment, address: DATA 000000A5 - 000000A5 (0x1 bytes), align: 0
  Segment part 14. ROOT       Intra module refs:   RI_Receive
                                                   RI_Send
                                                   SY_SYNC_NETWORK
                                                   TIM_TimeStamp
                                                   TIM_delay
                                                   TIM_init
           ENTRY                   ADDRESS         REF BY
           =====                   =======         ======
           T2MOVF1                 000000A5 
    -------------------------------------------------------------------------
SFR_AN
  Relative segment, address: DATA 000000A8 - 000000A8 (0x1 bytes), align: 0
  Segment part 15. ROOT       Intra module refs:   LLC_Shelduler
                                                   MG_Connect
                                                   NT_Init
                                                   NT_SetCompare
                                                   NT_SetTime
                                                   RI_Receive
                                                   TimerCompareInterrupt
                                                   frame_addHeader
                                                   frame_create
                                                   frame_delete
                                                   re_free
                                                   re_memcpy
           ENTRY                   ADDRESS         REF BY
           =====                   =======         ======
           _A_IEN0                 000000A8 
           LOCAL                   ADDRESS         
           =====                   =======         
           IEN0                    000000A8 
    -------------------------------------------------------------------------
SFR_AN
  Relative segment, address: DATA 000000AD - 000000AD (0x1 bytes), align: 0
  Segment part 16. ROOT       Intra module refs:   NT_SetCompare
           ENTRY                   ADDRESS         REF BY
           =====                   =======         ======
           STLOAD                  000000AD 
    -------------------------------------------------------------------------
SFR_AN
  Relative segment, address: DATA 000000B3 - 000000B3 (0x1 bytes), align: 0
  Segment part 17. ROOT       Intra module refs:   AES_StreamCoder
           ENTRY                   ADDRESS         REF BY
           =====                   =======         ======
           ENCCS                   000000B3 
    -------------------------------------------------------------------------
SFR_AN
  Relative segment, address: DATA 000000BE - 000000BE (0x1 bytes), align: 0
  Segment part 18. ROOT       Intra module refs:   suite_NODE
           ENTRY                   ADDRESS         REF BY
           =====                   =======         ======
           SLEEPCMD                000000BE 
    -------------------------------------------------------------------------
SFR_AN
  Relative segment, address: DATA 000000C0 - 000000C0 (0x1 bytes), align: 0
  Segment part 19. ROOT       Intra module refs:   NT_Init
                                                   NT_SetCompare
                                                   TimerCompareInterrupt
           ENTRY                   ADDRESS         REF BY
           =====                   =======         ======
           _A_IRCON                000000C0 
           LOCAL                   ADDRESS         
           =====                   =======         
           IRCON                   000000C0 
    -------------------------------------------------------------------------
SFR_AN
  Relative segment, address: DATA 000000C1 - 000000C1 (0x1 bytes), align: 0
  Segment part 20. ROOT       Intra module refs:   __write
           ENTRY                   ADDRESS         REF BY
           =====                   =======         ======
           U0DBUF                  000000C1 
    -------------------------------------------------------------------------
SFR_AN
  Relative segment, address: DATA 000000C2 - 000000C2 (0x1 bytes), align: 0
  Segment part 21. ROOT       Intra module refs:   nwDebugerInit
           ENTRY                   ADDRESS         REF BY
           =====                   =======         ======
           U0BAUD                  000000C2 
    -------------------------------------------------------------------------
SFR_AN
  Relative segment, address: DATA 000000C5 - 000000C5 (0x1 bytes), align: 0
  Segment part 22. ROOT       Intra module refs:   nwDebugerInit
           ENTRY                   ADDRESS         REF BY
           =====                   =======         ======
           U0GCR                   000000C5 
    -------------------------------------------------------------------------
SFR_AN
  Relative segment, address: DATA 000000C6 - 000000C6 (0x1 bytes), align: 0
  Segment part 23. ROOT       Intra module refs:   NT_Init
           ENTRY                   ADDRESS         REF BY
           =====                   =======         ======
           CLKCONCMD               000000C6 
    -------------------------------------------------------------------------
SFR_AN
  Relative segment, address: DATA 000000D2 - 000000D2 (0x1 bytes), align: 0
  Segment part 24. ROOT       Intra module refs:   AES_init
           ENTRY                   ADDRESS         REF BY
           =====                   =======         ======
           DMA1CFGL                000000D2 
    -------------------------------------------------------------------------
SFR_AN
  Relative segment, address: DATA 000000D3 - 000000D3 (0x1 bytes), align: 0
  Segment part 25. ROOT       Intra module refs:   AES_init
           ENTRY                   ADDRESS         REF BY
           =====                   =======         ======
           DMA1CFGH                000000D3 
    -------------------------------------------------------------------------
SFR_AN
  Relative segment, address: DATA 000000D4 - 000000D4 (0x1 bytes), align: 0
  Segment part 26. ROOT       Intra module refs:   AES_init
           ENTRY                   ADDRESS         REF BY
           =====                   =======         ======
           DMA0CFGL                000000D4 
    -------------------------------------------------------------------------
SFR_AN
  Relative segment, address: DATA 000000D5 - 000000D5 (0x1 bytes), align: 0
  Segment part 27. ROOT       Intra module refs:   AES_init
           ENTRY                   ADDRESS         REF BY
           =====                   =======         ======
           DMA0CFGH                000000D5 
    -------------------------------------------------------------------------
SFR_AN
  Relative segment, address: DATA 000000D6 - 000000D6 (0x1 bytes), align: 0
  Segment part 28. ROOT       Intra module refs:   AES_StreamCoder
           ENTRY                   ADDRESS         REF BY
           =====                   =======         ======
           DMAARM                  000000D6 
    -------------------------------------------------------------------------
SFR_AN
  Relative segment, address: DATA 000000D7 - 000000D7 (0x1 bytes), align: 0
  Segment part 29. ROOT       Intra module refs:   AES_StreamCoder
           ENTRY                   ADDRESS         REF BY
           =====                   =======         ======
           DMAREQ                  000000D7 
    -------------------------------------------------------------------------
SFR_AN
  Relative segment, address: DATA 000000D9 - 000000D9 (0x1 bytes), align: 0
  Segment part 30. ROOT       Intra module refs:   RI_Receive
                                                   SendData
           ENTRY                   ADDRESS         REF BY
           =====                   =======         ======
           RFD                     000000D9 
    -------------------------------------------------------------------------
SFR_AN
  Relative segment, address: DATA 000000E1 - 000000E1 (0x1 bytes), align: 0
  Segment part 31. ROOT       Intra module refs:   RI_Receive
                                                   RI_init
                                                   SendData
           ENTRY                   ADDRESS         REF BY
           =====                   =======         ======
           RFST                    000000E1 
    -------------------------------------------------------------------------
SFR_AN
  Relative segment, address: DATA 000000E9 - 000000E9 (0x1 bytes), align: 0
  Segment part 32. ROOT       Intra module refs:   RI_Receive
                                                   SendData
           ENTRY                   ADDRESS         REF BY
           =====                   =======         ======
           RFIRQF0                 000000E9 
    -------------------------------------------------------------------------
SFR_AN
  Relative segment, address: DATA 000000F1 - 000000F1 (0x1 bytes), align: 0
  Segment part 33. ROOT       Intra module refs:   nwDebugerInit
           ENTRY                   ADDRESS         REF BY
           =====                   =======         ======
           PERCFG                  000000F1 
    -------------------------------------------------------------------------
SFR_AN
  Relative segment, address: DATA 000000F3 - 000000F3 (0x1 bytes), align: 0
  Segment part 34. ROOT       Intra module refs:   nwDebugerInit
           ENTRY                   ADDRESS         REF BY
           =====                   =======         ======
           P0SEL                   000000F3 
    -------------------------------------------------------------------------
SFR_AN
  Relative segment, address: DATA 000000FE - 000000FE (0x1 bytes), align: 0
  Segment part 35. ROOT       Intra module refs:   main
           ENTRY                   ADDRESS         REF BY
           =====                   =======         ======
           P1DIR                   000000FE 
    -------------------------------------------------------------------------
XDATA_Z
  Relative segment, address: XDATA 00000301 - 00000308 (0x8 bytes), align: 0
  Segment part 233.           Intra module refs:   ?Subroutine25
                                                   ?Subroutine26
                                                   AES_init
                                                   Segment part 321
           ENTRY                   ADDRESS         REF BY
           =====                   =======         ======
           DMA_AES_DW              00000301 
    -------------------------------------------------------------------------
XDATA_Z
  Relative segment, address: XDATA 00000309 - 00000310 (0x8 bytes), align: 0
  Segment part 234.           Intra module refs:   ?Subroutine25
                                                   ?Subroutine26
                                                   ?Subroutine35
                                                   ?Subroutine66
                                                   AES_init
           ENTRY                   ADDRESS         REF BY
           =====                   =======         ======
           DMA_AES_UP              00000309 
    -------------------------------------------------------------------------
<BANKED_CODE> 1 (was BANKED_CODE)
  Relative segment, address: CODE 000014F7 - 00001542 (0x4c bytes), align: 0
  Segment part 315.           Intra module refs:   AES_init::?relay
           ENTRY                   ADDRESS         REF BY
           =====                   =======         ======
           AES_init                000014F7 
               XSTACK = 0000000C ( 00000000 )
               ISTACK = 00000000 ( 00000002 )
    -------------------------------------------------------------------------
<BANKED_CODE> 1 (was BANKED_CODE)
  Relative segment, address: CODE 00001543 - 00001650 (0x10e bytes), align: 0
  Segment part 317.           Intra module refs:   AES_StreamCoder::?relay
           ENTRY                   ADDRESS         REF BY
           =====                   =======         ======
           AES_StreamCoder         00001543 
               calls direct
               XSTACK = 00000022 ( 00000024 )
    -------------------------------------------------------------------------
<BANKED_CODE> 1 (was BANKED_CODE)
  Relative segment, address: CODE 00001651 - 00001655 (0x5 bytes), align: 0
  Segment part 319.           Intra module refs:   AES_StreamCoder
           LOCAL                   ADDRESS         
           =====                   =======         
           ?Subroutine22           00001651 
    -------------------------------------------------------------------------
<BANKED_CODE> 1 (was BANKED_CODE)
  Relative segment, address: CODE 00001656 - 00001657 (0x2 bytes), align: 0
  Segment part 320.           Intra module refs:   ?Subroutine22
    -------------------------------------------------------------------------
<BANKED_CODE> 1 (was BANKED_CODE)
  Relative segment, address: CODE 00001658 - 0000166A (0x13 bytes), align: 0
  Segment part 321.           Intra module refs:   Segment part 320
    -------------------------------------------------------------------------
<BANKED_CODE> 1 (was BANKED_CODE)
  Relative segment, address: CODE 0000166B - 00001676 (0xc bytes), align: 0
  Segment part 324.           Intra module refs:   AES_StreamCoder
           LOCAL                   ADDRESS         
           =====                   =======         
           ?Subroutine60           0000166B 
    -------------------------------------------------------------------------
<BANKED_CODE> 1 (was BANKED_CODE)
  Relative segment, address: CODE 00001677 - 00001684 (0xe bytes), align: 0
  Segment part 325.           Intra module refs:   AES_StreamCoder
           LOCAL                   ADDRESS         
           =====                   =======         
           ?Subroutine59           00001677 
    -------------------------------------------------------------------------
<BANKED_CODE> 1 (was BANKED_CODE)
  Relative segment, address: CODE 00001685 - 0000168D (0x9 bytes), align: 0
  Segment part 326.           Intra module refs:   AES_StreamCoder
           LOCAL                   ADDRESS         
           =====                   =======         
           ?Subroutine57           00001685 
    -------------------------------------------------------------------------
<BANKED_CODE> 1 (was BANKED_CODE)
  Relative segment, address: CODE 0000168E - 00001697 (0xa bytes), align: 0
  Segment part 327.           Intra module refs:   AES_StreamCoder
           LOCAL                   ADDRESS         
           =====                   =======         
           ?Subroutine49           0000168E 
    -------------------------------------------------------------------------
<BANKED_CODE> 1 (was BANKED_CODE)
  Relative segment, address: CODE 00001698 - 000016A2 (0xb bytes), align: 0
  Segment part 328.           Intra module refs:   AES_StreamCoder
           LOCAL                   ADDRESS         
           =====                   =======         
           ?Subroutine37           00001698 
    -------------------------------------------------------------------------
<BANKED_CODE> 1 (was BANKED_CODE)
  Relative segment, address: CODE 000016A3 - 000016AD (0xb bytes), align: 0
  Segment part 329.           Intra module refs:   AES_StreamCoder
           LOCAL                   ADDRESS         
           =====                   =======         
           ?Subroutine36           000016A3 
    -------------------------------------------------------------------------
<BANKED_CODE> 1 (was BANKED_CODE)
  Relative segment, address: CODE 000016AE - 000016BE (0x11 bytes), align: 0
  Segment part 330.           Intra module refs:   AES_StreamCoder
           LOCAL                   ADDRESS         
           =====                   =======         
           ?Subroutine35           000016AE 
    -------------------------------------------------------------------------
<BANKED_CODE> 1 (was BANKED_CODE)
  Relative segment, address: CODE 000016BF - 000016D3 (0x15 bytes), align: 0
  Segment part 331.           Intra module refs:   AES_StreamCoder
           LOCAL                   ADDRESS         
           =====                   =======         
           ?Subroutine32           000016BF 
    -------------------------------------------------------------------------
<BANKED_CODE> 1 (was BANKED_CODE)
  Relative segment, address: CODE 000016D4 - 000016EC (0x19 bytes), align: 0
  Segment part 332.           Intra module refs:   AES_StreamCoder
           LOCAL                   ADDRESS         
           =====                   =======         
           ?Subroutine26           000016D4 
    -------------------------------------------------------------------------
<BANKED_CODE> 1 (was BANKED_CODE)
  Relative segment, address: CODE 000016ED - 0000171B (0x2f bytes), align: 0
  Segment part 333.           Intra module refs:   AES_StreamCoder
           LOCAL                   ADDRESS         
           =====                   =======         
           ?Subroutine25           000016ED 
    -------------------------------------------------------------------------
<BANKED_CODE> 1 (was BANKED_CODE)
  Relative segment, address: CODE 0000171C - 0000171E (0x3 bytes), align: 0
  Segment part 334.           Intra module refs:   ?Subroutine25
                                                   ?Subroutine26
           LOCAL                   ADDRESS         
           =====                   =======         
           ?Subroutine66           0000171C 
    -------------------------------------------------------------------------
<BANKED_CODE> 1 (was BANKED_CODE)
  Relative segment, address: CODE 0000171F - 00001726 (0x8 bytes), align: 0
  Segment part 335.           Intra module refs:   ?Subroutine66
    -------------------------------------------------------------------------
<BANKED_CODE> 1 (was BANKED_CODE)
  Relative segment, address: CODE 00001727 - 0000172B (0x5 bytes), align: 0
  Segment part 340.           Intra module refs:   MAC_RX_HNDL
           LOCAL                   ADDRESS         
           =====                   =======         
           ?Subroutine5            00001727 
    -------------------------------------------------------------------------
<BANKED_CODE> 1 (was BANKED_CODE)
  Relative segment, address: CODE 0000172C - 00001734 (0x9 bytes), align: 0
  Segment part 346.           Intra module refs:   frame_addHeader
           LOCAL                   ADDRESS         
           =====                   =======         
           ?Subroutine45           0000172C 
    -------------------------------------------------------------------------
XDATA_Z
  Relative segment, address: XDATA 00000311 - 00000334 (0x24 bytes), align: 0
  Segment part 235.           Intra module refs:   ?Subroutine40
                                                   CF_init
                                                   MG_Connect
                                                   SY_SYNC_NETWORK
                                                   SY_TS1_HNDL_SLAVE
           ENTRY                   ADDRESS         REF BY
           =====                   =======         ======
           CONFIG                  00000311 
    -------------------------------------------------------------------------
XDATA_I
  Relative segment, address: XDATA 000005BE - 000005CD (0x10 bytes), align: 0
  Segment part 54.            Intra module refs:   frame_addHeader
           LOCAL                   ADDRESS         
           =====                   =======         
           frame_addHeader::__FUNCTION__
                                   000005BE 
    -------------------------------------------------------------------------
XDATA_I
  Relative segment, address: XDATA 000005CE - 000005E3 (0x16 bytes), align: 0
  Segment part 56.            Intra module refs:   frame_addHeader
                                                   frame_create
    -------------------------------------------------------------------------
XDATA_I
  Relative segment, address: XDATA 000005E4 - 000005EB (0x8 bytes), align: 0
  Segment part 58.            Intra module refs:   frame_addHeader
                                                   frame_create
    -------------------------------------------------------------------------
XDATA_I
  Relative segment, address: XDATA 000005EC - 000005EE (0x3 bytes), align: 0
  Segment part 60.            Intra module refs:   frame_addHeader
                                                   frame_create
    -------------------------------------------------------------------------
XDATA_I
  Relative segment, address: XDATA 000005EF - 000005FB (0xd bytes), align: 0
  Segment part 64.            Intra module refs:   frame_create
           LOCAL                   ADDRESS         
           =====                   =======         
           frame_create::__FUNCTION__
                                   000005EF 
    -------------------------------------------------------------------------
XDATA_I
  Relative segment, address: XDATA 000005FC - 00000611 (0x16 bytes), align: 0
  Segment part 68.            Intra module refs:   LLC_RX_HNDL
                                                   LLC_Shelduler
    -------------------------------------------------------------------------
XDATA_I
  Relative segment, address: XDATA 00000612 - 00000617 (0x6 bytes), align: 0
  Segment part 70.            Intra module refs:   LLC_RX_HNDL
                                                   LLC_Shelduler
    -------------------------------------------------------------------------
XDATA_I
  Relative segment, address: XDATA 00000618 - 0000061A (0x3 bytes), align: 0
  Segment part 72.            Intra module refs:   LLC_RX_HNDL
                                                   LLC_Shelduler
    -------------------------------------------------------------------------
XDATA_I
  Relative segment, address: XDATA 0000061B - 00000628 (0xe bytes), align: 0
  Segment part 82.            Intra module refs:   LLC_Shelduler
           LOCAL                   ADDRESS         
           =====                   =======         
           LLC_Shelduler::__FUNCTION__
                                   0000061B 
    -------------------------------------------------------------------------
XDATA_I
  Relative segment, address: XDATA 00000629 - 00000634 (0xc bytes), align: 0
  Segment part 84.            Intra module refs:   LLC_RX_HNDL
           LOCAL                   ADDRESS         
           =====                   =======         
           LLC_RX_HNDL::__FUNCTION__
                                   00000629 
    -------------------------------------------------------------------------
XDATA_I
  Relative segment, address: XDATA 00000635 - 0000064A (0x16 bytes), align: 0
  Segment part 86.            Intra module refs:   MAC_Send
    -------------------------------------------------------------------------
XDATA_I
  Relative segment, address: XDATA 0000064B - 00000650 (0x6 bytes), align: 0
  Segment part 88.            Intra module refs:   MAC_Send
    -------------------------------------------------------------------------
XDATA_I
  Relative segment, address: XDATA 00000651 - 00000653 (0x3 bytes), align: 0
  Segment part 90.            Intra module refs:   MAC_Send
    -------------------------------------------------------------------------
XDATA_I
  Relative segment, address: XDATA 00000654 - 0000065C (0x9 bytes), align: 0
  Segment part 92.            Intra module refs:   MAC_Send
           LOCAL                   ADDRESS         
           =====                   =======         
           MAC_Send::__FUNCTION__
                                   00000654 
    -------------------------------------------------------------------------
XDATA_I
  Relative segment, address: XDATA 0000065D - 00000667 (0xb bytes), align: 0
  Segment part 94.            Intra module refs:   MG_Connect
           LOCAL                   ADDRESS         
           =====                   =======         
           MG_Connect::__FUNCTION__
                                   0000065D 
    -------------------------------------------------------------------------
XDATA_I
  Relative segment, address: XDATA 00000668 - 0000067A (0x13 bytes), align: 0
  Segment part 96.            Intra module refs:   MG_Connect
    -------------------------------------------------------------------------
XDATA_I
  Relative segment, address: XDATA 0000067B - 00000684 (0xa bytes), align: 0
  Segment part 98.            Intra module refs:   MG_Connect
    -------------------------------------------------------------------------
XDATA_I
  Relative segment, address: XDATA 00000685 - 00000699 (0x15 bytes), align: 0
  Segment part 100.           Intra module refs:   MG_Connect
    -------------------------------------------------------------------------
XDATA_I
  Relative segment, address: XDATA 0000069A - 0000069C (0x3 bytes), align: 0
  Segment part 102.           Intra module refs:   MG_Connect
    -------------------------------------------------------------------------
XDATA_I
  Relative segment, address: XDATA 0000069D - 000006A7 (0xb bytes), align: 0
  Segment part 104.           Intra module refs:   NT_SetTime
           LOCAL                   ADDRESS         
           =====                   =======         
           NT_SetTime::__FUNCTION__
                                   0000069D 
    -------------------------------------------------------------------------
XDATA_I
  Relative segment, address: XDATA 000006A8 - 000006BD (0x16 bytes), align: 0
  Segment part 106.           Intra module refs:   NT_SetCompare
                                                   NT_SetTime
    -------------------------------------------------------------------------
XDATA_I
  Relative segment, address: XDATA 000006BE - 000006C4 (0x7 bytes), align: 0
  Segment part 108.           Intra module refs:   NT_SetCompare
                                                   NT_SetTime
    -------------------------------------------------------------------------
XDATA_I
  Relative segment, address: XDATA 000006C5 - 000006C7 (0x3 bytes), align: 0
  Segment part 110.           Intra module refs:   NT_SetCompare
                                                   NT_SetTime
    -------------------------------------------------------------------------
XDATA_I
  Relative segment, address: XDATA 000006C8 - 000006D5 (0xe bytes), align: 0
  Segment part 112.           Intra module refs:   NT_SetCompare
           LOCAL                   ADDRESS         
           =====                   =======         
           NT_SetCompare::__FUNCTION__
                                   000006C8 
    -------------------------------------------------------------------------
XDATA_I
  Relative segment, address: XDATA 000006D6 - 000006DD (0x8 bytes), align: 0
  Segment part 124.           Intra module refs:   RI_Send
           LOCAL                   ADDRESS         
           =====                   =======         
           RI_Send::__FUNCTION__   000006D6 
    -------------------------------------------------------------------------
XDATA_I
  Relative segment, address: XDATA 000006DE - 000006F3 (0x16 bytes), align: 0
  Segment part 126.           Intra module refs:   RI_Send
                                                   RI_cfg
    -------------------------------------------------------------------------
XDATA_I
  Relative segment, address: XDATA 000006F4 - 000006FB (0x8 bytes), align: 0
  Segment part 128.           Intra module refs:   RI_Send
                                                   RI_cfg
    -------------------------------------------------------------------------
XDATA_I
  Relative segment, address: XDATA 000006FC - 000006FE (0x3 bytes), align: 0
  Segment part 130.           Intra module refs:   RI_Send
                                                   RI_cfg
    -------------------------------------------------------------------------
XDATA_I
  Relative segment, address: XDATA 000006FF - 00000706 (0x8 bytes), align: 0
  Segment part 132.           Intra module refs:   RI_cfg
           LOCAL                   ADDRESS         
           =====                   =======         
           setFreq::__FUNCTION__   000006FF 
    -------------------------------------------------------------------------
XDATA_I
  Relative segment, address: XDATA 00000707 - 0000071A (0x14 bytes), align: 0
  Segment part 134.           Intra module refs:   SY_TIME_ALLOC_SLAVE
           LOCAL                   ADDRESS         
           =====                   =======         
           SY_TIME_ALLOC_SLAVE::__FUNCTION__
                                   00000707 
    -------------------------------------------------------------------------
XDATA_I
  Relative segment, address: XDATA 0000071B - 0000072D (0x13 bytes), align: 0
  Segment part 136.           Intra module refs:   SY_TIME_ALLOC_SLAVE
                                                   SY_TS1_HNDL_SLAVE
    -------------------------------------------------------------------------
XDATA_I
  Relative segment, address: XDATA 0000072E - 00000734 (0x7 bytes), align: 0
  Segment part 138.           Intra module refs:   SY_TIME_ALLOC_SLAVE
                                                   SY_TS1_HNDL_SLAVE
    -------------------------------------------------------------------------
XDATA_I
  Relative segment, address: XDATA 00000735 - 00000749 (0x15 bytes), align: 0
  Segment part 140.           Intra module refs:   SY_TIME_ALLOC_SLAVE
    -------------------------------------------------------------------------
XDATA_I
  Relative segment, address: XDATA 0000074A - 0000074C (0x3 bytes), align: 0
  Segment part 142.           Intra module refs:   SY_TIME_ALLOC_SLAVE
                                                   SY_TS1_HNDL_SLAVE
    -------------------------------------------------------------------------
XDATA_I
  Relative segment, address: XDATA 0000074D - 00000759 (0xd bytes), align: 0
  Segment part 144.           Intra module refs:   SY_TIME_ALLOC_SLAVE
    -------------------------------------------------------------------------
XDATA_I
  Relative segment, address: XDATA 0000075A - 0000076B (0x12 bytes), align: 0
  Segment part 146.           Intra module refs:   SY_TS1_HNDL_SLAVE
           LOCAL                   ADDRESS         
           =====                   =======         
           SY_TS1_HNDL_SLAVE::__FUNCTION__
                                   0000075A 
    -------------------------------------------------------------------------
XDATA_I
  Relative segment, address: XDATA 0000076C - 0000077D (0x12 bytes), align: 0
  Segment part 148.           Intra module refs:   SY_TS1_HNDL_SLAVE
    -------------------------------------------------------------------------
XDATA_I
  Relative segment, address: XDATA 0000077E - 000007C0 (0x43 bytes), align: 0
  Segment part 150.           Intra module refs:   SY_TS1_HNDL_SLAVE
    -------------------------------------------------------------------------
XDATA_I
  Relative segment, address: XDATA 000007C1 - 000007CD (0xd bytes), align: 0
  Segment part 152.           Intra module refs:   TIC_SetTimer
           LOCAL                   ADDRESS         
           =====                   =======         
           TIC_SetTimer::__FUNCTION__
                                   000007C1 
    -------------------------------------------------------------------------
XDATA_I
  Relative segment, address: XDATA 000007CE - 000007E3 (0x16 bytes), align: 0
  Segment part 154.           Intra module refs:   Callback_execution
                                                   LLC_Init
                                                   SY_Init
                                                   TIC_HW_Timer_IRQ
                                                   TIC_SetRXCallback
                                                   TIC_SetTXCallback
                                                   TIC_SetTimer
    -------------------------------------------------------------------------
XDATA_I
  Relative segment, address: XDATA 000007E4 - 000007E9 (0x6 bytes), align: 0
  Segment part 156.           Intra module refs:   Callback_execution
                                                   LLC_Init
                                                   SY_Init
                                                   TIC_HW_Timer_IRQ
                                                   TIC_SetRXCallback
                                                   TIC_SetTXCallback
                                                   TIC_SetTimer
    -------------------------------------------------------------------------
XDATA_I
  Relative segment, address: XDATA 000007EA - 000007EC (0x3 bytes), align: 0
  Segment part 158.           Intra module refs:   Callback_execution
                                                   LLC_Init
                                                   SY_Init
                                                   TIC_HW_Timer_IRQ
                                                   TIC_SetRXCallback
                                                   TIC_SetTXCallback
                                                   TIC_SetTimer
    -------------------------------------------------------------------------
XDATA_I
  Relative segment, address: XDATA 000007ED - 000007FF (0x13 bytes), align: 0
  Segment part 168.           Intra module refs:   SY_Init
           LOCAL                   ADDRESS         
           =====                   =======         
           TIC_SetTS1Callback::__FUNCTION__
                                   000007ED 
    -------------------------------------------------------------------------
XDATA_I
  Relative segment, address: XDATA 00000800 - 00000811 (0x12 bytes), align: 0
  Segment part 170.           Intra module refs:   TIC_SetRXCallback
           LOCAL                   ADDRESS         
           =====                   =======         
           TIC_SetRXCallback::__FUNCTION__
                                   00000800 
    -------------------------------------------------------------------------
XDATA_I
  Relative segment, address: XDATA 00000812 - 0000082E (0x1d bytes), align: 0
  Segment part 172.           Intra module refs:   SY_Init
           LOCAL                   ADDRESS         
           =====                   =======         
           TIC_SetSyncTimeAllocCallback::__FUNCTION__
                                   00000812 
    -------------------------------------------------------------------------
XDATA_I
  Relative segment, address: XDATA 0000082F - 00000840 (0x12 bytes), align: 0
  Segment part 174.           Intra module refs:   TIC_SetTXCallback
           LOCAL                   ADDRESS         
           =====                   =======         
           TIC_SetTXCallback::__FUNCTION__
                                   0000082F 
    -------------------------------------------------------------------------
XDATA_I
  Relative segment, address: XDATA 00000841 - 00000852 (0x12 bytes), align: 0
  Segment part 176.           Intra module refs:   LLC_Init
           LOCAL                   ADDRESS         
           =====                   =======         
           TIC_SetSECallback::__FUNCTION__
                                   00000841 
    -------------------------------------------------------------------------
XDATA_I
  Relative segment, address: XDATA 00000853 - 00000865 (0x13 bytes), align: 0
  Segment part 178.           Intra module refs:   Callback_execution
                                                   TIC_HW_Timer_IRQ
           LOCAL                   ADDRESS         
           =====                   =======         
           Callback_execution::__FUNCTION__
                                   00000853 
    -------------------------------------------------------------------------
XDATA_I
  Relative segment, address: XDATA 00000866 - 00000876 (0x11 bytes), align: 0
  Segment part 180.           Intra module refs:   TIC_HW_Timer_IRQ
           LOCAL                   ADDRESS         
           =====                   =======         
           TIC_HW_Timer_IRQ::__FUNCTION__
                                   00000866 
    -------------------------------------------------------------------------
XDATA_I
  Relative segment, address: XDATA 00000877 - 00000889 (0x13 bytes), align: 0
  Segment part 182.           Intra module refs:   TIC_HW_Timer_IRQ
    -------------------------------------------------------------------------
XDATA_I
  Relative segment, address: XDATA 0000088A - 00000895 (0xc bytes), align: 0
  Segment part 184.           Intra module refs:   TIC_HW_Timer_IRQ
    -------------------------------------------------------------------------
XDATA_I
  Relative segment, address: XDATA 00000896 - 000008A0 (0xb bytes), align: 0
  Segment part 198.           Intra module refs:   suite_NODE
           LOCAL                   ADDRESS         
           =====                   =======         
           suite_NODE::__FUNCTION__
                                   00000896 
    -------------------------------------------------------------------------
XDATA_I
  Relative segment, address: XDATA 000008A1 - 000008B3 (0x13 bytes), align: 0
  Segment part 200.           Intra module refs:   suite_NODE
    -------------------------------------------------------------------------
XDATA_I
  Relative segment, address: XDATA 000008B4 - 000008C0 (0xd bytes), align: 0
  Segment part 202.           Intra module refs:   suite_NODE
    -------------------------------------------------------------------------
XDATA_I
  Relative segment, address: XDATA 000008C1 - 000008D3 (0x13 bytes), align: 0
  Segment part 204.           Intra module refs:   suite_NODE
    -------------------------------------------------------------------------
XDATA_I
  Relative segment, address: XDATA 000008D4 - 000008D6 (0x3 bytes), align: 0
  Segment part 206.           Intra module refs:   suite_NODE
    -------------------------------------------------------------------------
XDATA_I
  Relative segment, address: XDATA 000008D7 - 000008EC (0x16 bytes), align: 0
  Segment part 208.           Intra module refs:   suite_NODE
    -------------------------------------------------------------------------
XDATA_I
  Relative segment, address: XDATA 000008ED - 000008F3 (0x7 bytes), align: 0
  Segment part 210.           Intra module refs:   suite_NODE
    -------------------------------------------------------------------------
XDATA_I
  Relative segment, address: XDATA 000008F4 - 0000091C (0x29 bytes), align: 0
  Segment part 218.           Intra module refs:   umsg_summary
    -------------------------------------------------------------------------
XDATA_I
  Relative segment, address: XDATA 0000091D - 00000921 (0x5 bytes), align: 0
  Segment part 220.           Intra module refs:   umsg_summary
    -------------------------------------------------------------------------
XDATA_I
  Relative segment, address: XDATA 00000922 - 00000933 (0x12 bytes), align: 0
  Segment part 222.           Intra module refs:   umsg_summary
    -------------------------------------------------------------------------
XDATA_I
  Relative segment, address: XDATA 00000934 - 00000940 (0xd bytes), align: 0
  Segment part 224.           Intra module refs:   umsg_summary
    -------------------------------------------------------------------------
XDATA_I
  Relative segment, address: XDATA 00000941 - 0000094D (0xd bytes), align: 0
  Segment part 226.           Intra module refs:   umsg_summary
    -------------------------------------------------------------------------
XDATA_I
  Relative segment, address: XDATA 0000094E - 0000095C (0xf bytes), align: 0
  Segment part 228.           Intra module refs:   umsg_summary
    -------------------------------------------------------------------------
XDATA_I
  Relative segment, address: XDATA 0000095D - 0000096B (0xf bytes), align: 0
  Segment part 230.           Intra module refs:   umsg_summary
    -------------------------------------------------------------------------
XDATA_I
  Relative segment, address: XDATA 0000096C - 0000097B (0x10 bytes), align: 0
  Segment part 236.           Intra module refs:   CF_init
           LOCAL                   ADDRESS         
           =====                   =======         
           default_key             0000096C 
    -------------------------------------------------------------------------
XDATA_I
  Relative segment, address: XDATA 0000097C - 0000098B (0x10 bytes), align: 0
  Segment part 238.           Intra module refs:   CF_init
           LOCAL                   ADDRESS         
           =====                   =======         
           default_iv              0000097C 
    -------------------------------------------------------------------------
<BANKED_CODE> 1 (was BANKED_CODE)
  Relative segment, address: CODE 00001735 - 0000177F (0x4b bytes), align: 0
  Segment part 349.           Intra module refs:   CF_init::?relay
           ENTRY                   ADDRESS         REF BY
           =====                   =======         ======
           CF_init                 00001735 
               calls direct
               XSTACK = 0000000C ( 0000000C )
    -------------------------------------------------------------------------
XDATA_Z
  Relative segment, address: XDATA 00000335 - 00000338 (0x4 bytes), align: 0
  Segment part 240.           Intra module refs:   TIM_delay
                                                   TIM_init
           LOCAL                   ADDRESS         
           =====                   =======         
           DELAY_CALIBRATE_TICS    00000335 
    -------------------------------------------------------------------------
<BANKED_CODE> 1 (was BANKED_CODE)
  Relative segment, address: CODE 00001780 - 00001877 (0xf8 bytes), align: 0
  Segment part 351.           Intra module refs:   TIM_init::?relay
           ENTRY                   ADDRESS         REF BY
           =====                   =======         ======
           TIM_init                00001780 
               calls direct
               XSTACK = 0000000C ( 00000020 )
               ISTACK = 00000000 ( 00000001 )
    -------------------------------------------------------------------------
<BANKED_CODE> 1 (was BANKED_CODE)
  Relative segment, address: CODE 00001878 - 0000187C (0x5 bytes), align: 0
  Segment part 353.           Intra module refs:   RI_Send
                                                   TIM_delay
                                                   TIM_init
           LOCAL                   ADDRESS         
           =====                   =======         
           ?Subroutine13           00001878 
    -------------------------------------------------------------------------
<BANKED_CODE> 1 (was BANKED_CODE)
  Relative segment, address: CODE 0000187D - 0000189F (0x23 bytes), align: 0
  Segment part 354.           Intra module refs:   TIM_TimeStamp::?relay
           ENTRY                   ADDRESS         REF BY
           =====                   =======         ======
           TIM_TimeStamp           0000187D 
               XSTACK = 0000000C ( 00000000 )
               ISTACK = 00000000 ( 00000003 )
    -------------------------------------------------------------------------
XDATA_Z
  Relative segment, address: XDATA 00000339 - 00000339 (0x1 bytes), align: 0
  Segment part 242.           Intra module refs:   MG_Connect
                                                   frame_create
                                                   frame_delete
           LOCAL                   ADDRESS         
           =====                   =======         
           NBR_FRAME               00000339 
    -------------------------------------------------------------------------
XDATA_Z
  Relative segment, address: XDATA 0000033A - 0000033A (0x1 bytes), align: 0
  Segment part 243.           Intra module refs:   LLC_Init
                                                   LLC_Shelduler
           LOCAL                   ADDRESS         
           =====                   =======         
           tasksBLOCK              0000033A 
    -------------------------------------------------------------------------
XDATA_Z
  Relative segment, address: XDATA 0000033B - 0000033C (0x2 bytes), align: 0
  Segment part 244.           Intra module refs:   ?Subroutine41
                                                   ?Subroutine48
                                                   LLC_Init
                                                   LLC_Shelduler
           LOCAL                   ADDRESS         
           =====                   =======         
           FirstTask               0000033B 
    -------------------------------------------------------------------------
XDATA_Z
  Relative segment, address: XDATA 0000033D - 0000033D (0x1 bytes), align: 0
  Segment part 245.           Intra module refs:   LLC_Init
                                                   LLC_Shelduler
           LOCAL                   ADDRESS         
           =====                   =======         
           nbrTasks                0000033D 
    -------------------------------------------------------------------------
XDATA_Z
  Relative segment, address: XDATA 0000033E - 0000033F (0x2 bytes), align: 0
  Segment part 246.           Intra module refs:   LLC_RX_HNDL
           LOCAL                   ADDRESS         
           =====                   =======         
           RXCallback              0000033E 
    -------------------------------------------------------------------------
XDATA_Z
  Relative segment, address: XDATA 00000340 - 00000343 (0x4 bytes), align: 0
  Segment part 247.           Intra module refs:   LLC_SE_HNDL
           LOCAL                   ADDRESS         
           =====                   =======         
           HeadAllocFunc           00000340 
    -------------------------------------------------------------------------
XDATA_Z
  Relative segment, address: XDATA 00000344 - 00000345 (0x2 bytes), align: 0
  Segment part 248.           Intra module refs:   LLC_Init
                                                   MAC_RX_HNDL
           LOCAL                   ADDRESS         
           =====                   =======         
           RXCallback              00000344 
    -------------------------------------------------------------------------
XDATA_I
  Relative segment, address: XDATA 0000098C - 0000099B (0x10 bytes), align: 0
  Segment part 249.           Intra module refs:   MAC_RX_HNDL
                                                   MAC_Send
                                                   MG_Connect
           LOCAL                   ADDRESS         
           =====                   =======         
           KEY                     0000098C 
    -------------------------------------------------------------------------
XDATA_I
  Relative segment, address: XDATA 0000099C - 000009AB (0x10 bytes), align: 0
  Segment part 251.           Intra module refs:   ?Subroutine43
                                                   MG_Connect
           LOCAL                   ADDRESS         
           =====                   =======         
           IV                      0000099C 
    -------------------------------------------------------------------------
XDATA_Z
  Relative segment, address: XDATA 00000346 - 00000346 (0x1 bytes), align: 0
  Segment part 253.           Intra module refs:   MAC_Init
                                                   MAC_RX_HNDL
                                                   MAC_Reset
                                                   MAC_TX_HNDL
                                                   MG_Connect
           LOCAL                   ADDRESS         
           =====                   =======         
           MAC_ENABLE_MODULE       00000346 
    -------------------------------------------------------------------------
XDATA_Z
  Relative segment, address: XDATA 00000347 - 000004A4 (0x15e bytes), align: 0
  Segment part 254.           Intra module refs:   ?Subroutine58
                                                   ?Subroutine6
                                                   MAC_RX_HNDL
                                                   MAC_Send
                                                   MAC_TX_HNDL
           ENTRY                   ADDRESS         REF BY
           =====                   =======         ======
           MACSlotTable            00000347 
    -------------------------------------------------------------------------
XDATA_Z
  Relative segment, address: XDATA 000004A5 - 000004A6 (0x2 bytes), align: 0
  Segment part 255.           Intra module refs:   MAC_RX_HNDL
           LOCAL                   ADDRESS         
           =====                   =======         
           MAC_ACK_Send::pACK      000004A5 
    -------------------------------------------------------------------------
<BANKED_CODE> 1 (was BANKED_CODE)
  Relative segment, address: CODE 000018A0 - 000018A3 (0x4 bytes), align: 0
  Segment part 357.           Intra module refs:   ?Subroutine21
                                                   AES_init
                                                   TIM_TimeStamp
    -------------------------------------------------------------------------
<BANKED_CODE> 1 (was BANKED_CODE)
  Relative segment, address: CODE 000018A4 - 00001989 (0xe6 bytes), align: 0
  Segment part 360.           Intra module refs:   TIM_delay::?relay
           ENTRY                   ADDRESS         REF BY
           =====                   =======         ======
           TIM_delay               000018A4 
               XSTACK = 00000020 ( 00000020 )
               ISTACK = 00000000 ( 00000001 )
    -------------------------------------------------------------------------
<BANKED_CODE> 1 (was BANKED_CODE)
  Relative segment, address: CODE 0000198A - 00001AE8 (0x15f bytes), align: 0
  Segment part 373.           Intra module refs:   frame_addHeader::?relay
           ENTRY                   ADDRESS         REF BY
           =====                   =======         ======
           frame_addHeader         0000198A 
               calls direct
               XSTACK = 0000003D ( 0000001B )
               ISTACK = 00000000 ( 00000001 )
    -------------------------------------------------------------------------
<BANKED_CODE> 1 (was BANKED_CODE)
  Relative segment, address: CODE 00001AE9 - 00001AED (0x5 bytes), align: 0
  Segment part 377.           Intra module refs:   LLC_Shelduler
                                                   SendData
           LOCAL                   ADDRESS         
           =====                   =======         
           ?Subroutine7            00001AE9 
    -------------------------------------------------------------------------
<BANKED_CODE> 1 (was BANKED_CODE)
  Relative segment, address: CODE 00001AEE - 00001AF6 (0x9 bytes), align: 0
  Segment part 378.           Intra module refs:   ?Subroutine25
           LOCAL                   ADDRESS         
           =====                   =======         
           ?Subroutine72           00001AEE 
    -------------------------------------------------------------------------
<BANKED_CODE> 1 (was BANKED_CODE)
  Relative segment, address: CODE 00001AF7 - 00001B92 (0x9c bytes), align: 0
  Segment part 379.           Intra module refs:   frame_create::?relay
           ENTRY                   ADDRESS         REF BY
           =====                   =======         ======
           frame_create            00001AF7 
               calls direct
               XSTACK = 0000003D ( 00000012 )
    -------------------------------------------------------------------------
<BANKED_CODE> 1 (was BANKED_CODE)
[...]
  06            NT_SetTime
                | Stack used (prev) :  0000032B 00000002
                | + function block  :  00000022 00000000
                |  Already listed
  06            TIM_TimeStamp
                | Stack used (prev) :  00000011 00000000
                | + function block  :  0000000C 00000003
                |  Already listed
  05          TIC_Reset
              | Stack used (prev) :  000004B5 0000000B
              | + function block  :  0000000C 00000004
  06            TIC_CloseAllState
                | Stack used (prev) :  00000485 00000009
                | + function block  :  00000030 00000002
                |  Already listed
  06            NT_SetCompare
                | Stack used (prev) :  000002E3 00000002
                | + function block  :  00000048 00000000
                |  Already listed
  06            NT_SetTime
                | Stack used (prev) :  0000032B 00000002
                | + function block  :  00000022 00000000
                |  Already listed
  06            TIM_TimeStamp
                | Stack used (prev) :  00000011 00000000
                | + function block  :  0000000C 00000003
                |  Already listed
  05          TIC_Init
              | Stack used (prev) :  000004B5 0000000B
              | + function block  :  0000000C 00000004
  06            TIC_SetTimer
                | Stack used (prev) :  0000034D 00000002
                | + function block  :  00000044 00000000
                |  Already listed
  06            TIC_CloseAllState
                | Stack used (prev) :  00000485 00000009
                | + function block  :  00000030 00000002
                |  Already listed
  06            get_sync
                | Stack used (prev) :  000003E2 00000002
                | + function block  :  00000044 00000000
                |  Already listed
  06            frame_delete
                | Stack used (prev) :  00000078 00000000
                | + function block  :  00000044 00000000
                |  Already listed
  06            frame_delete
                | Stack used (prev) :  00000078 00000000
                | + function block  :  00000044 00000000
                |  Already listed
  05          SY_SYNC_NETWORK
              | Stack used (prev) :  000004B5 00000009
              | + function block  :  0000006C 00000002
  05          SY_Reset
              | Stack used (prev) :  00000485 00000009
              | + function block  :  0000000C 00000002
  06            printf
                | Stack used (prev) :  000002C3 00000002
                | + function block  :  00000020 00000000
                |  Already listed
  05          SY_Init
              | Stack used (prev) :  00000485 00000009
              | + function block  :  0000001C 00000000
  06            srand
                | Stack used (prev) :  00000485 00000009
                | + function block  :  0000000C 00000000
  06            rand
                | Stack used (prev) :  00000485 00000009
                | + function block  :  00000010 00000000
  06            readRandom
                | Stack used (prev) :  00000485 00000009
                | + function block  :  00000009 00000002
  06            readRandom
                | Stack used (prev) :  00000485 00000009
                | + function block  :  00000009 00000002
                |  Already listed
  06            RI_cfg
                | Stack used (prev) :  000002E3 00000002
                | + function block  :  0000005D 00000000
                |  Already listed
  05          RI_init
              | Stack used (prev) :  00000495 0000000B
              | + function block  :  0000001E 00000000
  05          NT_Init
              | Stack used (prev) :  00000485 00000009
              | + function block  :  0000000C 00000002
  06            memset
                | Stack used (prev) :  00000011 00000000
                | + function block  :  00000002 00000002
                |  Already listed
  06            frame_delete
                | Stack used (prev) :  00000078 00000000
                | + function block  :  00000044 00000000
                |  Already listed
  05          MAC_Reset
              | Stack used (prev) :  00000485 00000009
              | + function block  :  00000018 00000000
  06            memset
                | Stack used (prev) :  00000011 00000000
                | + function block  :  00000002 00000002
                |  Already listed
  07              printf
                  | Stack used (prev) :  000002C3 00000002
                  | + function block  :  00000020 00000000
                  |  Already listed
  06            TIC_SetTXCallback
                | Stack used (prev) :  00000485 00000009
                | + function block  :  0000001A 00000000
  07              printf
                  | Stack used (prev) :  000002C3 00000002
                  | + function block  :  00000020 00000000
                  |  Already listed
  06            TIC_SetRXCallback
                | Stack used (prev) :  00000485 00000009
                | + function block  :  0000001A 00000000
  05          MAC_Init
              | Stack used (prev) :  0000049F 00000009
              | + function block  :  00000020 00000000
  06            printf
                | Stack used (prev) :  000002C3 00000002
                | + function block  :  00000020 00000000
                |  Already listed
  05          LLC_Init
              | Stack used (prev) :  00000485 00000009
              | + function block  :  0000001C 00000000
  06            TIM_delay
                | Stack used (prev) :  00000011 00000000
                | + function block  :  00000040 00000001
                |  Already listed
  05          TIM_init
              | Stack used (prev) :  00000485 00000009
              | + function block  :  0000002C 00000001
  06            memcpy
                | Stack used (prev) :  00000011 00000000
                | + function block  :  0000000B 00000001
                |  Already listed
  05          CF_init
              | Stack used (prev) :  00000485 00000009
              | + function block  :  00000018 00000000
  05          CF_init
              | Stack used (prev) :  00000485 00000009
              | + function block  :  00000018 00000000
              |  Already listed
  05          AES_init
              | Stack used (prev) :  00000485 00000009
              | + function block  :  0000000C 00000002
  04        MG_Connect
            | Stack used (prev) :  00000521 0000000F
            | + function block  :  00000022 00000000
  03      suite_NODE
          | Stack used (prev) :  00000543 0000000F
          | + function block  :  00000014 00000000
  03      nwDebugerInit
          | Stack used (prev) :  00000485 00000009
          | + function block  :  00000000 00000000
  02    main
        | Stack used (prev) :  00000557 0000000F
        | + function block  :  00000000 00000000
  01  ?call_main
      | Stack used (prev) :  00000557 0000000F
      | + function block  :  00000000 00000000
  <-Sub-tree of type: Function tree
    | Stack used          :  00000557 0000000F


  ->Sub-tree of type: Function tree
                             XSTACK   ISTACK
    | Stack used (prev) :  00000557 0000000F
  01  __program_start
      | Stack used (prev) :  00000557 0000000F
      | + function block  :  00000000 00000000
  <-Sub-tree of type: Function tree
    | Stack used          :  00000557 0000000F


  ->Sub-tree of type: Function tree
                             XSTACK   ISTACK
    | Stack used (prev) :  00000557 0000000F
  01  div::?relay
      | Stack used (prev) :  00000557 0000000F
      | + function block  :  00000000 00000000
  <-Sub-tree of type: Function tree
    | Stack used          :  00000557 0000000F


  ->Sub-tree of type: Function tree
                             XSTACK   ISTACK
    | Stack used (prev) :  00000557 0000000F
  01  __iar_Memchr::?relay
      | Stack used (prev) :  00000557 0000000F
      | + function block  :  00000000 00000000
  <-Sub-tree of type: Function tree
    | Stack used          :  00000557 0000000F


  ->Sub-tree of type: Function tree
                             XSTACK   ISTACK
    | Stack used (prev) :  00000557 0000000F
  01  memcpy::?relay
      | Stack used (prev) :  00000557 0000000F
      | + function block  :  00000000 00000000
  <-Sub-tree of type: Function tree
    | Stack used          :  00000557 0000000F


  ->Sub-tree of type: Function tree
                             XSTACK   ISTACK
    | Stack used (prev) :  00000557 0000000F
  01  memset::?relay
      | Stack used (prev) :  00000557 0000000F
      | + function block  :  00000000 00000000
  <-Sub-tree of type: Function tree
    | Stack used          :  00000557 0000000F


  ->Sub-tree of type: Function tree
                             XSTACK   ISTACK
    | Stack used (prev) :  00000557 0000000F
  01  printf::?relay
      | Stack used (prev) :  00000557 0000000F
      | + function block  :  00000000 00000000
  <-Sub-tree of type: Function tree
    | Stack used          :  00000557 0000000F


  ->Sub-tree of type: Function tree
                             XSTACK   ISTACK
    | Stack used (prev) :  00000557 0000000F
  01  putchar::?relay
      | Stack used (prev) :  00000557 0000000F
      | + function block  :  00000000 00000000
  <-Sub-tree of type: Function tree
    | Stack used          :  00000557 0000000F


  ->Sub-tree of type: Function tree
                             XSTACK   ISTACK
    | Stack used (prev) :  00000557 0000000F
  01  rand::?relay
      | Stack used (prev) :  00000557 0000000F
      | + function block  :  00000000 00000000
  <-Sub-tree of type: Function tree
    | Stack used          :  00000557 0000000F


  ->Sub-tree of type: Function tree
                             XSTACK   ISTACK
    | Stack used (prev) :  00000557 0000000F
  01  srand::?relay
      | Stack used (prev) :  00000557 0000000F
      | + function block  :  00000000 00000000
  <-Sub-tree of type: Function tree
    | Stack used          :  00000557 0000000F


  ->Sub-tree of type: Function tree
                             XSTACK   ISTACK
    | Stack used (prev) :  00000557 0000000F
  01  __iar_Strchr::?relay
      | Stack used (prev) :  00000557 0000000F
      | + function block  :  00000000 00000000
  <-Sub-tree of type: Function tree
    | Stack used          :  00000557 0000000F


  ->Sub-tree of type: Function tree
                             XSTACK   ISTACK
    | Stack used (prev) :  00000557 0000000F
  01  strlen::?relay
      | Stack used (prev) :  00000557 0000000F
      | + function block  :  00000000 00000000
  <-Sub-tree of type: Function tree
    | Stack used          :  00000557 0000000F


  ->Sub-tree of type: Function tree
                             XSTACK   ISTACK
    | Stack used (prev) :  00000557 0000000F
  01  __xdata_GetMemChunk::?relay
      | Stack used (prev) :  00000557 0000000F
      | + function block  :  00000000 00000000
  <-Sub-tree of type: Function tree
    | Stack used          :  00000557 0000000F


  ->Sub-tree of type: Function tree
                             XSTACK   ISTACK
    | Stack used (prev) :  00000557 0000000F
  01  _PrintfLarge::?relay
      | Stack used (prev) :  00000557 0000000F
      | + function block  :  00000000 00000000
  <-Sub-tree of type: Function tree
    | Stack used          :  00000557 0000000F


  ->Sub-tree of type: Function tree
                             XSTACK   ISTACK
    | Stack used (prev) :  00000557 0000000F
  01  pad::?relay
      | Stack used (prev) :  00000557 0000000F
      | + function block  :  00000000 00000000
  <-Sub-tree of type: Function tree
    | Stack used          :  00000557 0000000F


  ->Sub-tree of type: Function tree
                             XSTACK   ISTACK
    | Stack used (prev) :  00000557 0000000F
  01  _LitobLarge::?relay
      | Stack used (prev) :  00000557 0000000F
      | + function block  :  00000000 00000000
  <-Sub-tree of type: Function tree
    | Stack used          :  00000557 0000000F


  ->Sub-tree of type: Function tree
                             XSTACK   ISTACK
    | Stack used (prev) :  00000557 0000000F
  01  scale::?relay
      | Stack used (prev) :  00000557 0000000F
      | + function block  :  00000000 00000000
  <-Sub-tree of type: Function tree
    | Stack used          :  00000557 0000000F


  ->Sub-tree of type: Function tree
                             XSTACK   ISTACK
    | Stack used (prev) :  00000557 0000000F
  01  _LdtobLarge::?relay
      | Stack used (prev) :  00000557 0000000F
      | + function block  :  00000000 00000000
  <-Sub-tree of type: Function tree
    | Stack used          :  00000557 0000000F


  ->Sub-tree of type: Function tree
                             XSTACK   ISTACK
    | Stack used (prev) :  00000557 0000000F
  01  _GenldLarge::?relay
      | Stack used (prev) :  00000557 0000000F
      | + function block  :  00000000 00000000
  <-Sub-tree of type: Function tree
    | Stack used          :  00000557 0000000F


  ->Sub-tree of type: Function tree
                             XSTACK   ISTACK
    | Stack used (prev) :  00000557 0000000F
  01  _PutcharLarge::?relay
      | Stack used (prev) :  00000557 0000000F
      | + function block  :  00000000 00000000
  <-Sub-tree of type: Function tree
    | Stack used          :  00000557 0000000F


  ->Sub-tree of type: Function tree
                             XSTACK   ISTACK
    | Stack used (prev) :  00000557 0000000F
  01  _PutcharsLarge::?relay
      | Stack used (prev) :  00000557 0000000F
      | + function block  :  00000000 00000000
  <-Sub-tree of type: Function tree
    | Stack used          :  00000557 0000000F


  ->Sub-tree of type: Function tree
                             XSTACK   ISTACK
    | Stack used (prev) :  00000557 0000000F
  03      __write
          | Stack used (prev) :  00000462 00000003
          | + function block  :  0000000B 00000000
          |  Already listed
  02    putchar
        | Stack used (prev) :  00000557 0000000F
        | + function block  :  0000000D 00000001
  01  _Prout
      | Stack used (prev) :  00000564 00000010
      | + function block  :  0000001C 00000000
  <-Sub-tree of type: Function tree
    | Stack used          :  00000580 00000010


  ->Sub-tree of type: Function tree
                             XSTACK   ISTACK
    | Stack used (prev) :  00000580 00000010
  01  _Prout::?relay
      | Stack used (prev) :  00000580 00000010
      | + function block  :  00000000 00000000
  <-Sub-tree of type: Function tree
    | Stack used          :  00000580 00000010


  ->Sub-tree of type: Function tree
                             XSTACK   ISTACK
    | Stack used (prev) :  00000580 00000010
  01  __xdata_free::?relay
      | Stack used (prev) :  00000580 00000010
      | + function block  :  00000000 00000000
  <-Sub-tree of type: Function tree
    | Stack used          :  00000580 00000010


  ->Sub-tree of type: Function tree
                             XSTACK   ISTACK
    | Stack used (prev) :  00000580 00000010
  01  __xdata_malloc::?relay
      | Stack used (prev) :  00000580 00000010
      | + function block  :  00000000 00000000
  <-Sub-tree of type: Function tree
    | Stack used          :  00000580 00000010




                ****************************************
                *                                      *
                *      SEGMENTS IN ADDRESS ORDER       *
                *                                      *
                ****************************************


SEGMENT              SPACE    START ADDRESS   END ADDRESS     SIZE  TYPE  ALIGN
=======              =====    =============   ===========     ====  ====  =====
INTVEC               CODE          00000000 - 0000002D          2E   com    0
CSTART               CODE          0000002E - 000000B4          87   rel    0
DATA_ID              CODE               000000B5                     dse    0
BDATA_ID             CODE               000000B5                     dse    0
BIT_ID               CODE               000000B5                     dse    0
IDATA_ID             CODE               000000B5                     dse    0
IXDATA_ID            CODE               000000B5                     dse    0
PDATA_ID             CODE               000000B5                     dse    0
XDATA_ID             CODE          000000B5 - 0000053B         487   rel    0
BANK_RELAYS          CODE          0000053C - 00000709         1CE   rel    0
RCODE                CODE          0000070A - 00001491         D88   rel    0
CODE_N               CODE               00001492                     dse    0
CODE_C               CODE               00001492                     dse    0
DIFUNCT              CODE               00001492                     rel    0
NEAR_CODE            CODE          00001492 - 000014F6          65   rel    0
<BANKED_CODE> 1      CODE          000014F7 - 000059E8        44F2   rel    0
REGISTERS            DATA          00000000 - 00000007           8   rel    0
VREG                 DATA          00000008 - 0000000F           8   rel    0
PSP                  DATA               00000010                     dse    0
XSP                  DATA          00000010 - 00000011           2   rel    0
BREG                 BIT        00000020.0  -  00000020.7        8   rel    0
SFR_AN               DATA          00000086 - 00000087           2   rel    0
                     DATA          00000090 - 00000091           2 
                     DATA          00000094 - 00000097           4 
                     DATA          0000009D - 0000009E           2 
                     DATA          000000A2 - 000000A5           4 
                     DATA          000000A8 - 000000A8           1 
                     DATA          000000AD - 000000AD           1 
                     DATA          000000B3 - 000000B3           1 
                     DATA          000000BE - 000000BE           1 
                     DATA          000000C0 - 000000C2           3 
                     DATA          000000C5 - 000000C6           2 
                     DATA          000000D2 - 000000D7           6 
                     DATA          000000D9 - 000000D9           1 
                     DATA          000000E1 - 000000E1           1 
                     DATA          000000E9 - 000000E9           1 
                     DATA          000000F1 - 000000F1           1 
                     DATA          000000F3 - 000000F3           1 
                     DATA          000000FE - 000000FE           1 
XSTACK               XDATA         00000001 - 00000300         300   rel    0
XDATA_Z              XDATA         00000301 - 000005BD         2BD   rel    0
XDATA_I              XDATA         000005BE - 00000A44         487   rel    0
XDATA_HEAP           XDATA         00000A45 - 00001D44        1300   dse    0
ISTACK               IDATA         000000C0 - 000000FF          40   rel    0

                ****************************************
                *                                      *
                *        END OF CROSS REFERENCE        *
                *                                      *
                ****************************************

 23 017 bytes of CODE  memory
     18 bytes of DATA  memory (+ 35 absolute )
  7 492 bytes of XDATA memory
     64 bytes of IDATA memory
      8 bits  of BIT   memory

Errors: none
Warnings: none

