################################################################################
#                                                                              #
#      IAR Universal Linker V6.4.6.89                                          #
#                                                                              #
#           Link time     =  04/Oct/2019  12:34:02                             #
#           Target CPU    =  x51                                               #
#           List file     =  W:\Projects\WMNU\IAR\PRJ_UNITEST\Debug\List\unite #
#                            st.map                                            #
#           Output file 1 =  W:\Projects\WMNU\IAR\PRJ_UNITEST\Debug\Exe\unites #
#                            t.d51                                             #
#                            Format: ubrof10                                   #
#                            UBROF version 10.0.6                              #
#                            Using library modules for C-SPY (-rt)             #
#           Command line  =  -f C:\Users\Oleg\AppData\Local\Temp\EW45C6.tmp    #
#                            (W:\Projects\WMNU\IAR\PRJ_UNITEST\Debug\Obj\FChai #
#                            n.r51                                             #
#                            W:\Projects\WMNU\IAR\PRJ_UNITEST\Debug\Obj\FItem. #
#                            r51                                               #
#                            W:\Projects\WMNU\IAR\PRJ_UNITEST\Debug\Obj\LLC.r5 #
#                            1                                                 #
#                            W:\Projects\WMNU\IAR\PRJ_UNITEST\Debug\Obj\MAC.r5 #
#                            1                                                 #
#                            W:\Projects\WMNU\IAR\PRJ_UNITEST\Debug\Obj\NTMR.r #
#                            51                                                #
#                            W:\Projects\WMNU\IAR\PRJ_UNITEST\Debug\Obj\nwdebu #
#                            ger.r51                                           #
#                            W:\Projects\WMNU\IAR\PRJ_UNITEST\Debug\Obj\RADIO. #
#                            r51                                               #
#                            W:\Projects\WMNU\IAR\PRJ_UNITEST\Debug\Obj\TIC.r5 #
#                            1                                                 #
#                            W:\Projects\WMNU\IAR\PRJ_UNITEST\Debug\Obj\utest. #
#                            r51                                               #
#                            W:\Projects\WMNU\IAR\PRJ_UNITEST\Debug\Obj\utest_ #
#                            FChain.r51                                        #
#                            W:\Projects\WMNU\IAR\PRJ_UNITEST\Debug\Obj\utest_ #
#                            FItem.r51                                         #
#                            W:\Projects\WMNU\IAR\PRJ_UNITEST\Debug\Obj\utest_ #
#                            suite.r51                                         #
#                            -o                                                #
#                            W:\Projects\WMNU\IAR\PRJ_UNITEST\Debug\Exe\unites #
#                            t.d51                                             #
#                            -l                                                #
#                            W:\Projects\WMNU\IAR\PRJ_UNITEST\Debug\List\unite #
#                            st.map                                            #
#                            -xms                                              #
#                            "-IC:\Program Files (x86)\IAR Systems\Embedded Wo #
#                            rkbench 8.0\8051\LIB\"                            #
#                            -f                                                #
#                            "C:\Program Files (x86)\IAR Systems\Embedded Work #
#                            bench 8.0\8051\config\devices\Texas Instruments\l #
#                            nk51ew_CC2530F256_banked.xcl"                     #
#                            (-D_IDATA0_START=0x00 -D_IDATA0_END=0xFF          #
#                            -D_PDATA0_START=0x1E00 -D_PDATA0_END=0x1EFF       #
#                            -D_IXDATA0_START=0x0001 -D_IXDATA0_END=0x1EFF     #
#                            -D_XDATA0_START=_IXDATA0_START                    #
#                            -D_XDATA0_END=_IXDATA0_END                        #
#                            -D_NEAR_CODE_START=0x0000                         #
#                            -D_FIRST_BANK_ADDR=0x10000 -D?REGISTER_BANK=0x0   #
#                            -D_REGISTER_BANK_START=0x0 -D_BREG_START=0x00     #
#                            -D?VB=0x20 -Z(BIT)BREG=_BREG_START                #
#                            -Z(BIT)BIT_N=0-7F                                 #
#                            -Z(DATA)REGISTERS+8=_REGISTER_BANK_START          #
#                            -Z(DATA)BDATA_Z,BDATA_N,BDATA_I=20-2F             #
#                            -Z(DATA)VREG=08-7F -Z(DATA)PSP,XSP=08-7F          #
#                            -Z(DATA)DOVERLAY=08-7F                            #
#                            -Z(DATA)DATA_I,DATA_Z,DATA_N=08-7F                #
#                            -U(IDATA)0-7F=(DATA)0-7F                          #
#                            -Z(IDATA)IDATA_I,IDATA_Z,IDATA_N=08-_IDATA0_END   #
#                            -Z(IDATA)ISTACK+_IDATA_STACK_SIZE#08-_IDATA0_END  #
#                            -Z(IDATA)IOVERLAY=08-FF -Z(CODE)INTVEC=0          #
#                            -Z(CODE)CSTART=_NEAR_CODE_START-(_CODEBANK_START- #
#                            1)                                                #
#                            -Z(CODE)BIT_ID,BDATA_ID,DATA_ID,IDATA_ID,IXDATA_I #
#                            D,PDATA_ID,XDATA_ID=_NEAR_CODE_START-(_CODEBANK_S #
#                            TART-1)                                           #
#                            -Z(CODE)BANK_RELAYS,RCODE,DIFUNCT,CODE_C,CODE_N,N #
#                            EAR_CODE=_NEAR_CODE_START-(_CODEBANK_START-1)     #
#                            -P(CODE)BANKED_CODE=_NEAR_CODE_START-(_CODEBANK_S #
#                            TART-1),[(_CODEBANK_START+_FIRST_BANK_ADDR)-(_COD #
#                            EBANK_END+_FIRST_BANK_ADDR)]*_NR_OF_BANKS+10000   #
#                            -Z(CODE)CHECKSUM#(_CODEBANK_START-1)              #
#                            -Z(XDATA)PDATA_Z,PDATA_I=_PDATA0_START-_PDATA0_EN #
#                            D                                                 #
#                            -P(XDATA)PDATA_N=_PDATA0_START-_PDATA0_END        #
#                            -Z(XDATA)PSTACK+_PDATA_STACK_SIZE=_PDATA0_START-_ #
#                            PDATA0_END                                        #
#                            -Z(XDATA)EXT_STACK+_EXTENDED_STACK_SIZE=_EXTENDED #
#                            _STACK_START                                      #
#                            -Z(XDATA)XSTACK+_XDATA_STACK_SIZE=_XDATA0_START-_ #
#                            XDATA0_END                                        #
#                            -Z(XDATA)IXDATA_Z,IXDATA_I=_IXDATA0_START-_IXDATA #
#                            0_END                                             #
#                            -P(XDATA)IXDATA_N=_IXDATA0_START-_IXDATA0_END     #
#                            -Z(XDATA)XDATA_Z,XDATA_I=_XDATA0_START-_XDATA0_EN #
#                            D                                                 #
#                            -P(XDATA)XDATA_N=_XDATA0_START-_XDATA0_END        #
#                            -Z(XDATA)XDATA_HEAP+_XDATA_HEAP_SIZE=_XDATA0_STAR #
#                            T-_XDATA0_END                                     #
#                            -Z(CONST)XDATA_ROM_C=_XDATA0_START-_XDATA0_END    #
#                            -cx51                                             #
#                            -M(CODE)[(_CODEBANK_START+_FIRST_BANK_ADDR)-(_COD #
#                            EBANK_END+_FIRST_BANK_ADDR)]*_NR_OF_BANKS+0x10000 #
#                            =0x8000                                           #
#                            -ww69=i -D_BANK0_START=0x00000                    #
#                            -D_BANK0_END=0x07FFF -D_BANK1_START=0x18000       #
#                            -D_BANK1_END=0x1FFFF -D_BANK2_START=0x28000       #
#                            -D_BANK2_END=0x2FFFF -D_BANK3_START=0x38000       #
#                            -D_BANK3_END=0x3FFFF -D_BANK4_START=0x48000       #
#                            -D_BANK4_END=0x4FFFF -D_BANK5_START=0x58000       #
#                            -D_BANK5_END=0x5FFFF -D_BANK6_START=0x68000       #
#                            -D_BANK6_END=0x6FFFF -D_BANK7_START=0x78000       #
#                            -D_BANK7_END=0x7FFFF                              #
#                            -P(CODE)BANK0=_BANK0_START-_BANK0_END             #
#                            -P(CODE)BANK1=_BANK1_START-_BANK1_END             #
#                            -P(CODE)BANK2=_BANK2_START-_BANK2_END             #
#                            -P(CODE)BANK3=_BANK3_START-_BANK3_END             #
#                            -P(CODE)BANK4=_BANK4_START-_BANK4_END             #
#                            -P(CODE)BANK5=_BANK5_START-_BANK5_END             #
#                            -P(CODE)BANK6=_BANK6_START-_BANK6_END             #
#                            -P(CODE)BANK7=_BANK7_START-_BANK7_END             #
#                            -D_FLASH_LOCK_BITS_START=0x7FFF0                  #
#                            -D_FLASH_LOCK_BITS_END=0x7FFFF                    #
#                            -Z(CODE)FLASH_LOCK_BITS=_FLASH_LOCK_BITS_START-_F #
#                            LASH_LOCK_BITS_END                                #
#                            -U(CODE)0x0000=(CODE)_FLASH_LOCK_BITS_START-_FLAS #
#                            H_LOCK_BITS_END)                                  #
#                            -D_NR_OF_VIRTUAL_REGISTERS=8 -D?PBANK=0x93        #
#                            -D?CBANK=0x9F -D?CBANK_MASK=0xFF                  #
#                            -e?BCALL_FF=?BCALL -e?BRET_FF=?BRET               #
#                            -e?BDISPATCH_FF=?BDISPATCH                        #
#                            -D_CODEBANK_START=0x8000 -D_CODEBANK_END=0xFFFF   #
#                            -D_NR_OF_BANKS=0x07                               #
#                            "-IC:\Program Files (x86)\IAR Systems\Embedded Wo #
#                            rkbench 8.0\8051\CONFIG\"                         #
#                            -e_PrintfLarge=_Printf -e_ScanfLarge=_Scanf -rt   #
#                            -s __program_start                                #
#                            "C:\Program Files (x86)\IAR Systems\Embedded Work #
#                            bench 8.0\8051\LIB\DLIB\dl-pli-blxd-1e16x01n.r51" #
#                            -D_IDATA_STACK_SIZE=0x40 -D?ESP=0 -D?ESP_MASK=0   #
#                            -D_EXTENDED_STACK_START=0                         #
#                            -D_EXTENDED_STACK_SIZE=0                          #
#                            -D_PDATA_STACK_SIZE=0x80                          #
#                            -D_XDATA_STACK_SIZE=0xEFF                         #
#                            -D_XDATA_HEAP_SIZE=0xFF -D_FAR_HEAP_SIZE=0xFFF    #
#                            -D_HUGE_HEAP_SIZE=0xFFF                           #
#                            -D_FAR22_HEAP_SIZE=0xFFF)                         #
#                                                                              #
#                           Copyright (C) 1987-2016 IAR Systems AB.            #
################################################################################





                ****************************************
                *                                      *
                *           CROSS REFERENCE            *
                *                                      *
                ****************************************

       Program entry at : CODE      0000005A  Relocatable, from module : CSTARTUP




                ****************************************
                *                                      *
                *            RUNTIME MODEL             *
                *                                      *
                ****************************************

  __Heap_Handler             = Basic
  __SystemLibrary            = DLib
  __calling_convention       = xdata_reentrant
  __code_model               = banked
  __core                     = plain
  __data_model               = large
  __dlib_file_descriptor     = 0
  __dlib_full_locale_support = 0
  __dptr_size                = 16
  __extended_stack           = disabled
  __location_for_constants   = data
  __number_of_dptrs          = 1
  __register_banks           = *
  __rt_version               = 1

                ****************************************
                *                                      *
                *    AUTOMATIC SYMBOL REDIRECTIONS     *
                *                                      *
                ****************************************

                  There are no automatic symbol redirections.



                ****************************************
                *                                      *
                *              MODULE MAP              *
                *                                      *
                ****************************************


  DEFINED ABSOLUTE ENTRIES
    *************************************************************************

  DEFINED ABSOLUTE ENTRIES
  PROGRAM MODULE, NAME : ?ABS_ENTRY_MOD

Absolute parts
           ENTRY                   ADDRESS         REF BY
           =====                   =======         ======
           _FAR22_HEAP_SIZE        00000FFF 
           _HUGE_HEAP_SIZE         00000FFF 
           _FAR_HEAP_SIZE          00000FFF 
           _XDATA_HEAP_SIZE        000000FF 
           _XDATA_STACK_SIZE       00000EFF 
           _PDATA_STACK_SIZE       00000080 
           _EXTENDED_STACK_SIZE    00000000 
           _EXTENDED_STACK_START   00000000 
           ?ESP_MASK               00000000 
           ?ESP                    00000000 
           _IDATA_STACK_SIZE       00000040 
           _NR_OF_BANKS            00000007 
           _CODEBANK_END           0000FFFF 
           _CODEBANK_START         00008000 
           ?CBANK_MASK             000000FF 
           ?CBANK                  0000009F        ?RESET_CODE_BANK (CSTARTUP)
                                                   Segment part 0 (?BANKED_CODE_SUPPORT)
           ?PBANK                  00000093 
           _NR_OF_VIRTUAL_REGISTERS
                                   00000008 
           _FLASH_LOCK_BITS_END    0003FFFF 
           _FLASH_LOCK_BITS_START
                                   0003FFF0 
           _BANK7_END              0003FFFF 
           _BANK7_START            00038000 
           _BANK6_END              00037FFF 
           _BANK6_START            00030000 
           _BANK5_END              0002FFFF 
           _BANK5_START            00028000 
           _BANK4_END              00027FFF 
           _BANK4_START            00020000 
           _BANK3_END              0001FFFF 
           _BANK3_START            00018000 
           _BANK2_END              00017FFF 
           _BANK2_START            00010000 
           _BANK1_END              0000FFFF 
           _BANK1_START            00008000 
           _BANK0_END              00007FFF 
           _BANK0_START            00000000 
           ?VB                     00000020        ?BANKED_ENTER_XDATA (?BANKED_ENTER_XDATA)
                                                   ?BANKED_LEAVE_XDATA (?BANKED_LEAVE_XDATA)
                                                   test_create (utest_FChain)
                                                   umsg (utest_suite)
           _BREG_START             00000000 
           _REGISTER_BANK_START    00000000 
           ?REGISTER_BANK          00000000        Segment part 6 (CSTARTUP)
           _FIRST_BANK_ADDR        00010000 
           _NEAR_CODE_START        00000000 
           _XDATA0_END             00001EFF 
           _XDATA0_START           00000001 
           _IXDATA0_END            00001EFF 
           _IXDATA0_START          00000001 
           _PDATA0_END             00001EFF 
           _PDATA0_START           00001E00 
           _IDATA0_END             000000FF 
           _IDATA0_START           00000000 
    *************************************************************************

  FILE NAME : W:\Projects\WMNU\IAR\PRJ_UNITEST\Debug\Obj\FChain.r51
  PROGRAM MODULE, NAME : FChain

  SEGMENTS IN THE MODULE
  ======================
<BANKED_CODE> 1 (was BANKED_CODE)
  Relative segment, address: CODE 000038F7 - 0000390B (0x15 bytes), align: 0
  Segment part 37.            Intra module refs:   free::?relay
           ENTRY                   ADDRESS         REF BY
           =====                   =======         ======
           free                    000038F7 
               calls direct
               XSTACK = 0000000E ( 00000009 )
    -------------------------------------------------------------------------
<BANKED_CODE> 1 (was BANKED_CODE)
  Relative segment, address: CODE 0000390C - 00003920 (0x15 bytes), align: 0
  Segment part 39.            Intra module refs:   malloc::?relay
           ENTRY                   ADDRESS         REF BY
           =====                   =======         ======
           malloc                  0000390C 
               calls direct
               XSTACK = 0000000A ( 00000009 )
    -------------------------------------------------------------------------
XDATA_Z
  Relative segment, address: XDATA 00000F00 - 00000F00 (0x1 bytes), align: 0
  Segment part 36.            Intra module refs:   FC_create
                                                   FC_getObjectQuantity
           LOCAL                   ADDRESS         
           =====                   =======         
           QUANTITY                00000F00 
    -------------------------------------------------------------------------
<BANKED_CODE> 1 (was BANKED_CODE)
  Relative segment, address: CODE 00003921 - 000039BC (0x9c bytes), align: 0
  Segment part 41.            Intra module refs:   FC_create::?relay
           ENTRY                   ADDRESS         REF BY
           =====                   =======         ======
           FC_create               00003921 
               calls direct
               XSTACK = 00000000 ( 0000000E )
    -------------------------------------------------------------------------
<BANKED_CODE> 1 (was BANKED_CODE)
  Relative segment, address: CODE 000039BD - 00003A59 (0x9d bytes), align: 0
  Segment part 43.            Intra module refs:   FC_delete::?relay
           ENTRY                   ADDRESS         REF BY
           =====                   =======         ======
           FC_delete               000039BD 
               calls direct
               XSTACK = 00000000 ( 00000012 )
    -------------------------------------------------------------------------
<BANKED_CODE> 1 (was BANKED_CODE)
  Relative segment, address: CODE 00003A5A - 00003A7B (0x22 bytes), align: 0
  Segment part 45.            Intra module refs:   FC_iteratorToHead::?relay
           ENTRY                   ADDRESS         REF BY
           =====                   =======         ======
           FC_iteratorToHead       00003A5A 
               ISTACK = 00000000 ( 00000002 )
    -------------------------------------------------------------------------
<BANKED_CODE> 1 (was BANKED_CODE)
  Relative segment, address: CODE 00003A7C - 00003A9F (0x24 bytes), align: 0
  Segment part 47.            Intra module refs:   FC_iteratorToTail::?relay
           ENTRY                   ADDRESS         REF BY
           =====                   =======         ======
           FC_iteratorToTail       00003A7C 
               ISTACK = 00000000 ( 00000002 )
    -------------------------------------------------------------------------
<BANKED_CODE> 1 (was BANKED_CODE)
  Relative segment, address: CODE 00003AA0 - 00003B36 (0x97 bytes), align: 0
  Segment part 49.            Intra module refs:   FC_iteratorToType::?relay
           ENTRY                   ADDRESS         REF BY
           =====                   =======         ======
           FC_iteratorToType       00003AA0 
               calls direct
               XSTACK = 0000000B ( 00000012 )
    -------------------------------------------------------------------------
<BANKED_CODE> 1 (was BANKED_CODE)
  Relative segment, address: CODE 00003B37 - 00003BCB (0x95 bytes), align: 0
  Segment part 51.            Intra module refs:   FC_iteratorToTypeHead::?relay
           ENTRY                   ADDRESS         REF BY
           =====                   =======         ======
           FC_iteratorToTypeHead   00003B37 
               calls direct
               XSTACK = 00000000 ( 0000000F )
    -------------------------------------------------------------------------
<BANKED_CODE> 1 (was BANKED_CODE)
  Relative segment, address: CODE 00003BCC - 00003C58 (0x8d bytes), align: 0
  Segment part 53.            Intra module refs:   FC_next::?relay
           ENTRY                   ADDRESS         REF BY
           =====                   =======         ======
           FC_next                 00003BCC 
               calls direct
               XSTACK = 00000000 ( 0000000E )
    -------------------------------------------------------------------------
<BANKED_CODE> 1 (was BANKED_CODE)
  Relative segment, address: CODE 00003C59 - 00003CE5 (0x8d bytes), align: 0
  Segment part 55.            Intra module refs:   FC_last::?relay
           ENTRY                   ADDRESS         REF BY
           =====                   =======         ======
           FC_last                 00003C59 
               calls direct
               XSTACK = 00000000 ( 0000000E )
    -------------------------------------------------------------------------
<BANKED_CODE> 1 (was BANKED_CODE)
  Relative segment, address: CODE 00003CE6 - 00003E8B (0x1a6 bytes), align: 0
  Segment part 57.            Intra module refs:   FC_insertAfter::?relay
           ENTRY                   ADDRESS         REF BY
           =====                   =======         ======
           FC_insertAfter          00003CE6 
               calls direct
               XSTACK = 00000000 ( 00000014 )
    -------------------------------------------------------------------------
<BANKED_CODE> 1 (was BANKED_CODE)
  Relative segment, address: CODE 00003E8C - 0000402F (0x1a4 bytes), align: 0
  Segment part 59.            Intra module refs:   FC_insertBefore::?relay
           ENTRY                   ADDRESS         REF BY
           =====                   =======         ======
           FC_insertBefore         00003E8C 
               calls direct
               XSTACK = 00000000 ( 00000014 )
    -------------------------------------------------------------------------
<BANKED_CODE> 1 (was BANKED_CODE)
  Relative segment, address: CODE 00004030 - 00004082 (0x53 bytes), align: 0
  Segment part 61.            Intra module refs:   FC_getQuantity::?relay
           ENTRY                   ADDRESS         REF BY
           =====                   =======         ======
           FC_getQuantity          00004030 
               calls direct
               XSTACK = 00000000 ( 0000000E )
    -------------------------------------------------------------------------
<BANKED_CODE> 1 (was BANKED_CODE)
  Relative segment, address: CODE 00004083 - 000040D9 (0x57 bytes), align: 0
  Segment part 63.            Intra module refs:   FC_getIterator::?relay
           ENTRY                   ADDRESS         REF BY
           =====                   =======         ======
           FC_getIterator          00004083 
               calls direct
               XSTACK = 00000000 ( 0000000E )
    -------------------------------------------------------------------------
<BANKED_CODE> 1 (was BANKED_CODE)
  Relative segment, address: CODE 000040DA - 000040E9 (0x10 bytes), align: 0
  Segment part 65.            Intra module refs:   FC_getObjectQuantity::?relay
           ENTRY                   ADDRESS         REF BY
           =====                   =======         ======
           FC_getObjectQuantity    000040DA 
               ISTACK = 00000000 ( 00000002 )
    -------------------------------------------------------------------------
<BANKED_CODE> 1 (was BANKED_CODE)
  Relative segment, address: CODE 000040EA - 0000417E (0x95 bytes), align: 0
  Segment part 67.            Intra module refs:   FC_isHaveType::?relay
           ENTRY                   ADDRESS         REF BY
           =====                   =======         ======
           FC_isHaveType           000040EA 
               calls direct
               XSTACK = 00000000 ( 0000000F )
    -------------------------------------------------------------------------
XDATA_ID
  Relative segment, address: CODE 0000008A - 0000009A (0x11 bytes), align: 0
  Segment part 7.             Intra module refs:   Segment part 6
    -------------------------------------------------------------------------
XDATA_ID
  Relative segment, address: CODE 0000009B - 000000A3 (0x9 bytes), align: 0
  Segment part 9.             Intra module refs:   Segment part 8
    -------------------------------------------------------------------------
XDATA_ID
  Relative segment, address: CODE 000000A4 - 000000BB (0x18 bytes), align: 0
  Segment part 11.            Intra module refs:   Segment part 10
    -------------------------------------------------------------------------
XDATA_ID
  Relative segment, address: CODE 000000BC - 000000D5 (0x1a bytes), align: 0
  Segment part 13.            Intra module refs:   Segment part 12
    -------------------------------------------------------------------------
XDATA_ID
  Relative segment, address: CODE 000000D6 - 000000E2 (0xd bytes), align: 0
  Segment part 15.            Intra module refs:   Segment part 14
    -------------------------------------------------------------------------
XDATA_ID
  Relative segment, address: CODE 000000E3 - 000000FA (0x18 bytes), align: 0
  Segment part 17.            Intra module refs:   Segment part 16
    -------------------------------------------------------------------------
XDATA_ID
  Relative segment, address: CODE 000000FB - 00000113 (0x19 bytes), align: 0
  Segment part 19.            Intra module refs:   Segment part 18
    -------------------------------------------------------------------------
XDATA_ID
  Relative segment, address: CODE 00000114 - 0000012D (0x1a bytes), align: 0
  Segment part 21.            Intra module refs:   Segment part 20
    -------------------------------------------------------------------------
XDATA_ID
  Relative segment, address: CODE 0000012E - 00000147 (0x1a bytes), align: 0
  Segment part 23.            Intra module refs:   Segment part 22
    -------------------------------------------------------------------------
XDATA_ID
  Relative segment, address: CODE 00000148 - 0000015F (0x18 bytes), align: 0
  Segment part 25.            Intra module refs:   Segment part 24
    -------------------------------------------------------------------------
XDATA_ID
  Relative segment, address: CODE 00000160 - 00000176 (0x17 bytes), align: 0
  Segment part 27.            Intra module refs:   Segment part 26
    -------------------------------------------------------------------------
XDATA_ID
  Relative segment, address: CODE 00000177 - 00000191 (0x1b bytes), align: 0
  Segment part 29.            Intra module refs:   Segment part 28
    -------------------------------------------------------------------------
XDATA_ID
  Relative segment, address: CODE 00000192 - 000001AB (0x1a bytes), align: 0
  Segment part 31.            Intra module refs:   Segment part 30
    -------------------------------------------------------------------------
XDATA_ID
  Relative segment, address: CODE 000001AC - 000001C9 (0x1e bytes), align: 0
  Segment part 33.            Intra module refs:   Segment part 32
    -------------------------------------------------------------------------
XDATA_ID
  Relative segment, address: CODE 000001CA - 000001E7 (0x1e bytes), align: 0
  Segment part 35.            Intra module refs:   Segment part 34
    -------------------------------------------------------------------------
BANK_RELAYS
  Relative segment, address: CODE 0000085A - 0000085F (0x6 bytes), align: 0
  Segment part 38.            Intra module refs:   FC_delete
                                                   FI_create (FItem)
                                                   FI_delete (FItem)
           ENTRY                   ADDRESS         REF BY
           =====                   =======         ======
           free::?relay            0000085A 
    -------------------------------------------------------------------------
BANK_RELAYS
  Relative segment, address: CODE 00000860 - 00000865 (0x6 bytes), align: 0
  Segment part 40.            Intra module refs:   FC_create
                                                   FI_create (FItem)
           ENTRY                   ADDRESS         REF BY
           =====                   =======         ======
           malloc::?relay          00000860 
    -------------------------------------------------------------------------
BANK_RELAYS
  Relative segment, address: CODE 00000866 - 0000086B (0x6 bytes), align: 0
  Segment part 42.
           ENTRY                   ADDRESS         REF BY
           =====                   =======         ======
           FC_create::?relay       00000866        test_create (utest_FChain)
    -------------------------------------------------------------------------
BANK_RELAYS
  Relative segment, address: CODE 0000086C - 00000871 (0x6 bytes), align: 0
  Segment part 44.
           ENTRY                   ADDRESS         REF BY
           =====                   =======         ======
           FC_delete::?relay       0000086C        test_create (utest_FChain)
    -------------------------------------------------------------------------
BANK_RELAYS
  Relative segment, address: CODE 00000872 - 00000877 (0x6 bytes), align: 0
  Segment part 46.
           ENTRY                   ADDRESS         REF BY
           =====                   =======         ======
           FC_iteratorToHead::?relay
                                   00000872        test_create (utest_FChain)
    -------------------------------------------------------------------------
BANK_RELAYS
  Relative segment, address: CODE 00000878 - 0000087D (0x6 bytes), align: 0
  Segment part 48.
           ENTRY                   ADDRESS         REF BY
           =====                   =======         ======
           FC_iteratorToTail::?relay
                                   00000878        test_create (utest_FChain)
    -------------------------------------------------------------------------
BANK_RELAYS
  Relative segment, address: CODE 0000087E - 00000883 (0x6 bytes), align: 0
  Segment part 50.            Intra module refs:   FC_isHaveType
                                                   FC_iteratorToTypeHead
           ENTRY                   ADDRESS         REF BY
           =====                   =======         ======
           FC_iteratorToType::?relay
                                   0000087E        test_create (utest_FChain)
    -------------------------------------------------------------------------
BANK_RELAYS
  Relative segment, address: CODE 00000884 - 00000889 (0x6 bytes), align: 0
  Segment part 52.
           ENTRY                   ADDRESS         REF BY
           =====                   =======         ======
           FC_iteratorToTypeHead::?relay
                                   00000884        test_create (utest_FChain)
    -------------------------------------------------------------------------
BANK_RELAYS
  Relative segment, address: CODE 0000088A - 0000088F (0x6 bytes), align: 0
  Segment part 54.
           ENTRY                   ADDRESS         REF BY
           =====                   =======         ======
           FC_next::?relay         0000088A        test_create (utest_FChain)
    -------------------------------------------------------------------------
BANK_RELAYS
  Relative segment, address: CODE 00000890 - 00000895 (0x6 bytes), align: 0
  Segment part 56.
           ENTRY                   ADDRESS         REF BY
           =====                   =======         ======
           FC_last::?relay         00000890        test_create (utest_FChain)
    -------------------------------------------------------------------------
BANK_RELAYS
  Relative segment, address: CODE 00000896 - 0000089B (0x6 bytes), align: 0
  Segment part 58.
           ENTRY                   ADDRESS         REF BY
           =====                   =======         ======
           FC_insertAfter::?relay
                                   00000896        test_create (utest_FChain)
    -------------------------------------------------------------------------
BANK_RELAYS
  Relative segment, address: CODE 0000089C - 000008A1 (0x6 bytes), align: 0
  Segment part 60.
           ENTRY                   ADDRESS         REF BY
           =====                   =======         ======
           FC_insertBefore::?relay
                                   0000089C        test_create (utest_FChain)
    -------------------------------------------------------------------------
BANK_RELAYS
  Relative segment, address: CODE 000008A2 - 000008A7 (0x6 bytes), align: 0
  Segment part 62.
           ENTRY                   ADDRESS         REF BY
           =====                   =======         ======
           FC_getQuantity::?relay
                                   000008A2        test_create (utest_FChain)
    -------------------------------------------------------------------------
BANK_RELAYS
  Relative segment, address: CODE 000008A8 - 000008AD (0x6 bytes), align: 0
  Segment part 64.
           ENTRY                   ADDRESS         REF BY
           =====                   =======         ======
           FC_getIterator::?relay
                                   000008A8        test_create (utest_FChain)
    -------------------------------------------------------------------------
BANK_RELAYS
  Relative segment, address: CODE 000008AE - 000008B3 (0x6 bytes), align: 0
  Segment part 66.
           ENTRY                   ADDRESS         REF BY
           =====                   =======         ======
           FC_getObjectQuantity::?relay
                                   000008AE        test_create (utest_FChain)
    -------------------------------------------------------------------------
BANK_RELAYS
  Relative segment, address: CODE 000008B4 - 000008B9 (0x6 bytes), align: 0
  Segment part 68.
           ENTRY                   ADDRESS         REF BY
           =====                   =======         ======
           FC_isHaveType::?relay   000008B4        test_create (utest_FChain)
    -------------------------------------------------------------------------
XDATA_I
  Relative segment, address: XDATA 00000F0C - 00000F1C (0x11 bytes), align: 0
  Segment part 6.             Intra module refs:   FC_create
                                                   FC_delete
                                                   FC_getIterator
                                                   FC_getQuantity
                                                   FC_insertAfter
                                                   FC_insertBefore
                                                   FC_isHaveType
                                                   FC_iteratorToType
                                                   FC_iteratorToTypeHead
                                                   FC_last
                                                   FC_next
    -------------------------------------------------------------------------
XDATA_I
  Relative segment, address: XDATA 00000F1D - 00000F25 (0x9 bytes), align: 0
  Segment part 8.             Intra module refs:   FC_create
                                                   FC_delete
                                                   FC_getIterator
                                                   FC_getQuantity
                                                   FC_insertAfter
                                                   FC_insertBefore
                                                   FC_isHaveType
                                                   FC_iteratorToType
                                                   FC_iteratorToTypeHead
                                                   FC_last
                                                   FC_next
    -------------------------------------------------------------------------
XDATA_I
  Relative segment, address: XDATA 00000F26 - 00000F3D (0x18 bytes), align: 0
  Segment part 10.            Intra module refs:   FC_create
    -------------------------------------------------------------------------
XDATA_I
  Relative segment, address: XDATA 00000F3E - 00000F57 (0x1a bytes), align: 0
  Segment part 12.            Intra module refs:   FC_create
                                                   FC_delete
                                                   FC_getIterator
                                                   FC_getQuantity
                                                   FC_insertAfter
                                                   FC_insertBefore
                                                   FC_isHaveType
                                                   FC_iteratorToType
                                                   FC_iteratorToTypeHead
                                                   FC_last
                                                   FC_next
    -------------------------------------------------------------------------
XDATA_I
  Relative segment, address: XDATA 00000F58 - 00000F64 (0xd bytes), align: 0
  Segment part 14.            Intra module refs:   FC_create
                                                   FC_delete
                                                   FC_getIterator
                                                   FC_getQuantity
                                                   FC_insertAfter
                                                   FC_insertBefore
                                                   FC_isHaveType
                                                   FC_iteratorToType
                                                   FC_iteratorToTypeHead
                                                   FC_last
                                                   FC_next
    -------------------------------------------------------------------------
XDATA_I
  Relative segment, address: XDATA 00000F65 - 00000F7C (0x18 bytes), align: 0
  Segment part 16.            Intra module refs:   FC_delete
    -------------------------------------------------------------------------
XDATA_I
  Relative segment, address: XDATA 00000F7D - 00000F95 (0x19 bytes), align: 0
  Segment part 18.            Intra module refs:   FC_isHaveType
                                                   FC_iteratorToType
                                                   FC_iteratorToTypeHead
    -------------------------------------------------------------------------
XDATA_I
  Relative segment, address: XDATA 00000F96 - 00000FAF (0x1a bytes), align: 0
  Segment part 20.            Intra module refs:   FC_next
    -------------------------------------------------------------------------
XDATA_I
  Relative segment, address: XDATA 00000FB0 - 00000FC9 (0x1a bytes), align: 0
  Segment part 22.            Intra module refs:   FC_last
    -------------------------------------------------------------------------
XDATA_I
  Relative segment, address: XDATA 00000FCA - 00000FE1 (0x18 bytes), align: 0
  Segment part 24.            Intra module refs:   FC_insertAfter
                                                   FC_insertBefore
    -------------------------------------------------------------------------
XDATA_I
  Relative segment, address: XDATA 00000FE2 - 00000FF8 (0x17 bytes), align: 0
  Segment part 26.            Intra module refs:   FC_insertAfter
                                                   FC_insertBefore
    -------------------------------------------------------------------------
XDATA_I
  Relative segment, address: XDATA 00000FF9 - 00001013 (0x1b bytes), align: 0
  Segment part 28.            Intra module refs:   FC_insertAfter
    -------------------------------------------------------------------------
XDATA_I
  Relative segment, address: XDATA 00001014 - 0000102D (0x1a bytes), align: 0
  Segment part 30.            Intra module refs:   FC_insertBefore
    -------------------------------------------------------------------------
XDATA_I
  Relative segment, address: XDATA 0000102E - 0000104B (0x1e bytes), align: 0
  Segment part 32.            Intra module refs:   FC_getQuantity
    -------------------------------------------------------------------------
XDATA_I
  Relative segment, address: XDATA 0000104C - 00001069 (0x1e bytes), align: 0
  Segment part 34.            Intra module refs:   FC_getIterator

    *************************************************************************

  FILE NAME : W:\Projects\WMNU\IAR\PRJ_UNITEST\Debug\Obj\FItem.r51
  PROGRAM MODULE, NAME : FItem

  SEGMENTS IN THE MODULE
  ======================
XDATA_Z
  Relative segment, address: XDATA 00000F01 - 00000F01 (0x1 bytes), align: 0
  Segment part 28.            Intra module refs:   FI_create
                                                   FI_delete
           LOCAL                   ADDRESS         
           =====                   =======         
           QUANTITY                00000F01 
    -------------------------------------------------------------------------
<BANKED_CODE> 1 (was BANKED_CODE)
  Relative segment, address: CODE 0000417F - 000042CF (0x151 bytes), align: 0
  Segment part 33.            Intra module refs:   FI_create::?relay
           ENTRY                   ADDRESS         REF BY
           =====                   =======         ======
           FI_create               0000417F 
               calls direct
               XSTACK = 00000000 ( 00000012 )
               ISTACK = 00000000 ( 00000001 )
    -------------------------------------------------------------------------
<BANKED_CODE> 1 (was BANKED_CODE)
  Relative segment, address: CODE 000042D0 - 00004389 (0xba bytes), align: 0
  Segment part 35.            Intra module refs:   FI_delete::?relay
           ENTRY                   ADDRESS         REF BY
           =====                   =======         ======
           FI_delete               000042D0 
               calls direct
               XSTACK = 00000000 ( 0000000E )
    -------------------------------------------------------------------------
<BANKED_CODE> 1 (was BANKED_CODE)
  Relative segment, address: CODE 0000438A - 0000443C (0xb3 bytes), align: 0
  Segment part 37.            Intra module refs:   FI_setNext::?relay
           ENTRY                   ADDRESS         REF BY
           =====                   =======         ======
           FI_setNext              0000438A 
               calls direct
               XSTACK = 00000000 ( 00000010 )
    -------------------------------------------------------------------------
<BANKED_CODE> 1 (was BANKED_CODE)
  Relative segment, address: CODE 0000443D - 000044EF (0xb3 bytes), align: 0
  Segment part 39.            Intra module refs:   FI_setLast::?relay
           ENTRY                   ADDRESS         REF BY
           =====                   =======         ======
           FI_setLast              0000443D 
               calls direct
               XSTACK = 00000000 ( 00000010 )
    -------------------------------------------------------------------------
<BANKED_CODE> 1 (was BANKED_CODE)
  Relative segment, address: CODE 000044F0 - 0000454B (0x5c bytes), align: 0
  Segment part 41.            Intra module refs:   FI_getNext::?relay
           ENTRY                   ADDRESS         REF BY
           =====                   =======         ======
           FI_getNext              000044F0 
               calls direct
               XSTACK = 00000000 ( 0000000E )
    -------------------------------------------------------------------------
<BANKED_CODE> 1 (was BANKED_CODE)
  Relative segment, address: CODE 0000454C - 000045A9 (0x5e bytes), align: 0
  Segment part 43.            Intra module refs:   FI_getLast::?relay
           ENTRY                   ADDRESS         REF BY
           =====                   =======         ======
           FI_getLast              0000454C 
               calls direct
               XSTACK = 00000000 ( 0000000E )
    -------------------------------------------------------------------------
<BANKED_CODE> 1 (was BANKED_CODE)
  Relative segment, address: CODE 000045AA - 000045FC (0x53 bytes), align: 0
  Segment part 45.            Intra module refs:   FI_getType::?relay
           ENTRY                   ADDRESS         REF BY
           =====                   =======         ======
           FI_getType              000045AA 
               calls direct
               XSTACK = 00000000 ( 0000000E )
    -------------------------------------------------------------------------
XDATA_ID
  Relative segment, address: CODE 000001E8 - 000001F8 (0x11 bytes), align: 0
  Segment part 7.             Intra module refs:   Segment part 6
    -------------------------------------------------------------------------
XDATA_ID
  Relative segment, address: CODE 000001F9 - 00000200 (0x8 bytes), align: 0
  Segment part 9.             Intra module refs:   Segment part 8
    -------------------------------------------------------------------------
XDATA_ID
  Relative segment, address: CODE 00000201 - 00000218 (0x18 bytes), align: 0
  Segment part 11.            Intra module refs:   Segment part 10
    -------------------------------------------------------------------------
XDATA_ID
  Relative segment, address: CODE 00000219 - 00000232 (0x1a bytes), align: 0
  Segment part 13.            Intra module refs:   Segment part 12
    -------------------------------------------------------------------------
XDATA_ID
  Relative segment, address: CODE 00000233 - 0000023F (0xd bytes), align: 0
  Segment part 15.            Intra module refs:   Segment part 14
    -------------------------------------------------------------------------
XDATA_ID
  Relative segment, address: CODE 00000240 - 00000254 (0x15 bytes), align: 0
  Segment part 17.            Intra module refs:   Segment part 16
    -------------------------------------------------------------------------
XDATA_ID
  Relative segment, address: CODE 00000255 - 0000026F (0x1b bytes), align: 0
  Segment part 19.            Intra module refs:   Segment part 18
    -------------------------------------------------------------------------
XDATA_ID
  Relative segment, address: CODE 00000270 - 0000027B (0xc bytes), align: 0
  Segment part 21.            Intra module refs:   Segment part 20
    -------------------------------------------------------------------------
XDATA_ID
  Relative segment, address: CODE 0000027C - 0000028C (0x11 bytes), align: 0
  Segment part 23.            Intra module refs:   Segment part 22
    -------------------------------------------------------------------------
XDATA_ID
  Relative segment, address: CODE 0000028D - 0000029D (0x11 bytes), align: 0
  Segment part 25.            Intra module refs:   Segment part 24
    -------------------------------------------------------------------------
BANK_RELAYS
  Relative segment, address: CODE 000008BA - 000008BF (0x6 bytes), align: 0
  Segment part 34.
           ENTRY                   ADDRESS         REF BY
           =====                   =======         ======
           FI_create::?relay       000008BA        test_create (utest_FChain)
    -------------------------------------------------------------------------
BANK_RELAYS
  Relative segment, address: CODE 000008C0 - 000008C5 (0x6 bytes), align: 0
  Segment part 36.
           ENTRY                   ADDRESS         REF BY
           =====                   =======         ======
           FI_delete::?relay       000008C0        FC_delete (FChain)
    -------------------------------------------------------------------------
BANK_RELAYS
  Relative segment, address: CODE 000008C6 - 000008CB (0x6 bytes), align: 0
  Segment part 38.
           ENTRY                   ADDRESS         REF BY
           =====                   =======         ======
           FI_setNext::?relay      000008C6        FC_insertAfter (FChain)
                                                   FC_insertBefore (FChain)
    -------------------------------------------------------------------------
BANK_RELAYS
  Relative segment, address: CODE 000008CC - 000008D1 (0x6 bytes), align: 0
  Segment part 40.
           ENTRY                   ADDRESS         REF BY
           =====                   =======         ======
           FI_setLast::?relay      000008CC        FC_insertAfter (FChain)
                                                   FC_insertBefore (FChain)
    -------------------------------------------------------------------------
BANK_RELAYS
  Relative segment, address: CODE 000008D2 - 000008D7 (0x6 bytes), align: 0
  Segment part 42.
           ENTRY                   ADDRESS         REF BY
           =====                   =======         ======
           FI_getNext::?relay      000008D2        FC_delete (FChain)
                                                   FC_insertAfter (FChain)
                                                   FC_iteratorToType (FChain)
                                                   FC_next (FChain)
    -------------------------------------------------------------------------
BANK_RELAYS
  Relative segment, address: CODE 000008D8 - 000008DD (0x6 bytes), align: 0
  Segment part 44.
           ENTRY                   ADDRESS         REF BY
           =====                   =======         ======
           FI_getLast::?relay      000008D8        FC_insertBefore (FChain)
                                                   FC_last (FChain)
    -------------------------------------------------------------------------
BANK_RELAYS
  Relative segment, address: CODE 000008DE - 000008E3 (0x6 bytes), align: 0
  Segment part 46.
           ENTRY                   ADDRESS         REF BY
           =====                   =======         ======
           FI_getType::?relay      000008DE        FC_iteratorToType (FChain)
    -------------------------------------------------------------------------
XDATA_I
  Relative segment, address: XDATA 0000106A - 0000107A (0x11 bytes), align: 0
  Segment part 6.             Intra module refs:   FI_create
                                                   FI_delete
                                                   FI_getLast
                                                   FI_getNext
                                                   FI_getType
                                                   FI_setLast
                                                   FI_setNext
    -------------------------------------------------------------------------
XDATA_I
  Relative segment, address: XDATA 0000107B - 00001082 (0x8 bytes), align: 0
  Segment part 8.             Intra module refs:   FI_create
                                                   FI_delete
                                                   FI_getLast
                                                   FI_getNext
                                                   FI_getType
                                                   FI_setLast
                                                   FI_setNext
    -------------------------------------------------------------------------
XDATA_I
  Relative segment, address: XDATA 00001083 - 0000109A (0x18 bytes), align: 0
  Segment part 10.            Intra module refs:   FI_create
    -------------------------------------------------------------------------
XDATA_I
  Relative segment, address: XDATA 0000109B - 000010B4 (0x1a bytes), align: 0
  Segment part 12.            Intra module refs:   FI_create
                                                   FI_delete
                                                   FI_getLast
                                                   FI_getNext
                                                   FI_getType
                                                   FI_setLast
                                                   FI_setNext
    -------------------------------------------------------------------------
XDATA_I
  Relative segment, address: XDATA 000010B5 - 000010C1 (0xd bytes), align: 0
  Segment part 14.            Intra module refs:   FI_create
                                                   FI_delete
                                                   FI_getLast
                                                   FI_getNext
                                                   FI_getType
                                                   FI_setLast
                                                   FI_setNext
    -------------------------------------------------------------------------
XDATA_I
  Relative segment, address: XDATA 000010C2 - 000010D6 (0x15 bytes), align: 0
  Segment part 16.            Intra module refs:   FI_delete
    -------------------------------------------------------------------------
XDATA_I
  Relative segment, address: XDATA 000010D7 - 000010F1 (0x1b bytes), align: 0
  Segment part 18.            Intra module refs:   FI_delete
    -------------------------------------------------------------------------
XDATA_I
  Relative segment, address: XDATA 000010F2 - 000010FD (0xc bytes), align: 0
  Segment part 20.            Intra module refs:   FI_getLast
                                                   FI_getNext
                                                   FI_getType
                                                   FI_setLast
                                                   FI_setNext
    -------------------------------------------------------------------------
XDATA_I
  Relative segment, address: XDATA 000010FE - 0000110E (0x11 bytes), align: 0
  Segment part 22.            Intra module refs:   FI_setNext
    -------------------------------------------------------------------------
XDATA_I
  Relative segment, address: XDATA 0000110F - 0000111F (0x11 bytes), align: 0
  Segment part 24.            Intra module refs:   FI_setLast

    *************************************************************************

  FILE NAME : W:\Projects\WMNU\IAR\PRJ_UNITEST\Debug\Obj\LLC.r51
    *************************************************************************

  FILE NAME : W:\Projects\WMNU\IAR\PRJ_UNITEST\Debug\Obj\MAC.r51
    *************************************************************************

  FILE NAME : W:\Projects\WMNU\IAR\PRJ_UNITEST\Debug\Obj\NTMR.r51
    *************************************************************************

  FILE NAME : W:\Projects\WMNU\IAR\PRJ_UNITEST\Debug\Obj\nwdebuger.r51
  PROGRAM MODULE, NAME : nwdebuger

  SEGMENTS IN THE MODULE
  ======================
<BANKED_CODE> 1 (was BANKED_CODE)
  Relative segment, address: CODE 00004D0C - 00004D0E (0x3 bytes), align: 0
  Segment part 6.             Intra module refs:   nwDebugerInit::?relay
           ENTRY                   ADDRESS         REF BY
           =====                   =======         ======
           nwDebugerInit           00004D0C 
    -------------------------------------------------------------------------
<BANKED_CODE> 1 (was BANKED_CODE)
  Relative segment, address: CODE 00004D0F - 00004D10 (0x2 bytes), align: 0
  Segment part 8.             Intra module refs:   STACK_FAILURE::?relay
           ENTRY                   ADDRESS         REF BY
           =====                   =======         ======
           STACK_FAILURE           00004D0F 
    -------------------------------------------------------------------------
BANK_RELAYS
  Relative segment, address: CODE 000008E4 - 000008E9 (0x6 bytes), align: 0
  Segment part 7.
           ENTRY                   ADDRESS         REF BY
           =====                   =======         ======
           nwDebugerInit::?relay   000008E4        main (utest)
    -------------------------------------------------------------------------
BANK_RELAYS
  Relative segment, address: CODE 000008EA - 000008EF (0x6 bytes), align: 0
  Segment part 9.
           ENTRY                   ADDRESS         REF BY
           =====                   =======         ======
           STACK_FAILURE::?relay   000008EA        FC_create (FChain)
                                                   FC_delete (FChain)
                                                   FC_getIterator (FChain)
                                                   FC_getQuantity (FChain)
                                                   FC_insertAfter (FChain)
                                                   FC_insertBefore (FChain)
                                                   FC_isHaveType (FChain)
                                                   FC_iteratorToType (FChain)
                                                   FC_iteratorToTypeHead (FChain)
                                                   FC_last (FChain)
                                                   FC_next (FChain)
                                                   FI_create (FItem)
                                                   FI_delete (FItem)
                                                   FI_getLast (FItem)
                                                   FI_getNext (FItem)
                                                   FI_getType (FItem)
                                                   FI_setLast (FItem)
                                                   FI_setNext (FItem)

    *************************************************************************

  FILE NAME : W:\Projects\WMNU\IAR\PRJ_UNITEST\Debug\Obj\RADIO.r51
    *************************************************************************

  FILE NAME : W:\Projects\WMNU\IAR\PRJ_UNITEST\Debug\Obj\TIC.r51
    *************************************************************************

  FILE NAME : W:\Projects\WMNU\IAR\PRJ_UNITEST\Debug\Obj\utest.r51
  PROGRAM MODULE, NAME : utest

  SEGMENTS IN THE MODULE
  ======================
<BANKED_CODE> 1 (was BANKED_CODE)
  Relative segment, address: CODE 00004A43 - 00004A9F (0x5d bytes), align: 0
  Segment part 16.
           ENTRY                   ADDRESS         REF BY
           =====                   =======         ======
           main                    00004A43        ?call_main (?cmain)
               calls direct
               XSTACK = 00000000 ( 00000004 )
    -------------------------------------------------------------------------
XDATA_ID
  Relative segment, address: CODE 0000029E - 000002B0 (0x13 bytes), align: 0
  Segment part 7.             Intra module refs:   Segment part 6
    -------------------------------------------------------------------------
XDATA_ID
  Relative segment, address: CODE 000002B1 - 000002B8 (0x8 bytes), align: 0
  Segment part 9.             Intra module refs:   Segment part 8
    -------------------------------------------------------------------------
XDATA_ID
  Relative segment, address: CODE 000002B9 - 000002C9 (0x11 bytes), align: 0
  Segment part 11.            Intra module refs:   Segment part 10
    -------------------------------------------------------------------------
XDATA_ID
  Relative segment, address: CODE 000002CA - 000002DC (0x13 bytes), align: 0
  Segment part 13.            Intra module refs:   Segment part 12
    -------------------------------------------------------------------------
XDATA_ID
  Relative segment, address: CODE 000002DD - 000002F0 (0x14 bytes), align: 0
  Segment part 15.            Intra module refs:   Segment part 14
    -------------------------------------------------------------------------
XDATA_I
  Relative segment, address: XDATA 00001120 - 00001132 (0x13 bytes), align: 0
  Segment part 6.             Intra module refs:   main
    -------------------------------------------------------------------------
XDATA_I
  Relative segment, address: XDATA 00001133 - 0000113A (0x8 bytes), align: 0
  Segment part 8.             Intra module refs:   main
    -------------------------------------------------------------------------
XDATA_I
  Relative segment, address: XDATA 0000113B - 0000114B (0x11 bytes), align: 0
  Segment part 10.            Intra module refs:   main
    -------------------------------------------------------------------------
XDATA_I
  Relative segment, address: XDATA 0000114C - 0000115E (0x13 bytes), align: 0
  Segment part 12.            Intra module refs:   main
    -------------------------------------------------------------------------
XDATA_I
  Relative segment, address: XDATA 0000115F - 00001172 (0x14 bytes), align: 0
  Segment part 14.            Intra module refs:   main

    *************************************************************************

  FILE NAME : W:\Projects\WMNU\IAR\PRJ_UNITEST\Debug\Obj\utest_FChain.r51
  PROGRAM MODULE, NAME : utest_FChain

  SEGMENTS IN THE MODULE
  ======================
<BANKED_CODE> 1 (was BANKED_CODE)
  Relative segment, address: CODE 00002FDD - 000038E1 (0x905 bytes), align: 0
  Segment part 116.           Intra module refs:   test_create::?relay
           LOCAL                   ADDRESS         
           =====                   =======         
           test_create             00002FDD 
               calls direct
               XSTACK = 00000000 ( 00000010 )
    -------------------------------------------------------------------------
<BANKED_CODE> 1 (was BANKED_CODE)
  Relative segment, address: CODE 000038E2 - 000038F6 (0x15 bytes), align: 0
  Segment part 118.           Intra module refs:   suite_FChain::?relay
           ENTRY                   ADDRESS         REF BY
           =====                   =======         ======
           suite_FChain            000038E2 
               calls direct
               ISTACK = 00000000 ( 00000002 )
    -------------------------------------------------------------------------
XDATA_ID
  Relative segment, address: CODE 000002F1 - 000002F7 (0x7 bytes), align: 0
  Segment part 7.             Intra module refs:   Segment part 6
    -------------------------------------------------------------------------
XDATA_ID
  Relative segment, address: CODE 000002F8 - 00000310 (0x19 bytes), align: 0
  Segment part 9.             Intra module refs:   Segment part 8
    -------------------------------------------------------------------------
XDATA_ID
  Relative segment, address: CODE 00000311 - 00000329 (0x19 bytes), align: 0
  Segment part 11.            Intra module refs:   Segment part 10
    -------------------------------------------------------------------------
XDATA_ID
  Relative segment, address: CODE 0000032A - 00000337 (0xe bytes), align: 0
  Segment part 13.            Intra module refs:   Segment part 12
    -------------------------------------------------------------------------
XDATA_ID
  Relative segment, address: CODE 00000338 - 00000341 (0xa bytes), align: 0
  Segment part 15.            Intra module refs:   Segment part 14
    -------------------------------------------------------------------------
XDATA_ID
  Relative segment, address: CODE 00000342 - 0000034B (0xa bytes), align: 0
  Segment part 17.            Intra module refs:   Segment part 16
    -------------------------------------------------------------------------
XDATA_ID
  Relative segment, address: CODE 0000034C - 0000035A (0xf bytes), align: 0
  Segment part 19.            Intra module refs:   Segment part 18
    -------------------------------------------------------------------------
XDATA_ID
  Relative segment, address: CODE 0000035B - 00000368 (0xe bytes), align: 0
  Segment part 21.            Intra module refs:   Segment part 20
    -------------------------------------------------------------------------
XDATA_ID
  Relative segment, address: CODE 00000369 - 0000037E (0x16 bytes), align: 0
  Segment part 23.            Intra module refs:   Segment part 22
    -------------------------------------------------------------------------
XDATA_ID
  Relative segment, address: CODE 0000037F - 00000382 (0x4 bytes), align: 0
  Segment part 25.            Intra module refs:   Segment part 24
    -------------------------------------------------------------------------
XDATA_ID
  Relative segment, address: CODE 00000383 - 00000397 (0x15 bytes), align: 0
  Segment part 27.            Intra module refs:   Segment part 26
    -------------------------------------------------------------------------
XDATA_ID
  Relative segment, address: CODE 00000398 - 000003BF (0x28 bytes), align: 0
  Segment part 29.            Intra module refs:   Segment part 28
    -------------------------------------------------------------------------
XDATA_ID
  Relative segment, address: CODE 000003C0 - 000003E7 (0x28 bytes), align: 0
  Segment part 31.            Intra module refs:   Segment part 30
    -------------------------------------------------------------------------
XDATA_ID
  Relative segment, address: CODE 000003E8 - 00000413 (0x2c bytes), align: 0
  Segment part 33.            Intra module refs:   Segment part 32
    -------------------------------------------------------------------------
XDATA_ID
  Relative segment, address: CODE 00000414 - 00000434 (0x21 bytes), align: 0
  Segment part 35.            Intra module refs:   Segment part 34
    -------------------------------------------------------------------------
XDATA_ID
  Relative segment, address: CODE 00000435 - 00000455 (0x21 bytes), align: 0
  Segment part 37.            Intra module refs:   Segment part 36
    -------------------------------------------------------------------------
XDATA_ID
  Relative segment, address: CODE 00000456 - 00000466 (0x11 bytes), align: 0
  Segment part 39.            Intra module refs:   Segment part 38
    -------------------------------------------------------------------------
XDATA_ID
  Relative segment, address: CODE 00000467 - 00000478 (0x12 bytes), align: 0
  Segment part 41.            Intra module refs:   Segment part 40
    -------------------------------------------------------------------------
XDATA_ID
  Relative segment, address: CODE 00000479 - 0000048A (0x12 bytes), align: 0
  Segment part 43.            Intra module refs:   Segment part 42
    -------------------------------------------------------------------------
XDATA_ID
  Relative segment, address: CODE 0000048B - 00000495 (0xb bytes), align: 0
  Segment part 45.            Intra module refs:   Segment part 44
    -------------------------------------------------------------------------
XDATA_ID
  Relative segment, address: CODE 00000496 - 000004A0 (0xb bytes), align: 0
  Segment part 47.            Intra module refs:   Segment part 46
    -------------------------------------------------------------------------
XDATA_ID
  Relative segment, address: CODE 000004A1 - 000004AF (0xf bytes), align: 0
  Segment part 49.            Intra module refs:   Segment part 48
    -------------------------------------------------------------------------
XDATA_ID
  Relative segment, address: CODE 000004B0 - 000004D1 (0x22 bytes), align: 0
  Segment part 51.            Intra module refs:   Segment part 50
    -------------------------------------------------------------------------
XDATA_ID
  Relative segment, address: CODE 000004D2 - 000004DC (0xb bytes), align: 0
  Segment part 53.            Intra module refs:   Segment part 52
    -------------------------------------------------------------------------
XDATA_ID
  Relative segment, address: CODE 000004DD - 000004E7 (0xb bytes), align: 0
  Segment part 55.            Intra module refs:   Segment part 54
    -------------------------------------------------------------------------
XDATA_ID
  Relative segment, address: CODE 000004E8 - 000004F2 (0xb bytes), align: 0
  Segment part 57.            Intra module refs:   Segment part 56
    -------------------------------------------------------------------------
XDATA_ID
  Relative segment, address: CODE 000004F3 - 00000508 (0x16 bytes), align: 0
  Segment part 59.            Intra module refs:   Segment part 58
    -------------------------------------------------------------------------
XDATA_ID
  Relative segment, address: CODE 00000509 - 0000051A (0x12 bytes), align: 0
  Segment part 61.            Intra module refs:   Segment part 60
    -------------------------------------------------------------------------
XDATA_ID
  Relative segment, address: CODE 0000051B - 0000052C (0x12 bytes), align: 0
  Segment part 63.            Intra module refs:   Segment part 62
    -------------------------------------------------------------------------
XDATA_ID
  Relative segment, address: CODE 0000052D - 0000053B (0xf bytes), align: 0
  Segment part 65.            Intra module refs:   Segment part 64
    -------------------------------------------------------------------------
XDATA_ID
  Relative segment, address: CODE 0000053C - 0000055D (0x22 bytes), align: 0
  Segment part 67.            Intra module refs:   Segment part 66
    -------------------------------------------------------------------------
XDATA_ID
  Relative segment, address: CODE 0000055E - 00000572 (0x15 bytes), align: 0
  Segment part 69.            Intra module refs:   Segment part 68
    -------------------------------------------------------------------------
XDATA_ID
  Relative segment, address: CODE 00000573 - 00000587 (0x15 bytes), align: 0
  Segment part 71.            Intra module refs:   Segment part 70
    -------------------------------------------------------------------------
XDATA_ID
  Relative segment, address: CODE 00000588 - 0000059B (0x14 bytes), align: 0
  Segment part 73.            Intra module refs:   Segment part 72
    -------------------------------------------------------------------------
XDATA_ID
  Relative segment, address: CODE 0000059C - 000005B0 (0x15 bytes), align: 0
  Segment part 75.            Intra module refs:   Segment part 74
    -------------------------------------------------------------------------
XDATA_ID
  Relative segment, address: CODE 000005B1 - 000005C5 (0x15 bytes), align: 0
  Segment part 77.            Intra module refs:   Segment part 76
    -------------------------------------------------------------------------
XDATA_ID
  Relative segment, address: CODE 000005C6 - 000005E7 (0x22 bytes), align: 0
  Segment part 79.            Intra module refs:   Segment part 78
    -------------------------------------------------------------------------
XDATA_ID
  Relative segment, address: CODE 000005E8 - 000005FB (0x14 bytes), align: 0
  Segment part 81.            Intra module refs:   Segment part 80
    -------------------------------------------------------------------------
XDATA_ID
  Relative segment, address: CODE 000005FC - 00000610 (0x15 bytes), align: 0
  Segment part 83.            Intra module refs:   Segment part 82
    -------------------------------------------------------------------------
XDATA_ID
  Relative segment, address: CODE 00000611 - 0000062E (0x1e bytes), align: 0
  Segment part 85.            Intra module refs:   Segment part 84
    -------------------------------------------------------------------------
XDATA_ID
  Relative segment, address: CODE 0000062F - 00000648 (0x1a bytes), align: 0
  Segment part 87.            Intra module refs:   Segment part 86
    -------------------------------------------------------------------------
XDATA_ID
  Relative segment, address: CODE 00000649 - 0000065A (0x12 bytes), align: 0
  Segment part 89.            Intra module refs:   Segment part 88
    -------------------------------------------------------------------------
XDATA_ID
  Relative segment, address: CODE 0000065B - 00000671 (0x17 bytes), align: 0
  Segment part 91.            Intra module refs:   Segment part 90
    -------------------------------------------------------------------------
XDATA_ID
  Relative segment, address: CODE 00000672 - 0000068B (0x1a bytes), align: 0
  Segment part 93.            Intra module refs:   Segment part 92
    -------------------------------------------------------------------------
XDATA_ID
  Relative segment, address: CODE 0000068C - 000006AB (0x20 bytes), align: 0
  Segment part 95.            Intra module refs:   Segment part 94
    -------------------------------------------------------------------------
XDATA_ID
  Relative segment, address: CODE 000006AC - 000006C3 (0x18 bytes), align: 0
  Segment part 97.            Intra module refs:   Segment part 96
    -------------------------------------------------------------------------
XDATA_ID
  Relative segment, address: CODE 000006C4 - 000006D9 (0x16 bytes), align: 0
  Segment part 99.            Intra module refs:   Segment part 98
    -------------------------------------------------------------------------
XDATA_ID
  Relative segment, address: CODE 000006DA - 000006EB (0x12 bytes), align: 0
  Segment part 101.           Intra module refs:   Segment part 100
    -------------------------------------------------------------------------
XDATA_ID
  Relative segment, address: CODE 000006EC - 00000702 (0x17 bytes), align: 0
  Segment part 103.           Intra module refs:   Segment part 102
    -------------------------------------------------------------------------
XDATA_ID
  Relative segment, address: CODE 00000703 - 0000071C (0x1a bytes), align: 0
  Segment part 105.           Intra module refs:   Segment part 104
    -------------------------------------------------------------------------
XDATA_ID
  Relative segment, address: CODE 0000071D - 00000734 (0x18 bytes), align: 0
  Segment part 107.           Intra module refs:   Segment part 106
    -------------------------------------------------------------------------
XDATA_ID
  Relative segment, address: CODE 00000735 - 00000749 (0x15 bytes), align: 0
  Segment part 109.           Intra module refs:   Segment part 108
    -------------------------------------------------------------------------
XDATA_ID
  Relative segment, address: CODE 0000074A - 00000758 (0xf bytes), align: 0
  Segment part 111.           Intra module refs:   Segment part 110
    -------------------------------------------------------------------------
XDATA_ID
  Relative segment, address: CODE 00000759 - 00000774 (0x1c bytes), align: 0
  Segment part 113.           Intra module refs:   Segment part 112
    -------------------------------------------------------------------------
XDATA_ID
  Relative segment, address: CODE 00000775 - 00000782 (0xe bytes), align: 0
  Segment part 115.           Intra module refs:   Segment part 114
    -------------------------------------------------------------------------
BANK_RELAYS
  Relative segment, address: CODE 000008F0 - 000008F5 (0x6 bytes), align: 0
  Segment part 117.           Intra module refs:   suite_FChain
           LOCAL                   ADDRESS         
           =====                   =======         
           test_create::?relay     000008F0 
    -------------------------------------------------------------------------
BANK_RELAYS
  Relative segment, address: CODE 000008F6 - 000008FB (0x6 bytes), align: 0
  Segment part 119.
           ENTRY                   ADDRESS         REF BY
           =====                   =======         ======
           suite_FChain::?relay    000008F6        main (utest)
    -------------------------------------------------------------------------
XDATA_I
  Relative segment, address: XDATA 00001173 - 00001179 (0x7 bytes), align: 0
  Segment part 6.             Intra module refs:   test_create
    -------------------------------------------------------------------------
XDATA_I
  Relative segment, address: XDATA 0000117A - 00001192 (0x19 bytes), align: 0
  Segment part 8.             Intra module refs:   test_create
    -------------------------------------------------------------------------
XDATA_I
  Relative segment, address: XDATA 00001193 - 000011AB (0x19 bytes), align: 0
  Segment part 10.            Intra module refs:   test_create
    -------------------------------------------------------------------------
XDATA_I
  Relative segment, address: XDATA 000011AC - 000011B9 (0xe bytes), align: 0
  Segment part 12.            Intra module refs:   test_create
    -------------------------------------------------------------------------
XDATA_I
  Relative segment, address: XDATA 000011BA - 000011C3 (0xa bytes), align: 0
  Segment part 14.            Intra module refs:   test_create
    -------------------------------------------------------------------------
XDATA_I
  Relative segment, address: XDATA 000011C4 - 000011CD (0xa bytes), align: 0
  Segment part 16.            Intra module refs:   test_create
    -------------------------------------------------------------------------
XDATA_I
  Relative segment, address: XDATA 000011CE - 000011DC (0xf bytes), align: 0
  Segment part 18.            Intra module refs:   test_create
    -------------------------------------------------------------------------
XDATA_I
  Relative segment, address: XDATA 000011DD - 000011EA (0xe bytes), align: 0
  Segment part 20.            Intra module refs:   test_create
    -------------------------------------------------------------------------
XDATA_I
  Relative segment, address: XDATA 000011EB - 00001200 (0x16 bytes), align: 0
  Segment part 22.            Intra module refs:   test_create
    -------------------------------------------------------------------------
XDATA_I
[...]
<BANKED_CODE> 1 (was BANKED_CODE)
  Relative segment, address: CODE 00002F2D - 00002F7F (0x53 bytes), align: 0
  Segment part 153.           Intra module refs:   _PutcharLarge::?relay
           LOCAL                   ADDRESS         
           =====                   =======         
           _PutcharLarge           00002F2D 
               XSTACK = 0000006C ( 0000000E )
    -------------------------------------------------------------------------
<BANKED_CODE> 1 (was BANKED_CODE)
  Relative segment, address: CODE 00002F80 - 00002FD1 (0x52 bytes), align: 0
  Segment part 155.           Intra module refs:   _PutcharsLarge::?relay
           LOCAL                   ADDRESS         
           =====                   =======         
           _PutcharsLarge          00002F80 
               calls direct
               XSTACK = 00000070 ( 00000010 )
    -------------------------------------------------------------------------
<BANKED_CODE> 1 (was BANKED_CODE)
  Relative segment, address: CODE 00002FD2 - 00002FDC (0xb bytes), align: 0
  Segment part 157.           Intra module refs:   Segment part 119
                                                   _PutcharsLarge
    -------------------------------------------------------------------------
XDATA_ID
  Relative segment, address: CODE 00000825 - 0000082B (0x7 bytes), align: 0
  Segment part 7.             Intra module refs:   Segment part 6
    -------------------------------------------------------------------------
XDATA_ID
  Relative segment, address: CODE 0000082C - 0000082F (0x4 bytes), align: 0
  Segment part 9.             Intra module refs:   Segment part 8
    -------------------------------------------------------------------------
XDATA_ID
  Relative segment, address: CODE 00000830 - 00000833 (0x4 bytes), align: 0
  Segment part 11.            Intra module refs:   Segment part 10
    -------------------------------------------------------------------------
XDATA_ID
  Relative segment, address: CODE 00000834 - 00000837 (0x4 bytes), align: 0
  Segment part 13.            Intra module refs:   Segment part 12
    -------------------------------------------------------------------------
XDATA_ID
  Relative segment, address: CODE 00000838 - 0000083B (0x4 bytes), align: 0
  Segment part 15.            Intra module refs:   Segment part 14
    -------------------------------------------------------------------------
XDATA_ID
  Relative segment, address: CODE 0000083C - 0000083D (0x2 bytes), align: 0
  Segment part 17.            Intra module refs:   Segment part 16
    -------------------------------------------------------------------------
XDATA_ID
  Relative segment, address: CODE 0000083E - 00000841 (0x4 bytes), align: 0
  Segment part 19.            Intra module refs:   __Constant_ffff
    -------------------------------------------------------------------------
XDATA_ID
  Relative segment, address: CODE 00000842 - 00000845 (0x4 bytes), align: 0
  Segment part 21.            Intra module refs:   __Constant_0
    -------------------------------------------------------------------------
XDATA_ID
  Relative segment, address: CODE 00000846 - 00000849 (0x4 bytes), align: 0
  Segment part 23.            Intra module refs:   __Constant_7597
    -------------------------------------------------------------------------
XDATA_ID
  Relative segment, address: CODE 0000084A - 0000084D (0x4 bytes), align: 0
  Segment part 25.            Intra module refs:   __Constant_186a0
    -------------------------------------------------------------------------
XDATA_ID
  Relative segment, address: CODE 0000084E - 00000851 (0x4 bytes), align: 0
  Segment part 27.            Intra module refs:   __Constant_3f800000
    -------------------------------------------------------------------------
XDATA_ID
  Relative segment, address: CODE 00000852 - 00000855 (0x4 bytes), align: 0
  Segment part 29.            Intra module refs:   __Constant_a
    -------------------------------------------------------------------------
XDATA_ID
  Relative segment, address: CODE 00000856 - 00000859 (0x4 bytes), align: 0
  Segment part 31.            Intra module refs:   __Constant_4cbebc20
    -------------------------------------------------------------------------
BANK_RELAYS
  Relative segment, address: CODE 00000956 - 0000095B (0x6 bytes), align: 0
  Segment part 33.
           ENTRY                   ADDRESS         REF BY
           =====                   =======         ======
           _PrintfLarge::?relay    00000956        printf (?printf)
    -------------------------------------------------------------------------
BANK_RELAYS
  Relative segment, address: CODE 0000095C - 00000961 (0x6 bytes), align: 0
  Segment part 63.            Intra module refs:   _PrintfLarge
           LOCAL                   ADDRESS         
           =====                   =======         
           pad::?relay             0000095C 
    -------------------------------------------------------------------------
BANK_RELAYS
  Relative segment, address: CODE 00000962 - 00000967 (0x6 bytes), align: 0
  Segment part 65.            Intra module refs:   _PrintfLarge
           LOCAL                   ADDRESS         
           =====                   =======         
           _LitobLarge::?relay     00000962 
    -------------------------------------------------------------------------
BANK_RELAYS
  Relative segment, address: CODE 00000968 - 0000096D (0x6 bytes), align: 0
  Segment part 79.            Intra module refs:   _LdtobLarge
           LOCAL                   ADDRESS         
           =====                   =======         
           scale::?relay           00000968 
    -------------------------------------------------------------------------
BANK_RELAYS
  Relative segment, address: CODE 0000096E - 00000973 (0x6 bytes), align: 0
  Segment part 82.            Intra module refs:   _PrintfLarge
           LOCAL                   ADDRESS         
           =====                   =======         
           _LdtobLarge::?relay     0000096E 
    -------------------------------------------------------------------------
BANK_RELAYS
  Relative segment, address: CODE 00000974 - 00000979 (0x6 bytes), align: 0
  Segment part 115.           Intra module refs:   _LdtobLarge
           LOCAL                   ADDRESS         
           =====                   =======         
           _GenldLarge::?relay     00000974 
    -------------------------------------------------------------------------
BANK_RELAYS
  Relative segment, address: CODE 0000097A - 0000097F (0x6 bytes), align: 0
  Segment part 154.           Intra module refs:   _PrintfLarge
                                                   _PutcharsLarge
           LOCAL                   ADDRESS         
           =====                   =======         
           _PutcharLarge::?relay   0000097A 
    -------------------------------------------------------------------------
BANK_RELAYS
  Relative segment, address: CODE 00000980 - 00000985 (0x6 bytes), align: 0
  Segment part 156.           Intra module refs:   _PrintfLarge
                                                   pad
           LOCAL                   ADDRESS         
           =====                   =======         
           _PutcharsLarge::?relay
                                   00000980 
    -------------------------------------------------------------------------
XDATA_I
  Relative segment, address: XDATA 000016A7 - 000016AD (0x7 bytes), align: 0
  Segment part 6.             Intra module refs:   _PrintfLarge
    -------------------------------------------------------------------------
XDATA_I
  Relative segment, address: XDATA 000016AE - 000016B1 (0x4 bytes), align: 0
  Segment part 8.             Intra module refs:   _LdtobLarge
    -------------------------------------------------------------------------
XDATA_I
  Relative segment, address: XDATA 000016B2 - 000016B5 (0x4 bytes), align: 0
  Segment part 10.            Intra module refs:   _LdtobLarge
    -------------------------------------------------------------------------
XDATA_I
  Relative segment, address: XDATA 000016B6 - 000016B9 (0x4 bytes), align: 0
  Segment part 12.            Intra module refs:   _LdtobLarge
    -------------------------------------------------------------------------
XDATA_I
  Relative segment, address: XDATA 000016BA - 000016BD (0x4 bytes), align: 0
  Segment part 14.            Intra module refs:   _LdtobLarge
    -------------------------------------------------------------------------
XDATA_I
  Relative segment, address: XDATA 000016BE - 000016BF (0x2 bytes), align: 0
  Segment part 16.            Intra module refs:   _GenldLarge
    -------------------------------------------------------------------------
XDATA_I
  Relative segment, address: XDATA 000016C0 - 000016C3 (0x4 bytes), align: 0
  Segment part 18.            Intra module refs:   _PrintfLarge
           ENTRY                   ADDRESS         REF BY
           =====                   =======         ======
           __Constant_ffff         000016C0 
    -------------------------------------------------------------------------
XDATA_I
  Relative segment, address: XDATA 000016C4 - 000016C7 (0x4 bytes), align: 0
  Segment part 20.            Intra module refs:   _LdtobLarge
                                                   _LitobLarge
                                                   _PrintfLarge
           ENTRY                   ADDRESS         REF BY
           =====                   =======         ======
           __Constant_0            000016C4 
    -------------------------------------------------------------------------
XDATA_I
  Relative segment, address: XDATA 000016C8 - 000016CB (0x4 bytes), align: 0
  Segment part 22.            Intra module refs:   _LdtobLarge
           ENTRY                   ADDRESS         REF BY
           =====                   =======         ======
           __Constant_7597         000016C8 
    -------------------------------------------------------------------------
XDATA_I
  Relative segment, address: XDATA 000016CC - 000016CF (0x4 bytes), align: 0
  Segment part 24.            Intra module refs:   _LdtobLarge
           ENTRY                   ADDRESS         REF BY
           =====                   =======         ======
           __Constant_186a0        000016CC 
    -------------------------------------------------------------------------
XDATA_I
  Relative segment, address: XDATA 000016D0 - 000016D3 (0x4 bytes), align: 0
  Segment part 26.            Intra module refs:   _LdtobLarge
           ENTRY                   ADDRESS         REF BY
           =====                   =======         ======
           __Constant_3f800000     000016D0 
    -------------------------------------------------------------------------
XDATA_I
  Relative segment, address: XDATA 000016D4 - 000016D7 (0x4 bytes), align: 0
  Segment part 28.            Intra module refs:   _LdtobLarge
           ENTRY                   ADDRESS         REF BY
           =====                   =======         ======
           __Constant_a            000016D4 
    -------------------------------------------------------------------------
XDATA_I
  Relative segment, address: XDATA 000016D8 - 000016DB (0x4 bytes), align: 0
  Segment part 30.            Intra module refs:   _LdtobLarge
           ENTRY                   ADDRESS         REF BY
           =====                   =======         ======
           __Constant_4cbebc20     000016D8 

    -------------------------------------------------------------------------
  LIBRARY MODULE, NAME : ?xprout

  SEGMENTS IN THE MODULE
  ======================
<BANKED_CODE> 1 (was BANKED_CODE)
  Relative segment, address: CODE 00004C46 - 00004C70 (0x2b bytes), align: 0
  Segment part 6.             Intra module refs:   _Prout::?relay
           ENTRY                   ADDRESS         REF BY
           =====                   =======         ======
           _Prout                  00004C46 
               calls direct
               XSTACK = 00000000 ( 0000000E )
    -------------------------------------------------------------------------
BANK_RELAYS
  Relative segment, address: CODE 00000986 - 0000098B (0x6 bytes), align: 0
  Segment part 7.
           ENTRY                   ADDRESS         REF BY
           =====                   =======         ======
           _Prout::?relay          00000986        printf (?printf)

    -------------------------------------------------------------------------
  LIBRARY MODULE, NAME : ?xxmemxfree

  SEGMENTS IN THE MODULE
  ======================
<BANKED_CODE> 1 (was BANKED_CODE)
  Relative segment, address: CODE 00004795 - 000048CC (0x138 bytes), align: 0
  Segment part 6.             Intra module refs:   __xdata_free::?relay
           ENTRY                   ADDRESS         REF BY
           =====                   =======         ======
           __xdata_free            00004795 
               XSTACK = 0000000A ( 0000000E )
    -------------------------------------------------------------------------
<BANKED_CODE> 1 (was BANKED_CODE)
  Relative segment, address: CODE 000048CD - 000048D4 (0x8 bytes), align: 0
  Segment part 8.             Intra module refs:   __xdata_free
    -------------------------------------------------------------------------
BANK_RELAYS
  Relative segment, address: CODE 0000098C - 00000991 (0x6 bytes), align: 0
  Segment part 7.
           ENTRY                   ADDRESS         REF BY
           =====                   =======         ======
           __xdata_free::?relay    0000098C        __xdata_malloc (?xxmemxmalloc)
                                                   free (FChain)

    -------------------------------------------------------------------------
  LIBRARY MODULE, NAME : ?xxmemxmalloc

  SEGMENTS IN THE MODULE
  ======================
XDATA_Z
  Relative segment, address: XDATA 00000F08 - 00000F0B (0x4 bytes), align: 0
  Segment part 6.             Intra module refs:   __xdata_malloc
           ENTRY                   ADDRESS         REF BY
           =====                   =======         ======
           __xdata_Aldata          00000F08        __xdata_free (?xxmemxfree)
    -------------------------------------------------------------------------
<BANKED_CODE> 1 (was BANKED_CODE)
  Relative segment, address: CODE 000045FD - 0000476F (0x173 bytes), align: 0
  Segment part 8.             Intra module refs:   __xdata_malloc::?relay
           ENTRY                   ADDRESS         REF BY
           =====                   =======         ======
           __xdata_malloc          000045FD 
               calls direct
               XSTACK = 0000000A ( 0000000F )
    -------------------------------------------------------------------------
<BANKED_CODE> 1 (was BANKED_CODE)
  Relative segment, address: CODE 00004770 - 00004778 (0x9 bytes), align: 0
  Segment part 10.            Intra module refs:   __xdata_malloc
    -------------------------------------------------------------------------
<BANKED_CODE> 1 (was BANKED_CODE)
  Relative segment, address: CODE 00004779 - 0000477C (0x4 bytes), align: 0
  Segment part 11.            Intra module refs:   __xdata_malloc
    -------------------------------------------------------------------------
<BANKED_CODE> 1 (was BANKED_CODE)
  Relative segment, address: CODE 0000477D - 00004782 (0x6 bytes), align: 0
  Segment part 12.            Intra module refs:   Segment part 11
                                                   __xdata_malloc
    -------------------------------------------------------------------------
<BANKED_CODE> 1 (was BANKED_CODE)
  Relative segment, address: CODE 00004783 - 00004786 (0x4 bytes), align: 0
  Segment part 13.            Intra module refs:   __xdata_malloc
    -------------------------------------------------------------------------
<BANKED_CODE> 1 (was BANKED_CODE)
  Relative segment, address: CODE 00004787 - 0000478C (0x6 bytes), align: 0
  Segment part 14.            Intra module refs:   Segment part 12
                                                   Segment part 13
                                                   __xdata_malloc
    -------------------------------------------------------------------------
<BANKED_CODE> 1 (was BANKED_CODE)
  Relative segment, address: CODE 0000478D - 00004794 (0x8 bytes), align: 0
  Segment part 15.            Intra module refs:   __xdata_malloc
    -------------------------------------------------------------------------
BANK_RELAYS
  Relative segment, address: CODE 00000992 - 00000997 (0x6 bytes), align: 0
  Segment part 9.
           ENTRY                   ADDRESS         REF BY
           =====                   =======         ======
           __xdata_malloc::?relay
                                   00000992        malloc (FChain)




                ****************************************
                *                                      *
                *      SEGMENTS IN ADDRESS ORDER       *
                *                                      *
                ****************************************


SEGMENT              SPACE    START ADDRESS   END ADDRESS     SIZE  TYPE  ALIGN
=======              =====    =============   ===========     ====  ====  =====
INTVEC               CODE          00000000 - 00000002           3   com    0
CSTART               CODE          00000003 - 00000089          87   rel    0
BIT_ID               CODE               0000008A                     dse    0
BDATA_ID             CODE               0000008A                     dse    0
DATA_ID              CODE               0000008A                     dse    0
PDATA_ID             CODE               0000008A                     dse    0
IDATA_ID             CODE               0000008A                     dse    0
IXDATA_ID            CODE               0000008A                     dse    0
XDATA_ID             CODE          0000008A - 00000859         7D0   rel    0
BANK_RELAYS          CODE          0000085A - 00000997         13E   rel    0
RCODE                CODE          00000998 - 00001565         BCE   rel    0
DIFUNCT              CODE               00001566                     rel    0
<BANKED_CODE> 1      CODE          00001566 - 00004D13        37AE   rel    0
REGISTERS            DATA          00000000 - 00000007           8   rel    0
VREG                 DATA          00000008 - 0000000F           8   rel    0
PSP                  DATA               00000010                     dse    0
XSP                  DATA          00000010 - 00000011           2   rel    0
BREG                 BIT        00000020.0  -  00000020.7        8   rel    0
XSTACK               XDATA         00000001 - 00000EFF         EFF   rel    0
XDATA_Z              XDATA         00000F00 - 00000F0B           C   rel    0
XDATA_I              XDATA         00000F0C - 000016DB         7D0   rel    0
XDATA_HEAP           XDATA         000016DC - 000017DA          FF   dse    0
ISTACK               IDATA         000000C0 - 000000FF          40   rel    0

                ****************************************
                *                                      *
                *        END OF CROSS REFERENCE        *
                *                                      *
                ****************************************

 19 732 bytes of CODE  memory
     18 bytes of DATA  memory
  6 106 bytes of XDATA memory
     64 bytes of IDATA memory
      8 bits  of BIT   memory

Errors: none
Warnings: none

