Warning[w6]: Type conflict for external/entry "NT_SetCompare", in module utest_NTMR against external/entry in module NTMR; prototyped function vs K&R function
  /* In module utest_NTMR: */
  /* K&R Function, args 0, attr 0 */
  int (__xdata_reentrant NT_SetCompare)();
  /* In module NTMR: */
  /* Function, args 1, attr 0 */
  void (__xdata_reentrant NT_SetCompare)(uint16_t);
    typedef unsigned int uint16_t;
################################################################################
#                                                                              #
#      IAR Universal Linker V6.4.6.89                                          #
#                                                                              #
#           Link time     =  05/Nov/2019  01:29:24                             #
#           Target CPU    =  x51                                               #
#           List file     =  "\\vmware-host\Shared Folders\Projects\WMNU\IAR\P #
#                            RJ_UNITEST\Debug\List\unitest.map"                #
#           Output file 1 =  "\\vmware-host\Shared Folders\Projects\WMNU\IAR\P #
#                            RJ_UNITEST\Debug\Exe\unitest.d51"                 #
#                            Format: ubrof10                                   #
#                            UBROF version 10.0.6                              #
#                            Using library modules for C-SPY (-rt)             #
#           Command line  =  -f                                                #
#                            C:\Users\08A4~1\AppData\Local\Temp\EW8A0A.tmp     #
#                            ("\\vmware-host\Shared Folders\Projects\WMNU\IAR\ #
#                            PRJ_UNITEST\Debug\Obj\FChain.r51"                 #
#                            "\\vmware-host\Shared Folders\Projects\WMNU\IAR\P #
#                            RJ_UNITEST\Debug\Obj\FItem.r51"                   #
#                            "\\vmware-host\Shared Folders\Projects\WMNU\IAR\P #
#                            RJ_UNITEST\Debug\Obj\LLC.r51"                     #
#                            "\\vmware-host\Shared Folders\Projects\WMNU\IAR\P #
#                            RJ_UNITEST\Debug\Obj\MAC.r51"                     #
#                            "\\vmware-host\Shared Folders\Projects\WMNU\IAR\P #
#                            RJ_UNITEST\Debug\Obj\NTMR.r51"                    #
#                            "\\vmware-host\Shared Folders\Projects\WMNU\IAR\P #
#                            RJ_UNITEST\Debug\Obj\nwdebuger.r51"               #
#                            "\\vmware-host\Shared Folders\Projects\WMNU\IAR\P #
#                            RJ_UNITEST\Debug\Obj\RADIO.r51"                   #
#                            "\\vmware-host\Shared Folders\Projects\WMNU\IAR\P #
#                            RJ_UNITEST\Debug\Obj\TIC.r51"                     #
#                            "\\vmware-host\Shared Folders\Projects\WMNU\IAR\P #
#                            RJ_UNITEST\Debug\Obj\utest.r51"                   #
#                            "\\vmware-host\Shared Folders\Projects\WMNU\IAR\P #
#                            RJ_UNITEST\Debug\Obj\utest_FChain.r51"            #
#                            "\\vmware-host\Shared Folders\Projects\WMNU\IAR\P #
#                            RJ_UNITEST\Debug\Obj\utest_FItem.r51"             #
#                            "\\vmware-host\Shared Folders\Projects\WMNU\IAR\P #
#                            RJ_UNITEST\Debug\Obj\utest_Frames.r51"            #
#                            "\\vmware-host\Shared Folders\Projects\WMNU\IAR\P #
#                            RJ_UNITEST\Debug\Obj\utest_LLC.r51"               #
#                            "\\vmware-host\Shared Folders\Projects\WMNU\IAR\P #
#                            RJ_UNITEST\Debug\Obj\utest_MAC.r51"               #
#                            "\\vmware-host\Shared Folders\Projects\WMNU\IAR\P #
#                            RJ_UNITEST\Debug\Obj\utest_NTMR.r51"              #
#                            "\\vmware-host\Shared Folders\Projects\WMNU\IAR\P #
#                            RJ_UNITEST\Debug\Obj\utest_radio.r51"             #
#                            "\\vmware-host\Shared Folders\Projects\WMNU\IAR\P #
#                            RJ_UNITEST\Debug\Obj\utest_suite.r51"             #
#                            "\\vmware-host\Shared Folders\Projects\WMNU\IAR\P #
#                            RJ_UNITEST\Debug\Obj\utest_TIC.r51"               #
#                            -o                                                #
#                            "\\vmware-host\Shared Folders\Projects\WMNU\IAR\P #
#                            RJ_UNITEST\Debug\Exe\unitest.d51"                 #
#                            -l                                                #
#                            "\\vmware-host\Shared Folders\Projects\WMNU\IAR\P #
#                            RJ_UNITEST\Debug\List\unitest.map"                #
#                            -xms                                              #
#                            "-IC:\Program Files (x86)\IAR Systems\Embedded Wo #
#                            rkbench 8.0\8051\LIB\"                            #
#                            -f                                                #
#                            "C:\Program Files (x86)\IAR Systems\Embedded Work #
#                            bench 8.0\8051\config\devices\Texas Instruments\l #
#                            nk51ew_CC2530F256_banked.xcl"                     #
#                            (-D_IDATA0_START=0x00 -D_IDATA0_END=0xFF          #
#                            -D_PDATA0_START=0x1E00 -D_PDATA0_END=0x1EFF       #
#                            -D_IXDATA0_START=0x0001 -D_IXDATA0_END=0x1EFF     #
#                            -D_XDATA0_START=_IXDATA0_START                    #
#                            -D_XDATA0_END=_IXDATA0_END                        #
#                            -D_NEAR_CODE_START=0x0000                         #
#                            -D_FIRST_BANK_ADDR=0x10000 -D?REGISTER_BANK=0x0   #
#                            -D_REGISTER_BANK_START=0x0 -D_BREG_START=0x00     #
#                            -D?VB=0x20 -Z(BIT)BREG=_BREG_START                #
#                            -Z(BIT)BIT_N=0-7F                                 #
#                            -Z(DATA)REGISTERS+8=_REGISTER_BANK_START          #
#                            -Z(DATA)BDATA_Z,BDATA_N,BDATA_I=20-2F             #
#                            -Z(DATA)VREG=08-7F -Z(DATA)PSP,XSP=08-7F          #
#                            -Z(DATA)DOVERLAY=08-7F                            #
#                            -Z(DATA)DATA_I,DATA_Z,DATA_N=08-7F                #
#                            -U(IDATA)0-7F=(DATA)0-7F                          #
#                            -Z(IDATA)IDATA_I,IDATA_Z,IDATA_N=08-_IDATA0_END   #
#                            -Z(IDATA)ISTACK+_IDATA_STACK_SIZE#08-_IDATA0_END  #
#                            -Z(IDATA)IOVERLAY=08-FF -Z(CODE)INTVEC=0          #
#                            -Z(CODE)CSTART=_NEAR_CODE_START-(_CODEBANK_START- #
#                            1)                                                #
#                            -Z(CODE)BIT_ID,BDATA_ID,DATA_ID,IDATA_ID,IXDATA_I #
#                            D,PDATA_ID,XDATA_ID=_NEAR_CODE_START-(_CODEBANK_S #
#                            TART-1)                                           #
#                            -Z(CODE)BANK_RELAYS,RCODE,DIFUNCT,CODE_C,CODE_N,N #
#                            EAR_CODE=_NEAR_CODE_START-(_CODEBANK_START-1)     #
#                            -P(CODE)BANKED_CODE=_NEAR_CODE_START-(_CODEBANK_S #
#                            TART-1),[(_CODEBANK_START+_FIRST_BANK_ADDR)-(_COD #
#                            EBANK_END+_FIRST_BANK_ADDR)]*_NR_OF_BANKS+10000   #
#                            -Z(CODE)CHECKSUM#(_CODEBANK_START-1)              #
#                            -Z(XDATA)PDATA_Z,PDATA_I=_PDATA0_START-_PDATA0_EN #
#                            D                                                 #
#                            -P(XDATA)PDATA_N=_PDATA0_START-_PDATA0_END        #
#                            -Z(XDATA)PSTACK+_PDATA_STACK_SIZE=_PDATA0_START-_ #
#                            PDATA0_END                                        #
#                            -Z(XDATA)EXT_STACK+_EXTENDED_STACK_SIZE=_EXTENDED #
#                            _STACK_START                                      #
#                            -Z(XDATA)XSTACK+_XDATA_STACK_SIZE=_XDATA0_START-_ #
#                            XDATA0_END                                        #
#                            -Z(XDATA)IXDATA_Z,IXDATA_I=_IXDATA0_START-_IXDATA #
#                            0_END                                             #
#                            -P(XDATA)IXDATA_N=_IXDATA0_START-_IXDATA0_END     #
#                            -Z(XDATA)XDATA_Z,XDATA_I=_XDATA0_START-_XDATA0_EN #
#                            D                                                 #
#                            -P(XDATA)XDATA_N=_XDATA0_START-_XDATA0_END        #
#                            -Z(XDATA)XDATA_HEAP+_XDATA_HEAP_SIZE=_XDATA0_STAR #
#                            T-_XDATA0_END                                     #
#                            -Z(CONST)XDATA_ROM_C=_XDATA0_START-_XDATA0_END    #
#                            -cx51                                             #
#                            -M(CODE)[(_CODEBANK_START+_FIRST_BANK_ADDR)-(_COD #
#                            EBANK_END+_FIRST_BANK_ADDR)]*_NR_OF_BANKS+0x10000 #
#                            =0x8000                                           #
#                            -ww69=i -D_BANK0_START=0x00000                    #
#                            -D_BANK0_END=0x07FFF -D_BANK1_START=0x18000       #
#                            -D_BANK1_END=0x1FFFF -D_BANK2_START=0x28000       #
#                            -D_BANK2_END=0x2FFFF -D_BANK3_START=0x38000       #
#                            -D_BANK3_END=0x3FFFF -D_BANK4_START=0x48000       #
#                            -D_BANK4_END=0x4FFFF -D_BANK5_START=0x58000       #
#                            -D_BANK5_END=0x5FFFF -D_BANK6_START=0x68000       #
#                            -D_BANK6_END=0x6FFFF -D_BANK7_START=0x78000       #
#                            -D_BANK7_END=0x7FFFF                              #
#                            -P(CODE)BANK0=_BANK0_START-_BANK0_END             #
#                            -P(CODE)BANK1=_BANK1_START-_BANK1_END             #
#                            -P(CODE)BANK2=_BANK2_START-_BANK2_END             #
#                            -P(CODE)BANK3=_BANK3_START-_BANK3_END             #
#                            -P(CODE)BANK4=_BANK4_START-_BANK4_END             #
#                            -P(CODE)BANK5=_BANK5_START-_BANK5_END             #
#                            -P(CODE)BANK6=_BANK6_START-_BANK6_END             #
#                            -P(CODE)BANK7=_BANK7_START-_BANK7_END             #
#                            -D_FLASH_LOCK_BITS_START=0x7FFF0                  #
#                            -D_FLASH_LOCK_BITS_END=0x7FFFF                    #
#                            -Z(CODE)FLASH_LOCK_BITS=_FLASH_LOCK_BITS_START-_F #
#                            LASH_LOCK_BITS_END                                #
#                            -U(CODE)0x0000=(CODE)_FLASH_LOCK_BITS_START-_FLAS #
#                            H_LOCK_BITS_END)                                  #
#                            -D_NR_OF_VIRTUAL_REGISTERS=8 -D?PBANK=0x93        #
#                            -D?CBANK=0x9F -D?CBANK_MASK=0xFF                  #
#                            -e?BCALL_FF=?BCALL -e?BRET_FF=?BRET               #
#                            -e?BDISPATCH_FF=?BDISPATCH                        #
#                            -D_CODEBANK_START=0x8000 -D_CODEBANK_END=0xFFFF   #
#                            -D_NR_OF_BANKS=0x07                               #
#                            "-IC:\Program Files (x86)\IAR Systems\Embedded Wo #
#                            rkbench 8.0\8051\CONFIG\"                         #
#                            -e_PrintfLarge=_Printf -e_ScanfLarge=_Scanf -rt   #
#                            -s __program_start                                #
#                            "C:\Program Files (x86)\IAR Systems\Embedded Work #
#                            bench 8.0\8051\LIB\DLIB\dl-pli-blxd-1e16x01n.r51" #
#                            -D_IDATA_STACK_SIZE=0x40 -D?ESP=0 -D?ESP_MASK=0   #
#                            -D_EXTENDED_STACK_START=0                         #
#                            -D_EXTENDED_STACK_SIZE=0                          #
#                            -D_PDATA_STACK_SIZE=0x80                          #
#                            -D_XDATA_STACK_SIZE=0xEFF                         #
#                            -D_XDATA_HEAP_SIZE=0xFF -D_FAR_HEAP_SIZE=0xFFF    #
#                            -D_HUGE_HEAP_SIZE=0xFFF                           #
#                            -D_FAR22_HEAP_SIZE=0xFFF)                         #
#                                                                              #
#                           Copyright (C) 1987-2016 IAR Systems AB.            #
################################################################################





                ****************************************
                *                                      *
                *           CROSS REFERENCE            *
                *                                      *
                ****************************************

       Program entry at : CODE      00000085  Relocatable, from module : CSTARTUP




                ****************************************
                *                                      *
                *            RUNTIME MODEL             *
                *                                      *
                ****************************************

  __Heap_Handler             = Basic
  __SystemLibrary            = DLib
  __calling_convention       = xdata_reentrant
  __code_model               = banked
  __core                     = plain
  __data_model               = large
  __dlib_file_descriptor     = 0
  __dlib_full_locale_support = 0
  __dptr_size                = 16
  __extended_stack           = disabled
  __location_for_constants   = data
  __number_of_dptrs          = 1
  __register_banks           = *
  __rt_version               = 1

                ****************************************
                *                                      *
                *    AUTOMATIC SYMBOL REDIRECTIONS     *
                *                                      *
                ****************************************

                  There are no automatic symbol redirections.



                ****************************************
                *                                      *
                *              MODULE MAP              *
                *                                      *
                ****************************************


  DEFINED ABSOLUTE ENTRIES
    *************************************************************************

  DEFINED ABSOLUTE ENTRIES
  PROGRAM MODULE, NAME : ?ABS_ENTRY_MOD

Absolute parts
           ENTRY                   ADDRESS         REF BY
           =====                   =======         ======
           _FAR22_HEAP_SIZE        00000FFF 
           _HUGE_HEAP_SIZE         00000FFF 
           _FAR_HEAP_SIZE          00000FFF 
           _XDATA_HEAP_SIZE        000000FF 
           _XDATA_STACK_SIZE       00000EFF 
           _PDATA_STACK_SIZE       00000080 
           _EXTENDED_STACK_SIZE    00000000 
           _EXTENDED_STACK_START   00000000 
           ?ESP_MASK               00000000 
           ?ESP                    00000000 
           _IDATA_STACK_SIZE       00000040 
           _NR_OF_BANKS            00000007 
           _CODEBANK_END           0000FFFF 
           _CODEBANK_START         00008000 
           ?CBANK_MASK             000000FF 
           ?CBANK                  0000009F        ?RESET_CODE_BANK (CSTARTUP)
                                                   Segment part 0 (?BANKED_CODE_SUPPORT)
           ?PBANK                  00000093 
           _NR_OF_VIRTUAL_REGISTERS
                                   00000008 
           _FLASH_LOCK_BITS_END    0003FFFF 
           _FLASH_LOCK_BITS_START
                                   0003FFF0 
           _BANK7_END              0003FFFF 
           _BANK7_START            00038000 
           _BANK6_END              00037FFF 
           _BANK6_START            00030000 
           _BANK5_END              0002FFFF 
           _BANK5_START            00028000 
           _BANK4_END              00027FFF 
           _BANK4_START            00020000 
           _BANK3_END              0001FFFF 
           _BANK3_START            00018000 
           _BANK2_END              00017FFF 
           _BANK2_START            00010000 
           _BANK1_END              0000FFFF 
           _BANK1_START            00008000 
           _BANK0_END              00007FFF 
           _BANK0_START            00000000 
           ?VB                     00000020        ?BANKED_ENTER_XDATA (?BANKED_ENTER_XDATA)
                                                   ?BANKED_LEAVE_XDATA (?BANKED_LEAVE_XDATA)
                                                   ?INTERRUPT_ENTER_XSP (?INTERRUPT_ENTER_XSP)
                                                   ?INTERRUPT_LEAVE_XSP (?INTERRUPT_LEAVE_XSP)
                                                   RI_Send (RADIO)
                                                   SendWithCallback (RADIO)
                                                   SendWithoutCallbalck (RADIO)
           _BREG_START             00000000 
           _REGISTER_BANK_START    00000000 
           ?REGISTER_BANK          00000000        Segment part 6 (CSTARTUP)
           _FIRST_BANK_ADDR        00010000 
           _NEAR_CODE_START        00000000 
           _XDATA0_END             00001EFF 
           _XDATA0_START           00000001 
           _IXDATA0_END            00001EFF 
           _IXDATA0_START          00000001 
           _PDATA0_END             00001EFF 
           _PDATA0_START           00001E00 
           _IDATA0_END             000000FF 
           _IDATA0_START           00000000 
    *************************************************************************

  FILE NAME : \\vmware-host\Shared Folders\Projects\WMNU\IAR\PRJ_UNITEST\Debug\Obj\FChain.r51
  PROGRAM MODULE, NAME : FChain

  SEGMENTS IN THE MODULE
  ======================
<BANKED_CODE> 1 (was BANKED_CODE)
  Relative segment, address: CODE 00003659 - 0000366D (0x15 bytes), align: 0
  Segment part 37.            Intra module refs:   free::?relay
           ENTRY                   ADDRESS         REF BY
           =====                   =======         ======
           free                    00003659 
               calls direct
               XSTACK = 0000000E ( 00000009 )
    -------------------------------------------------------------------------
<BANKED_CODE> 1 (was BANKED_CODE)
  Relative segment, address: CODE 0000366E - 00003682 (0x15 bytes), align: 0
  Segment part 39.            Intra module refs:   malloc::?relay
           ENTRY                   ADDRESS         REF BY
           =====                   =======         ======
           malloc                  0000366E 
               calls direct
               XSTACK = 0000000A ( 00000009 )
    -------------------------------------------------------------------------
<BANKED_CODE> 1 (was BANKED_CODE)
  Relative segment, address: CODE 00003683 - 000036A4 (0x22 bytes), align: 0
  Segment part 45.            Intra module refs:   FC_iteratorToHead::?relay
           ENTRY                   ADDRESS         REF BY
           =====                   =======         ======
           FC_iteratorToHead       00003683 
               XSTACK = 00000014 ( 00000000 )
               ISTACK = 00000000 ( 00000002 )
    -------------------------------------------------------------------------
<BANKED_CODE> 1 (was BANKED_CODE)
  Relative segment, address: CODE 000036A5 - 000036FB (0x57 bytes), align: 0
  Segment part 63.            Intra module refs:   FC_getIterator::?relay
           ENTRY                   ADDRESS         REF BY
           =====                   =======         ======
           FC_getIterator          000036A5 
               calls direct
               XSTACK = 00000014 ( 0000000E )
    -------------------------------------------------------------------------
<BANKED_CODE> 1 (was BANKED_CODE)
  Relative segment, address: CODE 000036FC - 000037B1 (0xb6 bytes), align: 0
  Segment part 69.            Intra module refs:   FC_copyChainData::?relay
           ENTRY                   ADDRESS         REF BY
           =====                   =======         ======
           FC_copyChainData        000036FC 
               calls direct
               XSTACK = 00000002 ( 00000016 )
    -------------------------------------------------------------------------
XDATA_ID
  Relative segment, address: CODE 000000B5 - 000000C5 (0x11 bytes), align: 0
  Segment part 7.             Intra module refs:   Segment part 6
    -------------------------------------------------------------------------
XDATA_ID
  Relative segment, address: CODE 000000C6 - 000000CE (0x9 bytes), align: 0
  Segment part 9.             Intra module refs:   Segment part 8
    -------------------------------------------------------------------------
XDATA_ID
  Relative segment, address: CODE 000000CF - 000000E8 (0x1a bytes), align: 0
  Segment part 13.            Intra module refs:   Segment part 12
    -------------------------------------------------------------------------
XDATA_ID
  Relative segment, address: CODE 000000E9 - 000000F5 (0xd bytes), align: 0
  Segment part 15.            Intra module refs:   Segment part 14
    -------------------------------------------------------------------------
XDATA_ID
  Relative segment, address: CODE 000000F6 - 00000113 (0x1e bytes), align: 0
  Segment part 35.            Intra module refs:   Segment part 34
    -------------------------------------------------------------------------
BANK_RELAYS
  Relative segment, address: CODE 00000332 - 00000337 (0x6 bytes), align: 0
  Segment part 38.            Intra module refs:   SendWithCallback (RADIO)
                                                   SendWithoutCallbalck (RADIO)
           ENTRY                   ADDRESS         REF BY
           =====                   =======         ======
           free::?relay            00000332 
    -------------------------------------------------------------------------
BANK_RELAYS
  Relative segment, address: CODE 00000338 - 0000033D (0x6 bytes), align: 0
  Segment part 40.            Intra module refs:   RI_create (RADIO)
                                                   SendWithCallback (RADIO)
                                                   SendWithoutCallbalck (RADIO)
           ENTRY                   ADDRESS         REF BY
           =====                   =======         ======
           malloc::?relay          00000338 
    -------------------------------------------------------------------------
BANK_RELAYS
  Relative segment, address: CODE 0000033E - 00000343 (0x6 bytes), align: 0
  Segment part 46.            Intra module refs:   FC_copyChainData
           ENTRY                   ADDRESS         REF BY
           =====                   =======         ======
           FC_iteratorToHead::?relay
                                   0000033E        RI_Send (RADIO)
    -------------------------------------------------------------------------
BANK_RELAYS
  Relative segment, address: CODE 00000344 - 00000349 (0x6 bytes), align: 0
  Segment part 64.            Intra module refs:   FC_copyChainData
           ENTRY                   ADDRESS         REF BY
           =====                   =======         ======
           FC_getIterator::?relay
                                   00000344        RI_Send (RADIO)
    -------------------------------------------------------------------------
BANK_RELAYS
  Relative segment, address: CODE 0000034A - 0000034F (0x6 bytes), align: 0
  Segment part 70.
           ENTRY                   ADDRESS         REF BY
           =====                   =======         ======
           FC_copyChainData::?relay
                                   0000034A        SendWithCallback (RADIO)
                                                   SendWithoutCallbalck (RADIO)
    -------------------------------------------------------------------------
XDATA_I
  Relative segment, address: XDATA 00000F26 - 00000F36 (0x11 bytes), align: 0
  Segment part 6.             Intra module refs:   FC_getIterator
    -------------------------------------------------------------------------
XDATA_I
  Relative segment, address: XDATA 00000F37 - 00000F3F (0x9 bytes), align: 0
  Segment part 8.             Intra module refs:   FC_getIterator
    -------------------------------------------------------------------------
XDATA_I
  Relative segment, address: XDATA 00000F40 - 00000F59 (0x1a bytes), align: 0
  Segment part 12.            Intra module refs:   FC_getIterator
    -------------------------------------------------------------------------
XDATA_I
  Relative segment, address: XDATA 00000F5A - 00000F66 (0xd bytes), align: 0
  Segment part 14.            Intra module refs:   FC_getIterator
    -------------------------------------------------------------------------
XDATA_I
  Relative segment, address: XDATA 00000F67 - 00000F84 (0x1e bytes), align: 0
  Segment part 34.            Intra module refs:   FC_getIterator

    *************************************************************************

  FILE NAME : \\vmware-host\Shared Folders\Projects\WMNU\IAR\PRJ_UNITEST\Debug\Obj\FItem.r51
  PROGRAM MODULE, NAME : FItem

  SEGMENTS IN THE MODULE
  ======================
<BANKED_CODE> 1 (was BANKED_CODE)
  Relative segment, address: CODE 0000331C - 00003377 (0x5c bytes), align: 0
  Segment part 41.            Intra module refs:   FI_getNext::?relay
           ENTRY                   ADDRESS         REF BY
           =====                   =======         ======
           FI_getNext              0000331C 
               calls direct
               XSTACK = 00000000 ( 0000000E )
    -------------------------------------------------------------------------
<BANKED_CODE> 1 (was BANKED_CODE)
  Relative segment, address: CODE 00003378 - 000033CA (0x53 bytes), align: 0
  Segment part 45.            Intra module refs:   FI_getType::?relay
           ENTRY                   ADDRESS         REF BY
           =====                   =======         ======
           FI_getType              00003378 
               calls direct
               XSTACK = 00000000 ( 0000000E )
    -------------------------------------------------------------------------
<BANKED_CODE> 1 (was BANKED_CODE)
  Relative segment, address: CODE 000033CB - 0000341E (0x54 bytes), align: 0
  Segment part 47.            Intra module refs:   FI_getLength::?relay
           ENTRY                   ADDRESS         REF BY
           =====                   =======         ======
           FI_getLength            000033CB 
               calls direct
               XSTACK = 00000000 ( 0000000E )
    -------------------------------------------------------------------------
<BANKED_CODE> 1 (was BANKED_CODE)
  Relative segment, address: CODE 0000341F - 000034C0 (0xa2 bytes), align: 0
  Segment part 49.            Intra module refs:   FI_getData::?relay
           ENTRY                   ADDRESS         REF BY
           =====                   =======         ======
           FI_getData              0000341F 
               calls direct
               XSTACK = 00000000 ( 0000000E )
    -------------------------------------------------------------------------
XDATA_ID
  Relative segment, address: CODE 00000114 - 00000124 (0x11 bytes), align: 0
  Segment part 7.             Intra module refs:   Segment part 6
    -------------------------------------------------------------------------
XDATA_ID
  Relative segment, address: CODE 00000125 - 0000012C (0x8 bytes), align: 0
  Segment part 9.             Intra module refs:   Segment part 8
    -------------------------------------------------------------------------
XDATA_ID
  Relative segment, address: CODE 0000012D - 00000146 (0x1a bytes), align: 0
  Segment part 13.            Intra module refs:   Segment part 12
    -------------------------------------------------------------------------
XDATA_ID
  Relative segment, address: CODE 00000147 - 00000153 (0xd bytes), align: 0
  Segment part 15.            Intra module refs:   Segment part 14
    -------------------------------------------------------------------------
XDATA_ID
  Relative segment, address: CODE 00000154 - 0000015F (0xc bytes), align: 0
  Segment part 21.            Intra module refs:   Segment part 20
    -------------------------------------------------------------------------
XDATA_ID
  Relative segment, address: CODE 00000160 - 00000171 (0x12 bytes), align: 0
  Segment part 27.            Intra module refs:   Segment part 26
    -------------------------------------------------------------------------
BANK_RELAYS
  Relative segment, address: CODE 00000350 - 00000355 (0x6 bytes), align: 0
  Segment part 42.
           ENTRY                   ADDRESS         REF BY
           =====                   =======         ======
           FI_getNext::?relay      00000350        FC_copyChainData (FChain)
    -------------------------------------------------------------------------
BANK_RELAYS
  Relative segment, address: CODE 00000356 - 0000035B (0x6 bytes), align: 0
  Segment part 46.
           ENTRY                   ADDRESS         REF BY
           =====                   =======         ======
           FI_getType::?relay      00000356        RI_Send (RADIO)
    -------------------------------------------------------------------------
BANK_RELAYS
  Relative segment, address: CODE 0000035C - 00000361 (0x6 bytes), align: 0
  Segment part 48.
           ENTRY                   ADDRESS         REF BY
           =====                   =======         ======
           FI_getLength::?relay    0000035C        FC_copyChainData (FChain)
    -------------------------------------------------------------------------
BANK_RELAYS
  Relative segment, address: CODE 00000362 - 00000367 (0x6 bytes), align: 0
  Segment part 50.
           ENTRY                   ADDRESS         REF BY
           =====                   =======         ======
           FI_getData::?relay      00000362        FC_copyChainData (FChain)
    -------------------------------------------------------------------------
XDATA_I
  Relative segment, address: XDATA 00000F85 - 00000F95 (0x11 bytes), align: 0
  Segment part 6.             Intra module refs:   FI_getData
                                                   FI_getLength
                                                   FI_getNext
                                                   FI_getType
    -------------------------------------------------------------------------
XDATA_I
  Relative segment, address: XDATA 00000F96 - 00000F9D (0x8 bytes), align: 0
  Segment part 8.             Intra module refs:   FI_getData
                                                   FI_getLength
                                                   FI_getNext
                                                   FI_getType
    -------------------------------------------------------------------------
XDATA_I
  Relative segment, address: XDATA 00000F9E - 00000FB7 (0x1a bytes), align: 0
  Segment part 12.            Intra module refs:   FI_getData
                                                   FI_getLength
                                                   FI_getNext
                                                   FI_getType
    -------------------------------------------------------------------------
XDATA_I
  Relative segment, address: XDATA 00000FB8 - 00000FC4 (0xd bytes), align: 0
  Segment part 14.            Intra module refs:   FI_getData
                                                   FI_getLength
                                                   FI_getNext
                                                   FI_getType
    -------------------------------------------------------------------------
XDATA_I
  Relative segment, address: XDATA 00000FC5 - 00000FD0 (0xc bytes), align: 0
  Segment part 20.            Intra module refs:   FI_getData
                                                   FI_getLength
                                                   FI_getNext
                                                   FI_getType
    -------------------------------------------------------------------------
XDATA_I
  Relative segment, address: XDATA 00000FD1 - 00000FE2 (0x12 bytes), align: 0
  Segment part 26.            Intra module refs:   FI_getData

    *************************************************************************

  FILE NAME : \\vmware-host\Shared Folders\Projects\WMNU\IAR\PRJ_UNITEST\Debug\Obj\LLC.r51
    *************************************************************************

  FILE NAME : \\vmware-host\Shared Folders\Projects\WMNU\IAR\PRJ_UNITEST\Debug\Obj\MAC.r51
    *************************************************************************

  FILE NAME : \\vmware-host\Shared Folders\Projects\WMNU\IAR\PRJ_UNITEST\Debug\Obj\NTMR.r51
  PROGRAM MODULE, NAME : NTMR

  SEGMENTS IN THE MODULE
  ======================
SFR_AN
  Relative segment, address: DATA 00000095 - 00000095 (0x1 bytes), align: 0
  Segment part 1. ROOT        Intra module refs:   ReadTimer
           ENTRY                   ADDRESS         REF BY
           =====                   =======         ======
           ST0                     00000095 
    -------------------------------------------------------------------------
SFR_AN
  Relative segment, address: DATA 00000096 - 00000096 (0x1 bytes), align: 0
  Segment part 2. ROOT        Intra module refs:   ReadTimer
           ENTRY                   ADDRESS         REF BY
           =====                   =======         ======
           ST1                     00000096 
    -------------------------------------------------------------------------
SFR_AN
  Relative segment, address: DATA 00000097 - 00000097 (0x1 bytes), align: 0
  Segment part 3. ROOT        Intra module refs:   ReadTimer
           ENTRY                   ADDRESS         REF BY
           =====                   =======         ======
           ST2                     00000097 
    -------------------------------------------------------------------------
SFR_AN
  Relative segment, address: DATA 0000009D - 0000009D (0x1 bytes), align: 0
  Segment part 4. ROOT        Intra module refs:   ReadTimer
           ENTRY                   ADDRESS         REF BY
           =====                   =======         ======
           SLEEPSTA                0000009D 
    -------------------------------------------------------------------------
SFR_AN
  Relative segment, address: DATA 000000A8 - 000000A8 (0x1 bytes), align: 0
  Segment part 5. ROOT        Intra module refs:   NT_IRQEnable
           ENTRY                   ADDRESS         REF BY
           =====                   =======         ======
           _A_IEN0                 000000A8 
           LOCAL                   ADDRESS         
           =====                   =======         
           IEN0                    000000A8 
    -------------------------------------------------------------------------
SFR_AN
  Relative segment, address: DATA 000000AD - 000000AD (0x1 bytes), align: 0
  Segment part 6. ROOT 
           ENTRY                   ADDRESS         REF BY
           =====                   =======         ======
           STLOAD                  000000AD 
    -------------------------------------------------------------------------
SFR_AN
  Relative segment, address: DATA 000000C0 - 000000C0 (0x1 bytes), align: 0
  Segment part 7. ROOT        Intra module refs:   NT_IRQEnable
                                                   TimerCompareInterrupt
           ENTRY                   ADDRESS         REF BY
           =====                   =======         ======
           _A_IRCON                000000C0 
           LOCAL                   ADDRESS         
           =====                   =======         
           IRCON                   000000C0 
    -------------------------------------------------------------------------
XDATA_Z
  Relative segment, address: XDATA 00000F00 - 00000F01 (0x2 bytes), align: 0
  Segment part 26.            Intra module refs:   TimerCompareInterrupt
           ENTRY                   ADDRESS         REF BY
           =====                   =======         ======
           EventCallback           00000F00 
    -------------------------------------------------------------------------
XDATA_Z
  Relative segment, address: XDATA 00000F02 - 00000F03 (0x2 bytes), align: 0
  Segment part 28.            Intra module refs:   NT_GetTime
           ENTRY                   ADDRESS         REF BY
           =====                   =======         ======
           TOFFSET                 00000F02 
    -------------------------------------------------------------------------
<BANKED_CODE> 1 (was BANKED_CODE)
  Relative segment, address: CODE 000039CC - 000039DE (0x13 bytes), align: 0
  Segment part 52.            Intra module refs:   NT_IRQEnable::?relay
           LOCAL                   ADDRESS         
           =====                   =======         
           NT_IRQEnable            000039CC 
               XSTACK = 0000000F ( 00000000 )
    -------------------------------------------------------------------------
<BANKED_CODE> 1 (was BANKED_CODE)
  Relative segment, address: CODE 000039DF - 00003A15 (0x37 bytes), align: 0
  Segment part 58.            Intra module refs:   NT_GetTime::?relay
           ENTRY                   ADDRESS         REF BY
           =====                   =======         ======
           NT_GetTime              000039DF 
               calls direct, is indirectly called
               XSTACK = 0000000F ( 00000010 )
    -------------------------------------------------------------------------
NEAR_CODE
  Relative segment, address: CODE 0000116A - 000011A5 (0x3c bytes), align: 0
  Segment part 64.            Intra module refs:   TimerCompareInterrupt::??INTVEC 43
           ENTRY                   ADDRESS         REF BY
           =====                   =======         ======
           TimerCompareInterrupt   0000116A 
               interrupt function
               calls direct
               XSTACK = 00000000 ( 0000000F )
    -------------------------------------------------------------------------
<BANKED_CODE> 1 (was BANKED_CODE)
  Relative segment, address: CODE 00003A16 - 00003A73 (0x5e bytes), align: 0
  Segment part 60.            Intra module refs:   ReadTimer::?relay
           LOCAL                   ADDRESS         
           =====                   =======         
           ReadTimer               00003A16 
               XSTACK = 00000018 ( 00000004 )
               ISTACK = 00000000 ( 00000003 )
    -------------------------------------------------------------------------
INTVEC
  Common segment, address: CODE 00000000 - 0000002D (0x2e bytes), align: 0
  Segment part 8. ROOT 
           ENTRY                   ADDRESS         REF BY
           =====                   =======         ======
           TimerCompareInterrupt::??INTVEC 43
                                   0000002B 
    -------------------------------------------------------------------------
XDATA_ID
  Relative segment, address: CODE 00000172 - 00000175 (0x4 bytes), align: 0
  Segment part 37.            Intra module refs:   __Constant_7fff
    -------------------------------------------------------------------------
BANK_RELAYS
  Relative segment, address: CODE 00000368 - 0000036D (0x6 bytes), align: 0
  Segment part 53.            Intra module refs:   TimerCompareInterrupt
           LOCAL                   ADDRESS         
           =====                   =======         
           NT_IRQEnable::?relay    00000368 
    -------------------------------------------------------------------------
BANK_RELAYS
  Relative segment, address: CODE 0000036E - 00000373 (0x6 bytes), align: 0
  Segment part 59.            Intra module refs:   TimerCompareInterrupt
           ENTRY                   ADDRESS         REF BY
           =====                   =======         ======
           NT_GetTime::?relay      0000036E 
    -------------------------------------------------------------------------
BANK_RELAYS
  Relative segment, address: CODE 00000374 - 00000379 (0x6 bytes), align: 0
  Segment part 61.            Intra module refs:   NT_GetTime
           LOCAL                   ADDRESS         
           =====                   =======         
           ReadTimer::?relay       00000374 
    -------------------------------------------------------------------------
XDATA_I
  Relative segment, address: XDATA 00000FE3 - 00000FE6 (0x4 bytes), align: 0
  Segment part 36.            Intra module refs:   NT_GetTime
           ENTRY                   ADDRESS         REF BY
           =====                   =======         ======
           __Constant_7fff         00000FE3 

    *************************************************************************

  FILE NAME : \\vmware-host\Shared Folders\Projects\WMNU\IAR\PRJ_UNITEST\Debug\Obj\nwdebuger.r51
  PROGRAM MODULE, NAME : ?__write

  SEGMENTS IN THE MODULE
  ======================
SFR_AN
  Relative segment, address: DATA 00000086 - 00000086 (0x1 bytes), align: 0
  Segment part 1. ROOT        Intra module refs:   MyLowLevelPutchar
                                                   uart_init
           ENTRY                   ADDRESS         REF BY
           =====                   =======         ======
           U0CSR                   00000086 
    -------------------------------------------------------------------------
SFR_AN
  Relative segment, address: DATA 0000009E - 0000009E (0x1 bytes), align: 0
  Segment part 2. ROOT        Intra module refs:   SetCPU32M
           ENTRY                   ADDRESS         REF BY
           =====                   =======         ======
           CLKCONSTA               0000009E 
    -------------------------------------------------------------------------
SFR_AN
  Relative segment, address: DATA 000000C1 - 000000C1 (0x1 bytes), align: 0
  Segment part 3. ROOT        Intra module refs:   MyLowLevelPutchar
           ENTRY                   ADDRESS         REF BY
           =====                   =======         ======
           U0DBUF                  000000C1 
    -------------------------------------------------------------------------
SFR_AN
  Relative segment, address: DATA 000000C2 - 000000C2 (0x1 bytes), align: 0
  Segment part 4. ROOT        Intra module refs:   uart_init
           ENTRY                   ADDRESS         REF BY
           =====                   =======         ======
           U0BAUD                  000000C2 
    -------------------------------------------------------------------------
SFR_AN
  Relative segment, address: DATA 000000C5 - 000000C5 (0x1 bytes), align: 0
  Segment part 5. ROOT        Intra module refs:   uart_init
           ENTRY                   ADDRESS         REF BY
           =====                   =======         ======
           U0GCR                   000000C5 
    -------------------------------------------------------------------------
SFR_AN
  Relative segment, address: DATA 000000C6 - 000000C6 (0x1 bytes), align: 0
  Segment part 6. ROOT        Intra module refs:   SetCPU32M
           ENTRY                   ADDRESS         REF BY
           =====                   =======         ======
           CLKCONCMD               000000C6 
    -------------------------------------------------------------------------
SFR_AN
  Relative segment, address: DATA 000000F1 - 000000F1 (0x1 bytes), align: 0
  Segment part 7. ROOT        Intra module refs:   uart_init
           ENTRY                   ADDRESS         REF BY
           =====                   =======         ======
           PERCFG                  000000F1 
    -------------------------------------------------------------------------
SFR_AN
  Relative segment, address: DATA 000000F3 - 000000F3 (0x1 bytes), align: 0
  Segment part 8. ROOT        Intra module refs:   uart_init
           ENTRY                   ADDRESS         REF BY
           =====                   =======         ======
           P0SEL                   000000F3 
    -------------------------------------------------------------------------
<BANKED_CODE> 1 (was BANKED_CODE)
  Relative segment, address: CODE 000038F2 - 00003904 (0x13 bytes), align: 0
  Segment part 14.            Intra module refs:   uart_init::?relay
           LOCAL                   ADDRESS         
           =====                   =======         
           uart_init               000038F2 
    -------------------------------------------------------------------------
<BANKED_CODE> 1 (was BANKED_CODE)
  Relative segment, address: CODE 00003905 - 00003910 (0xc bytes), align: 0
  Segment part 16.            Intra module refs:   SetCPU32M::?relay
           LOCAL                   ADDRESS         
           =====                   =======         
           SetCPU32M               00003905 
    -------------------------------------------------------------------------
<BANKED_CODE> 1 (was BANKED_CODE)
  Relative segment, address: CODE 00003911 - 00003921 (0x11 bytes), align: 0
  Segment part 18.            Intra module refs:   nwDebugerInit::?relay
           ENTRY                   ADDRESS         REF BY
           =====                   =======         ======
           nwDebugerInit           00003911 
               calls direct
               ISTACK = 00000000 ( 00000002 )
    -------------------------------------------------------------------------
<BANKED_CODE> 1 (was BANKED_CODE)
  Relative segment, address: CODE 00003922 - 0000392D (0xc bytes), align: 0
  Segment part 20.            Intra module refs:   MyLowLevelPutchar::?relay
           ENTRY                   ADDRESS         REF BY
           =====                   =======         ======
           MyLowLevelPutchar       00003922 
               XSTACK = 00000010 ( 00000000 )
    -------------------------------------------------------------------------
<BANKED_CODE> 1 (was BANKED_CODE)
  Relative segment, address: CODE 0000392E - 000039C9 (0x9c bytes), align: 0
  Segment part 22.            Intra module refs:   __write::?relay
           ENTRY                   ADDRESS         REF BY
           =====                   =======         ======
           __write                 0000392E 
               calls direct
               XSTACK = 00000002 ( 00000010 )
    -------------------------------------------------------------------------
<BANKED_CODE> 1 (was BANKED_CODE)
  Relative segment, address: CODE 000039CA - 000039CB (0x2 bytes), align: 0
  Segment part 24.            Intra module refs:   STACK_FAILURE::?relay
           ENTRY                   ADDRESS         REF BY
           =====                   =======         ======
           STACK_FAILURE           000039CA 
    -------------------------------------------------------------------------
BANK_RELAYS
  Relative segment, address: CODE 0000037A - 0000037F (0x6 bytes), align: 0
  Segment part 15.            Intra module refs:   nwDebugerInit
           LOCAL                   ADDRESS         
           =====                   =======         
           uart_init::?relay       0000037A 
    -------------------------------------------------------------------------
BANK_RELAYS
  Relative segment, address: CODE 00000380 - 00000385 (0x6 bytes), align: 0
  Segment part 17.            Intra module refs:   nwDebugerInit
           LOCAL                   ADDRESS         
           =====                   =======         
           SetCPU32M::?relay       00000380 
    -------------------------------------------------------------------------
BANK_RELAYS
  Relative segment, address: CODE 00000386 - 0000038B (0x6 bytes), align: 0
  Segment part 19.
           ENTRY                   ADDRESS         REF BY
           =====                   =======         ======
           nwDebugerInit::?relay   00000386        main (utest)
    -------------------------------------------------------------------------
BANK_RELAYS
  Relative segment, address: CODE 0000038C - 00000391 (0x6 bytes), align: 0
  Segment part 21.            Intra module refs:   __write
           ENTRY                   ADDRESS         REF BY
           =====                   =======         ======
           MyLowLevelPutchar::?relay
                                   0000038C 
    -------------------------------------------------------------------------
BANK_RELAYS
  Relative segment, address: CODE 00000392 - 00000397 (0x6 bytes), align: 0
  Segment part 23.
           ENTRY                   ADDRESS         REF BY
           =====                   =======         ======
           __write::?relay         00000392        putchar (?putchar)
    -------------------------------------------------------------------------
BANK_RELAYS
  Relative segment, address: CODE 00000398 - 0000039D (0x6 bytes), align: 0
  Segment part 25.
           ENTRY                   ADDRESS         REF BY
           =====                   =======         ======
           STACK_FAILURE::?relay   00000398        FC_getIterator (FChain)
                                                   FI_getData (FItem)
                                                   FI_getLength (FItem)
                                                   FI_getNext (FItem)
                                                   FI_getType (FItem)
                                                   RI_Send (RADIO)
                                                   RI_create (RADIO)
                                                   SendWithCallback (RADIO)
                                                   SendWithoutCallbalck (RADIO)
                                                   setFreq (RADIO)

    *************************************************************************

  FILE NAME : \\vmware-host\Shared Folders\Projects\WMNU\IAR\PRJ_UNITEST\Debug\Obj\RADIO.r51
  PROGRAM MODULE, NAME : RADIO

  SEGMENTS IN THE MODULE
  ======================
SFR_AN
  Relative segment, address: DATA 00000091 - 00000091 (0x1 bytes), align: 0
  Segment part 1. ROOT        Intra module refs:   SendWithCallback
                                                   SendWithoutCallbalck
           ENTRY                   ADDRESS         REF BY
           =====                   =======         ======
           RFIRQF1                 00000091 
    -------------------------------------------------------------------------
SFR_AN
  Relative segment, address: DATA 000000D9 - 000000D9 (0x1 bytes), align: 0
  Segment part 2. ROOT        Intra module refs:   LoadTXData
           ENTRY                   ADDRESS         REF BY
           =====                   =======         ======
           RFD                     000000D9 
    -------------------------------------------------------------------------
SFR_AN
  Relative segment, address: DATA 000000E1 - 000000E1 (0x1 bytes), align: 0
  Segment part 3. ROOT        Intra module refs:   OP_EXE
           ENTRY                   ADDRESS         REF BY
           =====                   =======         ======
           RFST                    000000E1 
    -------------------------------------------------------------------------
SFR_AN
  Relative segment, address: DATA 000000E9 - 000000E9 (0x1 bytes), align: 0
  Segment part 4. ROOT        Intra module refs:   SendWithCallback
           ENTRY                   ADDRESS         REF BY
           =====                   =======         ======
           RFIRQF0                 000000E9 
    -------------------------------------------------------------------------
XDATA_Z
  Relative segment, address: XDATA 00000F04 - 00000F04 (0x1 bytes), align: 0
  Segment part 30.            Intra module refs:   RI_create
           ENTRY                   ADDRESS         REF BY
           =====                   =======         ======
           RADIO_CREATED           00000F04 
    -------------------------------------------------------------------------
XDATA_Z
  Relative segment, address: XDATA 00000F05 - 00000F08 (0x4 bytes), align: 0
  Segment part 31.            Intra module refs:   RI_GetUptime
           ENTRY                   ADDRESS         REF BY
           =====                   =======         ======
           RI_UPTIME               00000F05 
    -------------------------------------------------------------------------
XDATA_Z
  Relative segment, address: XDATA 00000F09 - 00000F0C (0x4 bytes), align: 0
  Segment part 32.            Intra module refs:   RI_GetCRCError
           ENTRY                   ADDRESS         REF BY
           =====                   =======         ======
           RI_CRC_ERROR            00000F09 
    -------------------------------------------------------------------------
XDATA_Z
  Relative segment, address: XDATA 00000F0D - 00000F10 (0x4 bytes), align: 0
  Segment part 33.            Intra module refs:   RI_GetCCAReject
                                                   RI_Send
           ENTRY                   ADDRESS         REF BY
           =====                   =======         ======
           RI_CCA_REJECT           00000F0D 
    -------------------------------------------------------------------------
XDATA_Z
  Relative segment, address: XDATA 00000F11 - 00000F14 (0x4 bytes), align: 0
  Segment part 34.            Intra module refs:   RI_BitRawCrypt
                                                   RI_On
                                                   RI_SetChannel
                                                   RI_StreamCrypt
                                                   RI_create
                                                   setFreq
           ENTRY                   ADDRESS         REF BY
           =====                   =======         ======
           RADIO_CFG               00000F11 
    -------------------------------------------------------------------------
<BANKED_CODE> 1 (was BANKED_CODE)
  Relative segment, address: CODE 00002C1D - 00002D74 (0x158 bytes), align: 0
  Segment part 41.            Intra module refs:   RI_create::?relay
           ENTRY                   ADDRESS         REF BY
           =====                   =======         ======
           RI_create               00002C1D 
               calls direct
               XSTACK = 00000000 ( 0000000E )
    -------------------------------------------------------------------------
<BANKED_CODE> 1 (was BANKED_CODE)
  Relative segment, address: CODE 00002D75 - 00002DDB (0x67 bytes), align: 0
  Segment part 45.            Intra module refs:   RI_On::?relay
           LOCAL                   ADDRESS         
           =====                   =======         
           RI_On                   00002D75 
               calls direct, is indirectly called
               XSTACK = 00000009 ( 00000001 )
               ISTACK = 00000000 ( 00000003 )
    -------------------------------------------------------------------------
<BANKED_CODE> 1 (was BANKED_CODE)
  Relative segment, address: CODE 00002DDC - 00002DF6 (0x1b bytes), align: 0
  Segment part 47.            Intra module refs:   OP_EXE::?relay
           LOCAL                   ADDRESS         
           =====                   =======         
           OP_EXE                  00002DDC 
               XSTACK = 00000010 ( 00000000 )
    -------------------------------------------------------------------------
<BANKED_CODE> 1 (was BANKED_CODE)
  Relative segment, address: CODE 00002DF7 - 00002E06 (0x10 bytes), align: 0
  Segment part 49.            Intra module refs:   RI_Off::?relay
           LOCAL                   ADDRESS         
           =====                   =======         
           RI_Off                  00002DF7 
               calls direct, is indirectly called
               ISTACK = 00000000 ( 00000002 )
    -------------------------------------------------------------------------
<BANKED_CODE> 1 (was BANKED_CODE)
  Relative segment, address: CODE 00002E07 - 00002E26 (0x20 bytes), align: 0
  Segment part 51.            Intra module refs:   RI_SetChannel::?relay
           LOCAL                   ADDRESS         
           =====                   =======         
           RI_SetChannel           00002E07 
               is indirectly called
               ISTACK = 00000000 ( 00000002 )
    -------------------------------------------------------------------------
<BANKED_CODE> 1 (was BANKED_CODE)
  Relative segment, address: CODE 00002E27 - 00002F18 (0xf2 bytes), align: 0
  Segment part 53.            Intra module refs:   RI_Send::?relay
           LOCAL                   ADDRESS         
           =====                   =======         
           RI_Send                 00002E27 
               calls direct, is indirectly called
               XSTACK = 00000000 ( 00000014 )
    -------------------------------------------------------------------------
<BANKED_CODE> 1 (was BANKED_CODE)
  Relative segment, address: CODE 00002F19 - 0000301F (0x107 bytes), align: 0
  Segment part 55.            Intra module refs:   SendWithoutCallbalck::?relay
           LOCAL                   ADDRESS         
           =====                   =======         
           SendWithoutCallbalck    00002F19 
               calls direct
               XSTACK = 00000010 ( 00000012 )
               ISTACK = 00000000 ( 00000001 )
    -------------------------------------------------------------------------
<BANKED_CODE> 1 (was BANKED_CODE)
  Relative segment, address: CODE 00003020 - 00003154 (0x135 bytes), align: 0
  Segment part 57.            Intra module refs:   SendWithCallback::?relay
           LOCAL                   ADDRESS         
           =====                   =======         
           SendWithCallback        00003020 
               calls direct
               XSTACK = 00000010 ( 00000014 )
               ISTACK = 00000000 ( 00000001 )
    -------------------------------------------------------------------------
<BANKED_CODE> 1 (was BANKED_CODE)
  Relative segment, address: CODE 00003155 - 0000318B (0x37 bytes), align: 0
  Segment part 59.            Intra module refs:   LoadTXData::?relay
           LOCAL                   ADDRESS         
           =====                   =======         
           LoadTXData              00003155 
               calls direct
               XSTACK = 00000010 ( 0000000B )
    -------------------------------------------------------------------------
<BANKED_CODE> 1 (was BANKED_CODE)
  Relative segment, address: CODE 0000318C - 00003204 (0x79 bytes), align: 0
  Segment part 61.            Intra module refs:   setFreq::?relay
           LOCAL                   ADDRESS         
           =====                   =======         
           setFreq                 0000318C 
               calls direct
               XSTACK = 00000010 ( 0000000F )
               ISTACK = 00000000 ( 00000001 )
    -------------------------------------------------------------------------
<BANKED_CODE> 1 (was BANKED_CODE)
  Relative segment, address: CODE 00003205 - 00003219 (0x15 bytes), align: 0
  Segment part 63.            Intra module refs:   RI_Receive::?relay
           LOCAL                   ADDRESS         
           =====                   =======         
           RI_Receive              00003205 
               calls direct, is indirectly called
               XSTACK = 00000000 ( 00000009 )
    -------------------------------------------------------------------------
<BANKED_CODE> 1 (was BANKED_CODE)
  Relative segment, address: CODE 0000321A - 0000322A (0x11 bytes), align: 0
  Segment part 65.            Intra module refs:   RI_GetCRCError::?relay
           LOCAL                   ADDRESS         
           =====                   =======         
           RI_GetCRCError          0000321A 
               is indirectly called
               ISTACK = 00000000 ( 00000002 )
    -------------------------------------------------------------------------
<BANKED_CODE> 1 (was BANKED_CODE)
  Relative segment, address: CODE 0000322B - 0000323B (0x11 bytes), align: 0
  Segment part 67.            Intra module refs:   RI_GetCCAReject::?relay
           LOCAL                   ADDRESS         
           =====                   =======         
           RI_GetCCAReject         0000322B 
               is indirectly called
               ISTACK = 00000000 ( 00000002 )
    -------------------------------------------------------------------------
<BANKED_CODE> 1 (was BANKED_CODE)
  Relative segment, address: CODE 0000323C - 0000324C (0x11 bytes), align: 0
  Segment part 69.            Intra module refs:   RI_GetUptime::?relay
           LOCAL                   ADDRESS         
           =====                   =======         
           RI_GetUptime            0000323C 
               is indirectly called
               ISTACK = 00000000 ( 00000002 )
    -------------------------------------------------------------------------
<BANKED_CODE> 1 (was BANKED_CODE)
  Relative segment, address: CODE 0000324D - 00003270 (0x24 bytes), align: 0
  Segment part 71.            Intra module refs:   bits_count::?relay
           LOCAL                   ADDRESS         
           =====                   =======         
           bits_count              0000324D 
               XSTACK = 00000009 ( 00000000 )
    -------------------------------------------------------------------------
<BANKED_CODE> 1 (was BANKED_CODE)
  Relative segment, address: CODE 00003271 - 000032A6 (0x36 bytes), align: 0
  Segment part 73.            Intra module refs:   readRandom::?relay
           LOCAL                   ADDRESS         
           =====                   =======         
           readRandom              00003271 
               calls direct
               XSTACK = 00000009 ( 00000009 )
    -------------------------------------------------------------------------
<BANKED_CODE> 1 (was BANKED_CODE)
  Relative segment, address: CODE 000032A7 - 000032F5 (0x4f bytes), align: 0
  Segment part 75.            Intra module refs:   random_core_init::?relay
           LOCAL                   ADDRESS         
           =====                   =======         
           random_core_init        000032A7 
               calls direct
               XSTACK = 0000000A ( 00000009 )
    -------------------------------------------------------------------------
<BANKED_CODE> 1 (was BANKED_CODE)
  Relative segment, address: CODE 000032F6 - 0000330C (0x17 bytes), align: 0
  Segment part 77.            Intra module refs:   RI_StreamCrypt::?relay
           LOCAL                   ADDRESS         
           =====                   =======         
           RI_StreamCrypt          000032F6 
               is indirectly called
               ISTACK = 00000000 ( 00000002 )
    -------------------------------------------------------------------------
<BANKED_CODE> 1 (was BANKED_CODE)
  Relative segment, address: CODE 0000330D - 0000331B (0xf bytes), align: 0
  Segment part 79.            Intra module refs:   RI_BitRawCrypt::?relay
           LOCAL                   ADDRESS         
           =====                   =======         
           RI_BitRawCrypt          0000330D 
               XSTACK = 00000010 ( 00000000 )
               ISTACK = 00000000 ( 00000002 )
    -------------------------------------------------------------------------
XDATA_ID
  Relative segment, address: CODE 00000176 - 00000186 (0x11 bytes), align: 0
  Segment part 11.            Intra module refs:   Segment part 10
    -------------------------------------------------------------------------
XDATA_ID
  Relative segment, address: CODE 00000187 - 0000018E (0x8 bytes), align: 0
  Segment part 13.            Intra module refs:   Segment part 12
    -------------------------------------------------------------------------
XDATA_ID
  Relative segment, address: CODE 0000018F - 000001A4 (0x16 bytes), align: 0
  Segment part 15.            Intra module refs:   Segment part 14
    -------------------------------------------------------------------------
XDATA_ID
  Relative segment, address: CODE 000001A5 - 000001BE (0x1a bytes), align: 0
  Segment part 17.            Intra module refs:   Segment part 16
    -------------------------------------------------------------------------
XDATA_ID
  Relative segment, address: CODE 000001BF - 000001CB (0xd bytes), align: 0
  Segment part 19.            Intra module refs:   Segment part 18
    -------------------------------------------------------------------------
XDATA_ID
  Relative segment, address: CODE 000001CC - 000001E3 (0x18 bytes), align: 0
  Segment part 21.            Intra module refs:   Segment part 20
    -------------------------------------------------------------------------
XDATA_ID
  Relative segment, address: CODE 000001E4 - 000001EB (0x8 bytes), align: 0
  Segment part 23.            Intra module refs:   Segment part 22
    -------------------------------------------------------------------------
XDATA_ID
  Relative segment, address: CODE 000001EC - 000001FC (0x11 bytes), align: 0
  Segment part 25.            Intra module refs:   Segment part 24
    -------------------------------------------------------------------------
XDATA_ID
  Relative segment, address: CODE 000001FD - 00000211 (0x15 bytes), align: 0
  Segment part 27.            Intra module refs:   Segment part 26
    -------------------------------------------------------------------------
XDATA_ID
  Relative segment, address: CODE 00000212 - 00000229 (0x18 bytes), align: 0
  Segment part 29.            Intra module refs:   Segment part 28
    -------------------------------------------------------------------------
XDATA_ID
  Relative segment, address: CODE 0000022A - 0000022D (0x4 bytes), align: 0
  Segment part 36.            Intra module refs:   __Constant_1
    -------------------------------------------------------------------------
BANK_RELAYS
  Relative segment, address: CODE 0000039E - 000003A3 (0x6 bytes), align: 0
  Segment part 42.
           ENTRY                   ADDRESS         REF BY
           =====                   =======         ======
           RI_create::?relay       0000039E        RadioOn_test (utest_radio)
    -------------------------------------------------------------------------
BANK_RELAYS
  Relative segment, address: CODE 000003A4 - 000003A9 (0x6 bytes), align: 0
  Segment part 46.            Intra module refs:   RI_create
                                                   random_core_init
           LOCAL                   ADDRESS         
           =====                   =======         
           RI_On::?relay           000003A4 
    -------------------------------------------------------------------------
BANK_RELAYS
  Relative segment, address: CODE 000003AA - 000003AF (0x6 bytes), align: 0
  Segment part 48.            Intra module refs:   LoadTXData
                                                   RI_Off
                                                   RI_Receive
                                                   SendWithCallback
                                                   SendWithoutCallbalck
                                                   random_core_init
           LOCAL                   ADDRESS         
           =====                   =======         
           OP_EXE::?relay          000003AA 
    -------------------------------------------------------------------------
BANK_RELAYS
  Relative segment, address: CODE 000003B0 - 000003B5 (0x6 bytes), align: 0
  Segment part 50.            Intra module refs:   RI_create
           LOCAL                   ADDRESS         
           =====                   =======         
           RI_Off::?relay          000003B0 
    -------------------------------------------------------------------------
BANK_RELAYS
  Relative segment, address: CODE 000003B6 - 000003BB (0x6 bytes), align: 0
  Segment part 52.            Intra module refs:   RI_create
           LOCAL                   ADDRESS         
           =====                   =======         
           RI_SetChannel::?relay   000003B6 
    -------------------------------------------------------------------------
BANK_RELAYS
  Relative segment, address: CODE 000003BC - 000003C1 (0x6 bytes), align: 0
  Segment part 54.            Intra module refs:   RI_create
           LOCAL                   ADDRESS         
           =====                   =======         
           RI_Send::?relay         000003BC 
    -------------------------------------------------------------------------
BANK_RELAYS
  Relative segment, address: CODE 000003C2 - 000003C7 (0x6 bytes), align: 0
  Segment part 56.            Intra module refs:   RI_Send
           LOCAL                   ADDRESS         
           =====                   =======         
           SendWithoutCallbalck::?relay
                                   000003C2 
    -------------------------------------------------------------------------
BANK_RELAYS
  Relative segment, address: CODE 000003C8 - 000003CD (0x6 bytes), align: 0
  Segment part 58.            Intra module refs:   RI_Send
           LOCAL                   ADDRESS         
           =====                   =======         
           SendWithCallback::?relay
                                   000003C8 
    -------------------------------------------------------------------------
BANK_RELAYS
  Relative segment, address: CODE 000003CE - 000003D3 (0x6 bytes), align: 0
  Segment part 60.            Intra module refs:   SendWithCallback
                                                   SendWithoutCallbalck
           LOCAL                   ADDRESS         
           =====                   =======         
           LoadTXData::?relay      000003CE 
    -------------------------------------------------------------------------
BANK_RELAYS
  Relative segment, address: CODE 000003D4 - 000003D9 (0x6 bytes), align: 0
  Segment part 62.            Intra module refs:   RI_On
                                                   RI_Send
           LOCAL                   ADDRESS         
           =====                   =======         
           setFreq::?relay         000003D4 
    -------------------------------------------------------------------------
BANK_RELAYS
  Relative segment, address: CODE 000003DA - 000003DF (0x6 bytes), align: 0
  Segment part 64.            Intra module refs:   RI_create
           LOCAL                   ADDRESS         
           =====                   =======         
           RI_Receive::?relay      000003DA 
    -------------------------------------------------------------------------
BANK_RELAYS
  Relative segment, address: CODE 000003E0 - 000003E5 (0x6 bytes), align: 0
  Segment part 66.            Intra module refs:   RI_create
           LOCAL                   ADDRESS         
           =====                   =======         
           RI_GetCRCError::?relay
                                   000003E0 
    -------------------------------------------------------------------------
BANK_RELAYS
  Relative segment, address: CODE 000003E6 - 000003EB (0x6 bytes), align: 0
  Segment part 68.            Intra module refs:   RI_create
           LOCAL                   ADDRESS         
           =====                   =======         
           RI_GetCCAReject::?relay
                                   000003E6 
    -------------------------------------------------------------------------
BANK_RELAYS
  Relative segment, address: CODE 000003EC - 000003F1 (0x6 bytes), align: 0
  Segment part 70.            Intra module refs:   RI_create
           LOCAL                   ADDRESS         
           =====                   =======         
           RI_GetUptime::?relay    000003EC 
    -------------------------------------------------------------------------
BANK_RELAYS
  Relative segment, address: CODE 000003F2 - 000003F7 (0x6 bytes), align: 0
  Segment part 72.            Intra module refs:   readRandom
           LOCAL                   ADDRESS         
           =====                   =======         
           bits_count::?relay      000003F2 
    -------------------------------------------------------------------------
BANK_RELAYS
  Relative segment, address: CODE 000003F8 - 000003FD (0x6 bytes), align: 0
  Segment part 74.            Intra module refs:   random_core_init
           LOCAL                   ADDRESS         
           =====                   =======         
           readRandom::?relay      000003F8 
    -------------------------------------------------------------------------
BANK_RELAYS
  Relative segment, address: CODE 000003FE - 00000403 (0x6 bytes), align: 0
  Segment part 76.            Intra module refs:   RI_create
           LOCAL                   ADDRESS         
           =====                   =======         
           random_core_init::?relay
                                   000003FE 
    -------------------------------------------------------------------------
BANK_RELAYS
  Relative segment, address: CODE 00000404 - 00000409 (0x6 bytes), align: 0
  Segment part 78.            Intra module refs:   RI_create
           LOCAL                   ADDRESS         
           =====                   =======         
           RI_StreamCrypt::?relay
                                   00000404 
    -------------------------------------------------------------------------
BANK_RELAYS
  Relative segment, address: CODE 0000040A - 0000040F (0x6 bytes), align: 0
  Segment part 80.            Intra module refs:   SendWithCallback
                                                   SendWithoutCallbalck
           LOCAL                   ADDRESS         
           =====                   =======         
           RI_BitRawCrypt::?relay
                                   0000040A 
    -------------------------------------------------------------------------
XDATA_I
  Relative segment, address: XDATA 00000FE7 - 00000FF7 (0x11 bytes), align: 0
  Segment part 10.            Intra module refs:   RI_Send
                                                   RI_create
                                                   SendWithCallback
                                                   SendWithoutCallbalck
                                                   setFreq
    -------------------------------------------------------------------------
XDATA_I
  Relative segment, address: XDATA 00000FF8 - 00000FFF (0x8 bytes), align: 0
  Segment part 12.            Intra module refs:   RI_Send
                                                   RI_create
                                                   SendWithCallback
                                                   SendWithoutCallbalck
                                                   setFreq
    -------------------------------------------------------------------------
XDATA_I
  Relative segment, address: XDATA 00001000 - 00001015 (0x16 bytes), align: 0
  Segment part 14.            Intra module refs:   RI_create
    -------------------------------------------------------------------------
XDATA_I
  Relative segment, address: XDATA 00001016 - 0000102F (0x1a bytes), align: 0
  Segment part 16.            Intra module refs:   RI_Send
                                                   RI_create
                                                   SendWithCallback
                                                   SendWithoutCallbalck
                                                   setFreq
    -------------------------------------------------------------------------
XDATA_I
  Relative segment, address: XDATA 00001030 - 0000103C (0xd bytes), align: 0
  Segment part 18.            Intra module refs:   RI_Send
                                                   RI_create
                                                   SendWithCallback
                                                   SendWithoutCallbalck
                                                   setFreq
    -------------------------------------------------------------------------
XDATA_I
  Relative segment, address: XDATA 0000103D - 00001054 (0x18 bytes), align: 0
  Segment part 20.            Intra module refs:   RI_create
    -------------------------------------------------------------------------
XDATA_I
  Relative segment, address: XDATA 00001055 - 0000105C (0x8 bytes), align: 0
  Segment part 22.            Intra module refs:   RI_Send
    -------------------------------------------------------------------------
XDATA_I
  Relative segment, address: XDATA 0000105D - 0000106D (0x11 bytes), align: 0
  Segment part 24.            Intra module refs:   RI_Send
    -------------------------------------------------------------------------
XDATA_I
  Relative segment, address: XDATA 0000106E - 00001082 (0x15 bytes), align: 0
  Segment part 26.            Intra module refs:   SendWithCallback
                                                   SendWithoutCallbalck
    -------------------------------------------------------------------------
XDATA_I
  Relative segment, address: XDATA 00001083 - 0000109A (0x18 bytes), align: 0
  Segment part 28.            Intra module refs:   setFreq
    -------------------------------------------------------------------------
XDATA_I
  Relative segment, address: XDATA 0000109B - 0000109E (0x4 bytes), align: 0
  Segment part 35.            Intra module refs:   RI_Send
           ENTRY                   ADDRESS         REF BY
[...]
  Segment part 155.           Intra module refs:   _PutcharsLarge::?relay
           LOCAL                   ADDRESS         
           =====                   =======         
           _PutcharsLarge          00002BC0 
               calls direct
               XSTACK = 00000070 ( 00000010 )
    -------------------------------------------------------------------------
<BANKED_CODE> 1 (was BANKED_CODE)
  Relative segment, address: CODE 00002C12 - 00002C1C (0xb bytes), align: 0
  Segment part 157.           Intra module refs:   Segment part 119
                                                   _PutcharsLarge
    -------------------------------------------------------------------------
XDATA_ID
  Relative segment, address: CODE 00000301 - 00000307 (0x7 bytes), align: 0
  Segment part 7.             Intra module refs:   Segment part 6
    -------------------------------------------------------------------------
XDATA_ID
  Relative segment, address: CODE 00000308 - 0000030B (0x4 bytes), align: 0
  Segment part 9.             Intra module refs:   Segment part 8
    -------------------------------------------------------------------------
XDATA_ID
  Relative segment, address: CODE 0000030C - 0000030F (0x4 bytes), align: 0
  Segment part 11.            Intra module refs:   Segment part 10
    -------------------------------------------------------------------------
XDATA_ID
  Relative segment, address: CODE 00000310 - 00000313 (0x4 bytes), align: 0
  Segment part 13.            Intra module refs:   Segment part 12
    -------------------------------------------------------------------------
XDATA_ID
  Relative segment, address: CODE 00000314 - 00000317 (0x4 bytes), align: 0
  Segment part 15.            Intra module refs:   Segment part 14
    -------------------------------------------------------------------------
XDATA_ID
  Relative segment, address: CODE 00000318 - 00000319 (0x2 bytes), align: 0
  Segment part 17.            Intra module refs:   Segment part 16
    -------------------------------------------------------------------------
XDATA_ID
  Relative segment, address: CODE 0000031A - 0000031D (0x4 bytes), align: 0
  Segment part 19.            Intra module refs:   __Constant_ffff
    -------------------------------------------------------------------------
XDATA_ID
  Relative segment, address: CODE 0000031E - 00000321 (0x4 bytes), align: 0
  Segment part 23.            Intra module refs:   __Constant_7597
    -------------------------------------------------------------------------
XDATA_ID
  Relative segment, address: CODE 00000322 - 00000325 (0x4 bytes), align: 0
  Segment part 25.            Intra module refs:   __Constant_186a0
    -------------------------------------------------------------------------
XDATA_ID
  Relative segment, address: CODE 00000326 - 00000329 (0x4 bytes), align: 0
  Segment part 27.            Intra module refs:   __Constant_3f800000
    -------------------------------------------------------------------------
XDATA_ID
  Relative segment, address: CODE 0000032A - 0000032D (0x4 bytes), align: 0
  Segment part 29.            Intra module refs:   __Constant_a
    -------------------------------------------------------------------------
XDATA_ID
  Relative segment, address: CODE 0000032E - 00000331 (0x4 bytes), align: 0
  Segment part 31.            Intra module refs:   __Constant_4cbebc20
    -------------------------------------------------------------------------
BANK_RELAYS
  Relative segment, address: CODE 0000046A - 0000046F (0x6 bytes), align: 0
  Segment part 33.
           ENTRY                   ADDRESS         REF BY
           =====                   =======         ======
           _PrintfLarge::?relay    0000046A        printf (?printf)
    -------------------------------------------------------------------------
BANK_RELAYS
  Relative segment, address: CODE 00000470 - 00000475 (0x6 bytes), align: 0
  Segment part 63.            Intra module refs:   _PrintfLarge
           LOCAL                   ADDRESS         
           =====                   =======         
           pad::?relay             00000470 
    -------------------------------------------------------------------------
BANK_RELAYS
  Relative segment, address: CODE 00000476 - 0000047B (0x6 bytes), align: 0
  Segment part 65.            Intra module refs:   _PrintfLarge
           LOCAL                   ADDRESS         
           =====                   =======         
           _LitobLarge::?relay     00000476 
    -------------------------------------------------------------------------
BANK_RELAYS
  Relative segment, address: CODE 0000047C - 00000481 (0x6 bytes), align: 0
  Segment part 79.            Intra module refs:   _LdtobLarge
           LOCAL                   ADDRESS         
           =====                   =======         
           scale::?relay           0000047C 
    -------------------------------------------------------------------------
BANK_RELAYS
  Relative segment, address: CODE 00000482 - 00000487 (0x6 bytes), align: 0
  Segment part 82.            Intra module refs:   _PrintfLarge
           LOCAL                   ADDRESS         
           =====                   =======         
           _LdtobLarge::?relay     00000482 
    -------------------------------------------------------------------------
BANK_RELAYS
  Relative segment, address: CODE 00000488 - 0000048D (0x6 bytes), align: 0
  Segment part 115.           Intra module refs:   _LdtobLarge
           LOCAL                   ADDRESS         
           =====                   =======         
           _GenldLarge::?relay     00000488 
    -------------------------------------------------------------------------
BANK_RELAYS
  Relative segment, address: CODE 0000048E - 00000493 (0x6 bytes), align: 0
  Segment part 154.           Intra module refs:   _PrintfLarge
                                                   _PutcharsLarge
           LOCAL                   ADDRESS         
           =====                   =======         
           _PutcharLarge::?relay   0000048E 
    -------------------------------------------------------------------------
BANK_RELAYS
  Relative segment, address: CODE 00000494 - 00000499 (0x6 bytes), align: 0
  Segment part 156.           Intra module refs:   _PrintfLarge
                                                   pad
           LOCAL                   ADDRESS         
           =====                   =======         
           _PutcharsLarge::?relay
                                   00000494 
    -------------------------------------------------------------------------
XDATA_I
  Relative segment, address: XDATA 00001172 - 00001178 (0x7 bytes), align: 0
  Segment part 6.             Intra module refs:   _PrintfLarge
    -------------------------------------------------------------------------
XDATA_I
  Relative segment, address: XDATA 00001179 - 0000117C (0x4 bytes), align: 0
  Segment part 8.             Intra module refs:   _LdtobLarge
    -------------------------------------------------------------------------
XDATA_I
  Relative segment, address: XDATA 0000117D - 00001180 (0x4 bytes), align: 0
  Segment part 10.            Intra module refs:   _LdtobLarge
    -------------------------------------------------------------------------
XDATA_I
  Relative segment, address: XDATA 00001181 - 00001184 (0x4 bytes), align: 0
  Segment part 12.            Intra module refs:   _LdtobLarge
    -------------------------------------------------------------------------
XDATA_I
  Relative segment, address: XDATA 00001185 - 00001188 (0x4 bytes), align: 0
  Segment part 14.            Intra module refs:   _LdtobLarge
    -------------------------------------------------------------------------
XDATA_I
  Relative segment, address: XDATA 00001189 - 0000118A (0x2 bytes), align: 0
  Segment part 16.            Intra module refs:   _GenldLarge
    -------------------------------------------------------------------------
XDATA_I
  Relative segment, address: XDATA 0000118B - 0000118E (0x4 bytes), align: 0
  Segment part 18.            Intra module refs:   _PrintfLarge
           ENTRY                   ADDRESS         REF BY
           =====                   =======         ======
           __Constant_ffff         0000118B 
    -------------------------------------------------------------------------
XDATA_I
  Relative segment, address: XDATA 0000118F - 00001192 (0x4 bytes), align: 0
  Segment part 22.            Intra module refs:   _LdtobLarge
           ENTRY                   ADDRESS         REF BY
           =====                   =======         ======
           __Constant_7597         0000118F 
    -------------------------------------------------------------------------
XDATA_I
  Relative segment, address: XDATA 00001193 - 00001196 (0x4 bytes), align: 0
  Segment part 24.            Intra module refs:   _LdtobLarge
           ENTRY                   ADDRESS         REF BY
           =====                   =======         ======
           __Constant_186a0        00001193 
    -------------------------------------------------------------------------
XDATA_I
  Relative segment, address: XDATA 00001197 - 0000119A (0x4 bytes), align: 0
  Segment part 26.            Intra module refs:   _LdtobLarge
           ENTRY                   ADDRESS         REF BY
           =====                   =======         ======
           __Constant_3f800000     00001197 
    -------------------------------------------------------------------------
XDATA_I
  Relative segment, address: XDATA 0000119B - 0000119E (0x4 bytes), align: 0
  Segment part 28.            Intra module refs:   _LdtobLarge
           ENTRY                   ADDRESS         REF BY
           =====                   =======         ======
           __Constant_a            0000119B 
    -------------------------------------------------------------------------
XDATA_I
  Relative segment, address: XDATA 0000119F - 000011A2 (0x4 bytes), align: 0
  Segment part 30.            Intra module refs:   _LdtobLarge
           ENTRY                   ADDRESS         REF BY
           =====                   =======         ======
           __Constant_4cbebc20     0000119F 

    -------------------------------------------------------------------------
  LIBRARY MODULE, NAME : ?xprout

  SEGMENTS IN THE MODULE
  ======================
<BANKED_CODE> 1 (was BANKED_CODE)
  Relative segment, address: CODE 00003D6B - 00003D95 (0x2b bytes), align: 0
  Segment part 6.             Intra module refs:   _Prout::?relay
           ENTRY                   ADDRESS         REF BY
           =====                   =======         ======
           _Prout                  00003D6B 
               calls direct
               XSTACK = 00000000 ( 0000000E )
    -------------------------------------------------------------------------
BANK_RELAYS
  Relative segment, address: CODE 0000049A - 0000049F (0x6 bytes), align: 0
  Segment part 7.
           ENTRY                   ADDRESS         REF BY
           =====                   =======         ======
           _Prout::?relay          0000049A        printf (?printf)

    -------------------------------------------------------------------------
  LIBRARY MODULE, NAME : ?xxmemxfree

  SEGMENTS IN THE MODULE
  ======================
<BANKED_CODE> 1 (was BANKED_CODE)
  Relative segment, address: CODE 000037B2 - 000038E9 (0x138 bytes), align: 0
  Segment part 6.             Intra module refs:   __xdata_free::?relay
           ENTRY                   ADDRESS         REF BY
           =====                   =======         ======
           __xdata_free            000037B2 
               XSTACK = 0000000A ( 0000000E )
    -------------------------------------------------------------------------
<BANKED_CODE> 1 (was BANKED_CODE)
  Relative segment, address: CODE 000038EA - 000038F1 (0x8 bytes), align: 0
  Segment part 8.             Intra module refs:   __xdata_free
    -------------------------------------------------------------------------
BANK_RELAYS
  Relative segment, address: CODE 000004A0 - 000004A5 (0x6 bytes), align: 0
  Segment part 7.
           ENTRY                   ADDRESS         REF BY
           =====                   =======         ======
           __xdata_free::?relay    000004A0        __xdata_malloc (?xxmemxmalloc)
                                                   free (FChain)

    -------------------------------------------------------------------------
  LIBRARY MODULE, NAME : ?xxmemxmalloc

  SEGMENTS IN THE MODULE
  ======================
XDATA_Z
  Relative segment, address: XDATA 00000F22 - 00000F25 (0x4 bytes), align: 0
  Segment part 6.             Intra module refs:   __xdata_malloc
           ENTRY                   ADDRESS         REF BY
           =====                   =======         ======
           __xdata_Aldata          00000F22        __xdata_free (?xxmemxfree)
    -------------------------------------------------------------------------
<BANKED_CODE> 1 (was BANKED_CODE)
  Relative segment, address: CODE 000034C1 - 00003633 (0x173 bytes), align: 0
  Segment part 8.             Intra module refs:   __xdata_malloc::?relay
           ENTRY                   ADDRESS         REF BY
           =====                   =======         ======
           __xdata_malloc          000034C1 
               calls direct
               XSTACK = 0000000A ( 0000000F )
    -------------------------------------------------------------------------
<BANKED_CODE> 1 (was BANKED_CODE)
  Relative segment, address: CODE 00003634 - 0000363C (0x9 bytes), align: 0
  Segment part 10.            Intra module refs:   __xdata_malloc
    -------------------------------------------------------------------------
<BANKED_CODE> 1 (was BANKED_CODE)
  Relative segment, address: CODE 0000363D - 00003640 (0x4 bytes), align: 0
  Segment part 11.            Intra module refs:   __xdata_malloc
    -------------------------------------------------------------------------
<BANKED_CODE> 1 (was BANKED_CODE)
  Relative segment, address: CODE 00003641 - 00003646 (0x6 bytes), align: 0
  Segment part 12.            Intra module refs:   Segment part 11
                                                   __xdata_malloc
    -------------------------------------------------------------------------
<BANKED_CODE> 1 (was BANKED_CODE)
  Relative segment, address: CODE 00003647 - 0000364A (0x4 bytes), align: 0
  Segment part 13.            Intra module refs:   __xdata_malloc
    -------------------------------------------------------------------------
<BANKED_CODE> 1 (was BANKED_CODE)
  Relative segment, address: CODE 0000364B - 00003650 (0x6 bytes), align: 0
  Segment part 14.            Intra module refs:   Segment part 12
                                                   Segment part 13
                                                   __xdata_malloc
    -------------------------------------------------------------------------
<BANKED_CODE> 1 (was BANKED_CODE)
  Relative segment, address: CODE 00003651 - 00003658 (0x8 bytes), align: 0
  Segment part 15.            Intra module refs:   __xdata_malloc
    -------------------------------------------------------------------------
BANK_RELAYS
  Relative segment, address: CODE 000004A6 - 000004AB (0x6 bytes), align: 0
  Segment part 9.
           ENTRY                   ADDRESS         REF BY
           =====                   =======         ======
           __xdata_malloc::?relay
                                   000004A6        malloc (FChain)




                ****************************************
                *                                      *
                *      SEGMENTS IN ADDRESS ORDER       *
                *                                      *
                ****************************************


SEGMENT              SPACE    START ADDRESS   END ADDRESS     SIZE  TYPE  ALIGN
=======              =====    =============   ===========     ====  ====  =====
INTVEC               CODE          00000000 - 0000002D          2E   com    0
CSTART               CODE          0000002E - 000000B4          87   rel    0
DATA_ID              CODE               000000B5                     dse    0
BDATA_ID             CODE               000000B5                     dse    0
BIT_ID               CODE               000000B5                     dse    0
IDATA_ID             CODE               000000B5                     dse    0
PDATA_ID             CODE               000000B5                     dse    0
IXDATA_ID            CODE               000000B5                     dse    0
XDATA_ID             CODE          000000B5 - 00000331         27D   rel    0
BANK_RELAYS          CODE          00000332 - 000004AB         17A   rel    0
RCODE                CODE          000004AC - 00001169         CBE   rel    0
CODE_N               CODE               0000116A                     dse    0
CODE_C               CODE               0000116A                     dse    0
DIFUNCT              CODE               0000116A                     rel    0
NEAR_CODE            CODE          0000116A - 000011A5          3C   rel    0
<BANKED_CODE> 1      CODE          000011A6 - 00003E31        2C8C   rel    0
REGISTERS            DATA          00000000 - 00000007           8   rel    0
VREG                 DATA          00000008 - 0000000F           8   rel    0
PSP                  DATA               00000010                     dse    0
XSP                  DATA          00000010 - 00000011           2   rel    0
BREG                 BIT        00000020.0  -  00000020.7        8   rel    0
SFR_AN               DATA          00000080 - 00000080           1   rel    0
                     DATA          00000086 - 00000086           1 
                     DATA          00000091 - 00000091           1 
                     DATA          00000095 - 00000097           3 
                     DATA          0000009D - 0000009E           2 
                     DATA          000000A8 - 000000A8           1 
                     DATA          000000AD - 000000AD           1 
                     DATA          000000C0 - 000000C2           3 
                     DATA          000000C5 - 000000C6           2 
                     DATA          000000D9 - 000000D9           1 
                     DATA          000000E1 - 000000E1           1 
                     DATA          000000E9 - 000000E9           1 
                     DATA          000000F1 - 000000F1           1 
                     DATA          000000F3 - 000000F3           1 
                     DATA          000000FD - 000000FD           1 
XSTACK               XDATA         00000001 - 00000EFF         EFF   rel    0
XDATA_Z              XDATA         00000F00 - 00000F25          26   rel    0
XDATA_I              XDATA         00000F26 - 000011A2         27D   rel    0
XDATA_HEAP           XDATA         000011A3 - 000012A1          FF   dse    0
ISTACK               IDATA         000000C0 - 000000FF          40   rel    0

                ****************************************
                *                                      *
                *        END OF CROSS REFERENCE        *
                *                                      *
                ****************************************

 15 922 bytes of CODE  memory
     18 bytes of DATA  memory (+ 21 absolute )
  4 769 bytes of XDATA memory
     64 bytes of IDATA memory
      8 bits  of BIT   memory

Errors: none
Warnings: 1

