################################################################################
#                                                                              #
#      IAR Universal Linker V6.4.6.89                                          #
#                                                                              #
#           Link time     =  08/Dec/2019  19:17:10                             #
#           Target CPU    =  x51                                               #
#           List file     =  "\\vmware-host\Shared Folders\Projects\WMNU\IAR\P #
#                            RJ_UNITEST\Debug\List\unitest.map"                #
#           Output file 1 =  "\\vmware-host\Shared Folders\Projects\WMNU\IAR\P #
#                            RJ_UNITEST\Debug\Exe\unitest.d51"                 #
#                            Format: ubrof10                                   #
#                            UBROF version 10.0.6                              #
#                            Using library modules for C-SPY (-rt)             #
#           Command line  =  -f                                                #
#                            C:\Users\08A4~1\AppData\Local\Temp\EW7297.tmp     #
#                            ("\\vmware-host\Shared Folders\Projects\WMNU\IAR\ #
#                            PRJ_UNITEST\Debug\Obj\coder.r51"                  #
#                            "\\vmware-host\Shared Folders\Projects\WMNU\IAR\P #
#                            RJ_UNITEST\Debug\Obj\delays.r51"                  #
#                            "\\vmware-host\Shared Folders\Projects\WMNU\IAR\P #
#                            RJ_UNITEST\Debug\Obj\ethernet.r51"                #
#                            "\\vmware-host\Shared Folders\Projects\WMNU\IAR\P #
#                            RJ_UNITEST\Debug\Obj\frame.r51"                   #
#                            "\\vmware-host\Shared Folders\Projects\WMNU\IAR\P #
#                            RJ_UNITEST\Debug\Obj\LLC.r51"                     #
#                            "\\vmware-host\Shared Folders\Projects\WMNU\IAR\P #
#                            RJ_UNITEST\Debug\Obj\MAC.r51"                     #
#                            "\\vmware-host\Shared Folders\Projects\WMNU\IAR\P #
#                            RJ_UNITEST\Debug\Obj\mem.r51"                     #
#                            "\\vmware-host\Shared Folders\Projects\WMNU\IAR\P #
#                            RJ_UNITEST\Debug\Obj\NTMR.r51"                    #
#                            "\\vmware-host\Shared Folders\Projects\WMNU\IAR\P #
#                            RJ_UNITEST\Debug\Obj\nwdebuger.r51"               #
#                            "\\vmware-host\Shared Folders\Projects\WMNU\IAR\P #
#                            RJ_UNITEST\Debug\Obj\RADIO.r51"                   #
#                            "\\vmware-host\Shared Folders\Projects\WMNU\IAR\P #
#                            RJ_UNITEST\Debug\Obj\TIC.r51"                     #
#                            "\\vmware-host\Shared Folders\Projects\WMNU\IAR\P #
#                            RJ_UNITEST\Debug\Obj\utest.r51"                   #
#                            "\\vmware-host\Shared Folders\Projects\WMNU\IAR\P #
#                            RJ_UNITEST\Debug\Obj\utest_coder.r51"             #
#                            "\\vmware-host\Shared Folders\Projects\WMNU\IAR\P #
#                            RJ_UNITEST\Debug\Obj\utest_delays.r51"            #
#                            "\\vmware-host\Shared Folders\Projects\WMNU\IAR\P #
#                            RJ_UNITEST\Debug\Obj\utest_frame.r51"             #
#                            "\\vmware-host\Shared Folders\Projects\WMNU\IAR\P #
#                            RJ_UNITEST\Debug\Obj\utest_Frames.r51"            #
#                            "\\vmware-host\Shared Folders\Projects\WMNU\IAR\P #
#                            RJ_UNITEST\Debug\Obj\utest_LLC.r51"               #
#                            "\\vmware-host\Shared Folders\Projects\WMNU\IAR\P #
#                            RJ_UNITEST\Debug\Obj\utest_MAC.r51"               #
#                            "\\vmware-host\Shared Folders\Projects\WMNU\IAR\P #
#                            RJ_UNITEST\Debug\Obj\utest_malloc.r51"            #
#                            "\\vmware-host\Shared Folders\Projects\WMNU\IAR\P #
#                            RJ_UNITEST\Debug\Obj\utest_NTMR.r51"              #
#                            "\\vmware-host\Shared Folders\Projects\WMNU\IAR\P #
#                            RJ_UNITEST\Debug\Obj\utest_printf_uart.r51"       #
#                            "\\vmware-host\Shared Folders\Projects\WMNU\IAR\P #
#                            RJ_UNITEST\Debug\Obj\utest_radio.r51"             #
#                            "\\vmware-host\Shared Folders\Projects\WMNU\IAR\P #
#                            RJ_UNITEST\Debug\Obj\utest_suite.r51"             #
#                            "\\vmware-host\Shared Folders\Projects\WMNU\IAR\P #
#                            RJ_UNITEST\Debug\Obj\utest_TIC.r51"               #
#                            -o                                                #
#                            "\\vmware-host\Shared Folders\Projects\WMNU\IAR\P #
#                            RJ_UNITEST\Debug\Exe\unitest.d51"                 #
#                            -l                                                #
#                            "\\vmware-host\Shared Folders\Projects\WMNU\IAR\P #
#                            RJ_UNITEST\Debug\List\unitest.map"                #
#                            -xmsno                                            #
#                            "-IC:\Program Files (x86)\IAR Systems\Embedded Wo #
#                            rkbench 8.0\8051\LIB\"                            #
#                            -f                                                #
#                            "C:\Program Files (x86)\IAR Systems\Embedded Work #
#                            bench 8.0\8051\config\devices\Texas Instruments\l #
#                            nk51ew_CC2530F256_banked.xcl"                     #
#                            (-D_IDATA0_START=0x00 -D_IDATA0_END=0xFF          #
#                            -D_PDATA0_START=0x1E00 -D_PDATA0_END=0x1EFF       #
#                            -D_IXDATA0_START=0x0001 -D_IXDATA0_END=0x1EFF     #
#                            -D_XDATA0_START=_IXDATA0_START                    #
#                            -D_XDATA0_END=_IXDATA0_END                        #
#                            -D_NEAR_CODE_START=0x0000                         #
#                            -D_FIRST_BANK_ADDR=0x10000 -D?REGISTER_BANK=0x0   #
#                            -D_REGISTER_BANK_START=0x0 -D_BREG_START=0x00     #
#                            -D?VB=0x20 -Z(BIT)BREG=_BREG_START                #
#                            -Z(BIT)BIT_N=0-7F                                 #
#                            -Z(DATA)REGISTERS+8=_REGISTER_BANK_START          #
#                            -Z(DATA)BDATA_Z,BDATA_N,BDATA_I=20-2F             #
#                            -Z(DATA)VREG=08-7F -Z(DATA)PSP,XSP=08-7F          #
#                            -Z(DATA)DOVERLAY=08-7F                            #
#                            -Z(DATA)DATA_I,DATA_Z,DATA_N=08-7F                #
#                            -U(IDATA)0-7F=(DATA)0-7F                          #
#                            -Z(IDATA)IDATA_I,IDATA_Z,IDATA_N=08-_IDATA0_END   #
#                            -Z(IDATA)ISTACK+_IDATA_STACK_SIZE#08-_IDATA0_END  #
#                            -Z(IDATA)IOVERLAY=08-FF -Z(CODE)INTVEC=0          #
#                            -Z(CODE)CSTART=_NEAR_CODE_START-(_CODEBANK_START- #
#                            1)                                                #
#                            -Z(CODE)BIT_ID,BDATA_ID,DATA_ID,IDATA_ID,IXDATA_I #
#                            D,PDATA_ID,XDATA_ID=_NEAR_CODE_START-(_CODEBANK_S #
#                            TART-1)                                           #
#                            -Z(CODE)BANK_RELAYS,RCODE,DIFUNCT,CODE_C,CODE_N,N #
#                            EAR_CODE=_NEAR_CODE_START-(_CODEBANK_START-1)     #
#                            -P(CODE)BANKED_CODE=_NEAR_CODE_START-(_CODEBANK_S #
#                            TART-1),[(_CODEBANK_START+_FIRST_BANK_ADDR)-(_COD #
#                            EBANK_END+_FIRST_BANK_ADDR)]*_NR_OF_BANKS+10000   #
#                            -Z(CODE)CHECKSUM#(_CODEBANK_START-1)              #
#                            -Z(XDATA)PDATA_Z,PDATA_I=_PDATA0_START-_PDATA0_EN #
#                            D                                                 #
#                            -P(XDATA)PDATA_N=_PDATA0_START-_PDATA0_END        #
#                            -Z(XDATA)PSTACK+_PDATA_STACK_SIZE=_PDATA0_START-_ #
#                            PDATA0_END                                        #
#                            -Z(XDATA)EXT_STACK+_EXTENDED_STACK_SIZE=_EXTENDED #
#                            _STACK_START                                      #
#                            -Z(XDATA)XSTACK+_XDATA_STACK_SIZE=_XDATA0_START-_ #
#                            XDATA0_END                                        #
#                            -Z(XDATA)IXDATA_Z,IXDATA_I=_IXDATA0_START-_IXDATA #
#                            0_END                                             #
#                            -P(XDATA)IXDATA_N=_IXDATA0_START-_IXDATA0_END     #
#                            -Z(XDATA)XDATA_Z,XDATA_I=_XDATA0_START-_XDATA0_EN #
#                            D                                                 #
#                            -P(XDATA)XDATA_N=_XDATA0_START-_XDATA0_END        #
#                            -Z(XDATA)XDATA_HEAP+_XDATA_HEAP_SIZE=_XDATA0_STAR #
#                            T-_XDATA0_END                                     #
#                            -Z(CONST)XDATA_ROM_C=_XDATA0_START-_XDATA0_END    #
#                            -cx51                                             #
#                            -M(CODE)[(_CODEBANK_START+_FIRST_BANK_ADDR)-(_COD #
#                            EBANK_END+_FIRST_BANK_ADDR)]*_NR_OF_BANKS+0x10000 #
#                            =0x8000                                           #
#                            -ww69=i -D_BANK0_START=0x00000                    #
#                            -D_BANK0_END=0x07FFF -D_BANK1_START=0x18000       #
#                            -D_BANK1_END=0x1FFFF -D_BANK2_START=0x28000       #
#                            -D_BANK2_END=0x2FFFF -D_BANK3_START=0x38000       #
#                            -D_BANK3_END=0x3FFFF -D_BANK4_START=0x48000       #
#                            -D_BANK4_END=0x4FFFF -D_BANK5_START=0x58000       #
#                            -D_BANK5_END=0x5FFFF -D_BANK6_START=0x68000       #
#                            -D_BANK6_END=0x6FFFF -D_BANK7_START=0x78000       #
#                            -D_BANK7_END=0x7FFFF                              #
#                            -P(CODE)BANK0=_BANK0_START-_BANK0_END             #
#                            -P(CODE)BANK1=_BANK1_START-_BANK1_END             #
#                            -P(CODE)BANK2=_BANK2_START-_BANK2_END             #
#                            -P(CODE)BANK3=_BANK3_START-_BANK3_END             #
#                            -P(CODE)BANK4=_BANK4_START-_BANK4_END             #
#                            -P(CODE)BANK5=_BANK5_START-_BANK5_END             #
#                            -P(CODE)BANK6=_BANK6_START-_BANK6_END             #
#                            -P(CODE)BANK7=_BANK7_START-_BANK7_END             #
#                            -D_FLASH_LOCK_BITS_START=0x7FFF0                  #
#                            -D_FLASH_LOCK_BITS_END=0x7FFFF                    #
#                            -Z(CODE)FLASH_LOCK_BITS=_FLASH_LOCK_BITS_START-_F #
#                            LASH_LOCK_BITS_END                                #
#                            -U(CODE)0x0000=(CODE)_FLASH_LOCK_BITS_START-_FLAS #
#                            H_LOCK_BITS_END)                                  #
#                            -D_NR_OF_VIRTUAL_REGISTERS=8 -D?PBANK=0x93        #
#                            -D?CBANK=0x9F -D?CBANK_MASK=0xFF                  #
#                            -e?BCALL_FF=?BCALL -e?BRET_FF=?BRET               #
#                            -e?BDISPATCH_FF=?BDISPATCH                        #
#                            -D_CODEBANK_START=0x8000 -D_CODEBANK_END=0xFFFF   #
#                            -D_NR_OF_BANKS=0x07                               #
#                            "-IC:\Program Files (x86)\IAR Systems\Embedded Wo #
#                            rkbench 8.0\8051\CONFIG\"                         #
#                            -e_PrintfLarge=_Printf -e_ScanfLarge=_Scanf -rt   #
#                            -s __program_start                                #
#                            "C:\Program Files (x86)\IAR Systems\Embedded Work #
#                            bench 8.0\8051\LIB\DLIB\dl-pli-blxd-1e16x01n.r51" #
#                            -D_IDATA_STACK_SIZE=0x40 -D?ESP=0 -D?ESP_MASK=0   #
#                            -D_EXTENDED_STACK_START=0                         #
#                            -D_EXTENDED_STACK_SIZE=0                          #
#                            -D_PDATA_STACK_SIZE=0x80                          #
#                            -D_XDATA_STACK_SIZE=0x300                         #
#                            -D_XDATA_HEAP_SIZE=0x1300                         #
#                            -D_FAR_HEAP_SIZE=0x0FF -D_HUGE_HEAP_SIZE=0x0FF    #
#                            -D_FAR22_HEAP_SIZE=0x0FF)                         #
#                                                                              #
#                           Copyright (C) 1987-2016 IAR Systems AB.            #
################################################################################





                ****************************************
                *                                      *
                *           CROSS REFERENCE            *
                *                                      *
                ****************************************

       Program entry at : CODE      00000085  Relocatable, from module : CSTARTUP




                ****************************************
                *                                      *
                *            RUNTIME MODEL             *
                *                                      *
                ****************************************

  __Heap_Handler             = Basic
  __SystemLibrary            = DLib
  __calling_convention       = xdata_reentrant
  __code_model               = banked
  __core                     = plain
  __data_model               = large
  __dlib_file_descriptor     = 0
  __dlib_full_locale_support = 0
  __dptr_size                = 16
  __extended_stack           = disabled
  __location_for_constants   = data
  __number_of_dptrs          = 1
  __register_banks           = *
  __rt_version               = 1

                ****************************************
                *                                      *
                *    AUTOMATIC SYMBOL REDIRECTIONS     *
                *                                      *
                ****************************************

                  There are no automatic symbol redirections.



                ****************************************
                *                                      *
                *              MODULE MAP              *
                *                                      *
                ****************************************


  DEFINED ABSOLUTE ENTRIES
    *************************************************************************

  DEFINED ABSOLUTE ENTRIES
  PROGRAM MODULE, NAME : ?ABS_ENTRY_MOD

Absolute parts
           ENTRY                   ADDRESS         REF BY
           =====                   =======         ======
           _FAR22_HEAP_SIZE        000000FF 
           _HUGE_HEAP_SIZE         000000FF 
           _FAR_HEAP_SIZE          000000FF 
           _XDATA_HEAP_SIZE        00001300 
           _XDATA_STACK_SIZE       00000300 
           _PDATA_STACK_SIZE       00000080 
           _EXTENDED_STACK_SIZE    00000000 
           _EXTENDED_STACK_START   00000000 
           ?ESP_MASK               00000000 
           ?ESP                    00000000 
           _IDATA_STACK_SIZE       00000040 
           _NR_OF_BANKS            00000007 
           _CODEBANK_END           0000FFFF 
           _CODEBANK_START         00008000 
           ?CBANK_MASK             000000FF 
           ?CBANK                  0000009F        ?RESET_CODE_BANK (CSTARTUP)
                                                   Segment part 0 (?BANKED_CODE_SUPPORT)
           ?PBANK                  00000093 
           _NR_OF_VIRTUAL_REGISTERS
                                   00000008 
           _FLASH_LOCK_BITS_END    0003FFFF 
           _FLASH_LOCK_BITS_START
                                   0003FFF0 
           _BANK7_END              0003FFFF 
           _BANK7_START            00038000 
           _BANK6_END              00037FFF 
           _BANK6_START            00030000 
           _BANK5_END              0002FFFF 
           _BANK5_START            00028000 
           _BANK4_END              00027FFF 
           _BANK4_START            00020000 
           _BANK3_END              0001FFFF 
           _BANK3_START            00018000 
           _BANK2_END              00017FFF 
           _BANK2_START            00010000 
           _BANK1_END              0000FFFF 
           _BANK1_START            00008000 
           _BANK0_END              00007FFF 
           _BANK0_START            00000000 
           ?VB                     00000020        ?BANKED_ENTER_XDATA (?BANKED_ENTER_XDATA)
                                                   ?BANKED_LEAVE_XDATA (?BANKED_LEAVE_XDATA)
                                                   ?INTERRUPT_ENTER_XSP (?INTERRUPT_ENTER_XSP)
                                                   ?INTERRUPT_LEAVE_XSP (?INTERRUPT_LEAVE_XSP)
                                                   AES_StreamCoder (?__write)
                                                   MAC_TX_HNDL (?__write)
                                                   RI_Receive (?__write)
                                                   RI_Send (?__write)
                                                   RecvData (?__write)
                                                   SendData (?__write)
                                                   TIC_SetTXState (?__write)
           _BREG_START             00000000 
           _REGISTER_BANK_START    00000000 
           ?REGISTER_BANK          00000000        Segment part 6 (CSTARTUP)
           _FIRST_BANK_ADDR        00010000 
           _NEAR_CODE_START        00000000 
           _XDATA0_END             00001EFF 
           _XDATA0_START           00000001 
           _IXDATA0_END            00001EFF 
           _IXDATA0_START          00000001 
           _PDATA0_END             00001EFF 
           _PDATA0_START           00001E00 
           _IDATA0_END             000000FF 
           _IDATA0_START           00000000 
    *************************************************************************

  FILE NAME : \\vmware-host\Shared Folders\Projects\WMNU\IAR\PRJ_UNITEST\Debug\Obj\coder.r51
  PROGRAM MODULE, NAME : ?__write

  SEGMENTS IN THE MODULE
  ======================
SFR_AN
  Relative segment, address: DATA 00000080 - 00000080 (0x1 bytes), align: 0
  Segment part 1. ROOT 
           ENTRY                   ADDRESS         REF BY
           =====                   =======         ======
           _A_P0                   00000080 
           LOCAL                   ADDRESS         
           =====                   =======         
           P0                      00000080 
    -------------------------------------------------------------------------
SFR_AN
  Relative segment, address: DATA 00000086 - 00000086 (0x1 bytes), align: 0
  Segment part 2. ROOT        Intra module refs:   MyLowLevelPutchar
                                                   uart_init
           ENTRY                   ADDRESS         REF BY
           =====                   =======         ======
           U0CSR                   00000086 
    -------------------------------------------------------------------------
SFR_AN
  Relative segment, address: DATA 00000090 - 00000090 (0x1 bytes), align: 0
  Segment part 3. ROOT        Intra module refs:   LED
           ENTRY                   ADDRESS         REF BY
           =====                   =======         ======
           _A_P1                   00000090 
           LOCAL                   ADDRESS         
           =====                   =======         
           P1                      00000090 
    -------------------------------------------------------------------------
SFR_AN
  Relative segment, address: DATA 00000091 - 00000091 (0x1 bytes), align: 0
  Segment part 4. ROOT        Intra module refs:   SendData
           ENTRY                   ADDRESS         REF BY
           =====                   =======         ======
           RFIRQF1                 00000091 
    -------------------------------------------------------------------------
SFR_AN
  Relative segment, address: DATA 00000094 - 00000094 (0x1 bytes), align: 0
  Segment part 5. ROOT        Intra module refs:   TIM_init
           ENTRY                   ADDRESS         REF BY
           =====                   =======         ======
           T2CTRL                  00000094 
    -------------------------------------------------------------------------
SFR_AN
  Relative segment, address: DATA 00000095 - 00000095 (0x1 bytes), align: 0
  Segment part 6. ROOT        Intra module refs:   NT_WaitTime
                                                   ReadTimer
                                                   loadTimerCompare
           ENTRY                   ADDRESS         REF BY
           =====                   =======         ======
           ST0                     00000095 
    -------------------------------------------------------------------------
SFR_AN
  Relative segment, address: DATA 00000096 - 00000096 (0x1 bytes), align: 0
  Segment part 7. ROOT        Intra module refs:   NT_WaitTime
                                                   ReadTimer
                                                   loadTimerCompare
           ENTRY                   ADDRESS         REF BY
           =====                   =======         ======
           ST1                     00000096 
    -------------------------------------------------------------------------
SFR_AN
  Relative segment, address: DATA 00000097 - 00000097 (0x1 bytes), align: 0
  Segment part 8. ROOT        Intra module refs:   NT_WaitTime
                                                   ReadTimer
                                                   loadTimerCompare
           ENTRY                   ADDRESS         REF BY
           =====                   =======         ======
           ST2                     00000097 
    -------------------------------------------------------------------------
SFR_AN
  Relative segment, address: DATA 0000009D - 0000009D (0x1 bytes), align: 0
  Segment part 9. ROOT        Intra module refs:   NT_WaitTime
                                                   ReadTimer
           ENTRY                   ADDRESS         REF BY
           =====                   =======         ======
           SLEEPSTA                0000009D 
    -------------------------------------------------------------------------
SFR_AN
  Relative segment, address: DATA 0000009E - 0000009E (0x1 bytes), align: 0
  Segment part 10. ROOT       Intra module refs:   SetCPU32M
           ENTRY                   ADDRESS         REF BY
           =====                   =======         ======
           CLKCONSTA               0000009E 
    -------------------------------------------------------------------------
SFR_AN
  Relative segment, address: DATA 000000A2 - 000000A2 (0x1 bytes), align: 0
  Segment part 11. ROOT       Intra module refs:   TIM_TimeStamp
           ENTRY                   ADDRESS         REF BY
           =====                   =======         ======
           T2M0                    000000A2 
    -------------------------------------------------------------------------
SFR_AN
  Relative segment, address: DATA 000000A3 - 000000A3 (0x1 bytes), align: 0
  Segment part 12. ROOT       Intra module refs:   TIM_TimeStamp
           ENTRY                   ADDRESS         REF BY
           =====                   =======         ======
           T2M1                    000000A3 
    -------------------------------------------------------------------------
SFR_AN
  Relative segment, address: DATA 000000A4 - 000000A4 (0x1 bytes), align: 0
  Segment part 13. ROOT       Intra module refs:   TIM_TimeStamp
           ENTRY                   ADDRESS         REF BY
           =====                   =======         ======
           T2MOVF0                 000000A4 
    -------------------------------------------------------------------------
SFR_AN
  Relative segment, address: DATA 000000A5 - 000000A5 (0x1 bytes), align: 0
  Segment part 14. ROOT       Intra module refs:   TIM_TimeStamp
           ENTRY                   ADDRESS         REF BY
           =====                   =======         ======
           T2MOVF1                 000000A5 
    -------------------------------------------------------------------------
SFR_AN
  Relative segment, address: DATA 000000A8 - 000000A8 (0x1 bytes), align: 0
  Segment part 15. ROOT       Intra module refs:   NT_IRQEnable
                                                   frame_addHeader
                                                   frame_create
                                                   frame_delete
                                                   heap_ptr
                                                   isIRQEnable
                                                   re_free
                                                   re_malloc
                                                   re_memcpy
                                                   test_create
           ENTRY                   ADDRESS         REF BY
           =====                   =======         ======
           _A_IEN0                 000000A8 
           LOCAL                   ADDRESS         
           =====                   =======         
           IEN0                    000000A8 
    -------------------------------------------------------------------------
SFR_AN
  Relative segment, address: DATA 000000AD - 000000AD (0x1 bytes), align: 0
  Segment part 16. ROOT       Intra module refs:   loadTimerCompare
           ENTRY                   ADDRESS         REF BY
           =====                   =======         ======
           STLOAD                  000000AD 
    -------------------------------------------------------------------------
SFR_AN
  Relative segment, address: DATA 000000B3 - 000000B3 (0x1 bytes), align: 0
  Segment part 17. ROOT       Intra module refs:   AES_StreamCoder
           ENTRY                   ADDRESS         REF BY
           =====                   =======         ======
           ENCCS                   000000B3 
    -------------------------------------------------------------------------
SFR_AN
  Relative segment, address: DATA 000000C0 - 000000C0 (0x1 bytes), align: 0
  Segment part 18. ROOT       Intra module refs:   NT_IRQEnable
                                                   TimerCompareInterrupt
           ENTRY                   ADDRESS         REF BY
           =====                   =======         ======
           _A_IRCON                000000C0 
           LOCAL                   ADDRESS         
           =====                   =======         
           IRCON                   000000C0 
    -------------------------------------------------------------------------
SFR_AN
  Relative segment, address: DATA 000000C1 - 000000C1 (0x1 bytes), align: 0
  Segment part 19. ROOT       Intra module refs:   MyLowLevelPutchar
           ENTRY                   ADDRESS         REF BY
           =====                   =======         ======
           U0DBUF                  000000C1 
    -------------------------------------------------------------------------
SFR_AN
  Relative segment, address: DATA 000000C2 - 000000C2 (0x1 bytes), align: 0
  Segment part 20. ROOT       Intra module refs:   uart_init
           ENTRY                   ADDRESS         REF BY
           =====                   =======         ======
           U0BAUD                  000000C2 
    -------------------------------------------------------------------------
SFR_AN
  Relative segment, address: DATA 000000C5 - 000000C5 (0x1 bytes), align: 0
  Segment part 21. ROOT       Intra module refs:   uart_init
           ENTRY                   ADDRESS         REF BY
           =====                   =======         ======
           U0GCR                   000000C5 
    -------------------------------------------------------------------------
SFR_AN
  Relative segment, address: DATA 000000C6 - 000000C6 (0x1 bytes), align: 0
  Segment part 22. ROOT       Intra module refs:   SetCPU32M
           ENTRY                   ADDRESS         REF BY
           =====                   =======         ======
           CLKCONCMD               000000C6 
    -------------------------------------------------------------------------
SFR_AN
  Relative segment, address: DATA 000000D2 - 000000D2 (0x1 bytes), align: 0
  Segment part 23. ROOT       Intra module refs:   AES_init
           ENTRY                   ADDRESS         REF BY
           =====                   =======         ======
           DMA1CFGL                000000D2 
    -------------------------------------------------------------------------
SFR_AN
  Relative segment, address: DATA 000000D3 - 000000D3 (0x1 bytes), align: 0
  Segment part 24. ROOT       Intra module refs:   AES_init
           ENTRY                   ADDRESS         REF BY
           =====                   =======         ======
           DMA1CFGH                000000D3 
    -------------------------------------------------------------------------
SFR_AN
  Relative segment, address: DATA 000000D4 - 000000D4 (0x1 bytes), align: 0
  Segment part 25. ROOT       Intra module refs:   AES_init
           ENTRY                   ADDRESS         REF BY
           =====                   =======         ======
           DMA0CFGL                000000D4 
    -------------------------------------------------------------------------
SFR_AN
  Relative segment, address: DATA 000000D5 - 000000D5 (0x1 bytes), align: 0
  Segment part 26. ROOT       Intra module refs:   AES_init
           ENTRY                   ADDRESS         REF BY
           =====                   =======         ======
           DMA0CFGH                000000D5 
    -------------------------------------------------------------------------
SFR_AN
  Relative segment, address: DATA 000000D6 - 000000D6 (0x1 bytes), align: 0
  Segment part 27. ROOT       Intra module refs:   AES_StreamCoder
           ENTRY                   ADDRESS         REF BY
           =====                   =======         ======
           DMAARM                  000000D6 
    -------------------------------------------------------------------------
SFR_AN
  Relative segment, address: DATA 000000D7 - 000000D7 (0x1 bytes), align: 0
  Segment part 28. ROOT       Intra module refs:   AES_StreamCoder
           ENTRY                   ADDRESS         REF BY
           =====                   =======         ======
           DMAREQ                  000000D7 
    -------------------------------------------------------------------------
SFR_AN
  Relative segment, address: DATA 000000D9 - 000000D9 (0x1 bytes), align: 0
  Segment part 29. ROOT       Intra module refs:   LoadTXData
                                                   UnLoadRXData
           ENTRY                   ADDRESS         REF BY
           =====                   =======         ======
           RFD                     000000D9 
    -------------------------------------------------------------------------
SFR_AN
  Relative segment, address: DATA 000000E1 - 000000E1 (0x1 bytes), align: 0
  Segment part 30. ROOT       Intra module refs:   LoadTXData
                                                   RecvData
                                                   SendData
                                                   random_core_init
           ENTRY                   ADDRESS         REF BY
           =====                   =======         ======
           RFST                    000000E1 
    -------------------------------------------------------------------------
SFR_AN
  Relative segment, address: DATA 000000E9 - 000000E9 (0x1 bytes), align: 0
  Segment part 31. ROOT       Intra module refs:   RecvData
                                                   SendData
           ENTRY                   ADDRESS         REF BY
           =====                   =======         ======
           RFIRQF0                 000000E9 
    -------------------------------------------------------------------------
SFR_AN
  Relative segment, address: DATA 000000F1 - 000000F1 (0x1 bytes), align: 0
  Segment part 32. ROOT       Intra module refs:   uart_init
           ENTRY                   ADDRESS         REF BY
           =====                   =======         ======
           PERCFG                  000000F1 
    -------------------------------------------------------------------------
SFR_AN
  Relative segment, address: DATA 000000F3 - 000000F3 (0x1 bytes), align: 0
  Segment part 33. ROOT       Intra module refs:   uart_init
           ENTRY                   ADDRESS         REF BY
           =====                   =======         ======
           P0SEL                   000000F3 
    -------------------------------------------------------------------------
SFR_AN
  Relative segment, address: DATA 000000FD - 000000FD (0x1 bytes), align: 0
  Segment part 34. ROOT 
           ENTRY                   ADDRESS         REF BY
           =====                   =======         ======
           P0DIR                   000000FD 
    -------------------------------------------------------------------------
SFR_AN
  Relative segment, address: DATA 000000FE - 000000FE (0x1 bytes), align: 0
  Segment part 35. ROOT       Intra module refs:   utestSigTraceInit
           ENTRY                   ADDRESS         REF BY
           =====                   =======         ======
           P1DIR                   000000FE 
    -------------------------------------------------------------------------
XDATA_Z
  Relative segment, address: XDATA 00000301 - 00000308 (0x8 bytes), align: 0
  Segment part 377.           Intra module refs:   AES_StreamCoder
                                                   AES_init
           ENTRY                   ADDRESS         REF BY
           =====                   =======         ======
           DMA_AES_DW              00000301 
    -------------------------------------------------------------------------
XDATA_Z
  Relative segment, address: XDATA 00000309 - 00000310 (0x8 bytes), align: 0
  Segment part 378.           Intra module refs:   AES_StreamCoder
                                                   AES_init
           ENTRY                   ADDRESS         REF BY
           =====                   =======         ======
           DMA_AES_UP              00000309 
    -------------------------------------------------------------------------
<BANKED_CODE> 1 (was BANKED_CODE)
  Relative segment, address: CODE 000014F7 - 000015E5 (0xef bytes), align: 0
  Segment part 452.           Intra module refs:   AES_init::?relay
           ENTRY                   ADDRESS         REF BY
           =====                   =======         ======
           AES_init                000014F7 
               XSTACK = 000000BC ( 00000000 )
               ISTACK = 00000000 ( 00000002 )
    -------------------------------------------------------------------------
<BANKED_CODE> 1 (was BANKED_CODE)
  Relative segment, address: CODE 000015E6 - 0000183D (0x258 bytes), align: 0
  Segment part 454.           Intra module refs:   AES_StreamCoder::?relay
           ENTRY                   ADDRESS         REF BY
           =====                   =======         ======
           AES_StreamCoder         000015E6 
               calls direct
               XSTACK = 00000058 ( 00000027 )
    -------------------------------------------------------------------------
XDATA_I
  Relative segment, address: XDATA 000005A6 - 000005B5 (0x10 bytes), align: 0
  Segment part 54.            Intra module refs:   frame_addHeader
           LOCAL                   ADDRESS         
           =====                   =======         
           frame_addHeader::__FUNCTION__
                                   000005A6 
    -------------------------------------------------------------------------
XDATA_I
  Relative segment, address: XDATA 000005B6 - 000005CB (0x16 bytes), align: 0
  Segment part 56.            Intra module refs:   frame_addHeader
                                                   frame_create
    -------------------------------------------------------------------------
XDATA_I
  Relative segment, address: XDATA 000005CC - 000005D3 (0x8 bytes), align: 0
  Segment part 58.            Intra module refs:   frame_addHeader
                                                   frame_create
    -------------------------------------------------------------------------
XDATA_I
  Relative segment, address: XDATA 000005D4 - 000005D6 (0x3 bytes), align: 0
  Segment part 60.            Intra module refs:   frame_addHeader
                                                   frame_create
    -------------------------------------------------------------------------
XDATA_I
  Relative segment, address: XDATA 000005D7 - 000005E3 (0xd bytes), align: 0
  Segment part 64.            Intra module refs:   frame_create
           LOCAL                   ADDRESS         
           =====                   =======         
           frame_create::__FUNCTION__
                                   000005D7 
    -------------------------------------------------------------------------
XDATA_I
  Relative segment, address: XDATA 000005E4 - 000005F9 (0x16 bytes), align: 0
  Segment part 68.            Intra module refs:   LLC_AddTask
                                                   LLC_RX_HNDL
                                                   LLC_Shelduler
                                                   LLC_TimeAlloc
    -------------------------------------------------------------------------
XDATA_I
  Relative segment, address: XDATA 000005FA - 000005FF (0x6 bytes), align: 0
  Segment part 70.            Intra module refs:   LLC_AddTask
                                                   LLC_RX_HNDL
                                                   LLC_Shelduler
                                                   LLC_TimeAlloc
    -------------------------------------------------------------------------
XDATA_I
  Relative segment, address: XDATA 00000600 - 00000602 (0x3 bytes), align: 0
  Segment part 72.            Intra module refs:   LLC_AddTask
                                                   LLC_RX_HNDL
                                                   LLC_Shelduler
                                                   LLC_TimeAlloc
    -------------------------------------------------------------------------
XDATA_I
  Relative segment, address: XDATA 00000603 - 00000610 (0xe bytes), align: 0
  Segment part 74.            Intra module refs:   LLC_TimeAlloc
           LOCAL                   ADDRESS         
           =====                   =======         
           LLC_TimeAlloc::__FUNCTION__
                                   00000603 
    -------------------------------------------------------------------------
XDATA_I
  Relative segment, address: XDATA 00000611 - 0000061C (0xc bytes), align: 0
  Segment part 76.            Intra module refs:   LLC_AddTask
           LOCAL                   ADDRESS         
           =====                   =======         
           LLC_AddTask::__FUNCTION__
                                   00000611 
    -------------------------------------------------------------------------
XDATA_I
  Relative segment, address: XDATA 0000061D - 0000062F (0x13 bytes), align: 0
  Segment part 78.            Intra module refs:   LLC_AddTask
    -------------------------------------------------------------------------
XDATA_I
  Relative segment, address: XDATA 00000630 - 00000662 (0x33 bytes), align: 0
  Segment part 80.            Intra module refs:   LLC_AddTask
    -------------------------------------------------------------------------
XDATA_I
  Relative segment, address: XDATA 00000663 - 00000670 (0xe bytes), align: 0
  Segment part 82.            Intra module refs:   LLC_Shelduler
           LOCAL                   ADDRESS         
           =====                   =======         
           LLC_Shelduler::__FUNCTION__
                                   00000663 
    -------------------------------------------------------------------------
XDATA_I
  Relative segment, address: XDATA 00000671 - 0000067C (0xc bytes), align: 0
  Segment part 84.            Intra module refs:   LLC_RX_HNDL
           LOCAL                   ADDRESS         
           =====                   =======         
           LLC_RX_HNDL::__FUNCTION__
                                   00000671 
    -------------------------------------------------------------------------
XDATA_I
  Relative segment, address: XDATA 0000067D - 00000692 (0x16 bytes), align: 0
  Segment part 88.            Intra module refs:   MAC_GetTXState
                                                   MAC_RX_HNDL
                                                   MAC_Send
                                                   MAC_TX_HNDL
    -------------------------------------------------------------------------
XDATA_I
  Relative segment, address: XDATA 00000693 - 00000698 (0x6 bytes), align: 0
  Segment part 90.            Intra module refs:   MAC_GetTXState
                                                   MAC_RX_HNDL
                                                   MAC_Send
                                                   MAC_TX_HNDL
    -------------------------------------------------------------------------
XDATA_I
  Relative segment, address: XDATA 00000699 - 0000069B (0x3 bytes), align: 0
  Segment part 92.            Intra module refs:   MAC_GetTXState
                                                   MAC_RX_HNDL
                                                   MAC_Send
                                                   MAC_TX_HNDL
    -------------------------------------------------------------------------
XDATA_I
  Relative segment, address: XDATA 0000069C - 000006A4 (0x9 bytes), align: 0
  Segment part 96.            Intra module refs:   MAC_Send
           LOCAL                   ADDRESS         
           =====                   =======         
           MAC_Send::__FUNCTION__
                                   0000069C 
    -------------------------------------------------------------------------
XDATA_I
  Relative segment, address: XDATA 000006A5 - 000006B3 (0xf bytes), align: 0
  Segment part 98.            Intra module refs:   MAC_GetTXState
           LOCAL                   ADDRESS         
           =====                   =======         
           MAC_GetTXState::__FUNCTION__
                                   000006A5 
    -------------------------------------------------------------------------
XDATA_I
  Relative segment, address: XDATA 000006B4 - 000006BF (0xc bytes), align: 0
  Segment part 102.           Intra module refs:   MAC_RX_HNDL
           LOCAL                   ADDRESS         
           =====                   =======         
           MAC_RX_HNDL::__FUNCTION__
                                   000006B4 
    -------------------------------------------------------------------------
XDATA_I
  Relative segment, address: XDATA 000006C0 - 000006CB (0xc bytes), align: 0
  Segment part 104.           Intra module refs:   MAC_TX_HNDL
           LOCAL                   ADDRESS         
           =====                   =======         
           MAC_TX_HNDL::__FUNCTION__
                                   000006C0 
    -------------------------------------------------------------------------
XDATA_I
  Relative segment, address: XDATA 000006CC - 000006D6 (0xb bytes), align: 0
  Segment part 106.           Intra module refs:   NT_SetTime
           LOCAL                   ADDRESS         
           =====                   =======         
           NT_SetTime::__FUNCTION__
                                   000006CC 
    -------------------------------------------------------------------------
XDATA_I
  Relative segment, address: XDATA 000006D7 - 000006EC (0x16 bytes), align: 0
  Segment part 108.           Intra module refs:   NT_SetCompare
                                                   NT_SetTime
    -------------------------------------------------------------------------
XDATA_I
  Relative segment, address: XDATA 000006ED - 000006F3 (0x7 bytes), align: 0
  Segment part 110.           Intra module refs:   NT_SetCompare
                                                   NT_SetTime
    -------------------------------------------------------------------------
XDATA_I
  Relative segment, address: XDATA 000006F4 - 000006F6 (0x3 bytes), align: 0
  Segment part 112.           Intra module refs:   NT_SetCompare
                                                   NT_SetTime
    -------------------------------------------------------------------------
XDATA_I
  Relative segment, address: XDATA 000006F7 - 00000704 (0xe bytes), align: 0
  Segment part 114.           Intra module refs:   NT_SetCompare
           LOCAL                   ADDRESS         
           =====                   =======         
           NT_SetCompare::__FUNCTION__
                                   000006F7 
    -------------------------------------------------------------------------
XDATA_I
  Relative segment, address: XDATA 00000705 - 0000070C (0x8 bytes), align: 0
  Segment part 126.           Intra module refs:   RI_Send
           LOCAL                   ADDRESS         
           =====                   =======         
           RI_Send::__FUNCTION__   00000705 
    -------------------------------------------------------------------------
XDATA_I
  Relative segment, address: XDATA 0000070D - 00000722 (0x16 bytes), align: 0
  Segment part 128.           Intra module refs:   RI_Send
                                                   SendData
                                                   setFreq
    -------------------------------------------------------------------------
XDATA_I
  Relative segment, address: XDATA 00000723 - 0000072A (0x8 bytes), align: 0
  Segment part 130.           Intra module refs:   RI_Send
                                                   SendData
                                                   setFreq
    -------------------------------------------------------------------------
XDATA_I
  Relative segment, address: XDATA 0000072B - 0000072D (0x3 bytes), align: 0
  Segment part 132.           Intra module refs:   RI_Send
                                                   SendData
                                                   setFreq
    -------------------------------------------------------------------------
XDATA_I
  Relative segment, address: XDATA 0000072E - 00000736 (0x9 bytes), align: 0
  Segment part 134.           Intra module refs:   SendData
           LOCAL                   ADDRESS         
           =====                   =======         
           SendData::__FUNCTION__
                                   0000072E 
    -------------------------------------------------------------------------
XDATA_I
  Relative segment, address: XDATA 00000737 - 0000073E (0x8 bytes), align: 0
  Segment part 136.           Intra module refs:   setFreq
           LOCAL                   ADDRESS         
           =====                   =======         
           setFreq::__FUNCTION__   00000737 
    -------------------------------------------------------------------------
XDATA_I
  Relative segment, address: XDATA 0000073F - 0000074B (0xd bytes), align: 0
  Segment part 138.           Intra module refs:   TIC_SetTimer
           LOCAL                   ADDRESS         
           =====                   =======         
           TIC_SetTimer::__FUNCTION__
                                   0000073F 
    -------------------------------------------------------------------------
XDATA_I
  Relative segment, address: XDATA 0000074C - 00000761 (0x16 bytes), align: 0
  Segment part 140.           Intra module refs:   Callback_execution
                                                   TIC_SetRXCallback
                                                   TIC_SetSECallback
                                                   TIC_SetTXCallback
                                                   TIC_SetTXState
                                                   TIC_SetTimer
    -------------------------------------------------------------------------
XDATA_I
  Relative segment, address: XDATA 00000762 - 00000767 (0x6 bytes), align: 0
  Segment part 142.           Intra module refs:   Callback_execution
                                                   TIC_HW_Timer_IRQ
                                                   TIC_SetRXCallback
                                                   TIC_SetSECallback
                                                   TIC_SetTXCallback
                                                   TIC_SetTXState
                                                   TIC_SetTimer
    -------------------------------------------------------------------------
XDATA_I
  Relative segment, address: XDATA 00000768 - 0000076A (0x3 bytes), align: 0
  Segment part 144.           Intra module refs:   Callback_execution
                                                   TIC_HW_Timer_IRQ
                                                   TIC_SetRXCallback
                                                   TIC_SetSECallback
                                                   TIC_SetTXCallback
                                                   TIC_SetTXState
                                                   TIC_SetTimer
    -------------------------------------------------------------------------
XDATA_I
  Relative segment, address: XDATA 0000076B - 00000779 (0xf bytes), align: 0
  Segment part 146.           Intra module refs:   TIC_SetTXState
           LOCAL                   ADDRESS         
           =====                   =======         
           TIC_SetTXState::__FUNCTION__
                                   0000076B 
    -------------------------------------------------------------------------
XDATA_I
  Relative segment, address: XDATA 0000077A - 0000078B (0x12 bytes), align: 0
  Segment part 154.           Intra module refs:   TIC_SetRXCallback
           LOCAL                   ADDRESS         
           =====                   =======         
           TIC_SetRXCallback::__FUNCTION__
                                   0000077A 
    -------------------------------------------------------------------------
XDATA_I
  Relative segment, address: XDATA 0000078C - 0000079D (0x12 bytes), align: 0
  Segment part 156.           Intra module refs:   TIC_SetTXCallback
           LOCAL                   ADDRESS         
           =====                   =======         
           TIC_SetTXCallback::__FUNCTION__
                                   0000078C 
    -------------------------------------------------------------------------
XDATA_I
  Relative segment, address: XDATA 0000079E - 000007AF (0x12 bytes), align: 0
  Segment part 158.           Intra module refs:   TIC_SetSECallback
           LOCAL                   ADDRESS         
           =====                   =======         
           TIC_SetSECallback::__FUNCTION__
                                   0000079E 
    -------------------------------------------------------------------------
XDATA_I
  Relative segment, address: XDATA 000007B0 - 000007C2 (0x13 bytes), align: 0
  Segment part 160.           Intra module refs:   Callback_execution
           LOCAL                   ADDRESS         
           =====                   =======         
           Callback_execution::__FUNCTION__
                                   000007B0 
    -------------------------------------------------------------------------
XDATA_I
  Relative segment, address: XDATA 000007C3 - 000007D3 (0x11 bytes), align: 0
  Segment part 162.           Intra module refs:   TIC_HW_Timer_IRQ
           LOCAL                   ADDRESS         
           =====                   =======         
           TIC_HW_Timer_IRQ::__FUNCTION__
                                   000007C3 
    -------------------------------------------------------------------------
XDATA_I
  Relative segment, address: XDATA 000007D4 - 000007E6 (0x13 bytes), align: 0
  Segment part 164.           Intra module refs:   TIC_HW_Timer_IRQ
    -------------------------------------------------------------------------
XDATA_I
  Relative segment, address: XDATA 000007E7 - 000007F2 (0xc bytes), align: 0
  Segment part 166.           Intra module refs:   TIC_HW_Timer_IRQ
    -------------------------------------------------------------------------
XDATA_I
  Relative segment, address: XDATA 000007F3 - 000007F7 (0x5 bytes), align: 0
  Segment part 168.           Intra module refs:   main
           LOCAL                   ADDRESS         
           =====                   =======         
           main::__FUNCTION__      000007F3 
    -------------------------------------------------------------------------
XDATA_I
  Relative segment, address: XDATA 000007F8 - 0000080A (0x13 bytes), align: 0
  Segment part 170.           Intra module refs:   main
    -------------------------------------------------------------------------
XDATA_I
  Relative segment, address: XDATA 0000080B - 00000812 (0x8 bytes), align: 0
  Segment part 172.           Intra module refs:   main
    -------------------------------------------------------------------------
XDATA_I
  Relative segment, address: XDATA 00000813 - 00000813 (0x1 bytes), align: 0
  Segment part 174.           Intra module refs:   main
    -------------------------------------------------------------------------
XDATA_I
  Relative segment, address: XDATA 00000814 - 00000816 (0x3 bytes), align: 0
  Segment part 176.           Intra module refs:   main
    -------------------------------------------------------------------------
XDATA_I
  Relative segment, address: XDATA 00000817 - 00000821 (0xb bytes), align: 0
  Segment part 178.           Intra module refs:   main
    -------------------------------------------------------------------------
XDATA_I
  Relative segment, address: XDATA 00000822 - 0000082D (0xc bytes), align: 0
  Segment part 274.           Intra module refs:   test_create
           LOCAL                   ADDRESS         
           =====                   =======         
           test_create::__FUNCTION__
                                   00000822 
    -------------------------------------------------------------------------
XDATA_I
  Relative segment, address: XDATA 0000082E - 00000837 (0xa bytes), align: 0
  Segment part 276.           Intra module refs:   test_create
    -------------------------------------------------------------------------
XDATA_I
  Relative segment, address: XDATA 00000838 - 0000084A (0x13 bytes), align: 0
  Segment part 278.           Intra module refs:   test_create
    -------------------------------------------------------------------------
XDATA_I
  Relative segment, address: XDATA 0000084B - 00000856 (0xc bytes), align: 0
  Segment part 280.           Intra module refs:   test_create
    -------------------------------------------------------------------------
XDATA_I
  Relative segment, address: XDATA 00000857 - 00000882 (0x2c bytes), align: 0
  Segment part 282.           Intra module refs:   test_create
    -------------------------------------------------------------------------
XDATA_I
  Relative segment, address: XDATA 00000883 - 00000885 (0x3 bytes), align: 0
  Segment part 284.           Intra module refs:   test_create
    -------------------------------------------------------------------------
XDATA_I
  Relative segment, address: XDATA 00000886 - 00000893 (0xe bytes), align: 0
  Segment part 286.           Intra module refs:   test_create
    -------------------------------------------------------------------------
XDATA_I
  Relative segment, address: XDATA 00000894 - 000008BC (0x29 bytes), align: 0
  Segment part 362.           Intra module refs:   umsg_line
    -------------------------------------------------------------------------
XDATA_I
  Relative segment, address: XDATA 000008BD - 000008C1 (0x5 bytes), align: 0
  Segment part 364.           Intra module refs:   umsg_line
    -------------------------------------------------------------------------
XDATA_I
  Relative segment, address: XDATA 000008C2 - 000008D3 (0x12 bytes), align: 0
  Segment part 366.           Intra module refs:   umsg_summary
    -------------------------------------------------------------------------
XDATA_I
  Relative segment, address: XDATA 000008D4 - 000008E0 (0xd bytes), align: 0
  Segment part 368.           Intra module refs:   umsg_summary
    -------------------------------------------------------------------------
XDATA_I
  Relative segment, address: XDATA 000008E1 - 000008ED (0xd bytes), align: 0
  Segment part 370.           Intra module refs:   umsg_summary
    -------------------------------------------------------------------------
XDATA_I
  Relative segment, address: XDATA 000008EE - 000008FC (0xf bytes), align: 0
  Segment part 372.           Intra module refs:   umsg_summary
    -------------------------------------------------------------------------
XDATA_I
  Relative segment, address: XDATA 000008FD - 0000090B (0xf bytes), align: 0
  Segment part 374.           Intra module refs:   umsg_summary
    -------------------------------------------------------------------------
XDATA_I
  Relative segment, address: XDATA 0000090C - 0000090F (0x4 bytes), align: 0
  Segment part 379.           Intra module refs:   Interval
           LOCAL                   ADDRESS         
           =====                   =======         
           MAC_TIMER_MAX           0000090C 
    -------------------------------------------------------------------------
XDATA_Z
  Relative segment, address: XDATA 00000311 - 00000314 (0x4 bytes), align: 0
  Segment part 381.           Intra module refs:   DelayCalibrate
                                                   TIM_delay
           LOCAL                   ADDRESS         
           =====                   =======         
           DELAY_CALIBRATE_TICS    00000311 
    -------------------------------------------------------------------------
<BANKED_CODE> 1 (was BANKED_CODE)
  Relative segment, address: CODE 0000183E - 0000184E (0x11 bytes), align: 0
  Segment part 466.           Intra module refs:   TIM_init::?relay
           ENTRY                   ADDRESS         REF BY
           =====                   =======         ======
           TIM_init                0000183E 
               calls direct
               XSTACK = 000000BC ( 00000000 )
               ISTACK = 00000000 ( 00000002 )
    -------------------------------------------------------------------------
<BANKED_CODE> 1 (was BANKED_CODE)
  Relative segment, address: CODE 0000184F - 0000188B (0x3d bytes), align: 0
  Segment part 468.           Intra module refs:   TIM_TimeStamp::?relay
           ENTRY                   ADDRESS         REF BY
           =====                   =======         ======
           TIM_TimeStamp           0000184F 
               XSTACK = 0000005B ( 00000000 )
               ISTACK = 00000000 ( 00000003 )
    -------------------------------------------------------------------------
<BANKED_CODE> 1 (was BANKED_CODE)
  Relative segment, address: CODE 0000188C - 0000191E (0x93 bytes), align: 0
  Segment part 470.           Intra module refs:   DelayCalibrate::?relay
           LOCAL                   ADDRESS         
           =====                   =======         
           DelayCalibrate          0000188C 
               calls direct
               XSTACK = 00000000 ( 00000028 )
    -------------------------------------------------------------------------
<BANKED_CODE> 1 (was BANKED_CODE)
  Relative segment, address: CODE 0000191F - 000019C1 (0xa3 bytes), align: 0
  Segment part 472.           Intra module refs:   Interval::?relay
           LOCAL                   ADDRESS         
           =====                   =======         
           Interval                0000191F 
               XSTACK = 00000024 ( 00000012 )
    -------------------------------------------------------------------------
<BANKED_CODE> 1 (was BANKED_CODE)
  Relative segment, address: CODE 000019C2 - 00001A1F (0x5e bytes), align: 0
  Segment part 474.           Intra module refs:   TIM_passedTime::?relay
           ENTRY                   ADDRESS         REF BY
           =====                   =======         ======
           TIM_passedTime          000019C2 
               calls direct
               XSTACK = 0000005B ( 00000012 )
    -------------------------------------------------------------------------
<BANKED_CODE> 1 (was BANKED_CODE)
  Relative segment, address: CODE 00001A20 - 00001AA4 (0x85 bytes), align: 0
  Segment part 476.           Intra module refs:   TIM_delay::?relay
           ENTRY                   ADDRESS         REF BY
           =====                   =======         ======
           TIM_delay               00001A20 
               calls direct
               XSTACK = 00000028 ( 00000024 )
    -------------------------------------------------------------------------
XDATA_Z
  Relative segment, address: XDATA 00000315 - 00000315 (0x1 bytes), align: 0
  Segment part 383.           Intra module refs:   frame_create
                                                   frame_delete
                                                   frame_getCount
           LOCAL                   ADDRESS         
           =====                   =======         
           NBR_FRAME               00000315 
    -------------------------------------------------------------------------
<BANKED_CODE> 1 (was BANKED_CODE)
  Relative segment, address: CODE 00001AA5 - 00001AB4 (0x10 bytes), align: 0
  Segment part 494.           Intra module refs:   frame_getCount::?relay
           ENTRY                   ADDRESS         REF BY
           =====                   =======         ======
           frame_getCount          00001AA5 
               XSTACK = 00000021 ( 00000000 )
               ISTACK = 00000000 ( 00000002 )
    -------------------------------------------------------------------------
<BANKED_CODE> 1 (was BANKED_CODE)
  Relative segment, address: CODE 00001AB5 - 00001C23 (0x16f bytes), align: 0
  Segment part 496.           Intra module refs:   frame_addHeader::?relay
           ENTRY                   ADDRESS         REF BY
           =====                   =======         ======
           frame_addHeader         00001AB5 
               calls direct
               XSTACK = 00000094 ( 00000018 )
               ISTACK = 00000000 ( 00000001 )
    -------------------------------------------------------------------------
<BANKED_CODE> 1 (was BANKED_CODE)
  Relative segment, address: CODE 00001C24 - 00001CCB (0xa8 bytes), align: 0
  Segment part 500.           Intra module refs:   frame_create::?relay
           ENTRY                   ADDRESS         REF BY
           =====                   =======         ======
           frame_create            00001C24 
               calls direct
               XSTACK = 00000094 ( 00000012 )
    -------------------------------------------------------------------------
<BANKED_CODE> 1 (was BANKED_CODE)
  Relative segment, address: CODE 00001CCC - 00001D12 (0x47 bytes), align: 0
  Segment part 502.           Intra module refs:   frame_delete::?relay
           ENTRY                   ADDRESS         REF BY
           =====                   =======         ======
           frame_delete            00001CCC 
               calls direct
               XSTACK = 00000094 ( 0000000A )
    -------------------------------------------------------------------------
<BANKED_CODE> 1 (was BANKED_CODE)
  Relative segment, address: CODE 00001D13 - 00001D25 (0x13 bytes), align: 0
  Segment part 504.           Intra module refs:   frame_len::?relay
           ENTRY                   ADDRESS         REF BY
           =====                   =======         ======
           frame_len               00001D13 
               XSTACK = 00000021 ( 00000000 )
               ISTACK = 00000000 ( 00000002 )
    -------------------------------------------------------------------------
XDATA_Z
  Relative segment, address: XDATA 00000316 - 00000316 (0x1 bytes), align: 0
  Segment part 384.           Intra module refs:   LLC_AddTask
                                                   LLC_Init
                                                   LLC_Shelduler
           LOCAL                   ADDRESS         
           =====                   =======         
           tasksBLOCK              00000316 
    -------------------------------------------------------------------------
XDATA_Z
  Relative segment, address: XDATA 00000317 - 00000318 (0x2 bytes), align: 0
  Segment part 385.           Intra module refs:   LLC_AddTask
                                                   LLC_Init
                                                   LLC_Shelduler
           LOCAL                   ADDRESS         
           =====                   =======         
           FirstTask               00000317 
    -------------------------------------------------------------------------
XDATA_Z
  Relative segment, address: XDATA 00000319 - 00000319 (0x1 bytes), align: 0
  Segment part 386.           Intra module refs:   LLC_AddTask
                                                   LLC_GetTaskLen
                                                   LLC_Init
                                                   LLC_Shelduler
           LOCAL                   ADDRESS         
           =====                   =======         
           nbrTasks                00000319 
    -------------------------------------------------------------------------
XDATA_Z
  Relative segment, address: XDATA 0000031A - 0000031B (0x2 bytes), align: 0
  Segment part 387.           Intra module refs:   LLC_RX_HNDL
           LOCAL                   ADDRESS         
           =====                   =======         
           RXCallback              0000031A 
    -------------------------------------------------------------------------
XDATA_Z
  Relative segment, address: XDATA 0000031C - 0000031F (0x4 bytes), align: 0
  Segment part 388.           Intra module refs:   LLC_RunTimeAlloc
                                                   LLC_TimeAlloc
           LOCAL                   ADDRESS         
           =====                   =======         
           HeadAllocFunc           0000031C 
    -------------------------------------------------------------------------
<BANKED_CODE> 1 (was BANKED_CODE)
  Relative segment, address: CODE 00001D26 - 00001D57 (0x32 bytes), align: 0
  Segment part 506.           Intra module refs:   LLC_Init::?relay
           ENTRY                   ADDRESS         REF BY
           =====                   =======         ======
           LLC_Init                00001D26 
               calls direct
               XSTACK = 00000021 ( 00000000 )
               ISTACK = 00000000 ( 00000002 )
    -------------------------------------------------------------------------
<BANKED_CODE> 1 (was BANKED_CODE)
  Relative segment, address: CODE 00001D58 - 00001D67 (0x10 bytes), align: 0
  Segment part 508.           Intra module refs:   LLC_GetTaskLen::?relay
           ENTRY                   ADDRESS         REF BY
           =====                   =======         ======
           LLC_GetTaskLen          00001D58 
               XSTACK = 00000021 ( 00000000 )
               ISTACK = 00000000 ( 00000002 )
    -------------------------------------------------------------------------
<BANKED_CODE> 1 (was BANKED_CODE)
  Relative segment, address: CODE 00001D68 - 00001DFB (0x94 bytes), align: 0
  Segment part 512.           Intra module refs:   LLC_TimeAlloc::?relay
           ENTRY                   ADDRESS         REF BY
           =====                   =======         ======
           LLC_TimeAlloc           00001D68 
               calls direct
               XSTACK = 00000021 ( 00000012 )
    -------------------------------------------------------------------------
<BANKED_CODE> 1 (was BANKED_CODE)
  Relative segment, address: CODE 00001DFC - 00001FCC (0x1d1 bytes), align: 0
  Segment part 514.           Intra module refs:   LLC_AddTask::?relay
           ENTRY                   ADDRESS         REF BY
           =====                   =======         ======
           LLC_AddTask             00001DFC 
               calls direct
               XSTACK = 00000021 ( 00000018 )
               ISTACK = 00000000 ( 00000001 )
    -------------------------------------------------------------------------
<BANKED_CODE> 1 (was BANKED_CODE)
  Relative segment, address: CODE 00001FCD - 00002109 (0x13d bytes), align: 0
  Segment part 516.           Intra module refs:   LLC_Shelduler::?relay
           LOCAL                   ADDRESS         
           =====                   =======         
           LLC_Shelduler           00001FCD 
               calls direct
               XSTACK = 00000009 ( 00000016 )
    -------------------------------------------------------------------------
<BANKED_CODE> 1 (was BANKED_CODE)
  Relative segment, address: CODE 0000210A - 0000211D (0x14 bytes), align: 0
  Segment part 518.           Intra module refs:   LLC_SE_HNDL::?relay
           LOCAL                   ADDRESS         
           =====                   =======         
           LLC_SE_HNDL             0000210A 
               calls direct, is indirectly called
               XSTACK = 00000000 ( 00000009 )
    -------------------------------------------------------------------------
<BANKED_CODE> 1 (was BANKED_CODE)
  Relative segment, address: CODE 0000211E - 0000217F (0x62 bytes), align: 0
  Segment part 520.           Intra module refs:   LLC_RX_HNDL::?relay
           LOCAL                   ADDRESS         
           =====                   =======         
           LLC_RX_HNDL             0000211E 
               calls direct, is indirectly called
               XSTACK = 00000000 ( 00000010 )
    -------------------------------------------------------------------------
<BANKED_CODE> 1 (was BANKED_CODE)
  Relative segment, address: CODE 00002180 - 000021C2 (0x43 bytes), align: 0
  Segment part 522.           Intra module refs:   LLC_RunTimeAlloc::?relay
           LOCAL                   ADDRESS         
           =====                   =======         
           LLC_RunTimeAlloc        00002180 
               XSTACK = 00000009 ( 00000009 )
    -------------------------------------------------------------------------
XDATA_Z
  Relative segment, address: XDATA 00000320 - 00000321 (0x2 bytes), align: 0
  Segment part 389.           Intra module refs:   MAC_RX_HNDL
                                                   MAC_SetRXCallback
           LOCAL                   ADDRESS         
           =====                   =======         
           RXCallback              00000320 
    -------------------------------------------------------------------------
XDATA_Z
  Relative segment, address: XDATA 00000322 - 00000323 (0x2 bytes), align: 0
  Segment part 390.           Intra module refs:   MAC_TX_HNDL
           ENTRY                   ADDRESS         REF BY
           =====                   =======         ======
           isACK_OK                00000322 
    -------------------------------------------------------------------------
XDATA_I
  Relative segment, address: XDATA 00000910 - 0000091F (0x10 bytes), align: 0
  Segment part 391.           Intra module refs:   MAC_Init
           ENTRY                   ADDRESS         REF BY
           =====                   =======         ======
           KEY                     00000910 
    -------------------------------------------------------------------------
XDATA_I
  Relative segment, address: XDATA 00000920 - 0000092F (0x10 bytes), align: 0
  Segment part 393.           Intra module refs:   MAC_Init
           ENTRY                   ADDRESS         REF BY
           =====                   =======         ======
           IV                      00000920 
    -------------------------------------------------------------------------
XDATA_I
  Relative segment, address: XDATA 00000930 - 00000933 (0x4 bytes), align: 0
  Segment part 418.           Intra module refs:   DelayCalibrate
           ENTRY                   ADDRESS         REF BY
           =====                   =======         ======
           __Constant_1f4          00000930 
    -------------------------------------------------------------------------
XDATA_I
  Relative segment, address: XDATA 00000934 - 00000937 (0x4 bytes), align: 0
  Segment part 420.           Intra module refs:   DelayCalibrate
           ENTRY                   ADDRESS         REF BY
           =====                   =======         ======
           __Constant_fffffe0c     00000934 
    -------------------------------------------------------------------------
XDATA_I
  Relative segment, address: XDATA 00000938 - 0000093B (0x4 bytes), align: 0
  Segment part 422.           Intra module refs:   DelayCalibrate
                                                   TIM_delay
           ENTRY                   ADDRESS         REF BY
           =====                   =======         ======
           __Constant_20           00000938 
    -------------------------------------------------------------------------
XDATA_I
  Relative segment, address: XDATA 0000093C - 0000093F (0x4 bytes), align: 0
  Segment part 424.           Intra module refs:   TIM_passedTime
           ENTRY                   ADDRESS         REF BY
           =====                   =======         ======
           __Constant_3d000000     0000093C 
    -------------------------------------------------------------------------
XDATA_I
  Relative segment, address: XDATA 00000940 - 00000943 (0x4 bytes), align: 0
  Segment part 426.           Intra module refs:   MAC_TX_HNDL
           ENTRY                   ADDRESS         REF BY
           =====                   =======         ======
           __Constant_7d0          00000940 
    -------------------------------------------------------------------------
XDATA_I
  Relative segment, address: XDATA 00000944 - 00000947 (0x4 bytes), align: 0
  Segment part 428.           Intra module refs:   calcCompareTime
           ENTRY                   ADDRESS         REF BY
           =====                   =======         ======
           __Constant_ffff8000     00000944 
    -------------------------------------------------------------------------
XDATA_I
  Relative segment, address: XDATA 00000948 - 0000094B (0x4 bytes), align: 0
  Segment part 430.           Intra module refs:   calcCompareTime
           ENTRY                   ADDRESS         REF BY
           =====                   =======         ======
           __Constant_8000         00000948 
    -------------------------------------------------------------------------
XDATA_I
  Relative segment, address: XDATA 0000094C - 0000094F (0x4 bytes), align: 0
  Segment part 432.           Intra module refs:   calcCompareTime
           ENTRY                   ADDRESS         REF BY
           =====                   =======         ======
           __Constant_ffffff       0000094C 
    -------------------------------------------------------------------------
XDATA_I
  Relative segment, address: XDATA 00000950 - 00000953 (0x4 bytes), align: 0
  Segment part 434.           Intra module refs:   NT_GetTime
                                                   NT_WaitTime
           ENTRY                   ADDRESS         REF BY
           =====                   =======         ======
           __Constant_7fff         00000950 
    -------------------------------------------------------------------------
XDATA_I
  Relative segment, address: XDATA 00000954 - 00000957 (0x4 bytes), align: 0
  Segment part 436.           Intra module refs:   RI_Receive
                                                   RI_Send
           ENTRY                   ADDRESS         REF BY
           =====                   =======         ======
           __Constant_447a0000     00000954 
    -------------------------------------------------------------------------
XDATA_I
  Relative segment, address: XDATA 00000958 - 0000095B (0x4 bytes), align: 0
  Segment part 438.           Intra module refs:   RI_Receive
                                                   RI_Send
                                                   clocks_update
           ENTRY                   ADDRESS         REF BY
           =====                   =======         ======
           __Constant_1            00000958 
    -------------------------------------------------------------------------
XDATA_I
[...]
                        | Stack used (prev) :  00000000 00000000
                        | + function block  :  00000016 00000002
                        |  Already listed
  10                    isIRQEnable
                        | Stack used (prev) :  000004FC 0000000E
                        | + function block  :  0000000E 00000000
  10                    NT_SetCompare
                        | Stack used (prev) :  00000346 00000004
                        | + function block  :  00000032 00000000
                        |  Already listed
  09                  NT_SetTime
                      | Stack used (prev) :  0000050A 0000000E
                      | + function block  :  00000026 00000000
  08                TIC_SetTimer
                    | Stack used (prev) :  00000530 0000000E
                    | + function block  :  00000014 00000000
  08                NT_SetEventCallback
                    | Stack used (prev) :  000004FC 0000000E
                    | + function block  :  00000009 00000002
  08                NT_SetCompare
                    | Stack used (prev) :  00000346 00000004
                    | + function block  :  00000032 00000000
                    |  Already listed
  08                TIM_TimeStamp
                    | Stack used (prev) :  00000074 00000002
                    | + function block  :  0000005B 00000003
                    |  Already listed
  07              TIC_Init
                  | Stack used (prev) :  00000544 00000010
                  | + function block  :  00000094 00000004
  07              RI_StreamCrypt
                  | Stack used (prev) :  000004FC 0000000E
                  | + function block  :  00000094 00000002
  09                  srand
                      | Stack used (prev) :  000004FC 0000000E
                      | + function block  :  0000000C 00000000
  09                  rand
                      | Stack used (prev) :  000004FC 0000000E
                      | + function block  :  00000010 00000000
  10                    getRNDByte
                        | Stack used (prev) :  000004FC 0000000E
                        | + function block  :  00000009 00000002
  10                    getRNDByte
                        | Stack used (prev) :  000004FC 0000000E
                        | + function block  :  00000009 00000002
                        |  Already listed
  10                    getRNDByte
                        | Stack used (prev) :  000004FC 0000000E
                        | + function block  :  00000009 00000002
                        |  Already listed
  10                    bits_count
                        | Stack used (prev) :  000004FC 0000000E
                        | + function block  :  00000009 00000000
  09                  readRandom
                      | Stack used (prev) :  00000505 00000010
                      | + function block  :  0000001B 00000000
  09                  readRandom
                      | Stack used (prev) :  00000505 00000010
                      | + function block  :  0000001B 00000000
                      |  Already listed
  09                  RI_cfg
                      | Stack used (prev) :  00000369 00000004
                      | + function block  :  00000030 00000004
                      |  Already listed
  08                random_core_init
                    | Stack used (prev) :  00000520 00000010
                    | + function block  :  00000012 00000000
  07              RI_init
                  | Stack used (prev) :  00000532 00000010
                  | + function block  :  00000094 00000004
  08                memcpy
                    | Stack used (prev) :  00000074 00000002
                    | + function block  :  0000000B 00000001
                    |  Already listed
  07              RI_setKEY
                  | Stack used (prev) :  000004FC 0000000E
                  | + function block  :  000000A0 00000000
  08                memcpy
                    | Stack used (prev) :  00000074 00000002
                    | + function block  :  0000000B 00000001
                    |  Already listed
  07              RI_setIV
                  | Stack used (prev) :  000004FC 0000000E
                  | + function block  :  000000A0 00000000
  09                  TIM_delay
                      | Stack used (prev) :  000000CF 00000005
                      | + function block  :  00000070 00000000
                      |  Already listed
  09                  TIM_passedTime
                      | Stack used (prev) :  000000AA 00000002
                      | + function block  :  0000007F 00000000
                      |  Already listed
  09                  TIM_TimeStamp
                      | Stack used (prev) :  00000074 00000002
                      | + function block  :  0000005B 00000003
                      |  Already listed
  09                  TIM_TimeStamp
                      | Stack used (prev) :  00000074 00000002
                      | + function block  :  0000005B 00000003
                      |  Already listed
  08                DelayCalibrate
                    | Stack used (prev) :  000004FC 0000000E
                    | + function block  :  00000028 00000000
  07              TIM_init
                  | Stack used (prev) :  00000524 0000000E
                  | + function block  :  000000BC 00000004
  07              AES_init
                  | Stack used (prev) :  000004FC 0000000E
                  | + function block  :  000000BC 00000002
  06            MAC_Init
                | Stack used (prev) :  000005E0 00000014
                | + function block  :  0000003C 00000000
  05          LLC_Init
              | Stack used (prev) :  0000061C 00000014
              | + function block  :  00000021 00000004
  05          frame_len
              | Stack used (prev) :  000004FC 0000000E
              | + function block  :  00000021 00000002
  05          frame_delete
              | Stack used (prev) :  000000EA 00000002
              | + function block  :  000000A8 00000000
              |  Already listed
  05          frame_getCount
              | Stack used (prev) :  000004FC 0000000E
              | + function block  :  00000021 00000002
  04        test_create
            | Stack used (prev) :  0000063D 00000018
            | + function block  :  00000042 00000000
  03      suite_LLC_HW
          | Stack used (prev) :  0000067F 00000018
          | + function block  :  00000000 00000004
  04        SetCPU32M
            | Stack used (prev) :  000004FC 0000000E
            | + function block  :  00000000 00000000
  04        uart_init
            | Stack used (prev) :  000004FC 0000000E
            | + function block  :  00000000 00000000
  03      nwDebugerInit
          | Stack used (prev) :  000004FC 0000000E
          | + function block  :  00000000 00000004
  02    main
        | Stack used (prev) :  0000067F 0000001C
        | + function block  :  00000000 00000000
  01  ?call_main
      | Stack used (prev) :  0000067F 0000001C
      | + function block  :  00000000 00000000
  <-Sub-tree of type: Function tree
    | Stack used          :  0000067F 0000001C


  ->Sub-tree of type: Function tree
                             XSTACK   ISTACK
    | Stack used (prev) :  0000067F 0000001C
  01  __program_start
      | Stack used (prev) :  0000067F 0000001C
      | + function block  :  00000000 00000000
  <-Sub-tree of type: Function tree
    | Stack used          :  0000067F 0000001C


  ->Sub-tree of type: Function tree
                             XSTACK   ISTACK
    | Stack used (prev) :  0000067F 0000001C
  01  div::?relay
      | Stack used (prev) :  0000067F 0000001C
      | + function block  :  00000000 00000000
  <-Sub-tree of type: Function tree
    | Stack used          :  0000067F 0000001C


  ->Sub-tree of type: Function tree
                             XSTACK   ISTACK
    | Stack used (prev) :  0000067F 0000001C
  01  __iar_Memchr::?relay
      | Stack used (prev) :  0000067F 0000001C
      | + function block  :  00000000 00000000
  <-Sub-tree of type: Function tree
    | Stack used          :  0000067F 0000001C


  ->Sub-tree of type: Function tree
                             XSTACK   ISTACK
    | Stack used (prev) :  0000067F 0000001C
  01  memcpy::?relay
      | Stack used (prev) :  0000067F 0000001C
      | + function block  :  00000000 00000000
  <-Sub-tree of type: Function tree
    | Stack used          :  0000067F 0000001C


  ->Sub-tree of type: Function tree
                             XSTACK   ISTACK
    | Stack used (prev) :  0000067F 0000001C
  01  memset::?relay
      | Stack used (prev) :  0000067F 0000001C
      | + function block  :  00000000 00000000
  <-Sub-tree of type: Function tree
    | Stack used          :  0000067F 0000001C


  ->Sub-tree of type: Function tree
                             XSTACK   ISTACK
    | Stack used (prev) :  0000067F 0000001C
  01  printf::?relay
      | Stack used (prev) :  0000067F 0000001C
      | + function block  :  00000000 00000000
  <-Sub-tree of type: Function tree
    | Stack used          :  0000067F 0000001C


  ->Sub-tree of type: Function tree
                             XSTACK   ISTACK
    | Stack used (prev) :  0000067F 0000001C
  01  putchar::?relay
      | Stack used (prev) :  0000067F 0000001C
      | + function block  :  00000000 00000000
  <-Sub-tree of type: Function tree
    | Stack used          :  0000067F 0000001C


  ->Sub-tree of type: Function tree
                             XSTACK   ISTACK
    | Stack used (prev) :  0000067F 0000001C
  01  rand::?relay
      | Stack used (prev) :  0000067F 0000001C
      | + function block  :  00000000 00000000
  <-Sub-tree of type: Function tree
    | Stack used          :  0000067F 0000001C


  ->Sub-tree of type: Function tree
                             XSTACK   ISTACK
    | Stack used (prev) :  0000067F 0000001C
  01  srand::?relay
      | Stack used (prev) :  0000067F 0000001C
      | + function block  :  00000000 00000000
  <-Sub-tree of type: Function tree
    | Stack used          :  0000067F 0000001C


  ->Sub-tree of type: Function tree
                             XSTACK   ISTACK
    | Stack used (prev) :  0000067F 0000001C
  01  __iar_Strchr::?relay
      | Stack used (prev) :  0000067F 0000001C
      | + function block  :  00000000 00000000
  <-Sub-tree of type: Function tree
    | Stack used          :  0000067F 0000001C


  ->Sub-tree of type: Function tree
                             XSTACK   ISTACK
    | Stack used (prev) :  0000067F 0000001C
  01  strlen::?relay
      | Stack used (prev) :  0000067F 0000001C
      | + function block  :  00000000 00000000
  <-Sub-tree of type: Function tree
    | Stack used          :  0000067F 0000001C


  ->Sub-tree of type: Function tree
                             XSTACK   ISTACK
    | Stack used (prev) :  0000067F 0000001C
  01  __xdata_GetMemChunk::?relay
      | Stack used (prev) :  0000067F 0000001C
      | + function block  :  00000000 00000000
  <-Sub-tree of type: Function tree
    | Stack used          :  0000067F 0000001C


  ->Sub-tree of type: Function tree
                             XSTACK   ISTACK
    | Stack used (prev) :  0000067F 0000001C
  01  _PrintfLarge::?relay
      | Stack used (prev) :  0000067F 0000001C
      | + function block  :  00000000 00000000
  <-Sub-tree of type: Function tree
    | Stack used          :  0000067F 0000001C


  ->Sub-tree of type: Function tree
                             XSTACK   ISTACK
    | Stack used (prev) :  0000067F 0000001C
  01  pad::?relay
      | Stack used (prev) :  0000067F 0000001C
      | + function block  :  00000000 00000000
  <-Sub-tree of type: Function tree
    | Stack used          :  0000067F 0000001C


  ->Sub-tree of type: Function tree
                             XSTACK   ISTACK
    | Stack used (prev) :  0000067F 0000001C
  01  _LitobLarge::?relay
      | Stack used (prev) :  0000067F 0000001C
      | + function block  :  00000000 00000000
  <-Sub-tree of type: Function tree
    | Stack used          :  0000067F 0000001C


  ->Sub-tree of type: Function tree
                             XSTACK   ISTACK
    | Stack used (prev) :  0000067F 0000001C
  01  scale::?relay
      | Stack used (prev) :  0000067F 0000001C
      | + function block  :  00000000 00000000
  <-Sub-tree of type: Function tree
    | Stack used          :  0000067F 0000001C


  ->Sub-tree of type: Function tree
                             XSTACK   ISTACK
    | Stack used (prev) :  0000067F 0000001C
  01  _LdtobLarge::?relay
      | Stack used (prev) :  0000067F 0000001C
      | + function block  :  00000000 00000000
  <-Sub-tree of type: Function tree
    | Stack used          :  0000067F 0000001C


  ->Sub-tree of type: Function tree
                             XSTACK   ISTACK
    | Stack used (prev) :  0000067F 0000001C
  01  _GenldLarge::?relay
      | Stack used (prev) :  0000067F 0000001C
      | + function block  :  00000000 00000000
  <-Sub-tree of type: Function tree
    | Stack used          :  0000067F 0000001C


  ->Sub-tree of type: Function tree
                             XSTACK   ISTACK
    | Stack used (prev) :  0000067F 0000001C
  01  _PutcharLarge::?relay
      | Stack used (prev) :  0000067F 0000001C
      | + function block  :  00000000 00000000
  <-Sub-tree of type: Function tree
    | Stack used          :  0000067F 0000001C


  ->Sub-tree of type: Function tree
                             XSTACK   ISTACK
    | Stack used (prev) :  0000067F 0000001C
  01  _PutcharsLarge::?relay
      | Stack used (prev) :  0000067F 0000001C
      | + function block  :  00000000 00000000
  <-Sub-tree of type: Function tree
    | Stack used          :  0000067F 0000001C


  ->Sub-tree of type: Function tree
                             XSTACK   ISTACK
    | Stack used (prev) :  0000067F 0000001C
  03      __write
          | Stack used (prev) :  000004C2 00000008
          | + function block  :  00000022 00000000
          |  Already listed
  02    putchar
        | Stack used (prev) :  0000067F 0000001C
        | + function block  :  0000000D 00000001
  01  _Prout
      | Stack used (prev) :  0000068C 0000001D
      | + function block  :  0000001C 00000000
  <-Sub-tree of type: Function tree
    | Stack used          :  000006A8 0000001D


  ->Sub-tree of type: Function tree
                             XSTACK   ISTACK
    | Stack used (prev) :  000006A8 0000001D
  01  _Prout::?relay
      | Stack used (prev) :  000006A8 0000001D
      | + function block  :  00000000 00000000
  <-Sub-tree of type: Function tree
    | Stack used          :  000006A8 0000001D


  ->Sub-tree of type: Function tree
                             XSTACK   ISTACK
    | Stack used (prev) :  000006A8 0000001D
  01  __xdata_free::?relay
      | Stack used (prev) :  000006A8 0000001D
      | + function block  :  00000000 00000000
  <-Sub-tree of type: Function tree
    | Stack used          :  000006A8 0000001D


  ->Sub-tree of type: Function tree
                             XSTACK   ISTACK
    | Stack used (prev) :  000006A8 0000001D
  01  __xdata_malloc::?relay
      | Stack used (prev) :  000006A8 0000001D
      | + function block  :  00000000 00000000
  <-Sub-tree of type: Function tree
    | Stack used          :  000006A8 0000001D




                ****************************************
                *                                      *
                *      SEGMENTS IN ADDRESS ORDER       *
                *                                      *
                ****************************************


SEGMENT              SPACE    START ADDRESS   END ADDRESS     SIZE  TYPE  ALIGN
=======              =====    =============   ===========     ====  ====  =====
INTVEC               CODE          00000000 - 0000002D          2E   com    0
CSTART               CODE          0000002E - 000000B4          87   rel    0
DATA_ID              CODE               000000B5                     dse    0
BDATA_ID             CODE               000000B5                     dse    0
BIT_ID               CODE               000000B5                     dse    0
IDATA_ID             CODE               000000B5                     dse    0
IXDATA_ID            CODE               000000B5                     dse    0
PDATA_ID             CODE               000000B5                     dse    0
XDATA_ID             CODE          000000B5 - 000004B3         3FF   rel    0
BANK_RELAYS          CODE          000004B4 - 00000753         2A0   rel    0
RCODE                CODE          00000754 - 000014BA         D67   rel    0
CODE_N               CODE               000014BB                     dse    0
CODE_C               CODE               000014BB                     dse    0
DIFUNCT              CODE               000014BB                     rel    0
NEAR_CODE            CODE          000014BB - 000014F6          3C   rel    0
<BANKED_CODE> 1      CODE          000014F7 - 00005E66        4970   rel    0
REGISTERS            DATA          00000000 - 00000007           8   rel    0
VREG                 DATA          00000008 - 0000000F           8   rel    0
PSP                  DATA               00000010                     dse    0
XSP                  DATA          00000010 - 00000011           2   rel    0
BREG                 BIT        00000020.0  -  00000020.7        8   rel    0
SFR_AN               DATA          00000080 - 00000080           1   rel    0
                     DATA          00000086 - 00000086           1 
                     DATA          00000090 - 00000091           2 
                     DATA          00000094 - 00000097           4 
                     DATA          0000009D - 0000009E           2 
                     DATA          000000A2 - 000000A5           4 
                     DATA          000000A8 - 000000A8           1 
                     DATA          000000AD - 000000AD           1 
                     DATA          000000B3 - 000000B3           1 
                     DATA          000000C0 - 000000C2           3 
                     DATA          000000C5 - 000000C6           2 
                     DATA          000000D2 - 000000D7           6 
                     DATA          000000D9 - 000000D9           1 
                     DATA          000000E1 - 000000E1           1 
                     DATA          000000E9 - 000000E9           1 
                     DATA          000000F1 - 000000F1           1 
                     DATA          000000F3 - 000000F3           1 
                     DATA          000000FD - 000000FE           2 
XSTACK               XDATA         00000001 - 00000300         300   rel    0
XDATA_Z              XDATA         00000301 - 000005A5         2A5   rel    0
XDATA_I              XDATA         000005A6 - 000009A4         3FF   rel    0
XDATA_HEAP           XDATA         000009A5 - 00001CA4        1300   dse    0
ISTACK               IDATA         000000C0 - 000000FF          40   rel    0

                ****************************************
                *                                      *
                *        END OF CROSS REFERENCE        *
                *                                      *
                ****************************************

 24 167 bytes of CODE  memory
     18 bytes of DATA  memory (+ 35 absolute )
  7 332 bytes of XDATA memory
     64 bytes of IDATA memory
      8 bits  of BIT   memory

Errors: none
Warnings: none

