################################################################################
#                                                                              #
#      IAR Universal Linker V6.4.6.89                                          #
#                                                                              #
#           Link time     =  16/Feb/2020  14:25:07                             #
#           Target CPU    =  x51                                               #
#           List file     =  "E:\WMNU\IAR_new_arch\PRG Transmiter\Debug\List\t #
#                            ransmiter.map"                                    #
#           Output file 1 =  "E:\WMNU\IAR_new_arch\PRG Transmiter\Debug\Exe\tr #
#                            ansmiter.d51"                                     #
#                            Format: ubrof10                                   #
#                            UBROF version 10.0.6                              #
#                            Using library modules for C-SPY (-rt)             #
#           Command line  =  -f                                                #
#                            C:\Users\08A4~1\AppData\Local\Temp\EWC27C.tmp     #
#                            ("E:\WMNU\IAR_new_arch\PRG Transmiter\Debug\Obj\a #
#                            ction_manager.r51"                                #
#                            "E:\WMNU\IAR_new_arch\PRG Transmiter\Debug\Obj\al #
#                            arm_timer.r51"                                    #
#                            "E:\WMNU\IAR_new_arch\PRG Transmiter\Debug\Obj\bu #
#                            ffer.r51"                                         #
#                            "E:\WMNU\IAR_new_arch\PRG Transmiter\Debug\Obj\cm #
#                            d_0x00.r51"                                       #
#                            "E:\WMNU\IAR_new_arch\PRG Transmiter\Debug\Obj\cm #
#                            d_0x01.r51"                                       #
#                            "E:\WMNU\IAR_new_arch\PRG Transmiter\Debug\Obj\cm #
#                            d_0x02.r51"                                       #
#                            "E:\WMNU\IAR_new_arch\PRG Transmiter\Debug\Obj\cm #
#                            d_0x03.r51"                                       #
#                            "E:\WMNU\IAR_new_arch\PRG Transmiter\Debug\Obj\cm #
#                            d_0x04.r51"                                       #
#                            "E:\WMNU\IAR_new_arch\PRG Transmiter\Debug\Obj\cm #
#                            d_0x05.r51"                                       #
#                            "E:\WMNU\IAR_new_arch\PRG Transmiter\Debug\Obj\cm #
#                            d_0x06.r51"                                       #
#                            "E:\WMNU\IAR_new_arch\PRG Transmiter\Debug\Obj\cm #
#                            d_0x07.r51"                                       #
#                            "E:\WMNU\IAR_new_arch\PRG Transmiter\Debug\Obj\cm #
#                            d_0x08.r51"                                       #
#                            "E:\WMNU\IAR_new_arch\PRG Transmiter\Debug\Obj\cm #
#                            d_0x09.r51"                                       #
#                            "E:\WMNU\IAR_new_arch\PRG Transmiter\Debug\Obj\cm #
#                            d_0x0A.r51"                                       #
#                            "E:\WMNU\IAR_new_arch\PRG Transmiter\Debug\Obj\cm #
#                            d_0x0B.r51"                                       #
#                            "E:\WMNU\IAR_new_arch\PRG Transmiter\Debug\Obj\cm #
#                            d_0x0C.r51"                                       #
#                            "E:\WMNU\IAR_new_arch\PRG Transmiter\Debug\Obj\cm #
#                            d_0x0D.r51"                                       #
#                            "E:\WMNU\IAR_new_arch\PRG Transmiter\Debug\Obj\cm #
#                            d_0x0E.r51"                                       #
#                            "E:\WMNU\IAR_new_arch\PRG Transmiter\Debug\Obj\cm #
#                            d_0x0F.r51"                                       #
#                            "E:\WMNU\IAR_new_arch\PRG Transmiter\Debug\Obj\cm #
#                            d_0x10.r51"                                       #
#                            "E:\WMNU\IAR_new_arch\PRG Transmiter\Debug\Obj\cm #
#                            d_parser.r51"                                     #
#                            "E:\WMNU\IAR_new_arch\PRG Transmiter\Debug\Obj\co #
#                            der.r51"                                          #
#                            "E:\WMNU\IAR_new_arch\PRG Transmiter\Debug\Obj\cp #
#                            u.r51"                                            #
#                            "E:\WMNU\IAR_new_arch\PRG Transmiter\Debug\Obj\de #
#                            bug.r51"                                          #
#                            "E:\WMNU\IAR_new_arch\PRG Transmiter\Debug\Obj\dm #
#                            a.r51"                                            #
#                            "E:\WMNU\IAR_new_arch\PRG Transmiter\Debug\Obj\fr #
#                            ame.r51"                                          #
#                            "E:\WMNU\IAR_new_arch\PRG Transmiter\Debug\Obj\le #
#                            d.r51"                                            #
#                            "E:\WMNU\IAR_new_arch\PRG Transmiter\Debug\Obj\ll #
#                            c.r51"                                            #
#                            "E:\WMNU\IAR_new_arch\PRG Transmiter\Debug\Obj\ma #
#                            c.r51"                                            #
#                            "E:\WMNU\IAR_new_arch\PRG Transmiter\Debug\Obj\ma #
#                            in.r51"                                           #
#                            "E:\WMNU\IAR_new_arch\PRG Transmiter\Debug\Obj\me #
#                            m_slots.r51"                                      #
#                            "E:\WMNU\IAR_new_arch\PRG Transmiter\Debug\Obj\me #
#                            m_utils.r51"                                      #
#                            "E:\WMNU\IAR_new_arch\PRG Transmiter\Debug\Obj\mo #
#                            del.r51"                                          #
#                            "E:\WMNU\IAR_new_arch\PRG Transmiter\Debug\Obj\ra #
#                            dio.r51"                                          #
#                            "E:\WMNU\IAR_new_arch\PRG Transmiter\Debug\Obj\rt #
#                            c.r51"                                            #
#                            "E:\WMNU\IAR_new_arch\PRG Transmiter\Debug\Obj\sy #
#                            nc.r51"                                           #
#                            "E:\WMNU\IAR_new_arch\PRG Transmiter\Debug\Obj\ti #
#                            me_manager.r51"                                   #
#                            "E:\WMNU\IAR_new_arch\PRG Transmiter\Debug\Obj\ua #
#                            rt_comm.r51"                                      #
#                            "E:\WMNU\IAR_new_arch\PRG Transmiter\Debug\Obj\us #
#                            timer.r51"                                        #
#                            -o                                                #
#                            "E:\WMNU\IAR_new_arch\PRG Transmiter\Debug\Exe\tr #
#                            ansmiter.d51"                                     #
#                            -l                                                #
#                            "E:\WMNU\IAR_new_arch\PRG Transmiter\Debug\List\t #
#                            ransmiter.map"                                    #
#                            -xms                                              #
#                            "-IC:\Program Files (x86)\IAR Systems\Embedded Wo #
#                            rkbench 8.0\8051\LIB\"                            #
#                            -f                                                #
#                            "C:\Program Files (x86)\IAR Systems\Embedded Work #
#                            bench 8.0\8051\config\devices\Texas Instruments\l #
#                            nk51ew_CC2530F256_banked.xcl"                     #
#                            (-D_IDATA0_START=0x00 -D_IDATA0_END=0xFF          #
#                            -D_PDATA0_START=0x1E00 -D_PDATA0_END=0x1EFF       #
#                            -D_IXDATA0_START=0x0001 -D_IXDATA0_END=0x1EFF     #
#                            -D_XDATA0_START=_IXDATA0_START                    #
#                            -D_XDATA0_END=_IXDATA0_END                        #
#                            -D_NEAR_CODE_START=0x0000                         #
#                            -D_FIRST_BANK_ADDR=0x10000 -D?REGISTER_BANK=0x0   #
#                            -D_REGISTER_BANK_START=0x0 -D_BREG_START=0x00     #
#                            -D?VB=0x20 -Z(BIT)BREG=_BREG_START                #
#                            -Z(BIT)BIT_N=0-7F                                 #
#                            -Z(DATA)REGISTERS+8=_REGISTER_BANK_START          #
#                            -Z(DATA)BDATA_Z,BDATA_N,BDATA_I=20-2F             #
#                            -Z(DATA)VREG=08-7F -Z(DATA)PSP,XSP=08-7F          #
#                            -Z(DATA)DOVERLAY=08-7F                            #
#                            -Z(DATA)DATA_I,DATA_Z,DATA_N=08-7F                #
#                            -U(IDATA)0-7F=(DATA)0-7F                          #
#                            -Z(IDATA)IDATA_I,IDATA_Z,IDATA_N=08-_IDATA0_END   #
#                            -Z(IDATA)ISTACK+_IDATA_STACK_SIZE#08-_IDATA0_END  #
#                            -Z(IDATA)IOVERLAY=08-FF -Z(CODE)INTVEC=0          #
#                            -Z(CODE)CSTART=_NEAR_CODE_START-(_CODEBANK_START- #
#                            1)                                                #
#                            -Z(CODE)BIT_ID,BDATA_ID,DATA_ID,IDATA_ID,IXDATA_I #
#                            D,PDATA_ID,XDATA_ID=_NEAR_CODE_START-(_CODEBANK_S #
#                            TART-1)                                           #
#                            -Z(CODE)BANK_RELAYS,RCODE,DIFUNCT,CODE_C,CODE_N,N #
#                            EAR_CODE=_NEAR_CODE_START-(_CODEBANK_START-1)     #
#                            -P(CODE)BANKED_CODE=_NEAR_CODE_START-(_CODEBANK_S #
#                            TART-1),[(_CODEBANK_START+_FIRST_BANK_ADDR)-(_COD #
#                            EBANK_END+_FIRST_BANK_ADDR)]*_NR_OF_BANKS+10000   #
#                            -Z(CODE)CHECKSUM#(_CODEBANK_START-1)              #
#                            -Z(XDATA)PDATA_Z,PDATA_I=_PDATA0_START-_PDATA0_EN #
#                            D                                                 #
#                            -P(XDATA)PDATA_N=_PDATA0_START-_PDATA0_END        #
#                            -Z(XDATA)PSTACK+_PDATA_STACK_SIZE=_PDATA0_START-_ #
#                            PDATA0_END                                        #
#                            -Z(XDATA)EXT_STACK+_EXTENDED_STACK_SIZE=_EXTENDED #
#                            _STACK_START                                      #
#                            -Z(XDATA)XSTACK+_XDATA_STACK_SIZE=_XDATA0_START-_ #
#                            XDATA0_END                                        #
#                            -Z(XDATA)IXDATA_Z,IXDATA_I=_IXDATA0_START-_IXDATA #
#                            0_END                                             #
#                            -P(XDATA)IXDATA_N=_IXDATA0_START-_IXDATA0_END     #
#                            -Z(XDATA)XDATA_Z,XDATA_I=_XDATA0_START-_XDATA0_EN #
#                            D                                                 #
#                            -P(XDATA)XDATA_N=_XDATA0_START-_XDATA0_END        #
#                            -Z(XDATA)XDATA_HEAP+_XDATA_HEAP_SIZE=_XDATA0_STAR #
#                            T-_XDATA0_END                                     #
#                            -Z(CONST)XDATA_ROM_C=_XDATA0_START-_XDATA0_END    #
#                            -cx51                                             #
#                            -M(CODE)[(_CODEBANK_START+_FIRST_BANK_ADDR)-(_COD #
#                            EBANK_END+_FIRST_BANK_ADDR)]*_NR_OF_BANKS+0x10000 #
#                            =0x8000                                           #
#                            -ww69=i -D_BANK0_START=0x00000                    #
#                            -D_BANK0_END=0x07FFF -D_BANK1_START=0x18000       #
#                            -D_BANK1_END=0x1FFFF -D_BANK2_START=0x28000       #
#                            -D_BANK2_END=0x2FFFF -D_BANK3_START=0x38000       #
#                            -D_BANK3_END=0x3FFFF -D_BANK4_START=0x48000       #
#                            -D_BANK4_END=0x4FFFF -D_BANK5_START=0x58000       #
#                            -D_BANK5_END=0x5FFFF -D_BANK6_START=0x68000       #
#                            -D_BANK6_END=0x6FFFF -D_BANK7_START=0x78000       #
#                            -D_BANK7_END=0x7FFFF                              #
#                            -P(CODE)BANK0=_BANK0_START-_BANK0_END             #
#                            -P(CODE)BANK1=_BANK1_START-_BANK1_END             #
#                            -P(CODE)BANK2=_BANK2_START-_BANK2_END             #
#                            -P(CODE)BANK3=_BANK3_START-_BANK3_END             #
#                            -P(CODE)BANK4=_BANK4_START-_BANK4_END             #
#                            -P(CODE)BANK5=_BANK5_START-_BANK5_END             #
#                            -P(CODE)BANK6=_BANK6_START-_BANK6_END             #
#                            -P(CODE)BANK7=_BANK7_START-_BANK7_END             #
#                            -D_FLASH_LOCK_BITS_START=0x7FFF0                  #
#                            -D_FLASH_LOCK_BITS_END=0x7FFFF                    #
#                            -Z(CODE)FLASH_LOCK_BITS=_FLASH_LOCK_BITS_START-_F #
#                            LASH_LOCK_BITS_END                                #
#                            -U(CODE)0x0000=(CODE)_FLASH_LOCK_BITS_START-_FLAS #
#                            H_LOCK_BITS_END)                                  #
#                            -D_NR_OF_VIRTUAL_REGISTERS=8 -D?PBANK=0x93        #
#                            -D?CBANK=0x9F -D?CBANK_MASK=0xFF                  #
#                            -e?BCALL_FF=?BCALL -e?BRET_FF=?BRET               #
#                            -e?BDISPATCH_FF=?BDISPATCH                        #
#                            -D_CODEBANK_START=0x8000 -D_CODEBANK_END=0xFFFF   #
#                            -D_NR_OF_BANKS=0x03                               #
#                            "-IC:\Program Files (x86)\IAR Systems\Embedded Wo #
#                            rkbench 8.0\8051\CONFIG\"                         #
#                            -rt -s __program_start                            #
#                            "C:\Program Files (x86)\IAR Systems\Embedded Work #
#                            bench 8.0\8051\LIB\DLIB\dl-pli-blxd-1e16x01n.r51" #
#                            -D_IDATA_STACK_SIZE=0x80 -D?ESP=0 -D?ESP_MASK=0   #
#                            -D_EXTENDED_STACK_START=0                         #
#                            -D_EXTENDED_STACK_SIZE=0                          #
#                            -D_PDATA_STACK_SIZE=0x80                          #
#                            -D_XDATA_STACK_SIZE=0x100                         #
#                            -D_XDATA_HEAP_SIZE=0x00 -D_FAR_HEAP_SIZE=0xFFF    #
#                            -D_HUGE_HEAP_SIZE=0xFFF                           #
#                            -D_FAR22_HEAP_SIZE=0xFFF)                         #
#                                                                              #
#                           Copyright (C) 1987-2016 IAR Systems AB.            #
################################################################################





                ****************************************
                *                                      *
                *           CROSS REFERENCE            *
                *                                      *
                ****************************************

       Program entry at : CODE      00000085  Relocatable, from module : CSTARTUP




                ****************************************
                *                                      *
                *            RUNTIME MODEL             *
                *                                      *
                ****************************************

  __Heap_Handler             = Basic
  __SystemLibrary            = DLib
  __calling_convention       = xdata_reentrant
  __code_model               = banked
  __core                     = plain
  __data_model               = large
  __dlib_file_descriptor     = 0
  __dlib_full_locale_support = 0
  __dptr_size                = 16
  __extended_stack           = disabled
  __location_for_constants   = data
  __number_of_dptrs          = 1
  __register_banks           = *
  __rt_version               = 1

                ****************************************
                *                                      *
                *    AUTOMATIC SYMBOL REDIRECTIONS     *
                *                                      *
                ****************************************

       All references to: _Printf
         were redirected to: _PrintfTiny
       All references to: _Printf::?relay
         were redirected to: _PrintfTiny::?relay



                ****************************************
                *                                      *
                *              MODULE MAP              *
                *                                      *
                ****************************************


  DEFINED ABSOLUTE ENTRIES
    *************************************************************************

  DEFINED ABSOLUTE ENTRIES
  PROGRAM MODULE, NAME : ?ABS_ENTRY_MOD

Absolute parts
           ENTRY                   ADDRESS         REF BY
           =====                   =======         ======
           _FAR22_HEAP_SIZE        00000FFF 
           _HUGE_HEAP_SIZE         00000FFF 
           _FAR_HEAP_SIZE          00000FFF 
           _XDATA_HEAP_SIZE        00000000 
           _XDATA_STACK_SIZE       00000100 
           _PDATA_STACK_SIZE       00000080 
           _EXTENDED_STACK_SIZE    00000000 
           _EXTENDED_STACK_START   00000000 
           ?ESP_MASK               00000000 
           ?ESP                    00000000 
           _IDATA_STACK_SIZE       00000080 
           _NR_OF_BANKS            00000003 
           _CODEBANK_END           0000FFFF 
           _CODEBANK_START         00008000 
           ?CBANK_MASK             000000FF 
           ?CBANK                  0000009F        ?LONGJMP_XDATA (?LONGJMP_XDATA)
                                                   ?RESET_CODE_BANK (CSTARTUP)
                                                   ?SETJMP_XDATA (?SETJMP_XDATA)
                                                   Segment part 0 (?BANKED_CODE_SUPPORT)
           ?PBANK                  00000093        ?RESET_PDATA_BANK (CSTARTUP)
           _NR_OF_VIRTUAL_REGISTERS
                                   00000008 
           _FLASH_LOCK_BITS_END    0007FFFF 
           _FLASH_LOCK_BITS_START
                                   0007FFF0 
           _BANK7_END              0007FFFF 
           _BANK7_START            00078000 
           _BANK6_END              0006FFFF 
           _BANK6_START            00068000 
           _BANK5_END              0005FFFF 
           _BANK5_START            00058000 
           _BANK4_END              0004FFFF 
           _BANK4_START            00048000 
           _BANK3_END              0001FFFF 
           _BANK3_START            00018000 
           _BANK2_END              00017FFF 
           _BANK2_START            00010000 
           _BANK1_END              0000FFFF 
           _BANK1_START            00008000 
           _BANK0_END              00007FFF 
           _BANK0_START            00000000 
           ?VB                     00000020        ?BANKED_ENTER_XDATA (?BANKED_ENTER_XDATA)
                                                   ?BANKED_LEAVE_XDATA (?BANKED_LEAVE_XDATA)
                                                   ?INTERRUPT_ENTER_XSP (?INTERRUPT_ENTER_XSP)
                                                   ?INTERRUPT_LEAVE_XSP (?INTERRUPT_LEAVE_XSP)
                                                   ?LONGJMP_XDATA (?LONGJMP_XDATA)
                                                   ?SETJMP_XDATA (?SETJMP_XDATA)
                                                   AES_StreamCoder (?__write)
                                                   AT_enable (?__write)
                                                   BF_push_rx (?__write)
                                                   BF_push_tx (?__write)
                                                   RI_Receive (?__write)
                                                   RI_Send (?__write)
                                                   RecvData (?__write)
                                                   SL_free (?__write)
                                                   SendData (?__write)
                                                   cmd_0x0B (?__write)
                                                   cmd_0x0D (?__write)
                                                   send_sync (?__write)
           _BREG_START             00000000 
           _REGISTER_BANK_START    00000000 
           ?REGISTER_BANK          00000000        Segment part 6 (CSTARTUP)
           _FIRST_BANK_ADDR        00010000 
           _NEAR_CODE_START        00000000 
           _XDATA0_END             00001EFF 
           _XDATA0_START           00000001 
           _IXDATA0_END            00001EFF 
           _IXDATA0_START          00000001 
           _PDATA0_END             00001EFF 
           _PDATA0_START           00001E00 
           _IDATA0_END             000000FF 
           _IDATA0_START           00000000 
    *************************************************************************

  FILE NAME : E:\WMNU\IAR_new_arch\PRG Transmiter\Debug\Obj\action_manager.r51
  PROGRAM MODULE, NAME : ?__write

  SEGMENTS IN THE MODULE
  ======================
SFR_AN
  Relative segment, address: DATA 00000086 - 00000086 (0x1 bytes), align: 0
  Segment part 1. ROOT        Intra module refs:   MyLowLevelPutchar
                                                   uart_init
           ENTRY                   ADDRESS         REF BY
           =====                   =======         ======
           U0CSR                   00000086 
    -------------------------------------------------------------------------
SFR_AN
  Relative segment, address: DATA 00000091 - 00000091 (0x1 bytes), align: 0
  Segment part 2. ROOT        Intra module refs:   SendData
           ENTRY                   ADDRESS         REF BY
           =====                   =======         ======
           RFIRQF1                 00000091 
    -------------------------------------------------------------------------
SFR_AN
  Relative segment, address: DATA 00000094 - 00000094 (0x1 bytes), align: 0
  Segment part 3. ROOT        Intra module refs:   HW_Init
           ENTRY                   ADDRESS         REF BY
           =====                   =======         ======
           T2CTRL                  00000094 
    -------------------------------------------------------------------------
SFR_AN
  Relative segment, address: DATA 00000095 - 00000095 (0x1 bytes), align: 0
  Segment part 4. ROOT        Intra module refs:   AT_wait
                                                   ReadTimer
                                                   loadTimerCompare
           ENTRY                   ADDRESS         REF BY
           =====                   =======         ======
           ST0                     00000095 
    -------------------------------------------------------------------------
SFR_AN
  Relative segment, address: DATA 00000096 - 00000096 (0x1 bytes), align: 0
  Segment part 5. ROOT        Intra module refs:   AT_wait
                                                   ReadTimer
                                                   loadTimerCompare
           ENTRY                   ADDRESS         REF BY
           =====                   =======         ======
           ST1                     00000096 
    -------------------------------------------------------------------------
SFR_AN
  Relative segment, address: DATA 00000097 - 00000097 (0x1 bytes), align: 0
  Segment part 6. ROOT        Intra module refs:   AT_wait
                                                   ReadTimer
                                                   loadTimerCompare
           ENTRY                   ADDRESS         REF BY
           =====                   =======         ======
           ST2                     00000097 
    -------------------------------------------------------------------------
SFR_AN
  Relative segment, address: DATA 0000009D - 0000009D (0x1 bytes), align: 0
  Segment part 7. ROOT        Intra module refs:   AT_wait
                                                   ReadTimer
           ENTRY                   ADDRESS         REF BY
           =====                   =======         ======
           SLEEPSTA                0000009D 
    -------------------------------------------------------------------------
SFR_AN
  Relative segment, address: DATA 0000009E - 0000009E (0x1 bytes), align: 0
  Segment part 8. ROOT        Intra module refs:   HW_Init
           ENTRY                   ADDRESS         REF BY
           =====                   =======         ======
           CLKCONSTA               0000009E 
    -------------------------------------------------------------------------
SFR_AN
  Relative segment, address: DATA 000000A2 - 000000A2 (0x1 bytes), align: 0
  Segment part 9. ROOT        Intra module refs:   UST_now
           ENTRY                   ADDRESS         REF BY
           =====                   =======         ======
           T2M0                    000000A2 
    -------------------------------------------------------------------------
SFR_AN
  Relative segment, address: DATA 000000A3 - 000000A3 (0x1 bytes), align: 0
  Segment part 10. ROOT       Intra module refs:   UST_now
           ENTRY                   ADDRESS         REF BY
           =====                   =======         ======
           T2M1                    000000A3 
    -------------------------------------------------------------------------
SFR_AN
  Relative segment, address: DATA 000000A4 - 000000A4 (0x1 bytes), align: 0
  Segment part 11. ROOT       Intra module refs:   UST_now
           ENTRY                   ADDRESS         REF BY
           =====                   =======         ======
           T2MOVF0                 000000A4 
    -------------------------------------------------------------------------
SFR_AN
  Relative segment, address: DATA 000000A5 - 000000A5 (0x1 bytes), align: 0
  Segment part 12. ROOT       Intra module refs:   UST_now
           ENTRY                   ADDRESS         REF BY
           =====                   =======         ======
           T2MOVF1                 000000A5 
    -------------------------------------------------------------------------
SFR_AN
  Relative segment, address: DATA 000000A8 - 000000A8 (0x1 bytes), align: 0
  Segment part 13. ROOT       Intra module refs:   AT_enable
                                                   BF_cursor_next
                                                   BF_cursor_rx
                                                   BF_cursor_tx
                                                   BF_push_rx
                                                   BF_push_tx
                                                   BF_remove
                                                   HW_Init
                                                   IRQEnable
                                                   SL_alloc
                                                   SL_free
                                                   TM_IRQ
                                                   __cli
                                                   isIRQEnable
           ENTRY                   ADDRESS         REF BY
           =====                   =======         ======
           _A_IEN0                 000000A8 
           LOCAL                   ADDRESS         
           =====                   =======         
           IEN0                    000000A8 
    -------------------------------------------------------------------------
SFR_AN
  Relative segment, address: DATA 000000AD - 000000AD (0x1 bytes), align: 0
  Segment part 14. ROOT       Intra module refs:   loadTimerCompare
           ENTRY                   ADDRESS         REF BY
           =====                   =======         ======
           STLOAD                  000000AD 
    -------------------------------------------------------------------------
SFR_AN
  Relative segment, address: DATA 000000B3 - 000000B3 (0x1 bytes), align: 0
  Segment part 15. ROOT       Intra module refs:   AES_StreamCoder
           ENTRY                   ADDRESS         REF BY
           =====                   =======         ======
           ENCCS                   000000B3 
    -------------------------------------------------------------------------
SFR_AN
  Relative segment, address: DATA 000000C0 - 000000C0 (0x1 bytes), align: 0
  Segment part 16. ROOT       Intra module refs:   TimerCompareInterrupt
           ENTRY                   ADDRESS         REF BY
           =====                   =======         ======
           _A_IRCON                000000C0 
           LOCAL                   ADDRESS         
           =====                   =======         
           IRCON                   000000C0 
    -------------------------------------------------------------------------
SFR_AN
  Relative segment, address: DATA 000000C1 - 000000C1 (0x1 bytes), align: 0
  Segment part 17. ROOT       Intra module refs:   MyLowLevelPutchar
           ENTRY                   ADDRESS         REF BY
           =====                   =======         ======
           U0DBUF                  000000C1 
    -------------------------------------------------------------------------
SFR_AN
  Relative segment, address: DATA 000000C2 - 000000C2 (0x1 bytes), align: 0
  Segment part 18. ROOT       Intra module refs:   uart_init
           ENTRY                   ADDRESS         REF BY
           =====                   =======         ======
           U0BAUD                  000000C2 
    -------------------------------------------------------------------------
SFR_AN
  Relative segment, address: DATA 000000C5 - 000000C5 (0x1 bytes), align: 0
  Segment part 19. ROOT       Intra module refs:   uart_init
           ENTRY                   ADDRESS         REF BY
           =====                   =======         ======
           U0GCR                   000000C5 
    -------------------------------------------------------------------------
SFR_AN
  Relative segment, address: DATA 000000C6 - 000000C6 (0x1 bytes), align: 0
  Segment part 20. ROOT       Intra module refs:   HW_Init
           ENTRY                   ADDRESS         REF BY
           =====                   =======         ======
           CLKCONCMD               000000C6 
    -------------------------------------------------------------------------
SFR_AN
  Relative segment, address: DATA 000000D2 - 000000D2 (0x1 bytes), align: 0
  Segment part 21. ROOT       Intra module refs:   HW_Init
           ENTRY                   ADDRESS         REF BY
           =====                   =======         ======
           DMA1CFGL                000000D2 
    -------------------------------------------------------------------------
SFR_AN
  Relative segment, address: DATA 000000D3 - 000000D3 (0x1 bytes), align: 0
  Segment part 22. ROOT       Intra module refs:   HW_Init
           ENTRY                   ADDRESS         REF BY
           =====                   =======         ======
           DMA1CFGH                000000D3 
    -------------------------------------------------------------------------
SFR_AN
  Relative segment, address: DATA 000000D4 - 000000D4 (0x1 bytes), align: 0
  Segment part 23. ROOT       Intra module refs:   HW_Init
           ENTRY                   ADDRESS         REF BY
           =====                   =======         ======
           DMA0CFGL                000000D4 
    -------------------------------------------------------------------------
SFR_AN
  Relative segment, address: DATA 000000D5 - 000000D5 (0x1 bytes), align: 0
  Segment part 24. ROOT       Intra module refs:   HW_Init
           ENTRY                   ADDRESS         REF BY
           =====                   =======         ======
           DMA0CFGH                000000D5 
    -------------------------------------------------------------------------
SFR_AN
  Relative segment, address: DATA 000000D6 - 000000D6 (0x1 bytes), align: 0
  Segment part 25. ROOT       Intra module refs:   AES_StreamCoder
                                                   uart_recv_cmd
           ENTRY                   ADDRESS         REF BY
           =====                   =======         ======
           DMAARM                  000000D6 
    -------------------------------------------------------------------------
SFR_AN
  Relative segment, address: DATA 000000D7 - 000000D7 (0x1 bytes), align: 0
  Segment part 26. ROOT       Intra module refs:   AES_StreamCoder
           ENTRY                   ADDRESS         REF BY
           =====                   =======         ======
           DMAREQ                  000000D7 
    -------------------------------------------------------------------------
SFR_AN
  Relative segment, address: DATA 000000D9 - 000000D9 (0x1 bytes), align: 0
  Segment part 27. ROOT       Intra module refs:   LoadTXData
                                                   UnLoadRXData
           ENTRY                   ADDRESS         REF BY
           =====                   =======         ======
           RFD                     000000D9 
    -------------------------------------------------------------------------
SFR_AN
  Relative segment, address: DATA 000000E1 - 000000E1 (0x1 bytes), align: 0
  Segment part 28. ROOT       Intra module refs:   LoadTXData
                                                   RI_Measure_POW
                                                   RecvData
                                                   SendData
                                                   random_core_init
           ENTRY                   ADDRESS         REF BY
           =====                   =======         ======
           RFST                    000000E1 
    -------------------------------------------------------------------------
SFR_AN
  Relative segment, address: DATA 000000E9 - 000000E9 (0x1 bytes), align: 0
  Segment part 29. ROOT       Intra module refs:   RecvData
                                                   SendData
           ENTRY                   ADDRESS         REF BY
           =====                   =======         ======
           RFIRQF0                 000000E9 
    -------------------------------------------------------------------------
SFR_AN
  Relative segment, address: DATA 000000F1 - 000000F1 (0x1 bytes), align: 0
  Segment part 30. ROOT       Intra module refs:   com_uart_init
                                                   uart_init
           ENTRY                   ADDRESS         REF BY
           =====                   =======         ======
           PERCFG                  000000F1 
    -------------------------------------------------------------------------
SFR_AN
  Relative segment, address: DATA 000000F3 - 000000F3 (0x1 bytes), align: 0
  Segment part 31. ROOT       Intra module refs:   uart_init
           ENTRY                   ADDRESS         REF BY
           =====                   =======         ======
           P0SEL                   000000F3 
    -------------------------------------------------------------------------
SFR_AN
  Relative segment, address: DATA 000000F4 - 000000F4 (0x1 bytes), align: 0
  Segment part 32. ROOT       Intra module refs:   com_uart_init
           ENTRY                   ADDRESS         REF BY
           =====                   =======         ======
           P1SEL                   000000F4 
    -------------------------------------------------------------------------
SFR_AN
  Relative segment, address: DATA 000000F8 - 000000F8 (0x1 bytes), align: 0
  Segment part 33. ROOT       Intra module refs:   com_uart_init
                                                   uart_putchar
           ENTRY                   ADDRESS         REF BY
           =====                   =======         ======
           _A_U1CSR                000000F8 
           LOCAL                   ADDRESS         
           =====                   =======         
           U1CSR                   000000F8 
    -------------------------------------------------------------------------
SFR_AN
  Relative segment, address: DATA 000000F9 - 000000F9 (0x1 bytes), align: 0
  Segment part 34. ROOT       Intra module refs:   uart_putchar
           ENTRY                   ADDRESS         REF BY
           =====                   =======         ======
           U1DBUF                  000000F9 
    -------------------------------------------------------------------------
SFR_AN
  Relative segment, address: DATA 000000FA - 000000FA (0x1 bytes), align: 0
  Segment part 35. ROOT       Intra module refs:   com_uart_init
           ENTRY                   ADDRESS         REF BY
           =====                   =======         ======
           U1BAUD                  000000FA 
    -------------------------------------------------------------------------
SFR_AN
  Relative segment, address: DATA 000000FC - 000000FC (0x1 bytes), align: 0
  Segment part 36. ROOT       Intra module refs:   com_uart_init
           ENTRY                   ADDRESS         REF BY
           =====                   =======         ======
           U1GCR                   000000FC 
    -------------------------------------------------------------------------
XDATA_I
  Relative segment, address: XDATA 00001143 - 0000114F (0xd bytes), align: 0
  Segment part 45.            Intra module refs:   AM_Callback
                                                   AM_Cold_start
                                                   AM_HW_Init
                                                   AM_Hot_start
                                                   AM_SW_Init
    -------------------------------------------------------------------------
XDATA_I
  Relative segment, address: XDATA 00001150 - 00001160 (0x11 bytes), align: 0
  Segment part 47.            Intra module refs:   AM_Callback
                                                   AM_Cold_start
                                                   AM_HW_Init
                                                   AM_Hot_start
                                                   AM_SW_Init
    -------------------------------------------------------------------------
XDATA_I
  Relative segment, address: XDATA 00001161 - 00001176 (0x16 bytes), align: 0
  Segment part 49.            Intra module refs:   AM_Callback
    -------------------------------------------------------------------------
XDATA_I
  Relative segment, address: XDATA 00001177 - 00001182 (0xc bytes), align: 0
  Segment part 51.            Intra module refs:   AM_Callback
           LOCAL                   ADDRESS         
           =====                   =======         
           AM_Callback::__FUNCTION__
                                   00001177 
    -------------------------------------------------------------------------
XDATA_I
  Relative segment, address: XDATA 00001183 - 00001190 (0xe bytes), align: 0
  Segment part 53.            Intra module refs:   AM_Cold_start
           LOCAL                   ADDRESS         
           =====                   =======         
           AM_Cold_start::__FUNCTION__
                                   00001183 
    -------------------------------------------------------------------------
XDATA_I
  Relative segment, address: XDATA 00001191 - 000011BC (0x2c bytes), align: 0
  Segment part 55.            Intra module refs:   AM_Cold_start
    -------------------------------------------------------------------------
XDATA_I
  Relative segment, address: XDATA 000011BD - 000011C9 (0xd bytes), align: 0
  Segment part 57.            Intra module refs:   AM_Hot_start
           LOCAL                   ADDRESS         
           =====                   =======         
           AM_Hot_start::__FUNCTION__
                                   000011BD 
    -------------------------------------------------------------------------
XDATA_I
  Relative segment, address: XDATA 000011CA - 000011F3 (0x2a bytes), align: 0
  Segment part 59.            Intra module refs:   AM_Hot_start
    -------------------------------------------------------------------------
XDATA_I
  Relative segment, address: XDATA 000011F4 - 000011FE (0xb bytes), align: 0
  Segment part 61.            Intra module refs:   AM_HW_Init
           LOCAL                   ADDRESS         
           =====                   =======         
           AM_HW_Init::__FUNCTION__
                                   000011F4 
    -------------------------------------------------------------------------
XDATA_I
  Relative segment, address: XDATA 000011FF - 00001225 (0x27 bytes), align: 0
  Segment part 63.            Intra module refs:   AM_HW_Init
    -------------------------------------------------------------------------
XDATA_I
  Relative segment, address: XDATA 00001226 - 00001230 (0xb bytes), align: 0
  Segment part 65.            Intra module refs:   AM_SW_Init
           LOCAL                   ADDRESS         
           =====                   =======         
           AM_SW_Init::__FUNCTION__
                                   00001226 
    -------------------------------------------------------------------------
XDATA_I
  Relative segment, address: XDATA 00001231 - 00001257 (0x27 bytes), align: 0
  Segment part 67.            Intra module refs:   AM_SW_Init
    -------------------------------------------------------------------------
XDATA_I
  Relative segment, address: XDATA 00001258 - 00001263 (0xc bytes), align: 0
  Segment part 69.            Intra module refs:   AT_set_time
           LOCAL                   ADDRESS         
           =====                   =======         
           AT_set_time::__FUNCTION__
                                   00001258 
    -------------------------------------------------------------------------
XDATA_I
  Relative segment, address: XDATA 00001264 - 00001270 (0xd bytes), align: 0
  Segment part 71.            Intra module refs:   AT_set_alarm
                                                   AT_set_time
                                                   AT_wait
    -------------------------------------------------------------------------
XDATA_I
  Relative segment, address: XDATA 00001271 - 0000127E (0xe bytes), align: 0
  Segment part 73.            Intra module refs:   AT_set_alarm
                                                   AT_set_time
                                                   AT_wait
    -------------------------------------------------------------------------
XDATA_I
  Relative segment, address: XDATA 0000127F - 0000129D (0x1f bytes), align: 0
  Segment part 75.            Intra module refs:   AT_set_time
                                                   AT_wait
    -------------------------------------------------------------------------
XDATA_I
  Relative segment, address: XDATA 0000129E - 000012A5 (0x8 bytes), align: 0
  Segment part 77.            Intra module refs:   AT_wait
           LOCAL                   ADDRESS         
           =====                   =======         
           AT_wait::__FUNCTION__   0000129E 
    -------------------------------------------------------------------------
XDATA_I
  Relative segment, address: XDATA 000012A6 - 000012B2 (0xd bytes), align: 0
  Segment part 79.            Intra module refs:   AT_set_alarm
           LOCAL                   ADDRESS         
           =====                   =======         
           AT_set_alarm::__FUNCTION__
                                   000012A6 
    -------------------------------------------------------------------------
XDATA_I
  Relative segment, address: XDATA 000012B3 - 000012D2 (0x20 bytes), align: 0
  Segment part 81.            Intra module refs:   AT_set_alarm
    -------------------------------------------------------------------------
XDATA_I
  Relative segment, address: XDATA 000012D3 - 000012DF (0xd bytes), align: 0
  Segment part 85.            Intra module refs:   _push
    -------------------------------------------------------------------------
XDATA_I
  Relative segment, address: XDATA 000012E0 - 000012E8 (0x9 bytes), align: 0
  Segment part 87.            Intra module refs:   _push
    -------------------------------------------------------------------------
XDATA_I
  Relative segment, address: XDATA 000012E9 - 000012EE (0x6 bytes), align: 0
  Segment part 91.            Intra module refs:   _push
           LOCAL                   ADDRESS         
           =====                   =======         
           _push::__FUNCTION__     000012E9 
    -------------------------------------------------------------------------
XDATA_I
  Relative segment, address: XDATA 000012EF - 00001308 (0x1a bytes), align: 0
  Segment part 93.            Intra module refs:   _push
    -------------------------------------------------------------------------
XDATA_I
  Relative segment, address: XDATA 00001309 - 00001311 (0x9 bytes), align: 0
  Segment part 95.            Intra module refs:   cmd_0x00
           LOCAL                   ADDRESS         
           =====                   =======         
           cmd_0x00::__FUNCTION__
                                   00001309 
    -------------------------------------------------------------------------
XDATA_I
  Relative segment, address: XDATA 00001312 - 0000131E (0xd bytes), align: 0
  Segment part 97.            Intra module refs:   cmd_0x00
    -------------------------------------------------------------------------
XDATA_I
  Relative segment, address: XDATA 0000131F - 00001329 (0xb bytes), align: 0
  Segment part 99.            Intra module refs:   cmd_0x00
    -------------------------------------------------------------------------
XDATA_I
  Relative segment, address: XDATA 0000132A - 0000133B (0x12 bytes), align: 0
  Segment part 101.           Intra module refs:   cmd_0x00
    -------------------------------------------------------------------------
XDATA_I
  Relative segment, address: XDATA 0000133C - 0000133E (0x3 bytes), align: 0
  Segment part 103.           Intra module refs:   cmd_0x00
    -------------------------------------------------------------------------
XDATA_I
  Relative segment, address: XDATA 0000133F - 00001353 (0x15 bytes), align: 0
  Segment part 105.           Intra module refs:   cmd_0x00
    -------------------------------------------------------------------------
XDATA_I
  Relative segment, address: XDATA 00001354 - 0000135C (0x9 bytes), align: 0
  Segment part 107.           Intra module refs:   cmd_0x01
           LOCAL                   ADDRESS         
           =====                   =======         
           cmd_0x01::__FUNCTION__
                                   00001354 
    -------------------------------------------------------------------------
XDATA_I
  Relative segment, address: XDATA 0000135D - 00001369 (0xd bytes), align: 0
  Segment part 109.           Intra module refs:   cmd_0x01
    -------------------------------------------------------------------------
XDATA_I
  Relative segment, address: XDATA 0000136A - 00001374 (0xb bytes), align: 0
  Segment part 111.           Intra module refs:   cmd_0x01
    -------------------------------------------------------------------------
XDATA_I
  Relative segment, address: XDATA 00001375 - 00001388 (0x14 bytes), align: 0
  Segment part 113.           Intra module refs:   cmd_0x01
    -------------------------------------------------------------------------
XDATA_I
  Relative segment, address: XDATA 00001389 - 0000138B (0x3 bytes), align: 0
  Segment part 115.           Intra module refs:   cmd_0x01
    -------------------------------------------------------------------------
XDATA_I
  Relative segment, address: XDATA 0000138C - 00001394 (0x9 bytes), align: 0
  Segment part 117.           Intra module refs:   cmd_0x03
           LOCAL                   ADDRESS         
           =====                   =======         
           cmd_0x03::__FUNCTION__
                                   0000138C 
    -------------------------------------------------------------------------
XDATA_I
  Relative segment, address: XDATA 00001395 - 000013A1 (0xd bytes), align: 0
  Segment part 119.           Intra module refs:   cmd_0x03
    -------------------------------------------------------------------------
XDATA_I
  Relative segment, address: XDATA 000013A2 - 000013AC (0xb bytes), align: 0
  Segment part 121.           Intra module refs:   cmd_0x03
    -------------------------------------------------------------------------
XDATA_I
  Relative segment, address: XDATA 000013AD - 000013C4 (0x18 bytes), align: 0
  Segment part 123.           Intra module refs:   cmd_0x03
    -------------------------------------------------------------------------
XDATA_I
  Relative segment, address: XDATA 000013C5 - 000013C7 (0x3 bytes), align: 0
  Segment part 125.           Intra module refs:   cmd_0x03
    -------------------------------------------------------------------------
XDATA_I
  Relative segment, address: XDATA 000013C8 - 000013DE (0x17 bytes), align: 0
  Segment part 127.           Intra module refs:   cmd_0x03
    -------------------------------------------------------------------------
XDATA_I
  Relative segment, address: XDATA 000013DF - 000013E7 (0x9 bytes), align: 0
  Segment part 129.           Intra module refs:   cmd_0x04
           LOCAL                   ADDRESS         
           =====                   =======         
           cmd_0x04::__FUNCTION__
                                   000013DF 
    -------------------------------------------------------------------------
XDATA_I
  Relative segment, address: XDATA 000013E8 - 000013F4 (0xd bytes), align: 0
  Segment part 131.           Intra module refs:   cmd_0x04
    -------------------------------------------------------------------------
XDATA_I
  Relative segment, address: XDATA 000013F5 - 000013FF (0xb bytes), align: 0
  Segment part 133.           Intra module refs:   cmd_0x04
    -------------------------------------------------------------------------
XDATA_I
  Relative segment, address: XDATA 00001400 - 00001413 (0x14 bytes), align: 0
  Segment part 135.           Intra module refs:   cmd_0x04
    -------------------------------------------------------------------------
XDATA_I
  Relative segment, address: XDATA 00001414 - 00001416 (0x3 bytes), align: 0
  Segment part 137.           Intra module refs:   cmd_0x04
    -------------------------------------------------------------------------
XDATA_I
  Relative segment, address: XDATA 00001417 - 0000141F (0x9 bytes), align: 0
  Segment part 139.           Intra module refs:   cmd_0x05
           LOCAL                   ADDRESS         
           =====                   =======         
           cmd_0x05::__FUNCTION__
                                   00001417 
    -------------------------------------------------------------------------
XDATA_I
  Relative segment, address: XDATA 00001420 - 0000142C (0xd bytes), align: 0
  Segment part 141.           Intra module refs:   cmd_0x05
    -------------------------------------------------------------------------
XDATA_I
  Relative segment, address: XDATA 0000142D - 00001437 (0xb bytes), align: 0
  Segment part 143.           Intra module refs:   cmd_0x05
    -------------------------------------------------------------------------
XDATA_I
  Relative segment, address: XDATA 00001438 - 0000144C (0x15 bytes), align: 0
  Segment part 145.           Intra module refs:   cmd_0x05
    -------------------------------------------------------------------------
XDATA_I
  Relative segment, address: XDATA 0000144D - 0000144F (0x3 bytes), align: 0
  Segment part 147.           Intra module refs:   cmd_0x05
    -------------------------------------------------------------------------
XDATA_I
  Relative segment, address: XDATA 00001450 - 00001458 (0x9 bytes), align: 0
  Segment part 149.           Intra module refs:   cmd_0x06
           LOCAL                   ADDRESS         
           =====                   =======         
           cmd_0x06::__FUNCTION__
                                   00001450 
    -------------------------------------------------------------------------
XDATA_I
  Relative segment, address: XDATA 00001459 - 00001465 (0xd bytes), align: 0
  Segment part 151.           Intra module refs:   cmd_0x06
    -------------------------------------------------------------------------
XDATA_I
  Relative segment, address: XDATA 00001466 - 00001470 (0xb bytes), align: 0
  Segment part 153.           Intra module refs:   cmd_0x06
    -------------------------------------------------------------------------
XDATA_I
  Relative segment, address: XDATA 00001471 - 00001484 (0x14 bytes), align: 0
  Segment part 155.           Intra module refs:   cmd_0x06
    -------------------------------------------------------------------------
XDATA_I
  Relative segment, address: XDATA 00001485 - 00001487 (0x3 bytes), align: 0
  Segment part 157.           Intra module refs:   cmd_0x06
    -------------------------------------------------------------------------
XDATA_I
  Relative segment, address: XDATA 00001488 - 00001490 (0x9 bytes), align: 0
  Segment part 159.           Intra module refs:   cmd_0x07
           LOCAL                   ADDRESS         
           =====                   =======         
           cmd_0x07::__FUNCTION__
                                   00001488 
    -------------------------------------------------------------------------
XDATA_I
  Relative segment, address: XDATA 00001491 - 0000149D (0xd bytes), align: 0
  Segment part 161.           Intra module refs:   cmd_0x07
    -------------------------------------------------------------------------
XDATA_I
  Relative segment, address: XDATA 0000149E - 000014A8 (0xb bytes), align: 0
  Segment part 163.           Intra module refs:   cmd_0x07
    -------------------------------------------------------------------------
XDATA_I
  Relative segment, address: XDATA 000014A9 - 000014BC (0x14 bytes), align: 0
  Segment part 165.           Intra module refs:   cmd_0x07
    -------------------------------------------------------------------------
XDATA_I
  Relative segment, address: XDATA 000014BD - 000014BF (0x3 bytes), align: 0
  Segment part 167.           Intra module refs:   cmd_0x07
    -------------------------------------------------------------------------
XDATA_I
  Relative segment, address: XDATA 000014C0 - 000014C8 (0x9 bytes), align: 0
  Segment part 169.           Intra module refs:   cmd_0x08
           LOCAL                   ADDRESS         
           =====                   =======         
           cmd_0x08::__FUNCTION__
                                   000014C0 
    -------------------------------------------------------------------------
XDATA_I
  Relative segment, address: XDATA 000014C9 - 000014D5 (0xd bytes), align: 0
  Segment part 171.           Intra module refs:   cmd_0x08
    -------------------------------------------------------------------------
XDATA_I
  Relative segment, address: XDATA 000014D6 - 000014E0 (0xb bytes), align: 0
  Segment part 173.           Intra module refs:   cmd_0x08
    -------------------------------------------------------------------------
XDATA_I
  Relative segment, address: XDATA 000014E1 - 000014F8 (0x18 bytes), align: 0
  Segment part 175.           Intra module refs:   cmd_0x08
    -------------------------------------------------------------------------
XDATA_I
  Relative segment, address: XDATA 000014F9 - 000014FB (0x3 bytes), align: 0
  Segment part 177.           Intra module refs:   cmd_0x08
    -------------------------------------------------------------------------
XDATA_I
  Relative segment, address: XDATA 000014FC - 00001504 (0x9 bytes), align: 0
  Segment part 179.           Intra module refs:   cmd_0x09
           LOCAL                   ADDRESS         
           =====                   =======         
           cmd_0x09::__FUNCTION__
                                   000014FC 
    -------------------------------------------------------------------------
XDATA_I
  Relative segment, address: XDATA 00001505 - 00001511 (0xd bytes), align: 0
  Segment part 181.           Intra module refs:   cmd_0x09
    -------------------------------------------------------------------------
XDATA_I
  Relative segment, address: XDATA 00001512 - 0000151C (0xb bytes), align: 0
  Segment part 183.           Intra module refs:   cmd_0x09
    -------------------------------------------------------------------------
XDATA_I
  Relative segment, address: XDATA 0000151D - 00001535 (0x19 bytes), align: 0
  Segment part 185.           Intra module refs:   cmd_0x09
    -------------------------------------------------------------------------
XDATA_I
  Relative segment, address: XDATA 00001536 - 00001538 (0x3 bytes), align: 0
  Segment part 187.           Intra module refs:   cmd_0x09
    -------------------------------------------------------------------------
XDATA_I
  Relative segment, address: XDATA 00001539 - 00001541 (0x9 bytes), align: 0
  Segment part 189.           Intra module refs:   cmd_0x0A
           LOCAL                   ADDRESS         
           =====                   =======         
           cmd_0x0A::__FUNCTION__
                                   00001539 
    -------------------------------------------------------------------------
XDATA_I
  Relative segment, address: XDATA 00001542 - 0000154E (0xd bytes), align: 0
  Segment part 191.           Intra module refs:   cmd_0x0A
    -------------------------------------------------------------------------
XDATA_I
  Relative segment, address: XDATA 0000154F - 00001559 (0xb bytes), align: 0
  Segment part 193.           Intra module refs:   cmd_0x0A
    -------------------------------------------------------------------------
XDATA_I
  Relative segment, address: XDATA 0000155A - 00001572 (0x19 bytes), align: 0
  Segment part 195.           Intra module refs:   cmd_0x0A
    -------------------------------------------------------------------------
XDATA_I
  Relative segment, address: XDATA 00001573 - 00001575 (0x3 bytes), align: 0
  Segment part 197.           Intra module refs:   cmd_0x0A
    -------------------------------------------------------------------------
XDATA_I
  Relative segment, address: XDATA 00001576 - 0000157E (0x9 bytes), align: 0
  Segment part 199.           Intra module refs:   cmd_0x0B
           LOCAL                   ADDRESS         
           =====                   =======         
           cmd_0x0B::__FUNCTION__
                                   00001576 
    -------------------------------------------------------------------------
XDATA_I
  Relative segment, address: XDATA 0000157F - 0000158B (0xd bytes), align: 0
  Segment part 201.           Intra module refs:   cmd_0x0B
    -------------------------------------------------------------------------
XDATA_I
  Relative segment, address: XDATA 0000158C - 00001596 (0xb bytes), align: 0
  Segment part 203.           Intra module refs:   cmd_0x0B
    -------------------------------------------------------------------------
XDATA_I
  Relative segment, address: XDATA 00001597 - 000015AB (0x15 bytes), align: 0
  Segment part 205.           Intra module refs:   cmd_0x0B
    -------------------------------------------------------------------------
XDATA_I
  Relative segment, address: XDATA 000015AC - 000015C2 (0x17 bytes), align: 0
  Segment part 207.           Intra module refs:   cmd_0x0B
    -------------------------------------------------------------------------
XDATA_I
  Relative segment, address: XDATA 000015C3 - 000015C5 (0x3 bytes), align: 0
  Segment part 209.           Intra module refs:   cmd_0x0B
    -------------------------------------------------------------------------
XDATA_I
  Relative segment, address: XDATA 000015C6 - 000015E0 (0x1b bytes), align: 0
  Segment part 211.           Intra module refs:   cmd_0x0B
    -------------------------------------------------------------------------
XDATA_I
  Relative segment, address: XDATA 000015E1 - 000015E9 (0x9 bytes), align: 0
  Segment part 213.           Intra module refs:   cmd_0x0C
           LOCAL                   ADDRESS         
           =====                   =======         
           cmd_0x0C::__FUNCTION__
                                   000015E1 
    -------------------------------------------------------------------------
XDATA_I
  Relative segment, address: XDATA 000015EA - 000015F6 (0xd bytes), align: 0
  Segment part 215.           Intra module refs:   cmd_0x0C
    -------------------------------------------------------------------------
XDATA_I
  Relative segment, address: XDATA 000015F7 - 00001601 (0xb bytes), align: 0
  Segment part 217.           Intra module refs:   cmd_0x0C
    -------------------------------------------------------------------------
XDATA_I
  Relative segment, address: XDATA 00001602 - 0000160E (0xd bytes), align: 0
  Segment part 219.           Intra module refs:   cmd_0x0C
    -------------------------------------------------------------------------
XDATA_I
  Relative segment, address: XDATA 0000160F - 00001628 (0x1a bytes), align: 0
  Segment part 221.           Intra module refs:   cmd_0x0C
    -------------------------------------------------------------------------
XDATA_I
  Relative segment, address: XDATA 00001629 - 0000162B (0x3 bytes), align: 0
  Segment part 223.           Intra module refs:   cmd_0x0C
    -------------------------------------------------------------------------
XDATA_I
  Relative segment, address: XDATA 0000162C - 00001634 (0x9 bytes), align: 0
  Segment part 225.           Intra module refs:   cmd_0x0D
           LOCAL                   ADDRESS         
           =====                   =======         
           cmd_0x0D::__FUNCTION__
                                   0000162C 
    -------------------------------------------------------------------------
XDATA_I
  Relative segment, address: XDATA 00001635 - 00001641 (0xd bytes), align: 0
  Segment part 227.           Intra module refs:   cmd_0x0D
    -------------------------------------------------------------------------
XDATA_I
  Relative segment, address: XDATA 00001642 - 0000164C (0xb bytes), align: 0
  Segment part 229.           Intra module refs:   cmd_0x0D
    -------------------------------------------------------------------------
XDATA_I
  Relative segment, address: XDATA 0000164D - 00001660 (0x14 bytes), align: 0
  Segment part 231.           Intra module refs:   cmd_0x0D
    -------------------------------------------------------------------------
XDATA_I
  Relative segment, address: XDATA 00001661 - 00001663 (0x3 bytes), align: 0
  Segment part 233.           Intra module refs:   cmd_0x0D
    -------------------------------------------------------------------------
XDATA_I
  Relative segment, address: XDATA 00001664 - 0000166C (0x9 bytes), align: 0
  Segment part 235.           Intra module refs:   cmd_0x0E
           LOCAL                   ADDRESS         
           =====                   =======         
           cmd_0x0E::__FUNCTION__
                                   00001664 
    -------------------------------------------------------------------------
XDATA_I
  Relative segment, address: XDATA 0000166D - 00001679 (0xd bytes), align: 0
  Segment part 237.           Intra module refs:   cmd_0x0E
    -------------------------------------------------------------------------
XDATA_I
  Relative segment, address: XDATA 0000167A - 00001684 (0xb bytes), align: 0
  Segment part 239.           Intra module refs:   cmd_0x0E
    -------------------------------------------------------------------------
XDATA_I
  Relative segment, address: XDATA 00001685 - 0000169A (0x16 bytes), align: 0
  Segment part 241.           Intra module refs:   cmd_0x0E
    -------------------------------------------------------------------------
XDATA_I
  Relative segment, address: XDATA 0000169B - 0000169D (0x3 bytes), align: 0
  Segment part 243.           Intra module refs:   cmd_0x0E
    -------------------------------------------------------------------------
XDATA_I
  Relative segment, address: XDATA 0000169E - 000016A6 (0x9 bytes), align: 0
  Segment part 245.           Intra module refs:   cmd_0x0F
           LOCAL                   ADDRESS         
           =====                   =======         
           cmd_0x0F::__FUNCTION__
                                   0000169E 
    -------------------------------------------------------------------------
XDATA_I
  Relative segment, address: XDATA 000016A7 - 000016B3 (0xd bytes), align: 0
  Segment part 247.           Intra module refs:   cmd_0x0F
    -------------------------------------------------------------------------
XDATA_I
  Relative segment, address: XDATA 000016B4 - 000016BE (0xb bytes), align: 0
  Segment part 249.           Intra module refs:   cmd_0x0F
    -------------------------------------------------------------------------
XDATA_I
  Relative segment, address: XDATA 000016BF - 000016D4 (0x16 bytes), align: 0
  Segment part 251.           Intra module refs:   cmd_0x0F
    -------------------------------------------------------------------------
XDATA_I
  Relative segment, address: XDATA 000016D5 - 000016D7 (0x3 bytes), align: 0
  Segment part 253.           Intra module refs:   cmd_0x0F
    -------------------------------------------------------------------------
XDATA_I
  Relative segment, address: XDATA 000016D8 - 000016E0 (0x9 bytes), align: 0
  Segment part 255.           Intra module refs:   cmd_0x10
           LOCAL                   ADDRESS         
           =====                   =======         
           cmd_0x10::__FUNCTION__
                                   000016D8 
    -------------------------------------------------------------------------
XDATA_I
  Relative segment, address: XDATA 000016E1 - 000016ED (0xd bytes), align: 0
  Segment part 257.           Intra module refs:   cmd_0x10
    -------------------------------------------------------------------------
XDATA_I
  Relative segment, address: XDATA 000016EE - 000016F8 (0xb bytes), align: 0
  Segment part 259.           Intra module refs:   cmd_0x10
    -------------------------------------------------------------------------
XDATA_I
  Relative segment, address: XDATA 000016F9 - 0000170F (0x17 bytes), align: 0
  Segment part 261.           Intra module refs:   cmd_0x10
    -------------------------------------------------------------------------
XDATA_I
  Relative segment, address: XDATA 00001710 - 00001712 (0x3 bytes), align: 0
  Segment part 263.           Intra module refs:   cmd_0x10
    -------------------------------------------------------------------------
XDATA_I
  Relative segment, address: XDATA 00001713 - 0000171F (0xd bytes), align: 0
  Segment part 265.           Intra module refs:   stream_write
           LOCAL                   ADDRESS         
           =====                   =======         
           stream_write::__FUNCTION__
                                   00001713 
    -------------------------------------------------------------------------
XDATA_I
  Relative segment, address: XDATA 00001720 - 0000172C (0xd bytes), align: 0
  Segment part 267.           Intra module refs:   stream_write
    -------------------------------------------------------------------------
XDATA_I
  Relative segment, address: XDATA 0000172D - 00001739 (0xd bytes), align: 0
  Segment part 269.           Intra module refs:   stream_write
    -------------------------------------------------------------------------
XDATA_I
  Relative segment, address: XDATA 0000173A - 0000175C (0x23 bytes), align: 0
  Segment part 271.           Intra module refs:   stream_write
    -------------------------------------------------------------------------
XDATA_I
  Relative segment, address: XDATA 0000175D - 0000176A (0xe bytes), align: 0
  Segment part 273.           Intra module refs:   LLC_open_slot
           LOCAL                   ADDRESS         
           =====                   =======         
           LLC_open_slot::__FUNCTION__
                                   0000175D 
    -------------------------------------------------------------------------
XDATA_I
  Relative segment, address: XDATA 0000176B - 00001777 (0xd bytes), align: 0
  Segment part 275.           Intra module refs:   LLC_close_slot
                                                   LLC_open_slot
                                                   receive
                                                   scan_tx_buffer_by_ts
                                                   scheduler_rx
                                                   scheduler_tx
    -------------------------------------------------------------------------
XDATA_I
  Relative segment, address: XDATA 00001778 - 0000177D (0x6 bytes), align: 0
  Segment part 277.           Intra module refs:   LLC_close_slot
                                                   LLC_open_slot
                                                   receive
                                                   scan_tx_buffer_by_ts
                                                   scheduler_rx
                                                   scheduler_tx
    -------------------------------------------------------------------------
XDATA_I
  Relative segment, address: XDATA 0000177E - 000017A2 (0x25 bytes), align: 0
  Segment part 279.           Intra module refs:   LLC_close_slot
                                                   LLC_open_slot
    -------------------------------------------------------------------------
XDATA_I
  Relative segment, address: XDATA 000017A3 - 000017CB (0x29 bytes), align: 0
  Segment part 281.           Intra module refs:   LLC_open_slot
    -------------------------------------------------------------------------
XDATA_I
  Relative segment, address: XDATA 000017CC - 000017DA (0xf bytes), align: 0
  Segment part 283.           Intra module refs:   LLC_close_slot
           LOCAL                   ADDRESS         
           =====                   =======         
           LLC_close_slot::__FUNCTION__
                                   000017CC 
    -------------------------------------------------------------------------
XDATA_I
  Relative segment, address: XDATA 000017DB - 000017E7 (0xd bytes), align: 0
  Segment part 285.           Intra module refs:   scheduler_tx
           LOCAL                   ADDRESS         
           =====                   =======         
           scheduler_tx::__FUNCTION__
                                   000017DB 
    -------------------------------------------------------------------------
XDATA_I
  Relative segment, address: XDATA 000017E8 - 00001807 (0x20 bytes), align: 0
  Segment part 287.           Intra module refs:   scheduler_tx
    -------------------------------------------------------------------------
XDATA_I
  Relative segment, address: XDATA 00001808 - 00001814 (0xd bytes), align: 0
  Segment part 289.           Intra module refs:   scheduler_rx
           LOCAL                   ADDRESS         
           =====                   =======         
           scheduler_rx::__FUNCTION__
                                   00001808 
    -------------------------------------------------------------------------
XDATA_I
  Relative segment, address: XDATA 00001815 - 00001832 (0x1e bytes), align: 0
  Segment part 291.           Intra module refs:   scheduler_rx
    -------------------------------------------------------------------------
XDATA_I
  Relative segment, address: XDATA 00001833 - 00001847 (0x15 bytes), align: 0
  Segment part 293.           Intra module refs:   scan_tx_buffer_by_ts
           LOCAL                   ADDRESS         
           =====                   =======         
           scan_tx_buffer_by_ts::__FUNCTION__
                                   00001833 
    -------------------------------------------------------------------------
XDATA_I
  Relative segment, address: XDATA 00001848 - 00001859 (0x12 bytes), align: 0
  Segment part 295.           Intra module refs:   scan_tx_buffer_by_ts
    -------------------------------------------------------------------------
XDATA_I
  Relative segment, address: XDATA 0000185A - 00001861 (0x8 bytes), align: 0
  Segment part 297.           Intra module refs:   receive
           LOCAL                   ADDRESS         
           =====                   =======         
           receive::__FUNCTION__   0000185A 
    -------------------------------------------------------------------------
XDATA_I
  Relative segment, address: XDATA 00001862 - 0000186C (0xb bytes), align: 0
  Segment part 299.           Intra module refs:   receive
    -------------------------------------------------------------------------
XDATA_I
  Relative segment, address: XDATA 0000186D - 00001875 (0x9 bytes), align: 0
  Segment part 301.           Intra module refs:   pre_init
           LOCAL                   ADDRESS         
           =====                   =======         
           pre_init::__FUNCTION__
                                   0000186D 
    -------------------------------------------------------------------------
XDATA_I
  Relative segment, address: XDATA 00001876 - 00001882 (0xd bytes), align: 0
  Segment part 303.           Intra module refs:   main
                                                   pre_init
    -------------------------------------------------------------------------
XDATA_I
  Relative segment, address: XDATA 00001883 - 00001889 (0x7 bytes), align: 0
  Segment part 305.           Intra module refs:   main
                                                   pre_init
    -------------------------------------------------------------------------
XDATA_I
  Relative segment, address: XDATA 0000188A - 00001899 (0x10 bytes), align: 0
  Segment part 307.           Intra module refs:   pre_init
    -------------------------------------------------------------------------
XDATA_I
  Relative segment, address: XDATA 0000189A - 0000189C (0x3 bytes), align: 0
  Segment part 309.           Intra module refs:   main
                                                   pre_init
    -------------------------------------------------------------------------
XDATA_I
  Relative segment, address: XDATA 0000189D - 000018A1 (0x5 bytes), align: 0
  Segment part 311.           Intra module refs:   main
           LOCAL                   ADDRESS         
           =====                   =======         
           main::__FUNCTION__      0000189D 
    -------------------------------------------------------------------------
XDATA_I
  Relative segment, address: XDATA 000018A2 - 000018AA (0x9 bytes), align: 0
  Segment part 313.           Intra module refs:   main
    -------------------------------------------------------------------------
XDATA_I
  Relative segment, address: XDATA 000018AB - 000018B2 (0x8 bytes), align: 0
  Segment part 325.           Intra module refs:   setFreq
           LOCAL                   ADDRESS         
           =====                   =======         
           setFreq::__FUNCTION__   000018AB 
    -------------------------------------------------------------------------
XDATA_I
  Relative segment, address: XDATA 000018B3 - 000018BF (0xd bytes), align: 0
  Segment part 327.           Intra module refs:   RI_Receive
                                                   RI_Send
                                                   setFreq
    -------------------------------------------------------------------------
XDATA_I
  Relative segment, address: XDATA 000018C0 - 000018C7 (0x8 bytes), align: 0
  Segment part 329.           Intra module refs:   RI_Receive
                                                   RI_Send
                                                   setFreq
    -------------------------------------------------------------------------
XDATA_I
  Relative segment, address: XDATA 000018C8 - 000018F4 (0x2d bytes), align: 0
  Segment part 331.           Intra module refs:   setFreq
    -------------------------------------------------------------------------
XDATA_I
  Relative segment, address: XDATA 000018F5 - 000018FC (0x8 bytes), align: 0
  Segment part 333.           Intra module refs:   RI_Send
           LOCAL                   ADDRESS         
           =====                   =======         
           RI_Send::__FUNCTION__   000018F5 
    -------------------------------------------------------------------------
XDATA_I
  Relative segment, address: XDATA 000018FD - 00001913 (0x17 bytes), align: 0
  Segment part 335.           Intra module refs:   RI_Send
    -------------------------------------------------------------------------
XDATA_I
[...]

  SEGMENTS IN THE MODULE
  ======================
XDATA_Z
  Relative segment, address: XDATA 000010B6 - 000010B6 (0x1 bytes), align: 0
  Segment part 6.             Intra module refs:   rand
           ENTRY                   ADDRESS         REF BY
           =====                   =======         ======
           _Randinit               000010B6        srand (?srand)
    -------------------------------------------------------------------------
XDATA_Z
  Relative segment, address: XDATA 000010B7 - 000010B8 (0x2 bytes), align: 0
  Segment part 7.             Intra module refs:   rand
           ENTRY                   ADDRESS         REF BY
           =====                   =======         ======
           __iar_Tls_setup__Randinit
                                   000010B7        srand (?srand)
    -------------------------------------------------------------------------
XDATA_I
  Relative segment, address: XDATA 00001B44 - 00001B47 (0x4 bytes), align: 0
  Segment part 8.             Intra module refs:   rand
           ENTRY                   ADDRESS         REF BY
           =====                   =======         ======
           _Randseed               00001B44        srand (?srand)
    -------------------------------------------------------------------------
XDATA_I
  Relative segment, address: XDATA 00001B48 - 00001B4B (0x4 bytes), align: 0
  Segment part 15.            Intra module refs:   rand
           ENTRY                   ADDRESS         REF BY
           =====                   =======         ======
           __Constant_19660d       00001B48 
    -------------------------------------------------------------------------
XDATA_I
  Relative segment, address: XDATA 00001B4C - 00001B4F (0x4 bytes), align: 0
  Segment part 17.            Intra module refs:   rand
           ENTRY                   ADDRESS         REF BY
           =====                   =======         ======
           __Constant_3c6ef35f     00001B4C 
    -------------------------------------------------------------------------
XDATA_Z
  Relative segment, address: XDATA 000010B9 - 000010BA (0x2 bytes), align: 0
  Segment part 10.            Intra module refs:   rand
           ENTRY                   ADDRESS         REF BY
           =====                   =======         ======
           __iar_Tls_setup__Randseed
                                   000010B9        srand (?srand)
    -------------------------------------------------------------------------
XDATA_Z
  Relative segment, address: XDATA 000010BB - 000010BE (0x4 bytes), align: 0
  Segment part 11.            Intra module refs:   rand
    -------------------------------------------------------------------------
XDATA_Z
  Relative segment, address: XDATA 000010BF - 000010C0 (0x2 bytes), align: 0
  Segment part 12.            Intra module refs:   rand
    -------------------------------------------------------------------------
XDATA_Z
  Relative segment, address: XDATA 000010C1 - 00001140 (0x80 bytes), align: 0
  Segment part 13.            Intra module refs:   rand
    -------------------------------------------------------------------------
XDATA_Z
  Relative segment, address: XDATA 00001141 - 00001142 (0x2 bytes), align: 0
  Segment part 14.            Intra module refs:   rand
    -------------------------------------------------------------------------
<BANKED_CODE> 1 (was BANKED_CODE)
  Relative segment, address: CODE 000055B8 - 00005719 (0x162 bytes), align: 0
  Segment part 19.            Intra module refs:   rand::?relay
           ENTRY                   ADDRESS         REF BY
           =====                   =======         ======
           rand                    000055B8 
               XSTACK = 00000000 ( 00000010 )
    -------------------------------------------------------------------------
<BANKED_CODE> 1 (was BANKED_CODE)
  Relative segment, address: CODE 0000571A - 0000571F (0x6 bytes), align: 0
  Segment part 21.            Intra module refs:   rand
    -------------------------------------------------------------------------
<BANKED_CODE> 1 (was BANKED_CODE)
  Relative segment, address: CODE 00005720 - 00005727 (0x8 bytes), align: 0
  Segment part 22.            Intra module refs:   rand
    -------------------------------------------------------------------------
XDATA_ID
  Relative segment, address: CODE 00000ABC - 00000ABF (0x4 bytes), align: 0
  Segment part 9.             Intra module refs:   _Randseed
    -------------------------------------------------------------------------
XDATA_ID
  Relative segment, address: CODE 00000AC0 - 00000AC3 (0x4 bytes), align: 0
  Segment part 16.            Intra module refs:   __Constant_19660d
    -------------------------------------------------------------------------
XDATA_ID
  Relative segment, address: CODE 00000AC4 - 00000AC7 (0x4 bytes), align: 0
  Segment part 18.            Intra module refs:   __Constant_3c6ef35f
    -------------------------------------------------------------------------
BANK_RELAYS
  Relative segment, address: CODE 00000EBE - 00000EC3 (0x6 bytes), align: 0
  Segment part 20.
           ENTRY                   ADDRESS         REF BY
           =====                   =======         ======
           rand::?relay            00000EBE        _throw_dice (?__write)
                                                   random_core_init (?__write)

    -------------------------------------------------------------------------
  LIBRARY MODULE, NAME : ?srand

  SEGMENTS IN THE MODULE
  ======================
<BANKED_CODE> 1 (was BANKED_CODE)
  Relative segment, address: CODE 000057CB - 00005812 (0x48 bytes), align: 0
  Segment part 6.             Intra module refs:   srand::?relay
           ENTRY                   ADDRESS         REF BY
           =====                   =======         ======
           srand                   000057CB 
               XSTACK = 00000000 ( 0000000C )
    -------------------------------------------------------------------------
BANK_RELAYS
  Relative segment, address: CODE 00000EC4 - 00000EC9 (0x6 bytes), align: 0
  Segment part 7.
           ENTRY                   ADDRESS         REF BY
           =====                   =======         ======
           srand::?relay           00000EC4        random_core_init (?__write)

    -------------------------------------------------------------------------
  LIBRARY MODULE, NAME : ?strlen

  SEGMENTS IN THE MODULE
  ======================
<BANKED_CODE> 1 (was BANKED_CODE)
  Relative segment, address: CODE 000058CB - 000058E8 (0x1e bytes), align: 0
  Segment part 6.             Intra module refs:   strlen::?relay
           ENTRY                   ADDRESS         REF BY
           =====                   =======         ======
           strlen                  000058CB 
               is indirectly called
               ISTACK = 00000000 ( 00000002 )
    -------------------------------------------------------------------------
BANK_RELAYS
  Relative segment, address: CODE 00000ECA - 00000ECF (0x6 bytes), align: 0
  Segment part 7.
           ENTRY                   ADDRESS         REF BY
           =====                   =======         ======
           strlen::?relay          00000ECA        _PrintfTiny (?xprintftiny)

    -------------------------------------------------------------------------
  LIBRARY MODULE, NAME : ?xprintftiny

  SEGMENTS IN THE MODULE
  ======================
<BANKED_CODE> 1 (was BANKED_CODE)
  Relative segment, address: CODE 00005187 - 000051D8 (0x52 bytes), align: 0
  Segment part 14.            Intra module refs:   out::?relay
           LOCAL                   ADDRESS         
           =====                   =======         
           out                     00005187 
               XSTACK = 0000002F ( 0000000E )
    -------------------------------------------------------------------------
<BANKED_CODE> 1 (was BANKED_CODE)
  Relative segment, address: CODE 000051D9 - 00005559 (0x381 bytes), align: 0
  Segment part 16.            Intra module refs:   _PrintfTiny::?relay
           ENTRY                   ADDRESS         REF BY
           =====                   =======         ======
           _PrintfTiny             000051D9 
               calls direct
               XSTACK = 00000004 ( 0000002F )
               ISTACK = 00000000 ( 00000001 )
    -------------------------------------------------------------------------
<BANKED_CODE> 1 (was BANKED_CODE)
  Relative segment, address: CODE 0000555A - 00005562 (0x9 bytes), align: 0
  Segment part 18.            Intra module refs:   _PrintfTiny
    -------------------------------------------------------------------------
<BANKED_CODE> 1 (was BANKED_CODE)
  Relative segment, address: CODE 00005563 - 00005568 (0x6 bytes), align: 0
  Segment part 19.            Intra module refs:   _PrintfTiny
    -------------------------------------------------------------------------
<BANKED_CODE> 1 (was BANKED_CODE)
  Relative segment, address: CODE 00005569 - 0000556C (0x4 bytes), align: 0
  Segment part 20.            Intra module refs:   Segment part 19
                                                   Segment part 27
                                                   _PrintfTiny
    -------------------------------------------------------------------------
<BANKED_CODE> 1 (was BANKED_CODE)
  Relative segment, address: CODE 0000556D - 00005575 (0x9 bytes), align: 0
  Segment part 21.            Intra module refs:   Segment part 20
                                                   Segment part 23
    -------------------------------------------------------------------------
<BANKED_CODE> 1 (was BANKED_CODE)
  Relative segment, address: CODE 00005576 - 00005579 (0x4 bytes), align: 0
  Segment part 22.            Intra module refs:   _PrintfTiny
    -------------------------------------------------------------------------
<BANKED_CODE> 1 (was BANKED_CODE)
  Relative segment, address: CODE 0000557A - 00005581 (0x8 bytes), align: 0
  Segment part 23.            Intra module refs:   Segment part 22
                                                   Segment part 24
    -------------------------------------------------------------------------
<BANKED_CODE> 1 (was BANKED_CODE)
  Relative segment, address: CODE 00005582 - 00005592 (0x11 bytes), align: 0
  Segment part 24.            Intra module refs:   _PrintfTiny
    -------------------------------------------------------------------------
<BANKED_CODE> 1 (was BANKED_CODE)
  Relative segment, address: CODE 00005593 - 00005597 (0x5 bytes), align: 0
  Segment part 25.            Intra module refs:   _PrintfTiny
    -------------------------------------------------------------------------
<BANKED_CODE> 1 (was BANKED_CODE)
  Relative segment, address: CODE 00005598 - 000055A4 (0xd bytes), align: 0
  Segment part 26.            Intra module refs:   Segment part 25
                                                   _PrintfTiny
    -------------------------------------------------------------------------
<BANKED_CODE> 1 (was BANKED_CODE)
  Relative segment, address: CODE 000055A5 - 000055AD (0x9 bytes), align: 0
  Segment part 27.            Intra module refs:   _PrintfTiny
    -------------------------------------------------------------------------
<BANKED_CODE> 1 (was BANKED_CODE)
  Relative segment, address: CODE 000055AE - 000055B7 (0xa bytes), align: 0
  Segment part 28.            Intra module refs:   Segment part 27
                                                   _PrintfTiny
    -------------------------------------------------------------------------
XDATA_ID
  Relative segment, address: CODE 00000AC8 - 00000AC9 (0x2 bytes), align: 0
  Segment part 7.             Intra module refs:   Segment part 6
    -------------------------------------------------------------------------
XDATA_ID
  Relative segment, address: CODE 00000ACA - 00000ACB (0x2 bytes), align: 0
  Segment part 9.             Intra module refs:   Segment part 8
    -------------------------------------------------------------------------
XDATA_ID
  Relative segment, address: CODE 00000ACC - 00000ACF (0x4 bytes), align: 0
  Segment part 11.            Intra module refs:   __Constant_0
    -------------------------------------------------------------------------
XDATA_ID
  Relative segment, address: CODE 00000AD0 - 00000AD3 (0x4 bytes), align: 0
  Segment part 13.            Intra module refs:   __Constant_ffff
    -------------------------------------------------------------------------
BANK_RELAYS
  Relative segment, address: CODE 00000ED0 - 00000ED5 (0x6 bytes), align: 0
  Segment part 15.            Intra module refs:   _PrintfTiny
           LOCAL                   ADDRESS         
           =====                   =======         
           out::?relay             00000ED0 
    -------------------------------------------------------------------------
BANK_RELAYS
  Relative segment, address: CODE 00000ED6 - 00000EDB (0x6 bytes), align: 0
  Segment part 17.
           ENTRY                   ADDRESS         REF BY
           =====                   =======         ======
           _PrintfTiny::?relay     00000ED6        printf (?printf)
    -------------------------------------------------------------------------
XDATA_I
  Relative segment, address: XDATA 00001B50 - 00001B51 (0x2 bytes), align: 0
  Segment part 6.             Intra module refs:   _PrintfTiny
    -------------------------------------------------------------------------
XDATA_I
  Relative segment, address: XDATA 00001B52 - 00001B53 (0x2 bytes), align: 0
  Segment part 8.             Intra module refs:   _PrintfTiny
    -------------------------------------------------------------------------
XDATA_I
  Relative segment, address: XDATA 00001B54 - 00001B57 (0x4 bytes), align: 0
  Segment part 10.            Intra module refs:   _PrintfTiny
           ENTRY                   ADDRESS         REF BY
           =====                   =======         ======
           __Constant_0            00001B54 
    -------------------------------------------------------------------------
XDATA_I
  Relative segment, address: XDATA 00001B58 - 00001B5B (0x4 bytes), align: 0
  Segment part 12.            Intra module refs:   _PrintfTiny
           ENTRY                   ADDRESS         REF BY
           =====                   =======         ======
           __Constant_ffff         00001B58 

    -------------------------------------------------------------------------
  LIBRARY MODULE, NAME : ?xprout

  SEGMENTS IN THE MODULE
  ======================
<BANKED_CODE> 1 (was BANKED_CODE)
  Relative segment, address: CODE 0000587C - 000058A6 (0x2b bytes), align: 0
  Segment part 6.             Intra module refs:   _Prout::?relay
           ENTRY                   ADDRESS         REF BY
           =====                   =======         ======
           _Prout                  0000587C 
               calls direct
               XSTACK = 00000000 ( 0000000E )
    -------------------------------------------------------------------------
BANK_RELAYS
  Relative segment, address: CODE 00000EDC - 00000EE1 (0x6 bytes), align: 0
  Segment part 7.
           ENTRY                   ADDRESS         REF BY
           =====                   =======         ======
           _Prout::?relay          00000EDC        printf (?printf)




                ****************************************
                *                                      *
                *      SEGMENTS IN ADDRESS ORDER       *
                *                                      *
                ****************************************


SEGMENT              SPACE    START ADDRESS   END ADDRESS     SIZE  TYPE  ALIGN
=======              =====    =============   ===========     ====  ====  =====
INTVEC               CODE          00000000 - 0000002D          2E   com    0
CSTART               CODE          0000002E - 000000BA          8D   rel    0
DATA_ID              CODE               000000BB                     dse    0
BDATA_ID             CODE               000000BB                     dse    0
BIT_ID               CODE               000000BB                     dse    0
IDATA_ID             CODE               000000BB                     dse    0
IXDATA_ID            CODE               000000BB                     dse    0
PDATA_ID             CODE               000000BB                     dse    0
XDATA_ID             CODE          000000BB - 00000AD3         A19   rel    0
BANK_RELAYS          CODE          00000AD4 - 00000EE1         40E   rel    0
RCODE                CODE          00000EE2 - 00001815         934   rel    0
CODE_N               CODE               00001816                     dse    0
CODE_C               CODE               00001816                     dse    0
DIFUNCT              CODE               00001816                     rel    0
NEAR_CODE            CODE          00001816 - 0000183A          25   rel    0
<BANKED_CODE> 1      CODE          0000183B - 000058F9        40BF   rel    0
REGISTERS            DATA          00000000 - 00000007           8   rel    0
VREG                 DATA          00000008 - 0000000F           8   rel    0
PSP                  DATA          00000010 - 00000010           1   rel    0
XSP                  DATA          00000011 - 00000012           2   rel    0
BREG                 BIT        00000020.0  -  00000020.7        8   rel    0
SFR_AN               DATA          00000086 - 00000086           1   rel    0
                     DATA          00000091 - 00000091           1 
                     DATA          00000094 - 00000097           4 
                     DATA          0000009D - 0000009E           2 
                     DATA          000000A2 - 000000A5           4 
                     DATA          000000A8 - 000000A8           1 
                     DATA          000000AD - 000000AD           1 
                     DATA          000000B3 - 000000B3           1 
                     DATA          000000C0 - 000000C2           3 
                     DATA          000000C5 - 000000C6           2 
                     DATA          000000D2 - 000000D7           6 
                     DATA          000000D9 - 000000D9           1 
                     DATA          000000E1 - 000000E1           1 
                     DATA          000000E9 - 000000E9           1 
                     DATA          000000F1 - 000000F1           1 
                     DATA          000000F3 - 000000F4           2 
                     DATA          000000F8 - 000000FA           3 
                     DATA          000000FC - 000000FC           1 
XSTACK               XDATA         00000001 - 00000100         100   rel    0
XDATA_Z              XDATA         00000101 - 00001142        1042   rel    0
XDATA_I              XDATA         00001143 - 00001B5B         A19   rel    0
PDATA_Z              XDATA              00001E00                     dse    0
PSTACK               XDATA         00001E00 - 00001E7F          80   rel    0
ISTACK               IDATA         00000080 - 000000FF          80   rel    0

                ****************************************
                *                                      *
                *        END OF CROSS REFERENCE        *
                *                                      *
                ****************************************

 22 778 bytes of CODE  memory
     19 bytes of DATA  memory (+ 36 absolute )
  7 131 bytes of XDATA memory
    128 bytes of IDATA memory
      8 bits  of BIT   memory

Errors: none
Warnings: none

