################################################################################
#                                                                              #
#      IAR Universal Linker V6.4.6.89                                          #
#                                                                              #
#           Link time     =  02/Feb/2020  15:24:45                             #
#           Target CPU    =  x51                                               #
#           List file     =  E:\WMNU\IAR\NeocoreTNode\Debug\List\neocoreTNode. #
#                            map                                               #
#           Output file 1 =  E:\WMNU\IAR\NeocoreTNode\Debug\Exe\neocoreTNode.d #
#                            51                                                #
#                            Format: ubrof10                                   #
#                            UBROF version 10.0.6                              #
#                            Using library modules for C-SPY (-rt)             #
#           Command line  =  -f                                                #
#                            C:\Users\08A4~1\AppData\Local\Temp\EWCF06.tmp     #
#                            (E:\WMNU\IAR\NeocoreTNode\Debug\Obj\auth.r51      #
#                            E:\WMNU\IAR\NeocoreTNode\Debug\Obj\balancer.r51   #
#                            E:\WMNU\IAR\NeocoreTNode\Debug\Obj\cmd_parser.r51 #
#                            E:\WMNU\IAR\NeocoreTNode\Debug\Obj\coder.r51      #
#                            E:\WMNU\IAR\NeocoreTNode\Debug\Obj\config.r51     #
#                            E:\WMNU\IAR\NeocoreTNode\Debug\Obj\delays.r51     #
#                            E:\WMNU\IAR\NeocoreTNode\Debug\Obj\dma.r51        #
#                            E:\WMNU\IAR\NeocoreTNode\Debug\Obj\ethernet.r51   #
#                            E:\WMNU\IAR\NeocoreTNode\Debug\Obj\frame.r51      #
#                            E:\WMNU\IAR\NeocoreTNode\Debug\Obj\ip.r51         #
#                            E:\WMNU\IAR\NeocoreTNode\Debug\Obj\LLC.r51        #
#                            E:\WMNU\IAR\NeocoreTNode\Debug\Obj\MAC.r51        #
#                            E:\WMNU\IAR\NeocoreTNode\Debug\Obj\main.r51       #
#                            E:\WMNU\IAR\NeocoreTNode\Debug\Obj\manager.r51    #
#                            E:\WMNU\IAR\NeocoreTNode\Debug\Obj\mem.r51        #
#                            E:\WMNU\IAR\NeocoreTNode\Debug\Obj\neighnbor.r51  #
#                            E:\WMNU\IAR\NeocoreTNode\Debug\Obj\NTMR.r51       #
#                            E:\WMNU\IAR\NeocoreTNode\Debug\Obj\nwdebuger.r51  #
#                            E:\WMNU\IAR\NeocoreTNode\Debug\Obj\protocol_contr #
#                            oller.r51                                         #
#                            E:\WMNU\IAR\NeocoreTNode\Debug\Obj\RADIO.r51      #
#                            E:\WMNU\IAR\NeocoreTNode\Debug\Obj\route.r51      #
#                            E:\WMNU\IAR\NeocoreTNode\Debug\Obj\rx_buff.r51    #
#                            E:\WMNU\IAR\NeocoreTNode\Debug\Obj\sync.r51       #
#                            E:\WMNU\IAR\NeocoreTNode\Debug\Obj\tcp.r51        #
#                            E:\WMNU\IAR\NeocoreTNode\Debug\Obj\TIC.r51        #
#                            E:\WMNU\IAR\NeocoreTNode\Debug\Obj\udp.r51 -o     #
#                            E:\WMNU\IAR\NeocoreTNode\Debug\Exe\neocoreTNode.d #
#                            51                                                #
#                            -l                                                #
#                            E:\WMNU\IAR\NeocoreTNode\Debug\List\neocoreTNode. #
#                            map                                               #
#                            -xms                                              #
#                            "-IC:\Program Files (x86)\IAR Systems\Embedded Wo #
#                            rkbench 8.0\8051\LIB\"                            #
#                            -f                                                #
#                            "C:\Program Files (x86)\IAR Systems\Embedded Work #
#                            bench 8.0\8051\config\devices\Texas Instruments\l #
#                            nk51ew_CC2530F256_banked.xcl"                     #
#                            (-D_IDATA0_START=0x00 -D_IDATA0_END=0xFF          #
#                            -D_PDATA0_START=0x1E00 -D_PDATA0_END=0x1EFF       #
#                            -D_IXDATA0_START=0x0001 -D_IXDATA0_END=0x1EFF     #
#                            -D_XDATA0_START=_IXDATA0_START                    #
#                            -D_XDATA0_END=_IXDATA0_END                        #
#                            -D_NEAR_CODE_START=0x0000                         #
#                            -D_FIRST_BANK_ADDR=0x10000 -D?REGISTER_BANK=0x0   #
#                            -D_REGISTER_BANK_START=0x0 -D_BREG_START=0x00     #
#                            -D?VB=0x20 -Z(BIT)BREG=_BREG_START                #
#                            -Z(BIT)BIT_N=0-7F                                 #
#                            -Z(DATA)REGISTERS+8=_REGISTER_BANK_START          #
#                            -Z(DATA)BDATA_Z,BDATA_N,BDATA_I=20-2F             #
#                            -Z(DATA)VREG=08-7F -Z(DATA)PSP,XSP=08-7F          #
#                            -Z(DATA)DOVERLAY=08-7F                            #
#                            -Z(DATA)DATA_I,DATA_Z,DATA_N=08-7F                #
#                            -U(IDATA)0-7F=(DATA)0-7F                          #
#                            -Z(IDATA)IDATA_I,IDATA_Z,IDATA_N=08-_IDATA0_END   #
#                            -Z(IDATA)ISTACK+_IDATA_STACK_SIZE#08-_IDATA0_END  #
#                            -Z(IDATA)IOVERLAY=08-FF -Z(CODE)INTVEC=0          #
#                            -Z(CODE)CSTART=_NEAR_CODE_START-(_CODEBANK_START- #
#                            1)                                                #
#                            -Z(CODE)BIT_ID,BDATA_ID,DATA_ID,IDATA_ID,IXDATA_I #
#                            D,PDATA_ID,XDATA_ID=_NEAR_CODE_START-(_CODEBANK_S #
#                            TART-1)                                           #
#                            -Z(CODE)BANK_RELAYS,RCODE,DIFUNCT,CODE_C,CODE_N,N #
#                            EAR_CODE=_NEAR_CODE_START-(_CODEBANK_START-1)     #
#                            -P(CODE)BANKED_CODE=_NEAR_CODE_START-(_CODEBANK_S #
#                            TART-1),[(_CODEBANK_START+_FIRST_BANK_ADDR)-(_COD #
#                            EBANK_END+_FIRST_BANK_ADDR)]*_NR_OF_BANKS+10000   #
#                            -Z(CODE)CHECKSUM#(_CODEBANK_START-1)              #
#                            -Z(XDATA)PDATA_Z,PDATA_I=_PDATA0_START-_PDATA0_EN #
#                            D                                                 #
#                            -P(XDATA)PDATA_N=_PDATA0_START-_PDATA0_END        #
#                            -Z(XDATA)PSTACK+_PDATA_STACK_SIZE=_PDATA0_START-_ #
#                            PDATA0_END                                        #
#                            -Z(XDATA)EXT_STACK+_EXTENDED_STACK_SIZE=_EXTENDED #
#                            _STACK_START                                      #
#                            -Z(XDATA)XSTACK+_XDATA_STACK_SIZE=_XDATA0_START-_ #
#                            XDATA0_END                                        #
#                            -Z(XDATA)IXDATA_Z,IXDATA_I=_IXDATA0_START-_IXDATA #
#                            0_END                                             #
#                            -P(XDATA)IXDATA_N=_IXDATA0_START-_IXDATA0_END     #
#                            -Z(XDATA)XDATA_Z,XDATA_I=_XDATA0_START-_XDATA0_EN #
#                            D                                                 #
#                            -P(XDATA)XDATA_N=_XDATA0_START-_XDATA0_END        #
#                            -Z(XDATA)XDATA_HEAP+_XDATA_HEAP_SIZE=_XDATA0_STAR #
#                            T-_XDATA0_END                                     #
#                            -Z(CONST)XDATA_ROM_C=_XDATA0_START-_XDATA0_END    #
#                            -cx51                                             #
#                            -M(CODE)[(_CODEBANK_START+_FIRST_BANK_ADDR)-(_COD #
#                            EBANK_END+_FIRST_BANK_ADDR)]*_NR_OF_BANKS+0x10000 #
#                            =0x8000                                           #
#                            -ww69=i -D_BANK0_START=0x00000                    #
#                            -D_BANK0_END=0x07FFF -D_BANK1_START=0x18000       #
#                            -D_BANK1_END=0x1FFFF -D_BANK2_START=0x28000       #
#                            -D_BANK2_END=0x2FFFF -D_BANK3_START=0x38000       #
#                            -D_BANK3_END=0x3FFFF -D_BANK4_START=0x48000       #
#                            -D_BANK4_END=0x4FFFF -D_BANK5_START=0x58000       #
#                            -D_BANK5_END=0x5FFFF -D_BANK6_START=0x68000       #
#                            -D_BANK6_END=0x6FFFF -D_BANK7_START=0x78000       #
#                            -D_BANK7_END=0x7FFFF                              #
#                            -P(CODE)BANK0=_BANK0_START-_BANK0_END             #
#                            -P(CODE)BANK1=_BANK1_START-_BANK1_END             #
#                            -P(CODE)BANK2=_BANK2_START-_BANK2_END             #
#                            -P(CODE)BANK3=_BANK3_START-_BANK3_END             #
#                            -P(CODE)BANK4=_BANK4_START-_BANK4_END             #
#                            -P(CODE)BANK5=_BANK5_START-_BANK5_END             #
#                            -P(CODE)BANK6=_BANK6_START-_BANK6_END             #
#                            -P(CODE)BANK7=_BANK7_START-_BANK7_END             #
#                            -D_FLASH_LOCK_BITS_START=0x7FFF0                  #
#                            -D_FLASH_LOCK_BITS_END=0x7FFFF                    #
#                            -Z(CODE)FLASH_LOCK_BITS=_FLASH_LOCK_BITS_START-_F #
#                            LASH_LOCK_BITS_END                                #
#                            -U(CODE)0x0000=(CODE)_FLASH_LOCK_BITS_START-_FLAS #
#                            H_LOCK_BITS_END)                                  #
#                            -D_NR_OF_VIRTUAL_REGISTERS=8 -D?PBANK=0x93        #
#                            -D?CBANK=0x9F -D?CBANK_MASK=0xFF                  #
#                            -e?BCALL_FF=?BCALL -e?BRET_FF=?BRET               #
#                            -e?BDISPATCH_FF=?BDISPATCH                        #
#                            -D_CODEBANK_START=0x8000 -D_CODEBANK_END=0xFFFF   #
#                            -D_NR_OF_BANKS=0x07                               #
#                            "-IC:\Program Files (x86)\IAR Systems\Embedded Wo #
#                            rkbench 8.0\8051\CONFIG\"                         #
#                            -rt -s __program_start                            #
#                            "C:\Program Files (x86)\IAR Systems\Embedded Work #
#                            bench 8.0\8051\LIB\DLIB\dl-pli-blxd-1e16x01n.r51" #
#                            -D_IDATA_STACK_SIZE=0x80 -D?ESP=0 -D?ESP_MASK=0   #
#                            -D_EXTENDED_STACK_START=0                         #
#                            -D_EXTENDED_STACK_SIZE=0                          #
#                            -D_PDATA_STACK_SIZE=0x80                          #
#                            -D_XDATA_STACK_SIZE=0x22c                         #
#                            -D_XDATA_HEAP_SIZE=0x800 -D_FAR_HEAP_SIZE=0xFFF   #
#                            -D_HUGE_HEAP_SIZE=0xFFF                           #
#                            -D_FAR22_HEAP_SIZE=0xFFF)                         #
#                                                                              #
#                           Copyright (C) 1987-2016 IAR Systems AB.            #
################################################################################





                ****************************************
                *                                      *
                *           CROSS REFERENCE            *
                *                                      *
                ****************************************

       Program entry at : CODE      00000085  Relocatable, from module : CSTARTUP




                ****************************************
                *                                      *
                *            RUNTIME MODEL             *
                *                                      *
                ****************************************

  __Heap_Handler             = Basic
  __SystemLibrary            = DLib
  __calling_convention       = xdata_reentrant
  __code_model               = banked
  __core                     = plain
  __data_model               = large
  __dlib_file_descriptor     = 0
  __dlib_full_locale_support = 0
  __dptr_size                = 16
  __extended_stack           = disabled
  __location_for_constants   = data
  __number_of_dptrs          = 1
  __register_banks           = *
  __rt_version               = 1

                ****************************************
                *                                      *
                *    AUTOMATIC SYMBOL REDIRECTIONS     *
                *                                      *
                ****************************************

       All references to: _Printf
         were redirected to: _PrintfTiny
       All references to: _Printf::?relay
         were redirected to: _PrintfTiny::?relay



                ****************************************
                *                                      *
                *              MODULE MAP              *
                *                                      *
                ****************************************


  DEFINED ABSOLUTE ENTRIES
    *************************************************************************

  DEFINED ABSOLUTE ENTRIES
  PROGRAM MODULE, NAME : ?ABS_ENTRY_MOD

Absolute parts
           ENTRY                   ADDRESS         REF BY
           =====                   =======         ======
           _FAR22_HEAP_SIZE        00000FFF 
           _HUGE_HEAP_SIZE         00000FFF 
           _FAR_HEAP_SIZE          00000FFF 
           _XDATA_HEAP_SIZE        00000800 
           _XDATA_STACK_SIZE       0000022C 
           _PDATA_STACK_SIZE       00000080 
           _EXTENDED_STACK_SIZE    00000000 
           _EXTENDED_STACK_START   00000000 
           ?ESP_MASK               00000000 
           ?ESP                    00000000 
           _IDATA_STACK_SIZE       00000080 
           _NR_OF_BANKS            00000007 
           _CODEBANK_END           0000FFFF 
           _CODEBANK_START         00008000 
           ?CBANK_MASK             000000FF 
           ?CBANK                  0000009F        ?RESET_CODE_BANK (CSTARTUP)
                                                   Segment part 0 (?BANKED_CODE_SUPPORT)
           ?PBANK                  00000093 
           _NR_OF_VIRTUAL_REGISTERS
                                   00000008 
           _FLASH_LOCK_BITS_END    0003FFFF 
           _FLASH_LOCK_BITS_START
                                   0003FFF0 
           _BANK7_END              0003FFFF 
           _BANK7_START            00038000 
           _BANK6_END              00037FFF 
           _BANK6_START            00030000 
           _BANK5_END              0002FFFF 
           _BANK5_START            00028000 
           _BANK4_END              00027FFF 
           _BANK4_START            00020000 
           _BANK3_END              0001FFFF 
           _BANK3_START            00018000 
           _BANK2_END              00017FFF 
           _BANK2_START            00010000 
           _BANK1_END              0000FFFF 
           _BANK1_START            00008000 
           _BANK0_END              00007FFF 
           _BANK0_START            00000000 
           ?VB                     00000020        ?BANKED_ENTER_XDATA (?BANKED_ENTER_XDATA)
                                                   ?BANKED_LEAVE_XDATA (?BANKED_LEAVE_XDATA)
                                                   ?INTERRUPT_ENTER_XSP (?INTERRUPT_ENTER_XSP)
                                                   ?INTERRUPT_LEAVE_XSP (?INTERRUPT_LEAVE_XSP)
                                                   AES_StreamCoder (?__write)
                                                   ETH_Send (?__write)
                                                   MAC_ACK_Send (?__write)
                                                   MAC_RX_HNDL (?__write)
                                                   MAC_TX_HNDL (?__write)
                                                   RI_Receive (?__write)
                                                   RI_Send (?__write)
                                                   RP_Receive_HNDL (?__write)
                                                   RecvData (?__write)
                                                   SY_SYNC_NETWORK (?__write)
                                                   SendData (?__write)
                                                   TIC_SetRXState (?__write)
                                                   TIC_SetTXState (?__write)
                                                   communication_node_chose (?__write)
                                                   insert_record (?__write)
                                                   network_discovery (?__write)
                                                   send_sync (?__write)
           _BREG_START             00000000 
           _REGISTER_BANK_START    00000000 
           ?REGISTER_BANK          00000000        Segment part 6 (CSTARTUP)
           _FIRST_BANK_ADDR        00010000 
           _NEAR_CODE_START        00000000 
           _XDATA0_END             00001EFF 
           _XDATA0_START           00000001 
           _IXDATA0_END            00001EFF 
           _IXDATA0_START          00000001 
           _PDATA0_END             00001EFF 
           _PDATA0_START           00001E00 
           _IDATA0_END             000000FF 
           _IDATA0_START           00000000 
    *************************************************************************

  FILE NAME : E:\WMNU\IAR\NeocoreTNode\Debug\Obj\auth.r51
  PROGRAM MODULE, NAME : ?__write

  SEGMENTS IN THE MODULE
  ======================
<BANKED_CODE> 1 (was BANKED_CODE)
  Relative segment, address: CODE 00001603 - 00001617 (0x15 bytes), align: 0
  Segment part 301.           Intra module refs:   AUTH_Init::?relay
           ENTRY                   ADDRESS         REF BY
           =====                   =======         ======
           AUTH_Init               00001603 
               calls direct
               ISTACK = 00000000 ( 00000002 )
    -------------------------------------------------------------------------
<BANKED_CODE> 1 (was BANKED_CODE)
  Relative segment, address: CODE 00001618 - 0000161A (0x3 bytes), align: 0
  Segment part 303.           Intra module refs:   AUTH_Reset::?relay
           ENTRY                   ADDRESS         REF BY
           =====                   =======         ======
           AUTH_Reset              00001618 
               XSTACK = 0000000A ( 00000000 )
    -------------------------------------------------------------------------
<BANKED_CODE> 1 (was BANKED_CODE)
  Relative segment, address: CODE 0000161B - 0000161D (0x3 bytes), align: 0
  Segment part 305.           Intra module refs:   AUTH_Receive_HNDL::?relay
           ENTRY                   ADDRESS         REF BY
           =====                   =======         ======
           AUTH_Receive_HNDL       0000161B 
               XSTACK = 00000009 ( 00000000 )
    -------------------------------------------------------------------------
<BANKED_CODE> 1 (was BANKED_CODE)
  Relative segment, address: CODE 0000161E - 00001620 (0x3 bytes), align: 0
  Segment part 307.           Intra module refs:   AUTH_TimeAlloc_HNDL::?relay
           LOCAL                   ADDRESS         
           =====                   =======         
           AUTH_TimeAlloc_HNDL     0000161E 
               is indirectly called
    -------------------------------------------------------------------------
<BANKED_CODE> 1 (was BANKED_CODE)
  Relative segment, address: CODE 00001621 - 00001632 (0x12 bytes), align: 0
  Segment part 309.           Intra module refs:   TB_Init::?relay
           ENTRY                   ADDRESS         REF BY
           =====                   =======         ======
           TB_Init                 00001621 
               calls direct
               ISTACK = 00000000 ( 00000002 )
    -------------------------------------------------------------------------
<BANKED_CODE> 1 (was BANKED_CODE)
  Relative segment, address: CODE 00001633 - 00001635 (0x3 bytes), align: 0
  Segment part 313.           Intra module refs:   TB_TimeAlloc_HNDL::?relay
           LOCAL                   ADDRESS         
           =====                   =======         
           TB_TimeAlloc_HNDL       00001633 
               is indirectly called
    -------------------------------------------------------------------------
<BANKED_CODE> 1 (was BANKED_CODE)
  Relative segment, address: CODE 00001636 - 00001638 (0x3 bytes), align: 0
  Segment part 315.           Intra module refs:   TB_Receive_HNDL::?relay
           ENTRY                   ADDRESS         REF BY
           =====                   =======         ======
           TB_Receive_HNDL         00001636 
               XSTACK = 0000001F ( 00000000 )
    -------------------------------------------------------------------------
SFR_AN
  Relative segment, address: DATA 00000086 - 00000086 (0x1 bytes), align: 0
  Segment part 1. ROOT        Intra module refs:   MyLowLevelPutchar
           ENTRY                   ADDRESS         REF BY
           =====                   =======         ======
           U0CSR                   00000086 
    -------------------------------------------------------------------------
SFR_AN
  Relative segment, address: DATA 00000087 - 00000087 (0x1 bytes), align: 0
  Segment part 2. ROOT        Intra module refs:   main
           ENTRY                   ADDRESS         REF BY
           =====                   =======         ======
           PCON                    00000087 
    -------------------------------------------------------------------------
SFR_AN
  Relative segment, address: DATA 00000090 - 00000090 (0x1 bytes), align: 0
  Segment part 3. ROOT        Intra module refs:   SY_TIME_ALLOC_SLAVE
                                                   SY_TS1_HNDL_SLAVE
                                                   UDP_Port_10_HNDL
                                                   main
           ENTRY                   ADDRESS         REF BY
           =====                   =======         ======
           _A_P1                   00000090 
           LOCAL                   ADDRESS         
           =====                   =======         
           P1                      00000090 
    -------------------------------------------------------------------------
SFR_AN
  Relative segment, address: DATA 00000091 - 00000091 (0x1 bytes), align: 0
  Segment part 4. ROOT        Intra module refs:   SendData
           ENTRY                   ADDRESS         REF BY
           =====                   =======         ======
           RFIRQF1                 00000091 
    -------------------------------------------------------------------------
SFR_AN
  Relative segment, address: DATA 00000094 - 00000094 (0x1 bytes), align: 0
  Segment part 5. ROOT        Intra module refs:   TIM_init
           ENTRY                   ADDRESS         REF BY
           =====                   =======         ======
           T2CTRL                  00000094 
    -------------------------------------------------------------------------
SFR_AN
  Relative segment, address: DATA 00000095 - 00000095 (0x1 bytes), align: 0
  Segment part 6. ROOT        Intra module refs:   NT_WaitTime
                                                   ReadTimer
                                                   loadTimerCompare
           ENTRY                   ADDRESS         REF BY
           =====                   =======         ======
           ST0                     00000095 
    -------------------------------------------------------------------------
SFR_AN
  Relative segment, address: DATA 00000096 - 00000096 (0x1 bytes), align: 0
  Segment part 7. ROOT        Intra module refs:   NT_WaitTime
                                                   ReadTimer
                                                   loadTimerCompare
           ENTRY                   ADDRESS         REF BY
           =====                   =======         ======
           ST1                     00000096 
    -------------------------------------------------------------------------
SFR_AN
  Relative segment, address: DATA 00000097 - 00000097 (0x1 bytes), align: 0
  Segment part 8. ROOT        Intra module refs:   NT_WaitTime
                                                   ReadTimer
                                                   loadTimerCompare
           ENTRY                   ADDRESS         REF BY
           =====                   =======         ======
           ST2                     00000097 
    -------------------------------------------------------------------------
SFR_AN
  Relative segment, address: DATA 0000009D - 0000009D (0x1 bytes), align: 0
  Segment part 9. ROOT        Intra module refs:   NT_WaitTime
                                                   ReadTimer
           ENTRY                   ADDRESS         REF BY
           =====                   =======         ======
           SLEEPSTA                0000009D 
    -------------------------------------------------------------------------
SFR_AN
  Relative segment, address: DATA 0000009E - 0000009E (0x1 bytes), align: 0
  Segment part 10. ROOT       Intra module refs:   NT_Init
           ENTRY                   ADDRESS         REF BY
           =====                   =======         ======
           CLKCONSTA               0000009E 
    -------------------------------------------------------------------------
SFR_AN
  Relative segment, address: DATA 000000A2 - 000000A2 (0x1 bytes), align: 0
  Segment part 11. ROOT       Intra module refs:   TIM_TimeStamp
           ENTRY                   ADDRESS         REF BY
           =====                   =======         ======
           T2M0                    000000A2 
    -------------------------------------------------------------------------
SFR_AN
  Relative segment, address: DATA 000000A3 - 000000A3 (0x1 bytes), align: 0
  Segment part 12. ROOT       Intra module refs:   TIM_TimeStamp
           ENTRY                   ADDRESS         REF BY
           =====                   =======         ======
           T2M1                    000000A3 
    -------------------------------------------------------------------------
SFR_AN
  Relative segment, address: DATA 000000A4 - 000000A4 (0x1 bytes), align: 0
  Segment part 13. ROOT       Intra module refs:   TIM_TimeStamp
           ENTRY                   ADDRESS         REF BY
           =====                   =======         ======
           T2MOVF0                 000000A4 
    -------------------------------------------------------------------------
SFR_AN
  Relative segment, address: DATA 000000A5 - 000000A5 (0x1 bytes), align: 0
  Segment part 14. ROOT       Intra module refs:   TIM_TimeStamp
           ENTRY                   ADDRESS         REF BY
           =====                   =======         ======
           T2MOVF1                 000000A5 
    -------------------------------------------------------------------------
SFR_AN
  Relative segment, address: DATA 000000A8 - 000000A8 (0x1 bytes), align: 0
  Segment part 15. ROOT       Intra module refs:   NT_IRQEnable
                                                   NT_Init
                                                   frame_addHeader
                                                   frame_create
                                                   frame_delete
                                                   isIRQEnable
                                                   re_free
                                                   re_malloc
                                                   re_memcpy
           ENTRY                   ADDRESS         REF BY
           =====                   =======         ======
           _A_IEN0                 000000A8 
           LOCAL                   ADDRESS         
           =====                   =======         
           IEN0                    000000A8 
    -------------------------------------------------------------------------
SFR_AN
  Relative segment, address: DATA 000000AD - 000000AD (0x1 bytes), align: 0
  Segment part 16. ROOT       Intra module refs:   loadTimerCompare
           ENTRY                   ADDRESS         REF BY
           =====                   =======         ======
           STLOAD                  000000AD 
    -------------------------------------------------------------------------
SFR_AN
  Relative segment, address: DATA 000000B3 - 000000B3 (0x1 bytes), align: 0
  Segment part 17. ROOT       Intra module refs:   AES_StreamCoder
           ENTRY                   ADDRESS         REF BY
           =====                   =======         ======
           ENCCS                   000000B3 
    -------------------------------------------------------------------------
SFR_AN
  Relative segment, address: DATA 000000BE - 000000BE (0x1 bytes), align: 0
  Segment part 18. ROOT       Intra module refs:   main
           ENTRY                   ADDRESS         REF BY
           =====                   =======         ======
           SLEEPCMD                000000BE 
    -------------------------------------------------------------------------
SFR_AN
  Relative segment, address: DATA 000000C0 - 000000C0 (0x1 bytes), align: 0
  Segment part 19. ROOT       Intra module refs:   NT_IRQEnable
                                                   TimerCompareInterrupt
           ENTRY                   ADDRESS         REF BY
           =====                   =======         ======
           _A_IRCON                000000C0 
           LOCAL                   ADDRESS         
           =====                   =======         
           IRCON                   000000C0 
    -------------------------------------------------------------------------
SFR_AN
  Relative segment, address: DATA 000000C1 - 000000C1 (0x1 bytes), align: 0
  Segment part 20. ROOT       Intra module refs:   MyLowLevelPutchar
           ENTRY                   ADDRESS         REF BY
           =====                   =======         ======
           U0DBUF                  000000C1 
    -------------------------------------------------------------------------
SFR_AN
  Relative segment, address: DATA 000000C2 - 000000C2 (0x1 bytes), align: 0
  Segment part 21. ROOT 
           ENTRY                   ADDRESS         REF BY
           =====                   =======         ======
           U0BAUD                  000000C2 
    -------------------------------------------------------------------------
SFR_AN
  Relative segment, address: DATA 000000C5 - 000000C5 (0x1 bytes), align: 0
  Segment part 22. ROOT 
           ENTRY                   ADDRESS         REF BY
           =====                   =======         ======
           U0GCR                   000000C5 
    -------------------------------------------------------------------------
SFR_AN
  Relative segment, address: DATA 000000C6 - 000000C6 (0x1 bytes), align: 0
  Segment part 23. ROOT       Intra module refs:   NT_Init
           ENTRY                   ADDRESS         REF BY
           =====                   =======         ======
           CLKCONCMD               000000C6 
    -------------------------------------------------------------------------
SFR_AN
  Relative segment, address: DATA 000000D2 - 000000D2 (0x1 bytes), align: 0
  Segment part 24. ROOT       Intra module refs:   DMA_init
           ENTRY                   ADDRESS         REF BY
           =====                   =======         ======
           DMA1CFGL                000000D2 
    -------------------------------------------------------------------------
SFR_AN
  Relative segment, address: DATA 000000D3 - 000000D3 (0x1 bytes), align: 0
  Segment part 25. ROOT       Intra module refs:   DMA_init
           ENTRY                   ADDRESS         REF BY
           =====                   =======         ======
           DMA1CFGH                000000D3 
    -------------------------------------------------------------------------
SFR_AN
  Relative segment, address: DATA 000000D4 - 000000D4 (0x1 bytes), align: 0
  Segment part 26. ROOT       Intra module refs:   DMA_init
           ENTRY                   ADDRESS         REF BY
           =====                   =======         ======
           DMA0CFGL                000000D4 
    -------------------------------------------------------------------------
SFR_AN
  Relative segment, address: DATA 000000D5 - 000000D5 (0x1 bytes), align: 0
  Segment part 27. ROOT       Intra module refs:   DMA_init
           ENTRY                   ADDRESS         REF BY
           =====                   =======         ======
           DMA0CFGH                000000D5 
    -------------------------------------------------------------------------
SFR_AN
  Relative segment, address: DATA 000000D6 - 000000D6 (0x1 bytes), align: 0
  Segment part 28. ROOT       Intra module refs:   AES_StreamCoder
           ENTRY                   ADDRESS         REF BY
           =====                   =======         ======
           DMAARM                  000000D6 
    -------------------------------------------------------------------------
SFR_AN
  Relative segment, address: DATA 000000D7 - 000000D7 (0x1 bytes), align: 0
  Segment part 29. ROOT       Intra module refs:   AES_StreamCoder
           ENTRY                   ADDRESS         REF BY
           =====                   =======         ======
           DMAREQ                  000000D7 
    -------------------------------------------------------------------------
SFR_AN
  Relative segment, address: DATA 000000D9 - 000000D9 (0x1 bytes), align: 0
  Segment part 30. ROOT       Intra module refs:   LoadTXData
                                                   UnLoadRXData
           ENTRY                   ADDRESS         REF BY
           =====                   =======         ======
           RFD                     000000D9 
    -------------------------------------------------------------------------
SFR_AN
  Relative segment, address: DATA 000000E1 - 000000E1 (0x1 bytes), align: 0
  Segment part 31. ROOT       Intra module refs:   LoadTXData
                                                   RecvData
                                                   SendData
                                                   random_core_init
           ENTRY                   ADDRESS         REF BY
           =====                   =======         ======
           RFST                    000000E1 
    -------------------------------------------------------------------------
SFR_AN
  Relative segment, address: DATA 000000E9 - 000000E9 (0x1 bytes), align: 0
  Segment part 32. ROOT       Intra module refs:   RecvData
                                                   SendData
           ENTRY                   ADDRESS         REF BY
           =====                   =======         ======
           RFIRQF0                 000000E9 
    -------------------------------------------------------------------------
SFR_AN
  Relative segment, address: DATA 000000F1 - 000000F1 (0x1 bytes), align: 0
  Segment part 33. ROOT 
           ENTRY                   ADDRESS         REF BY
           =====                   =======         ======
           PERCFG                  000000F1 
    -------------------------------------------------------------------------
SFR_AN
  Relative segment, address: DATA 000000F3 - 000000F3 (0x1 bytes), align: 0
  Segment part 34. ROOT 
           ENTRY                   ADDRESS         REF BY
           =====                   =======         ======
           P0SEL                   000000F3 
    -------------------------------------------------------------------------
SFR_AN
  Relative segment, address: DATA 000000FE - 000000FE (0x1 bytes), align: 0
  Segment part 35. ROOT       Intra module refs:   main
           ENTRY                   ADDRESS         REF BY
           =====                   =======         ======
           P1DIR                   000000FE 
    -------------------------------------------------------------------------
<BANKED_CODE> 1 (was BANKED_CODE)
  Relative segment, address: CODE 00001639 - 00001705 (0xcd bytes), align: 0
  Segment part 317.           Intra module refs:   AES_init::?relay
           ENTRY                   ADDRESS         REF BY
           =====                   =======         ======
           AES_init                00001639 
               ISTACK = 00000000 ( 00000002 )
    -------------------------------------------------------------------------
<BANKED_CODE> 1 (was BANKED_CODE)
  Relative segment, address: CODE 00001706 - 00001965 (0x260 bytes), align: 0
  Segment part 319.           Intra module refs:   AES_StreamCoder::?relay
           ENTRY                   ADDRESS         REF BY
           =====                   =======         ======
           AES_StreamCoder         00001706 
               calls direct
               XSTACK = 00000010 ( 00000027 )
    -------------------------------------------------------------------------
XDATA_I
  Relative segment, address: XDATA 0000065F - 00000670 (0x12 bytes), align: 0
  Segment part 42.            Intra module refs:   ETH_SetRXCallback
           LOCAL                   ADDRESS         
           =====                   =======         
           ETH_SetRXCallback::__FUNCTION__
                                   0000065F 
    -------------------------------------------------------------------------
XDATA_I
  Relative segment, address: XDATA 00000671 - 00000686 (0x16 bytes), align: 0
  Segment part 44.            Intra module refs:   ETH_SetRXCallback
    -------------------------------------------------------------------------
XDATA_I
  Relative segment, address: XDATA 00000687 - 000006AE (0x28 bytes), align: 0
  Segment part 46.            Intra module refs:   ETH_SetRXCallback
    -------------------------------------------------------------------------
XDATA_I
  Relative segment, address: XDATA 000006AF - 000006B1 (0x3 bytes), align: 0
  Segment part 48.            Intra module refs:   ETH_SetRXCallback
    -------------------------------------------------------------------------
XDATA_I
  Relative segment, address: XDATA 000006B2 - 000006C1 (0x10 bytes), align: 0
  Segment part 50.            Intra module refs:   frame_addHeader
           LOCAL                   ADDRESS         
           =====                   =======         
           frame_addHeader::__FUNCTION__
                                   000006B2 
    -------------------------------------------------------------------------
XDATA_I
  Relative segment, address: XDATA 000006C2 - 000006D7 (0x16 bytes), align: 0
  Segment part 52.            Intra module refs:   frame_addHeader
                                                   frame_create
                                                   frame_delHeader
    -------------------------------------------------------------------------
XDATA_I
  Relative segment, address: XDATA 000006D8 - 000006F9 (0x22 bytes), align: 0
  Segment part 54.            Intra module refs:   frame_addHeader
                                                   frame_create
                                                   frame_delHeader
    -------------------------------------------------------------------------
XDATA_I
  Relative segment, address: XDATA 000006FA - 000006FC (0x3 bytes), align: 0
  Segment part 56.            Intra module refs:   frame_addHeader
                                                   frame_create
                                                   frame_delHeader
    -------------------------------------------------------------------------
XDATA_I
  Relative segment, address: XDATA 000006FD - 0000070C (0x10 bytes), align: 0
  Segment part 58.            Intra module refs:   frame_delHeader
           LOCAL                   ADDRESS         
           =====                   =======         
           frame_delHeader::__FUNCTION__
                                   000006FD 
    -------------------------------------------------------------------------
XDATA_I
  Relative segment, address: XDATA 0000070D - 00000719 (0xd bytes), align: 0
  Segment part 60.            Intra module refs:   frame_create
           LOCAL                   ADDRESS         
           =====                   =======         
           frame_create::__FUNCTION__
                                   0000070D 
    -------------------------------------------------------------------------
XDATA_I
  Relative segment, address: XDATA 0000071A - 0000072B (0x12 bytes), align: 0
  Segment part 62.            Intra module refs:   LLC_SetRXCallback
           LOCAL                   ADDRESS         
           =====                   =======         
           LLC_SetRXCallback::__FUNCTION__
                                   0000071A 
    -------------------------------------------------------------------------
XDATA_I
  Relative segment, address: XDATA 0000072C - 00000741 (0x16 bytes), align: 0
  Segment part 64.            Intra module refs:   LLC_AddTask
                                                   LLC_RX_HNDL
                                                   LLC_SetRXCallback
                                                   LLC_Shelduler
                                                   LLC_TimeAlloc
    -------------------------------------------------------------------------
XDATA_I
  Relative segment, address: XDATA 00000742 - 00000761 (0x20 bytes), align: 0
  Segment part 66.            Intra module refs:   LLC_AddTask
                                                   LLC_RX_HNDL
                                                   LLC_SetRXCallback
                                                   LLC_Shelduler
                                                   LLC_TimeAlloc
    -------------------------------------------------------------------------
XDATA_I
  Relative segment, address: XDATA 00000762 - 00000764 (0x3 bytes), align: 0
  Segment part 68.            Intra module refs:   LLC_AddTask
                                                   LLC_RX_HNDL
                                                   LLC_SetRXCallback
                                                   LLC_Shelduler
                                                   LLC_TimeAlloc
    -------------------------------------------------------------------------
XDATA_I
  Relative segment, address: XDATA 00000765 - 00000772 (0xe bytes), align: 0
  Segment part 70.            Intra module refs:   LLC_TimeAlloc
           LOCAL                   ADDRESS         
           =====                   =======         
           LLC_TimeAlloc::__FUNCTION__
                                   00000765 
    -------------------------------------------------------------------------
XDATA_I
  Relative segment, address: XDATA 00000773 - 0000077E (0xc bytes), align: 0
  Segment part 72.            Intra module refs:   LLC_AddTask
           LOCAL                   ADDRESS         
           =====                   =======         
           LLC_AddTask::__FUNCTION__
                                   00000773 
    -------------------------------------------------------------------------
XDATA_I
  Relative segment, address: XDATA 0000077F - 0000078C (0xe bytes), align: 0
  Segment part 74.            Intra module refs:   LLC_Shelduler
           LOCAL                   ADDRESS         
           =====                   =======         
           LLC_Shelduler::__FUNCTION__
                                   0000077F 
    -------------------------------------------------------------------------
XDATA_I
  Relative segment, address: XDATA 0000078D - 00000798 (0xc bytes), align: 0
  Segment part 76.            Intra module refs:   LLC_RX_HNDL
           LOCAL                   ADDRESS         
           =====                   =======         
           LLC_RX_HNDL::__FUNCTION__
                                   0000078D 
    -------------------------------------------------------------------------
XDATA_I
  Relative segment, address: XDATA 00000799 - 000007A7 (0xf bytes), align: 0
  Segment part 78.            Intra module refs:   MAC_OpenRXSlot
           LOCAL                   ADDRESS         
           =====                   =======         
           MAC_OpenRXSlot::__FUNCTION__
                                   00000799 
    -------------------------------------------------------------------------
XDATA_I
  Relative segment, address: XDATA 000007A8 - 000007BD (0x16 bytes), align: 0
  Segment part 80.            Intra module refs:   MAC_GetTXState
                                                   MAC_OpenRXSlot
                                                   MAC_RX_HNDL
                                                   MAC_Send
                                                   MAC_TX_HNDL
    -------------------------------------------------------------------------
XDATA_I
  Relative segment, address: XDATA 000007BE - 000007DD (0x20 bytes), align: 0
  Segment part 82.            Intra module refs:   MAC_GetTXState
                                                   MAC_OpenRXSlot
                                                   MAC_RX_HNDL
                                                   MAC_Send
                                                   MAC_TX_HNDL
    -------------------------------------------------------------------------
XDATA_I
  Relative segment, address: XDATA 000007DE - 000007E0 (0x3 bytes), align: 0
  Segment part 84.            Intra module refs:   MAC_GetTXState
                                                   MAC_OpenRXSlot
                                                   MAC_RX_HNDL
                                                   MAC_Send
                                                   MAC_TX_HNDL
    -------------------------------------------------------------------------
XDATA_I
  Relative segment, address: XDATA 000007E1 - 000007E9 (0x9 bytes), align: 0
  Segment part 88.            Intra module refs:   MAC_Send
           LOCAL                   ADDRESS         
           =====                   =======         
           MAC_Send::__FUNCTION__
                                   000007E1 
    -------------------------------------------------------------------------
XDATA_I
  Relative segment, address: XDATA 000007EA - 000007F8 (0xf bytes), align: 0
  Segment part 90.            Intra module refs:   MAC_GetTXState
           LOCAL                   ADDRESS         
           =====                   =======         
           MAC_GetTXState::__FUNCTION__
                                   000007EA 
    -------------------------------------------------------------------------
XDATA_I
  Relative segment, address: XDATA 000007F9 - 00000804 (0xc bytes), align: 0
  Segment part 94.            Intra module refs:   MAC_RX_HNDL
           LOCAL                   ADDRESS         
           =====                   =======         
           MAC_RX_HNDL::__FUNCTION__
                                   000007F9 
    -------------------------------------------------------------------------
XDATA_I
  Relative segment, address: XDATA 00000805 - 00000810 (0xc bytes), align: 0
  Segment part 96.            Intra module refs:   MAC_TX_HNDL
           LOCAL                   ADDRESS         
           =====                   =======         
           MAC_TX_HNDL::__FUNCTION__
                                   00000805 
    -------------------------------------------------------------------------
XDATA_I
  Relative segment, address: XDATA 00000811 - 00000824 (0x14 bytes), align: 0
  Segment part 106.           Intra module refs:   NP_Get_info_by_addr
           LOCAL                   ADDRESS         
           =====                   =======         
           NP_Get_info_by_addr::__FUNCTION__
                                   00000811 
    -------------------------------------------------------------------------
XDATA_I
  Relative segment, address: XDATA 00000825 - 0000083A (0x16 bytes), align: 0
  Segment part 108.           Intra module refs:   NP_Get_COMM_node_info
                                                   NP_Get_info_by_addr
    -------------------------------------------------------------------------
XDATA_I
  Relative segment, address: XDATA 0000083B - 00000863 (0x29 bytes), align: 0
  Segment part 110.           Intra module refs:   NP_Get_COMM_node_info
                                                   NP_Get_info_by_addr
    -------------------------------------------------------------------------
XDATA_I
  Relative segment, address: XDATA 00000864 - 00000866 (0x3 bytes), align: 0
  Segment part 112.           Intra module refs:   NP_Get_COMM_node_info
                                                   NP_Get_info_by_addr
    -------------------------------------------------------------------------
XDATA_I
  Relative segment, address: XDATA 00000867 - 0000087C (0x16 bytes), align: 0
  Segment part 114.           Intra module refs:   NP_Get_COMM_node_info
           LOCAL                   ADDRESS         
           =====                   =======         
           NP_Get_COMM_node_info::__FUNCTION__
                                   00000867 
    -------------------------------------------------------------------------
XDATA_I
  Relative segment, address: XDATA 0000087D - 00000887 (0xb bytes), align: 0
  Segment part 116.           Intra module refs:   NT_SetTime
           LOCAL                   ADDRESS         
           =====                   =======         
           NT_SetTime::__FUNCTION__
                                   0000087D 
    -------------------------------------------------------------------------
XDATA_I
  Relative segment, address: XDATA 00000888 - 0000089D (0x16 bytes), align: 0
  Segment part 118.           Intra module refs:   NT_SetCompare
                                                   NT_SetTime
    -------------------------------------------------------------------------
XDATA_I
  Relative segment, address: XDATA 0000089E - 000008BE (0x21 bytes), align: 0
  Segment part 120.           Intra module refs:   NT_SetCompare
                                                   NT_SetTime
    -------------------------------------------------------------------------
XDATA_I
  Relative segment, address: XDATA 000008BF - 000008C1 (0x3 bytes), align: 0
  Segment part 122.           Intra module refs:   NT_SetCompare
                                                   NT_SetTime
    -------------------------------------------------------------------------
XDATA_I
  Relative segment, address: XDATA 000008C2 - 000008CF (0xe bytes), align: 0
  Segment part 124.           Intra module refs:   NT_SetCompare
           LOCAL                   ADDRESS         
           =====                   =======         
           NT_SetCompare::__FUNCTION__
                                   000008C2 
    -------------------------------------------------------------------------
XDATA_I
  Relative segment, address: XDATA 000008D0 - 000008D7 (0x8 bytes), align: 0
  Segment part 134.           Intra module refs:   RI_Send
           LOCAL                   ADDRESS         
           =====                   =======         
           RI_Send::__FUNCTION__   000008D0 
    -------------------------------------------------------------------------
XDATA_I
  Relative segment, address: XDATA 000008D8 - 000008ED (0x16 bytes), align: 0
  Segment part 136.           Intra module refs:   RI_Send
                                                   setFreq
    -------------------------------------------------------------------------
XDATA_I
  Relative segment, address: XDATA 000008EE - 0000090F (0x22 bytes), align: 0
  Segment part 138.           Intra module refs:   RI_Send
                                                   setFreq
    -------------------------------------------------------------------------
XDATA_I
  Relative segment, address: XDATA 00000910 - 00000912 (0x3 bytes), align: 0
  Segment part 140.           Intra module refs:   RI_Send
                                                   setFreq
    -------------------------------------------------------------------------
XDATA_I
  Relative segment, address: XDATA 00000913 - 0000091A (0x8 bytes), align: 0
  Segment part 142.           Intra module refs:   setFreq
           LOCAL                   ADDRESS         
           =====                   =======         
           setFreq::__FUNCTION__   00000913 
    -------------------------------------------------------------------------
XDATA_I
  Relative segment, address: XDATA 0000091B - 00000927 (0xd bytes), align: 0
  Segment part 154.           Intra module refs:   TIC_SetTimer
           LOCAL                   ADDRESS         
           =====                   =======         
           TIC_SetTimer::__FUNCTION__
                                   0000091B 
    -------------------------------------------------------------------------
XDATA_I
  Relative segment, address: XDATA 00000928 - 0000093D (0x16 bytes), align: 0
  Segment part 156.           Intra module refs:   Callback_execution
                                                   TIC_GetRXState
                                                   TIC_SetRXCallback
                                                   TIC_SetRXState
                                                   TIC_SetSECallback
                                                   TIC_SetSyncTimeAllocCallback
                                                   TIC_SetTS1Callback
                                                   TIC_SetTXCallback
                                                   TIC_SetTXState
                                                   TIC_SetTimer
    -------------------------------------------------------------------------
XDATA_I
  Relative segment, address: XDATA 0000093E - 0000095D (0x20 bytes), align: 0
  Segment part 158.           Intra module refs:   Callback_execution
                                                   TIC_GetRXState
                                                   TIC_SetRXCallback
                                                   TIC_SetRXState
                                                   TIC_SetSECallback
                                                   TIC_SetSyncTimeAllocCallback
                                                   TIC_SetTS1Callback
                                                   TIC_SetTXCallback
                                                   TIC_SetTXState
                                                   TIC_SetTimer
    -------------------------------------------------------------------------
XDATA_I
  Relative segment, address: XDATA 0000095E - 00000960 (0x3 bytes), align: 0
  Segment part 160.           Intra module refs:   Callback_execution
                                                   TIC_GetRXState
                                                   TIC_SetRXCallback
                                                   TIC_SetRXState
                                                   TIC_SetSECallback
                                                   TIC_SetSyncTimeAllocCallback
                                                   TIC_SetTS1Callback
                                                   TIC_SetTXCallback
                                                   TIC_SetTXState
                                                   TIC_SetTimer
    -------------------------------------------------------------------------
XDATA_I
  Relative segment, address: XDATA 00000961 - 0000096F (0xf bytes), align: 0
  Segment part 162.           Intra module refs:   TIC_SetTXState
           LOCAL                   ADDRESS         
           =====                   =======         
           TIC_SetTXState::__FUNCTION__
                                   00000961 
    -------------------------------------------------------------------------
XDATA_I
  Relative segment, address: XDATA 00000970 - 0000097E (0xf bytes), align: 0
  Segment part 164.           Intra module refs:   TIC_SetRXState
           LOCAL                   ADDRESS         
           =====                   =======         
           TIC_SetRXState::__FUNCTION__
                                   00000970 
    -------------------------------------------------------------------------
XDATA_I
  Relative segment, address: XDATA 0000097F - 0000098D (0xf bytes), align: 0
  Segment part 168.           Intra module refs:   TIC_GetRXState
           LOCAL                   ADDRESS         
           =====                   =======         
           TIC_GetRXState::__FUNCTION__
                                   0000097F 
    -------------------------------------------------------------------------
XDATA_I
  Relative segment, address: XDATA 0000098E - 000009A0 (0x13 bytes), align: 0
  Segment part 170.           Intra module refs:   TIC_SetTS1Callback
           LOCAL                   ADDRESS         
           =====                   =======         
           TIC_SetTS1Callback::__FUNCTION__
                                   0000098E 
    -------------------------------------------------------------------------
XDATA_I
  Relative segment, address: XDATA 000009A1 - 000009B2 (0x12 bytes), align: 0
  Segment part 172.           Intra module refs:   TIC_SetRXCallback
           LOCAL                   ADDRESS         
           =====                   =======         
           TIC_SetRXCallback::__FUNCTION__
                                   000009A1 
    -------------------------------------------------------------------------
XDATA_I
  Relative segment, address: XDATA 000009B3 - 000009CF (0x1d bytes), align: 0
  Segment part 174.           Intra module refs:   TIC_SetSyncTimeAllocCallback
           LOCAL                   ADDRESS         
           =====                   =======         
           TIC_SetSyncTimeAllocCallback::__FUNCTION__
                                   000009B3 
    -------------------------------------------------------------------------
XDATA_I
  Relative segment, address: XDATA 000009D0 - 000009E1 (0x12 bytes), align: 0
  Segment part 176.           Intra module refs:   TIC_SetTXCallback
           LOCAL                   ADDRESS         
           =====                   =======         
           TIC_SetTXCallback::__FUNCTION__
                                   000009D0 
    -------------------------------------------------------------------------
XDATA_I
  Relative segment, address: XDATA 000009E2 - 000009F3 (0x12 bytes), align: 0
  Segment part 178.           Intra module refs:   TIC_SetSECallback
           LOCAL                   ADDRESS         
           =====                   =======         
           TIC_SetSECallback::__FUNCTION__
                                   000009E2 
    -------------------------------------------------------------------------
XDATA_I
  Relative segment, address: XDATA 000009F4 - 00000A06 (0x13 bytes), align: 0
  Segment part 180.           Intra module refs:   Callback_execution
           LOCAL                   ADDRESS         
           =====                   =======         
           Callback_execution::__FUNCTION__
                                   000009F4 
    -------------------------------------------------------------------------
XDATA_I
  Relative segment, address: XDATA 00000A07 - 00000A16 (0x10 bytes), align: 0
  Segment part 183.           Intra module refs:   CF_init
           LOCAL                   ADDRESS         
           =====                   =======         
           default_key             00000A07 
    -------------------------------------------------------------------------
XDATA_I
  Relative segment, address: XDATA 00000A17 - 00000A26 (0x10 bytes), align: 0
  Segment part 185.           Intra module refs:   CF_init
           LOCAL                   ADDRESS         
           =====                   =======         
           default_iv              00000A17 
    -------------------------------------------------------------------------
XDATA_Z
  Relative segment, address: XDATA 0000022D - 00000259 (0x2d bytes), align: 0
  Segment part 187.           Intra module refs:   CF_init
                                                   ETH_Send
                                                   IP_Receive_HNDL
                                                   MG_Init
                                                   RI_cfg
                                                   RP_SendRT_RT
                                                   RP_Send_GW
                                                   SY_SYNC_NETWORK
                                                   SY_TS1_HNDL_SLAVE
                                                   frame_filter
                                                   get_sync
                                                   send_card
                                                   send_cmd_req
                                                   send_sync
           ENTRY                   ADDRESS         REF BY
           =====                   =======         ======
           CONFIG                  0000022D 
    -------------------------------------------------------------------------
<BANKED_CODE> 1 (was BANKED_CODE)
  Relative segment, address: CODE 00001966 - 000019C9 (0x64 bytes), align: 0
  Segment part 331.           Intra module refs:   CF_init::?relay
           ENTRY                   ADDRESS         REF BY
           =====                   =======         ======
           CF_init                 00001966 
               calls direct
               XSTACK = 00000000 ( 0000000C )
    -------------------------------------------------------------------------
XDATA_I
  Relative segment, address: XDATA 00000A27 - 00000A2A (0x4 bytes), align: 0
  Segment part 188.           Intra module refs:   Interval
           LOCAL                   ADDRESS         
           =====                   =======         
           MAC_TIMER_MAX           00000A27 
    -------------------------------------------------------------------------
XDATA_Z
  Relative segment, address: XDATA 0000025A - 0000025D (0x4 bytes), align: 0
  Segment part 190.           Intra module refs:   DelayCalibrate
                                                   TIM_delay
           LOCAL                   ADDRESS         
           =====                   =======         
           DELAY_CALIBRATE_TICS    0000025A 
    -------------------------------------------------------------------------
<BANKED_CODE> 1 (was BANKED_CODE)
  Relative segment, address: CODE 000019CA - 000019DA (0x11 bytes), align: 0
  Segment part 333.           Intra module refs:   TIM_init::?relay
           ENTRY                   ADDRESS         REF BY
           =====                   =======         ======
           TIM_init                000019CA 
               calls direct
               ISTACK = 00000000 ( 00000002 )
    -------------------------------------------------------------------------
<BANKED_CODE> 1 (was BANKED_CODE)
  Relative segment, address: CODE 000019DB - 00001A17 (0x3d bytes), align: 0
  Segment part 335.           Intra module refs:   TIM_TimeStamp::?relay
           ENTRY                   ADDRESS         REF BY
           =====                   =======         ======
           TIM_TimeStamp           000019DB 
               XSTACK = 0000002C ( 00000000 )
               ISTACK = 00000000 ( 00000003 )
    -------------------------------------------------------------------------
<BANKED_CODE> 1 (was BANKED_CODE)
  Relative segment, address: CODE 00001A18 - 00001AAA (0x93 bytes), align: 0
  Segment part 337.           Intra module refs:   DelayCalibrate::?relay
           LOCAL                   ADDRESS         
           =====                   =======         
           DelayCalibrate          00001A18 
               calls direct
               XSTACK = 00000000 ( 00000028 )
    -------------------------------------------------------------------------
<BANKED_CODE> 1 (was BANKED_CODE)
  Relative segment, address: CODE 00001AAB - 00001B4D (0xa3 bytes), align: 0
  Segment part 339.           Intra module refs:   Interval::?relay
           LOCAL                   ADDRESS         
           =====                   =======         
           Interval                00001AAB 
               XSTACK = 00000024 ( 00000012 )
    -------------------------------------------------------------------------
<BANKED_CODE> 1 (was BANKED_CODE)
  Relative segment, address: CODE 00001B4E - 00001BAB (0x5e bytes), align: 0
  Segment part 341.           Intra module refs:   TIM_passedTime::?relay
           ENTRY                   ADDRESS         REF BY
           =====                   =======         ======
           TIM_passedTime          00001B4E 
               calls direct
               XSTACK = 0000002C ( 00000012 )
    -------------------------------------------------------------------------
<BANKED_CODE> 1 (was BANKED_CODE)
  Relative segment, address: CODE 00001BAC - 00001C30 (0x85 bytes), align: 0
  Segment part 343.           Intra module refs:   TIM_delay::?relay
           ENTRY                   ADDRESS         REF BY
           =====                   =======         ======
           TIM_delay               00001BAC 
               calls direct
               XSTACK = 00000028 ( 00000024 )
    -------------------------------------------------------------------------
XDATA_Z
  Relative segment, address: XDATA 0000025E - 00000285 (0x28 bytes), align: 0
  Segment part 191.           Intra module refs:   AES_StreamCoder
                                                   AES_init
                                                   DMA_init
           ENTRY                   ADDRESS         REF BY
           =====                   =======         ======
           DMA_CH                  0000025E 
    -------------------------------------------------------------------------
<BANKED_CODE> 1 (was BANKED_CODE)
  Relative segment, address: CODE 00001C31 - 00001C55 (0x25 bytes), align: 0
  Segment part 347.           Intra module refs:   DMA_init::?relay
           ENTRY                   ADDRESS         REF BY
           =====                   =======         ======
           DMA_init                00001C31 
    -------------------------------------------------------------------------
XDATA_Z
  Relative segment, address: XDATA 00000286 - 00000287 (0x2 bytes), align: 0
  Segment part 192.           Intra module refs:   ETH_Receive_HNDL
                                                   ETH_SetRXCallback
           LOCAL                   ADDRESS         
           =====                   =======         
           ETH_Receive_CB          00000286 
    -------------------------------------------------------------------------
<BANKED_CODE> 1 (was BANKED_CODE)
  Relative segment, address: CODE 00001C56 - 00001C6A (0x15 bytes), align: 0
  Segment part 349.           Intra module refs:   ETH_Init::?relay
           ENTRY                   ADDRESS         REF BY
           =====                   =======         ======
           ETH_Init                00001C56 
               calls direct
               ISTACK = 00000000 ( 00000002 )
    -------------------------------------------------------------------------
<BANKED_CODE> 1 (was BANKED_CODE)
  Relative segment, address: CODE 00001C6B - 00001C6D (0x3 bytes), align: 0
  Segment part 351.           Intra module refs:   ETH_Reset::?relay
           ENTRY                   ADDRESS         REF BY
           =====                   =======         ======
           ETH_Reset               00001C6B 
               XSTACK = 0000000A ( 00000000 )
    -------------------------------------------------------------------------
<BANKED_CODE> 1 (was BANKED_CODE)
  Relative segment, address: CODE 00001C6E - 00001CBD (0x50 bytes), align: 0
  Segment part 353.           Intra module refs:   ETH_SetRXCallback::?relay
           ENTRY                   ADDRESS         REF BY
           =====                   =======         ======
           ETH_SetRXCallback       00001C6E 
               calls direct
               XSTACK = 00000000 ( 00000010 )
    -------------------------------------------------------------------------
<BANKED_CODE> 1 (was BANKED_CODE)
  Relative segment, address: CODE 00001CBE - 00001D32 (0x75 bytes), align: 0
  Segment part 355.           Intra module refs:   frame_filter::?relay
           LOCAL                   ADDRESS         
           =====                   =======         
           frame_filter            00001CBE 
               XSTACK = 0000000A ( 00000000 )
               ISTACK = 00000000 ( 00000004 )
    -------------------------------------------------------------------------
<BANKED_CODE> 1 (was BANKED_CODE)
  Relative segment, address: CODE 00001D33 - 00001DE2 (0xb0 bytes), align: 0
  Segment part 357.           Intra module refs:   ETH_Receive_HNDL::?relay
           LOCAL                   ADDRESS         
           =====                   =======         
           ETH_Receive_HNDL        00001D33 
               calls direct, is indirectly called
               XSTACK = 00000000 ( 0000000A )
               ISTACK = 00000000 ( 00000001 )
    -------------------------------------------------------------------------
<BANKED_CODE> 1 (was BANKED_CODE)
  Relative segment, address: CODE 00001DE3 - 00001EA2 (0xc0 bytes), align: 0
  Segment part 359.           Intra module refs:   ETH_Send::?relay
           ENTRY                   ADDRESS         REF BY
           =====                   =======         ======
           ETH_Send                00001DE3 
               calls direct
               XSTACK = 00000011 ( 0000000F )
               ISTACK = 00000000 ( 00000001 )
    -------------------------------------------------------------------------
XDATA_Z
  Relative segment, address: XDATA 00000288 - 00000288 (0x1 bytes), align: 0
  Segment part 193.           Intra module refs:   frame_create
                                                   frame_delete
           LOCAL                   ADDRESS         
           =====                   =======         
           NBR_FRAME               00000288 
    -------------------------------------------------------------------------
<BANKED_CODE> 1 (was BANKED_CODE)
  Relative segment, address: CODE 00001EA3 - 00002011 (0x16f bytes), align: 0
  Segment part 363.           Intra module refs:   frame_addHeader::?relay
           ENTRY                   ADDRESS         REF BY
           =====                   =======         ======
           frame_addHeader         00001EA3 
               calls direct
               XSTACK = 0000002A ( 00000018 )
               ISTACK = 00000000 ( 00000001 )
    -------------------------------------------------------------------------
<BANKED_CODE> 1 (was BANKED_CODE)
  Relative segment, address: CODE 00002012 - 000020E6 (0xd5 bytes), align: 0
  Segment part 365.           Intra module refs:   frame_delHeader::?relay
           ENTRY                   ADDRESS         REF BY
           =====                   =======         ======
           frame_delHeader         00002012 
               calls direct
               XSTACK = 0000000B ( 00000014 )
               ISTACK = 00000000 ( 00000001 )
    -------------------------------------------------------------------------
<BANKED_CODE> 1 (was BANKED_CODE)
  Relative segment, address: CODE 000020E7 - 0000218E (0xa8 bytes), align: 0
  Segment part 367.           Intra module refs:   frame_create::?relay
           ENTRY                   ADDRESS         REF BY
           =====                   =======         ======
           frame_create            000020E7 
               calls direct
               XSTACK = 0000002A ( 00000012 )
    -------------------------------------------------------------------------
<BANKED_CODE> 1 (was BANKED_CODE)
  Relative segment, address: CODE 0000218F - 000021D5 (0x47 bytes), align: 0
  Segment part 369.           Intra module refs:   frame_delete::?relay
           ENTRY                   ADDRESS         REF BY
           =====                   =======         ======
           frame_delete            0000218F 
               calls direct
               XSTACK = 0000002C ( 0000000A )
    -------------------------------------------------------------------------
<BANKED_CODE> 1 (was BANKED_CODE)
  Relative segment, address: CODE 000021D6 - 000021EC (0x17 bytes), align: 0
  Segment part 373.           Intra module refs:   IP_Init::?relay
           ENTRY                   ADDRESS         REF BY
           =====                   =======         ======
           IP_Init                 000021D6 
               calls direct
               ISTACK = 00000000 ( 00000002 )
    -------------------------------------------------------------------------
<BANKED_CODE> 1 (was BANKED_CODE)
  Relative segment, address: CODE 000021ED - 000021EF (0x3 bytes), align: 0
  Segment part 375.           Intra module refs:   IP_Reset::?relay
           ENTRY                   ADDRESS         REF BY
           =====                   =======         ======
           IP_Reset                000021ED 
               XSTACK = 0000000A ( 00000000 )
    -------------------------------------------------------------------------
<BANKED_CODE> 1 (was BANKED_CODE)
  Relative segment, address: CODE 000021F0 - 00002213 (0x24 bytes), align: 0
  Segment part 379.           Intra module refs:   frame_filter::?relay
           LOCAL                   ADDRESS         
           =====                   =======         
           frame_filter            000021F0 
               XSTACK = 00000009 ( 00000000 )
               ISTACK = 00000000 ( 00000002 )
    -------------------------------------------------------------------------
<BANKED_CODE> 1 (was BANKED_CODE)
  Relative segment, address: CODE 00002214 - 0000226B (0x58 bytes), align: 0
  Segment part 381.           Intra module refs:   ip_processing::?relay
           LOCAL                   ADDRESS         
           =====                   =======         
           ip_processing           00002214 
               calls direct
               XSTACK = 00000009 ( 00000009 )
    -------------------------------------------------------------------------
<BANKED_CODE> 1 (was BANKED_CODE)
  Relative segment, address: CODE 0000226C - 000022DC (0x71 bytes), align: 0
  Segment part 383.           Intra module refs:   extract_metadata::?relay
           LOCAL                   ADDRESS         
           =====                   =======         
           extract_metadata        0000226C 
               XSTACK = 00000009 ( 00000000 )
               ISTACK = 00000000 ( 00000003 )
    -------------------------------------------------------------------------
<BANKED_CODE> 1 (was BANKED_CODE)
  Relative segment, address: CODE 000022DD - 00002388 (0xac bytes), align: 0
  Segment part 385.           Intra module refs:   IP_Receive_HNDL::?relay
           LOCAL                   ADDRESS         
           =====                   =======         
           IP_Receive_HNDL         000022DD 
               calls direct, is indirectly called
               XSTACK = 00000000 ( 00000009 )
               ISTACK = 00000000 ( 00000002 )
    -------------------------------------------------------------------------
XDATA_Z
  Relative segment, address: XDATA 00000289 - 00000289 (0x1 bytes), align: 0
  Segment part 194.           Intra module refs:   LLC_AddTask
                                                   LLC_Init
                                                   LLC_Shelduler
           LOCAL                   ADDRESS         
           =====                   =======         
           tasksBLOCK              00000289 
    -------------------------------------------------------------------------
XDATA_Z
  Relative segment, address: XDATA 0000028A - 0000028B (0x2 bytes), align: 0
  Segment part 195.           Intra module refs:   LLC_AddTask
                                                   LLC_Init
                                                   LLC_Shelduler
           LOCAL                   ADDRESS         
           =====                   =======         
           FirstTask               0000028A 
    -------------------------------------------------------------------------
XDATA_Z
  Relative segment, address: XDATA 0000028C - 0000028C (0x1 bytes), align: 0
  Segment part 196.           Intra module refs:   LLC_AddTask
                                                   LLC_GetTaskLen
                                                   LLC_Init
                                                   LLC_Shelduler
           LOCAL                   ADDRESS         
           =====                   =======         
           nbrTasks                0000028C 
    -------------------------------------------------------------------------
XDATA_Z
  Relative segment, address: XDATA 0000028D - 0000028E (0x2 bytes), align: 0
  Segment part 197.           Intra module refs:   LLC_RX_HNDL
                                                   LLC_SetRXCallback
[...]
<BANKED_CODE> 1 (was BANKED_CODE)
  Relative segment, address: CODE 000067FB - 00006842 (0x48 bytes), align: 0
  Segment part 6.             Intra module refs:   srand::?relay
           ENTRY                   ADDRESS         REF BY
           =====                   =======         ======
           srand                   000067FB 
               XSTACK = 00000000 ( 0000000C )
    -------------------------------------------------------------------------
BANK_RELAYS
  Relative segment, address: CODE 00000987 - 0000098C (0x6 bytes), align: 0
  Segment part 7.
           ENTRY                   ADDRESS         REF BY
           =====                   =======         ======
           srand::?relay           00000987        random_core_init (?__write)

    -------------------------------------------------------------------------
  LIBRARY MODULE, NAME : ?strlen

  SEGMENTS IN THE MODULE
  ======================
<BANKED_CODE> 1 (was BANKED_CODE)
  Relative segment, address: CODE 00006938 - 00006955 (0x1e bytes), align: 0
  Segment part 6.             Intra module refs:   strlen::?relay
           ENTRY                   ADDRESS         REF BY
           =====                   =======         ======
           strlen                  00006938 
               is indirectly called
               ISTACK = 00000000 ( 00000002 )
    -------------------------------------------------------------------------
BANK_RELAYS
  Relative segment, address: CODE 0000098D - 00000992 (0x6 bytes), align: 0
  Segment part 7.
           ENTRY                   ADDRESS         REF BY
           =====                   =======         ======
           strlen::?relay          0000098D        _PrintfTiny (?xprintftiny)

    -------------------------------------------------------------------------
  LIBRARY MODULE, NAME : ?xgetmemchunk

  SEGMENTS IN THE MODULE
  ======================
<BANKED_CODE> 1 (was BANKED_CODE)
  Relative segment, address: CODE 00006843 - 0000687F (0x3d bytes), align: 0
  Segment part 7.             Intra module refs:   __xdata_GetMemChunk::?relay
           ENTRY                   ADDRESS         REF BY
           =====                   =======         ======
           __xdata_GetMemChunk     00006843 
               ISTACK = 00000000 ( 00000002 )
    -------------------------------------------------------------------------
XDATA_Z
  Relative segment, address: XDATA 00000659 - 0000065A (0x2 bytes), align: 0
  Segment part 6.             Intra module refs:   __xdata_GetMemChunk
    -------------------------------------------------------------------------
BANK_RELAYS
  Relative segment, address: CODE 00000993 - 00000998 (0x6 bytes), align: 0
  Segment part 8.
           ENTRY                   ADDRESS         REF BY
           =====                   =======         ======
           __xdata_GetMemChunk::?relay
                                   00000993        __xdata_malloc (?xxmemxmalloc)

    -------------------------------------------------------------------------
  LIBRARY MODULE, NAME : ?xprintftiny

  SEGMENTS IN THE MODULE
  ======================
<BANKED_CODE> 1 (was BANKED_CODE)
  Relative segment, address: CODE 00005EDF - 00005F30 (0x52 bytes), align: 0
  Segment part 14.            Intra module refs:   out::?relay
           LOCAL                   ADDRESS         
           =====                   =======         
           out                     00005EDF 
               XSTACK = 0000002F ( 0000000E )
    -------------------------------------------------------------------------
<BANKED_CODE> 1 (was BANKED_CODE)
  Relative segment, address: CODE 00005F31 - 000062B1 (0x381 bytes), align: 0
  Segment part 16.            Intra module refs:   _PrintfTiny::?relay
           ENTRY                   ADDRESS         REF BY
           =====                   =======         ======
           _PrintfTiny             00005F31 
               calls direct
               XSTACK = 00000004 ( 0000002F )
               ISTACK = 00000000 ( 00000001 )
    -------------------------------------------------------------------------
<BANKED_CODE> 1 (was BANKED_CODE)
  Relative segment, address: CODE 000062B2 - 000062BA (0x9 bytes), align: 0
  Segment part 18.            Intra module refs:   _PrintfTiny
    -------------------------------------------------------------------------
<BANKED_CODE> 1 (was BANKED_CODE)
  Relative segment, address: CODE 000062BB - 000062C0 (0x6 bytes), align: 0
  Segment part 19.            Intra module refs:   _PrintfTiny
    -------------------------------------------------------------------------
<BANKED_CODE> 1 (was BANKED_CODE)
  Relative segment, address: CODE 000062C1 - 000062C4 (0x4 bytes), align: 0
  Segment part 20.            Intra module refs:   Segment part 19
                                                   Segment part 27
                                                   _PrintfTiny
    -------------------------------------------------------------------------
<BANKED_CODE> 1 (was BANKED_CODE)
  Relative segment, address: CODE 000062C5 - 000062CD (0x9 bytes), align: 0
  Segment part 21.            Intra module refs:   Segment part 20
                                                   Segment part 23
    -------------------------------------------------------------------------
<BANKED_CODE> 1 (was BANKED_CODE)
  Relative segment, address: CODE 000062CE - 000062D1 (0x4 bytes), align: 0
  Segment part 22.            Intra module refs:   _PrintfTiny
    -------------------------------------------------------------------------
<BANKED_CODE> 1 (was BANKED_CODE)
  Relative segment, address: CODE 000062D2 - 000062D9 (0x8 bytes), align: 0
  Segment part 23.            Intra module refs:   Segment part 22
                                                   Segment part 24
    -------------------------------------------------------------------------
<BANKED_CODE> 1 (was BANKED_CODE)
  Relative segment, address: CODE 000062DA - 000062EA (0x11 bytes), align: 0
  Segment part 24.            Intra module refs:   _PrintfTiny
    -------------------------------------------------------------------------
<BANKED_CODE> 1 (was BANKED_CODE)
  Relative segment, address: CODE 000062EB - 000062EF (0x5 bytes), align: 0
  Segment part 25.            Intra module refs:   _PrintfTiny
    -------------------------------------------------------------------------
<BANKED_CODE> 1 (was BANKED_CODE)
  Relative segment, address: CODE 000062F0 - 000062FC (0xd bytes), align: 0
  Segment part 26.            Intra module refs:   Segment part 25
                                                   _PrintfTiny
    -------------------------------------------------------------------------
<BANKED_CODE> 1 (was BANKED_CODE)
  Relative segment, address: CODE 000062FD - 00006305 (0x9 bytes), align: 0
  Segment part 27.            Intra module refs:   _PrintfTiny
    -------------------------------------------------------------------------
<BANKED_CODE> 1 (was BANKED_CODE)
  Relative segment, address: CODE 00006306 - 0000630F (0xa bytes), align: 0
  Segment part 28.            Intra module refs:   Segment part 27
                                                   _PrintfTiny
    -------------------------------------------------------------------------
XDATA_ID
  Relative segment, address: CODE 00000531 - 00000532 (0x2 bytes), align: 0
  Segment part 7.             Intra module refs:   Segment part 6
    -------------------------------------------------------------------------
XDATA_ID
  Relative segment, address: CODE 00000533 - 00000534 (0x2 bytes), align: 0
  Segment part 9.             Intra module refs:   Segment part 8
    -------------------------------------------------------------------------
XDATA_ID
  Relative segment, address: CODE 00000535 - 00000538 (0x4 bytes), align: 0
  Segment part 11.            Intra module refs:   __Constant_0
    -------------------------------------------------------------------------
XDATA_ID
  Relative segment, address: CODE 00000539 - 0000053C (0x4 bytes), align: 0
  Segment part 13.            Intra module refs:   __Constant_ffff
    -------------------------------------------------------------------------
BANK_RELAYS
  Relative segment, address: CODE 00000999 - 0000099E (0x6 bytes), align: 0
  Segment part 15.            Intra module refs:   _PrintfTiny
           LOCAL                   ADDRESS         
           =====                   =======         
           out::?relay             00000999 
    -------------------------------------------------------------------------
BANK_RELAYS
  Relative segment, address: CODE 0000099F - 000009A4 (0x6 bytes), align: 0
  Segment part 17.
           ENTRY                   ADDRESS         REF BY
           =====                   =======         ======
           _PrintfTiny::?relay     0000099F        printf (?printf)
    -------------------------------------------------------------------------
XDATA_I
  Relative segment, address: XDATA 00000ADB - 00000ADC (0x2 bytes), align: 0
  Segment part 6.             Intra module refs:   _PrintfTiny
    -------------------------------------------------------------------------
XDATA_I
  Relative segment, address: XDATA 00000ADD - 00000ADE (0x2 bytes), align: 0
  Segment part 8.             Intra module refs:   _PrintfTiny
    -------------------------------------------------------------------------
XDATA_I
  Relative segment, address: XDATA 00000ADF - 00000AE2 (0x4 bytes), align: 0
  Segment part 10.            Intra module refs:   _PrintfTiny
           ENTRY                   ADDRESS         REF BY
           =====                   =======         ======
           __Constant_0            00000ADF 
    -------------------------------------------------------------------------
XDATA_I
  Relative segment, address: XDATA 00000AE3 - 00000AE6 (0x4 bytes), align: 0
  Segment part 12.            Intra module refs:   _PrintfTiny
           ENTRY                   ADDRESS         REF BY
           =====                   =======         ======
           __Constant_ffff         00000AE3 

    -------------------------------------------------------------------------
  LIBRARY MODULE, NAME : ?xprout

  SEGMENTS IN THE MODULE
  ======================
<BANKED_CODE> 1 (was BANKED_CODE)
  Relative segment, address: CODE 000068E9 - 00006913 (0x2b bytes), align: 0
  Segment part 6.             Intra module refs:   _Prout::?relay
           ENTRY                   ADDRESS         REF BY
           =====                   =======         ======
           _Prout                  000068E9 
               calls direct
               XSTACK = 00000000 ( 0000000E )
    -------------------------------------------------------------------------
BANK_RELAYS
  Relative segment, address: CODE 000009A5 - 000009AA (0x6 bytes), align: 0
  Segment part 7.
           ENTRY                   ADDRESS         REF BY
           =====                   =======         ======
           _Prout::?relay          000009A5        printf (?printf)

    -------------------------------------------------------------------------
  LIBRARY MODULE, NAME : ?xxmemxfree

  SEGMENTS IN THE MODULE
  ======================
<BANKED_CODE> 1 (was BANKED_CODE)
  Relative segment, address: CODE 00006618 - 0000674F (0x138 bytes), align: 0
  Segment part 6.             Intra module refs:   __xdata_free::?relay
           ENTRY                   ADDRESS         REF BY
           =====                   =======         ======
           __xdata_free            00006618 
               XSTACK = 0000000A ( 0000000E )
    -------------------------------------------------------------------------
<BANKED_CODE> 1 (was BANKED_CODE)
  Relative segment, address: CODE 00006750 - 00006757 (0x8 bytes), align: 0
  Segment part 8.             Intra module refs:   __xdata_free
    -------------------------------------------------------------------------
BANK_RELAYS
  Relative segment, address: CODE 000009AB - 000009B0 (0x6 bytes), align: 0
  Segment part 7.
           ENTRY                   ADDRESS         REF BY
           =====                   =======         ======
           __xdata_free::?relay    000009AB        __xdata_malloc (?xxmemxmalloc)
                                                   free (?__write)

    -------------------------------------------------------------------------
  LIBRARY MODULE, NAME : ?xxmemxmalloc

  SEGMENTS IN THE MODULE
  ======================
XDATA_Z
  Relative segment, address: XDATA 0000065B - 0000065E (0x4 bytes), align: 0
  Segment part 6.             Intra module refs:   __xdata_malloc
           ENTRY                   ADDRESS         REF BY
           =====                   =======         ======
           __xdata_Aldata          0000065B        __xdata_free (?xxmemxfree)
    -------------------------------------------------------------------------
<BANKED_CODE> 1 (was BANKED_CODE)
  Relative segment, address: CODE 00006310 - 00006482 (0x173 bytes), align: 0
  Segment part 8.             Intra module refs:   __xdata_malloc::?relay
           ENTRY                   ADDRESS         REF BY
           =====                   =======         ======
           __xdata_malloc          00006310 
               calls direct
               XSTACK = 0000000A ( 0000000F )
    -------------------------------------------------------------------------
<BANKED_CODE> 1 (was BANKED_CODE)
  Relative segment, address: CODE 00006483 - 0000648B (0x9 bytes), align: 0
  Segment part 10.            Intra module refs:   __xdata_malloc
    -------------------------------------------------------------------------
<BANKED_CODE> 1 (was BANKED_CODE)
  Relative segment, address: CODE 0000648C - 0000648F (0x4 bytes), align: 0
  Segment part 11.            Intra module refs:   __xdata_malloc
    -------------------------------------------------------------------------
<BANKED_CODE> 1 (was BANKED_CODE)
  Relative segment, address: CODE 00006490 - 00006495 (0x6 bytes), align: 0
  Segment part 12.            Intra module refs:   Segment part 11
                                                   __xdata_malloc
    -------------------------------------------------------------------------
<BANKED_CODE> 1 (was BANKED_CODE)
  Relative segment, address: CODE 00006496 - 00006499 (0x4 bytes), align: 0
  Segment part 13.            Intra module refs:   __xdata_malloc
    -------------------------------------------------------------------------
<BANKED_CODE> 1 (was BANKED_CODE)
  Relative segment, address: CODE 0000649A - 0000649F (0x6 bytes), align: 0
  Segment part 14.            Intra module refs:   Segment part 12
                                                   Segment part 13
                                                   __xdata_malloc
    -------------------------------------------------------------------------
<BANKED_CODE> 1 (was BANKED_CODE)
  Relative segment, address: CODE 000064A0 - 000064A7 (0x8 bytes), align: 0
  Segment part 15.            Intra module refs:   __xdata_malloc
    -------------------------------------------------------------------------
BANK_RELAYS
  Relative segment, address: CODE 000009B1 - 000009B6 (0x6 bytes), align: 0
  Segment part 9.
           ENTRY                   ADDRESS         REF BY
           =====                   =======         ======
           __xdata_malloc::?relay
                                   000009B1        malloc (?__write)




                ****************************************
                *                                      *
                *      SEGMENTS IN ADDRESS ORDER       *
                *                                      *
                ****************************************


SEGMENT              SPACE    START ADDRESS   END ADDRESS     SIZE  TYPE  ALIGN
=======              =====    =============   ===========     ====  ====  =====
INTVEC               CODE          00000000 - 0000002D          2E   com    0
CSTART               CODE          0000002E - 000000B4          87   rel    0
DATA_ID              CODE               000000B5                     dse    0
BDATA_ID             CODE               000000B5                     dse    0
BIT_ID               CODE               000000B5                     dse    0
IDATA_ID             CODE               000000B5                     dse    0
IXDATA_ID            CODE               000000B5                     dse    0
PDATA_ID             CODE               000000B5                     dse    0
XDATA_ID             CODE          000000B5 - 0000053C         488   rel    0
BANK_RELAYS          CODE          0000053D - 000009B6         47A   rel    0
RCODE                CODE          000009B7 - 000015C6         C10   rel    0
CODE_N               CODE               000015C7                     dse    0
CODE_C               CODE               000015C7                     dse    0
DIFUNCT              CODE               000015C7                     rel    0
NEAR_CODE            CODE          000015C7 - 00001602          3C   rel    0
<BANKED_CODE> 1      CODE          00001603 - 00006966        5364   rel    0
REGISTERS            DATA          00000000 - 00000007           8   rel    0
VREG                 DATA          00000008 - 0000000F           8   rel    0
PSP                  DATA               00000010                     dse    0
XSP                  DATA          00000010 - 00000011           2   rel    0
BREG                 BIT        00000020.0  -  00000020.7        8   rel    0
SFR_AN               DATA          00000086 - 00000087           2   rel    0
                     DATA          00000090 - 00000091           2 
                     DATA          00000094 - 00000097           4 
                     DATA          0000009D - 0000009E           2 
                     DATA          000000A2 - 000000A5           4 
                     DATA          000000A8 - 000000A8           1 
                     DATA          000000AD - 000000AD           1 
                     DATA          000000B3 - 000000B3           1 
                     DATA          000000BE - 000000BE           1 
                     DATA          000000C0 - 000000C2           3 
                     DATA          000000C5 - 000000C6           2 
                     DATA          000000D2 - 000000D7           6 
                     DATA          000000D9 - 000000D9           1 
                     DATA          000000E1 - 000000E1           1 
                     DATA          000000E9 - 000000E9           1 
                     DATA          000000F1 - 000000F1           1 
                     DATA          000000F3 - 000000F3           1 
                     DATA          000000FE - 000000FE           1 
XSTACK               XDATA         00000001 - 0000022C         22C   rel    0
XDATA_Z              XDATA         0000022D - 0000065E         432   rel    0
XDATA_I              XDATA         0000065F - 00000AE6         488   rel    0
XDATA_HEAP           XDATA         00000AE7 - 000012E6         800   dse    0
ISTACK               IDATA         00000080 - 000000FF          80   rel    0

                ****************************************
                *                                      *
                *        END OF CROSS REFERENCE        *
                *                                      *
                ****************************************

 26 983 bytes of CODE  memory
     18 bytes of DATA  memory (+ 35 absolute )
  4 838 bytes of XDATA memory
    128 bytes of IDATA memory
      8 bits  of BIT   memory

Errors: none
Warnings: none

