################################################################################
#                                                                              #
#      IAR Universal Linker V6.4.6.89                                          #
#                                                                              #
#           Link time     =  14/Feb/2020  12:59:34                             #
#           Target CPU    =  x51                                               #
#           List file     =  "E:\WMNU\IAR_new_arch\PRJ Test\Debug\List\tests.m #
#                            ap"                                               #
#           Output file 1 =  "E:\WMNU\IAR_new_arch\PRJ Test\Debug\Exe\tests.d5 #
#                            1"                                                #
#                            Format: ubrof10                                   #
#                            UBROF version 10.0.6                              #
#                            Using library modules for C-SPY (-rt)             #
#           Command line  =  -f                                                #
#                            C:\Users\08A4~1\AppData\Local\Temp\EW7A1E.tmp     #
#                            ("E:\WMNU\IAR_new_arch\PRJ Test\Debug\Obj\action_ #
#                            manager.r51"                                      #
#                            "E:\WMNU\IAR_new_arch\PRJ Test\Debug\Obj\alarm_ti #
#                            mer.r51"                                          #
#                            "E:\WMNU\IAR_new_arch\PRJ Test\Debug\Obj\buffer.r #
#                            51"                                               #
#                            "E:\WMNU\IAR_new_arch\PRJ Test\Debug\Obj\coder.r5 #
#                            1"                                                #
#                            "E:\WMNU\IAR_new_arch\PRJ Test\Debug\Obj\cpu.r51" #
#                            "E:\WMNU\IAR_new_arch\PRJ Test\Debug\Obj\debug.r5 #
#                            1"                                                #
#                            "E:\WMNU\IAR_new_arch\PRJ Test\Debug\Obj\dma.r51" #
#                            "E:\WMNU\IAR_new_arch\PRJ Test\Debug\Obj\frame.r5 #
#                            1"                                                #
#                            "E:\WMNU\IAR_new_arch\PRJ Test\Debug\Obj\main.r51 #
#                            "                                                 #
#                            "E:\WMNU\IAR_new_arch\PRJ Test\Debug\Obj\mem_slot #
#                            s.r51"                                            #
#                            "E:\WMNU\IAR_new_arch\PRJ Test\Debug\Obj\mem_util #
#                            s.r51"                                            #
#                            "E:\WMNU\IAR_new_arch\PRJ Test\Debug\Obj\model.r5 #
#                            1"                                                #
#                            "E:\WMNU\IAR_new_arch\PRJ Test\Debug\Obj\radio.r5 #
#                            1"                                                #
#                            "E:\WMNU\IAR_new_arch\PRJ Test\Debug\Obj\rtc.r51" #
#                            "E:\WMNU\IAR_new_arch\PRJ Test\Debug\Obj\time_man #
#                            ager.r51"                                         #
#                            "E:\WMNU\IAR_new_arch\PRJ Test\Debug\Obj\u_alarm_ #
#                            timer.r51"                                        #
#                            "E:\WMNU\IAR_new_arch\PRJ Test\Debug\Obj\u_buffer #
#                            .r51"                                             #
#                            "E:\WMNU\IAR_new_arch\PRJ Test\Debug\Obj\u_debug. #
#                            r51"                                              #
#                            "E:\WMNU\IAR_new_arch\PRJ Test\Debug\Obj\u_frame. #
#                            r51"                                              #
#                            "E:\WMNU\IAR_new_arch\PRJ Test\Debug\Obj\u_macros #
#                            .r51"                                             #
#                            "E:\WMNU\IAR_new_arch\PRJ Test\Debug\Obj\u_mem_sl #
#                            ots.r51"                                          #
#                            "E:\WMNU\IAR_new_arch\PRJ Test\Debug\Obj\u_mem_ut #
#                            ils.r51"                                          #
#                            "E:\WMNU\IAR_new_arch\PRJ Test\Debug\Obj\ustimer. #
#                            r51"                                              #
#                            "E:\WMNU\IAR_new_arch\PRJ Test\Debug\Obj\utest.r5 #
#                            1"                                                #
#                            -o                                                #
#                            "E:\WMNU\IAR_new_arch\PRJ Test\Debug\Exe\tests.d5 #
#                            1"                                                #
#                            -l                                                #
#                            "E:\WMNU\IAR_new_arch\PRJ Test\Debug\List\tests.m #
#                            ap"                                               #
#                            -xms                                              #
#                            "-IC:\Program Files (x86)\IAR Systems\Embedded Wo #
#                            rkbench 8.0\8051\LIB\"                            #
#                            -f                                                #
#                            "C:\Program Files (x86)\IAR Systems\Embedded Work #
#                            bench 8.0\8051\config\devices\Texas Instruments\l #
#                            nk51ew_CC2530F256_banked.xcl"                     #
#                            (-D_IDATA0_START=0x00 -D_IDATA0_END=0xFF          #
#                            -D_PDATA0_START=0x1E00 -D_PDATA0_END=0x1EFF       #
#                            -D_IXDATA0_START=0x0001 -D_IXDATA0_END=0x1EFF     #
#                            -D_XDATA0_START=_IXDATA0_START                    #
#                            -D_XDATA0_END=_IXDATA0_END                        #
#                            -D_NEAR_CODE_START=0x0000                         #
#                            -D_FIRST_BANK_ADDR=0x10000 -D?REGISTER_BANK=0x0   #
#                            -D_REGISTER_BANK_START=0x0 -D_BREG_START=0x00     #
#                            -D?VB=0x20 -Z(BIT)BREG=_BREG_START                #
#                            -Z(BIT)BIT_N=0-7F                                 #
#                            -Z(DATA)REGISTERS+8=_REGISTER_BANK_START          #
#                            -Z(DATA)BDATA_Z,BDATA_N,BDATA_I=20-2F             #
#                            -Z(DATA)VREG=08-7F -Z(DATA)PSP,XSP=08-7F          #
#                            -Z(DATA)DOVERLAY=08-7F                            #
#                            -Z(DATA)DATA_I,DATA_Z,DATA_N=08-7F                #
#                            -U(IDATA)0-7F=(DATA)0-7F                          #
#                            -Z(IDATA)IDATA_I,IDATA_Z,IDATA_N=08-_IDATA0_END   #
#                            -Z(IDATA)ISTACK+_IDATA_STACK_SIZE#08-_IDATA0_END  #
#                            -Z(IDATA)IOVERLAY=08-FF -Z(CODE)INTVEC=0          #
#                            -Z(CODE)CSTART=_NEAR_CODE_START-(_CODEBANK_START- #
#                            1)                                                #
#                            -Z(CODE)BIT_ID,BDATA_ID,DATA_ID,IDATA_ID,IXDATA_I #
#                            D,PDATA_ID,XDATA_ID=_NEAR_CODE_START-(_CODEBANK_S #
#                            TART-1)                                           #
#                            -Z(CODE)BANK_RELAYS,RCODE,DIFUNCT,CODE_C,CODE_N,N #
#                            EAR_CODE=_NEAR_CODE_START-(_CODEBANK_START-1)     #
#                            -P(CODE)BANKED_CODE=_NEAR_CODE_START-(_CODEBANK_S #
#                            TART-1),[(_CODEBANK_START+_FIRST_BANK_ADDR)-(_COD #
#                            EBANK_END+_FIRST_BANK_ADDR)]*_NR_OF_BANKS+10000   #
#                            -Z(CODE)CHECKSUM#(_CODEBANK_START-1)              #
#                            -Z(XDATA)PDATA_Z,PDATA_I=_PDATA0_START-_PDATA0_EN #
#                            D                                                 #
#                            -P(XDATA)PDATA_N=_PDATA0_START-_PDATA0_END        #
#                            -Z(XDATA)PSTACK+_PDATA_STACK_SIZE=_PDATA0_START-_ #
#                            PDATA0_END                                        #
#                            -Z(XDATA)EXT_STACK+_EXTENDED_STACK_SIZE=_EXTENDED #
#                            _STACK_START                                      #
#                            -Z(XDATA)XSTACK+_XDATA_STACK_SIZE=_XDATA0_START-_ #
#                            XDATA0_END                                        #
#                            -Z(XDATA)IXDATA_Z,IXDATA_I=_IXDATA0_START-_IXDATA #
#                            0_END                                             #
#                            -P(XDATA)IXDATA_N=_IXDATA0_START-_IXDATA0_END     #
#                            -Z(XDATA)XDATA_Z,XDATA_I=_XDATA0_START-_XDATA0_EN #
#                            D                                                 #
#                            -P(XDATA)XDATA_N=_XDATA0_START-_XDATA0_END        #
#                            -Z(XDATA)XDATA_HEAP+_XDATA_HEAP_SIZE=_XDATA0_STAR #
#                            T-_XDATA0_END                                     #
#                            -Z(CONST)XDATA_ROM_C=_XDATA0_START-_XDATA0_END    #
#                            -cx51                                             #
#                            -M(CODE)[(_CODEBANK_START+_FIRST_BANK_ADDR)-(_COD #
#                            EBANK_END+_FIRST_BANK_ADDR)]*_NR_OF_BANKS+0x10000 #
#                            =0x8000                                           #
#                            -ww69=i -D_BANK0_START=0x00000                    #
#                            -D_BANK0_END=0x07FFF -D_BANK1_START=0x18000       #
#                            -D_BANK1_END=0x1FFFF -D_BANK2_START=0x28000       #
#                            -D_BANK2_END=0x2FFFF -D_BANK3_START=0x38000       #
#                            -D_BANK3_END=0x3FFFF -D_BANK4_START=0x48000       #
#                            -D_BANK4_END=0x4FFFF -D_BANK5_START=0x58000       #
#                            -D_BANK5_END=0x5FFFF -D_BANK6_START=0x68000       #
#                            -D_BANK6_END=0x6FFFF -D_BANK7_START=0x78000       #
#                            -D_BANK7_END=0x7FFFF                              #
#                            -P(CODE)BANK0=_BANK0_START-_BANK0_END             #
#                            -P(CODE)BANK1=_BANK1_START-_BANK1_END             #
#                            -P(CODE)BANK2=_BANK2_START-_BANK2_END             #
#                            -P(CODE)BANK3=_BANK3_START-_BANK3_END             #
#                            -P(CODE)BANK4=_BANK4_START-_BANK4_END             #
#                            -P(CODE)BANK5=_BANK5_START-_BANK5_END             #
#                            -P(CODE)BANK6=_BANK6_START-_BANK6_END             #
#                            -P(CODE)BANK7=_BANK7_START-_BANK7_END             #
#                            -D_FLASH_LOCK_BITS_START=0x7FFF0                  #
#                            -D_FLASH_LOCK_BITS_END=0x7FFFF                    #
#                            -Z(CODE)FLASH_LOCK_BITS=_FLASH_LOCK_BITS_START-_F #
#                            LASH_LOCK_BITS_END                                #
#                            -U(CODE)0x0000=(CODE)_FLASH_LOCK_BITS_START-_FLAS #
#                            H_LOCK_BITS_END)                                  #
#                            -D_NR_OF_VIRTUAL_REGISTERS=8 -D?PBANK=0x93        #
#                            -D?CBANK=0x9F -D?CBANK_MASK=0xFF                  #
#                            -e?BCALL_FF=?BCALL -e?BRET_FF=?BRET               #
#                            -e?BDISPATCH_FF=?BDISPATCH                        #
#                            -D_CODEBANK_START=0x8000 -D_CODEBANK_END=0xFFFF   #
#                            -D_NR_OF_BANKS=0x07                               #
#                            "-IC:\Program Files (x86)\IAR Systems\Embedded Wo #
#                            rkbench 8.0\8051\CONFIG\"                         #
#                            -rt -s __program_start                            #
#                            "C:\Program Files (x86)\IAR Systems\Embedded Work #
#                            bench 8.0\8051\LIB\DLIB\dl-pli-blxd-1e16x01n.r51" #
#                            -D_IDATA_STACK_SIZE=0x40 -D?ESP=0 -D?ESP_MASK=0   #
#                            -D_EXTENDED_STACK_START=0                         #
#                            -D_EXTENDED_STACK_SIZE=0                          #
#                            -D_PDATA_STACK_SIZE=0x80                          #
#                            -D_XDATA_STACK_SIZE=0x800                         #
#                            -D_XDATA_HEAP_SIZE=0x00 -D_FAR_HEAP_SIZE=0xFFF    #
#                            -D_HUGE_HEAP_SIZE=0xFFF                           #
#                            -D_FAR22_HEAP_SIZE=0xFFF)                         #
#                                                                              #
#                           Copyright (C) 1987-2016 IAR Systems AB.            #
################################################################################





                ****************************************
                *                                      *
                *           CROSS REFERENCE            *
                *                                      *
                ****************************************

       Program entry at : CODE      00000085  Relocatable, from module : CSTARTUP




                ****************************************
                *                                      *
                *            RUNTIME MODEL             *
                *                                      *
                ****************************************

  __Heap_Handler             = Basic
  __SystemLibrary            = DLib
  __calling_convention       = xdata_reentrant
  __code_model               = banked
  __core                     = plain
  __data_model               = large
  __dlib_file_descriptor     = 0
  __dlib_full_locale_support = 0
  __dptr_size                = 16
  __extended_stack           = disabled
  __location_for_constants   = data
  __number_of_dptrs          = 1
  __register_banks           = *
  __rt_version               = 1

                ****************************************
                *                                      *
                *    AUTOMATIC SYMBOL REDIRECTIONS     *
                *                                      *
                ****************************************

       All references to: _Printf
         were redirected to: _PrintfSmallNoMb
       All references to: _Printf::?relay
         were redirected to: _PrintfSmallNoMb::?relay



                ****************************************
                *                                      *
                *              MODULE MAP              *
                *                                      *
                ****************************************


  DEFINED ABSOLUTE ENTRIES
    *************************************************************************

  DEFINED ABSOLUTE ENTRIES
  PROGRAM MODULE, NAME : ?ABS_ENTRY_MOD

Absolute parts
           ENTRY                   ADDRESS         REF BY
           =====                   =======         ======
           _FAR22_HEAP_SIZE        00000FFF 
           _HUGE_HEAP_SIZE         00000FFF 
           _FAR_HEAP_SIZE          00000FFF 
           _XDATA_HEAP_SIZE        00000000 
           _XDATA_STACK_SIZE       00000800 
           _PDATA_STACK_SIZE       00000080 
           _EXTENDED_STACK_SIZE    00000000 
           _EXTENDED_STACK_START   00000000 
           ?ESP_MASK               00000000 
           ?ESP                    00000000 
           _IDATA_STACK_SIZE       00000040 
           _NR_OF_BANKS            00000007 
           _CODEBANK_END           0000FFFF 
           _CODEBANK_START         00008000 
           ?CBANK_MASK             000000FF 
           ?CBANK                  0000009F        ?LONGJMP_XDATA (?LONGJMP_XDATA)
                                                   ?RESET_CODE_BANK (CSTARTUP)
                                                   ?SETJMP_XDATA (?SETJMP_XDATA)
                                                   Segment part 0 (?BANKED_CODE_SUPPORT)
           ?PBANK                  00000093        ?RESET_PDATA_BANK (CSTARTUP)
           _NR_OF_VIRTUAL_REGISTERS
                                   00000008 
           _FLASH_LOCK_BITS_END    0003FFFF 
           _FLASH_LOCK_BITS_START
                                   0003FFF0 
           _BANK7_END              0003FFFF 
           _BANK7_START            00038000 
           _BANK6_END              00037FFF 
           _BANK6_START            00030000 
           _BANK5_END              0002FFFF 
           _BANK5_START            00028000 
           _BANK4_END              00027FFF 
           _BANK4_START            00020000 
           _BANK3_END              0001FFFF 
           _BANK3_START            00018000 
           _BANK2_END              00017FFF 
           _BANK2_START            00010000 
           _BANK1_END              0000FFFF 
           _BANK1_START            00008000 
           _BANK0_END              00007FFF 
           _BANK0_START            00000000 
           ?VB                     00000020        ?BANKED_ENTER_XDATA (?BANKED_ENTER_XDATA)
                                                   ?BANKED_LEAVE_XDATA (?BANKED_LEAVE_XDATA)
                                                   ?INTERRUPT_ENTER_XSP (?INTERRUPT_ENTER_XSP)
                                                   ?INTERRUPT_LEAVE_XSP (?INTERRUPT_LEAVE_XSP)
                                                   ?LONGJMP_XDATA (?LONGJMP_XDATA)
                                                   ?SETJMP_XDATA (?SETJMP_XDATA)
                                                   AT_enable (action_manager)
                                                   BF_push_rx (action_manager)
                                                   BF_push_tx (action_manager)
                                                   SL_free (action_manager)
                                                   test1 (action_manager)
                                                   test2 (action_manager)
           _BREG_START             00000000 
           _REGISTER_BANK_START    00000000 
           ?REGISTER_BANK          00000000        Segment part 6 (CSTARTUP)
           _FIRST_BANK_ADDR        00010000 
           _NEAR_CODE_START        00000000 
           _XDATA0_END             00001EFF 
           _XDATA0_START           00000001 
           _IXDATA0_END            00001EFF 
           _IXDATA0_START          00000001 
           _PDATA0_END             00001EFF 
           _PDATA0_START           00001E00 
           _IDATA0_END             000000FF 
           _IDATA0_START           00000000 
    *************************************************************************

  FILE NAME : E:\WMNU\IAR_new_arch\PRJ Test\Debug\Obj\action_manager.r51
  PROGRAM MODULE, NAME : action_manager

  SEGMENTS IN THE MODULE
  ======================
SFR_AN
  Relative segment, address: DATA 00000091 - 00000091 (0x1 bytes), align: 0
  Segment part 1. ROOT 
           ENTRY                   ADDRESS         REF BY
           =====                   =======         ======
           RFIRQF1                 00000091 
    -------------------------------------------------------------------------
SFR_AN
  Relative segment, address: DATA 00000094 - 00000094 (0x1 bytes), align: 0
  Segment part 2. ROOT 
           ENTRY                   ADDRESS         REF BY
           =====                   =======         ======
           T2CTRL                  00000094 
    -------------------------------------------------------------------------
SFR_AN
  Relative segment, address: DATA 00000095 - 00000095 (0x1 bytes), align: 0
  Segment part 3. ROOT        Intra module refs:   ReadTimer
                                                   loadTimerCompare
           ENTRY                   ADDRESS         REF BY
           =====                   =======         ======
           ST0                     00000095 
    -------------------------------------------------------------------------
SFR_AN
  Relative segment, address: DATA 00000096 - 00000096 (0x1 bytes), align: 0
  Segment part 4. ROOT        Intra module refs:   ReadTimer
                                                   loadTimerCompare
           ENTRY                   ADDRESS         REF BY
           =====                   =======         ======
           ST1                     00000096 
    -------------------------------------------------------------------------
SFR_AN
  Relative segment, address: DATA 00000097 - 00000097 (0x1 bytes), align: 0
  Segment part 5. ROOT        Intra module refs:   ReadTimer
                                                   loadTimerCompare
           ENTRY                   ADDRESS         REF BY
           =====                   =======         ======
           ST2                     00000097 
    -------------------------------------------------------------------------
SFR_AN
  Relative segment, address: DATA 0000009D - 0000009D (0x1 bytes), align: 0
  Segment part 6. ROOT        Intra module refs:   ReadTimer
           ENTRY                   ADDRESS         REF BY
           =====                   =======         ======
           SLEEPSTA                0000009D 
    -------------------------------------------------------------------------
SFR_AN
  Relative segment, address: DATA 0000009E - 0000009E (0x1 bytes), align: 0
  Segment part 7. ROOT 
           ENTRY                   ADDRESS         REF BY
           =====                   =======         ======
           CLKCONSTA               0000009E 
    -------------------------------------------------------------------------
SFR_AN
  Relative segment, address: DATA 000000A2 - 000000A2 (0x1 bytes), align: 0
  Segment part 8. ROOT 
           ENTRY                   ADDRESS         REF BY
           =====                   =======         ======
           T2M0                    000000A2 
    -------------------------------------------------------------------------
SFR_AN
  Relative segment, address: DATA 000000A3 - 000000A3 (0x1 bytes), align: 0
  Segment part 9. ROOT 
           ENTRY                   ADDRESS         REF BY
           =====                   =======         ======
           T2M1                    000000A3 
    -------------------------------------------------------------------------
SFR_AN
  Relative segment, address: DATA 000000A4 - 000000A4 (0x1 bytes), align: 0
  Segment part 10. ROOT 
           ENTRY                   ADDRESS         REF BY
           =====                   =======         ======
           T2MOVF0                 000000A4 
    -------------------------------------------------------------------------
SFR_AN
  Relative segment, address: DATA 000000A5 - 000000A5 (0x1 bytes), align: 0
  Segment part 11. ROOT 
           ENTRY                   ADDRESS         REF BY
           =====                   =======         ======
           T2MOVF1                 000000A5 
    -------------------------------------------------------------------------
SFR_AN
  Relative segment, address: DATA 000000A8 - 000000A8 (0x1 bytes), align: 0
  Segment part 12. ROOT       Intra module refs:   AT_enable
                                                   BF_cursor_next
                                                   BF_cursor_rx
                                                   BF_cursor_tx
                                                   BF_push_rx
                                                   BF_push_tx
                                                   BF_remove
                                                   IRQEnable
                                                   SL_alloc
                                                   SL_free
                                                   TM_IRQ
                                                   __cli
           ENTRY                   ADDRESS         REF BY
           =====                   =======         ======
           _A_IEN0                 000000A8 
           LOCAL                   ADDRESS         
           =====                   =======         
           IEN0                    000000A8 
    -------------------------------------------------------------------------
SFR_AN
  Relative segment, address: DATA 000000AD - 000000AD (0x1 bytes), align: 0
  Segment part 13. ROOT       Intra module refs:   loadTimerCompare
           ENTRY                   ADDRESS         REF BY
           =====                   =======         ======
           STLOAD                  000000AD 
    -------------------------------------------------------------------------
SFR_AN
  Relative segment, address: DATA 000000B3 - 000000B3 (0x1 bytes), align: 0
  Segment part 14. ROOT 
           ENTRY                   ADDRESS         REF BY
           =====                   =======         ======
           ENCCS                   000000B3 
    -------------------------------------------------------------------------
SFR_AN
  Relative segment, address: DATA 000000C0 - 000000C0 (0x1 bytes), align: 0
  Segment part 15. ROOT       Intra module refs:   TimerCompareInterrupt
           ENTRY                   ADDRESS         REF BY
           =====                   =======         ======
           _A_IRCON                000000C0 
           LOCAL                   ADDRESS         
           =====                   =======         
           IRCON                   000000C0 
    -------------------------------------------------------------------------
SFR_AN
  Relative segment, address: DATA 000000C6 - 000000C6 (0x1 bytes), align: 0
  Segment part 16. ROOT 
           ENTRY                   ADDRESS         REF BY
           =====                   =======         ======
           CLKCONCMD               000000C6 
    -------------------------------------------------------------------------
SFR_AN
  Relative segment, address: DATA 000000D2 - 000000D2 (0x1 bytes), align: 0
  Segment part 17. ROOT 
           ENTRY                   ADDRESS         REF BY
           =====                   =======         ======
           DMA1CFGL                000000D2 
    -------------------------------------------------------------------------
SFR_AN
  Relative segment, address: DATA 000000D3 - 000000D3 (0x1 bytes), align: 0
  Segment part 18. ROOT 
           ENTRY                   ADDRESS         REF BY
           =====                   =======         ======
           DMA1CFGH                000000D3 
    -------------------------------------------------------------------------
SFR_AN
  Relative segment, address: DATA 000000D4 - 000000D4 (0x1 bytes), align: 0
  Segment part 19. ROOT 
           ENTRY                   ADDRESS         REF BY
           =====                   =======         ======
           DMA0CFGL                000000D4 
    -------------------------------------------------------------------------
SFR_AN
  Relative segment, address: DATA 000000D5 - 000000D5 (0x1 bytes), align: 0
  Segment part 20. ROOT 
           ENTRY                   ADDRESS         REF BY
           =====                   =======         ======
           DMA0CFGH                000000D5 
    -------------------------------------------------------------------------
SFR_AN
  Relative segment, address: DATA 000000D6 - 000000D6 (0x1 bytes), align: 0
  Segment part 21. ROOT 
           ENTRY                   ADDRESS         REF BY
           =====                   =======         ======
           DMAARM                  000000D6 
    -------------------------------------------------------------------------
SFR_AN
  Relative segment, address: DATA 000000D7 - 000000D7 (0x1 bytes), align: 0
  Segment part 22. ROOT 
           ENTRY                   ADDRESS         REF BY
           =====                   =======         ======
           DMAREQ                  000000D7 
    -------------------------------------------------------------------------
SFR_AN
  Relative segment, address: DATA 000000D9 - 000000D9 (0x1 bytes), align: 0
  Segment part 23. ROOT 
           ENTRY                   ADDRESS         REF BY
           =====                   =======         ======
           RFD                     000000D9 
    -------------------------------------------------------------------------
SFR_AN
  Relative segment, address: DATA 000000E1 - 000000E1 (0x1 bytes), align: 0
  Segment part 24. ROOT       Intra module refs:   random_core_init
           ENTRY                   ADDRESS         REF BY
           =====                   =======         ======
           RFST                    000000E1 
    -------------------------------------------------------------------------
SFR_AN
  Relative segment, address: DATA 000000E9 - 000000E9 (0x1 bytes), align: 0
  Segment part 25. ROOT 
           ENTRY                   ADDRESS         REF BY
           =====                   =======         ======
           RFIRQF0                 000000E9 
    -------------------------------------------------------------------------
XDATA_Z
  Relative segment, address: XDATA 00000801 - 00000802 (0x2 bytes), align: 0
  Segment part 100.           Intra module refs:   AM_Hot_start
           LOCAL                   ADDRESS         
           =====                   =======         
           HOT_MOD                 00000801 
    -------------------------------------------------------------------------
XDATA_I
  Relative segment, address: XDATA 000015BE - 000015C7 (0xa bytes), align: 0
  Segment part 103.           Intra module refs:   AM_SW_Init
           LOCAL                   ADDRESS         
           =====                   =======         
           SW_MOD                  000015BE 
    -------------------------------------------------------------------------
<BANKED_CODE> 1 (was BANKED_CODE)
  Relative segment, address: CODE 00000B29 - 00000BEB (0xc3 bytes), align: 0
  Segment part 194.           Intra module refs:   AM_Hot_start::?relay
           ENTRY                   ADDRESS         REF BY
           =====                   =======         ======
           AM_Hot_start            00000B29 
               calls direct
               XSTACK = 00000009 ( 00000010 )
    -------------------------------------------------------------------------
<BANKED_CODE> 1 (was BANKED_CODE)
  Relative segment, address: CODE 00000BEC - 00000CA9 (0xbe bytes), align: 0
  Segment part 198.           Intra module refs:   AM_SW_Init::?relay
           ENTRY                   ADDRESS         REF BY
           =====                   =======         ======
           AM_SW_Init              00000BEC 
               calls direct
               XSTACK = 0000000A ( 00000010 )
    -------------------------------------------------------------------------
<BANKED_CODE> 1 (was BANKED_CODE)
  Relative segment, address: CODE 00000CAA - 00000CB0 (0x7 bytes), align: 0
  Segment part 204.           Intra module refs:   __cli::?relay
           LOCAL                   ADDRESS         
           =====                   =======         
           __cli                   00000CAA 
               XSTACK = 00000009 ( 00000000 )
    -------------------------------------------------------------------------
XDATA_Z
  Relative segment, address: XDATA 00000803 - 00000804 (0x2 bytes), align: 0
  Segment part 109.           Intra module refs:   AT_time
                                                   calcCompareTime
           LOCAL                   ADDRESS         
           =====                   =======         
           TOFFSET                 00000803 
    -------------------------------------------------------------------------
XDATA_Z
  Relative segment, address: XDATA 00000805 - 00000808 (0x4 bytes), align: 0
  Segment part 110.           Intra module refs:   AT_set_alarm
           LOCAL                   ADDRESS         
           =====                   =======         
           COMPARE_TIME            00000805 
    -------------------------------------------------------------------------
<BANKED_CODE> 1 (was BANKED_CODE)
  Relative segment, address: CODE 00000CB1 - 00000CDB (0x2b bytes), align: 0
  Segment part 208.           Intra module refs:   AT_enable::?relay
           ENTRY                   ADDRESS         REF BY
           =====                   =======         ======
           AT_enable               00000CB1 
               calls direct
               XSTACK = 00000009 ( 00000009 )
    -------------------------------------------------------------------------
<BANKED_CODE> 1 (was BANKED_CODE)
  Relative segment, address: CODE 00000CDC - 00000D12 (0x37 bytes), align: 0
  Segment part 212.           Intra module refs:   AT_time::?relay
           ENTRY                   ADDRESS         REF BY
           =====                   =======         ======
           AT_time                 00000CDC 
               calls direct
               XSTACK = 00000043 ( 00000010 )
    -------------------------------------------------------------------------
<BANKED_CODE> 1 (was BANKED_CODE)
  Relative segment, address: CODE 00000D13 - 00000D23 (0x11 bytes), align: 0
  Segment part 216.           Intra module refs:   IRQEnable::?relay
           LOCAL                   ADDRESS         
           =====                   =======         
           IRQEnable               00000D13 
               XSTACK = 0000000F ( 00000000 )
    -------------------------------------------------------------------------
<BANKED_CODE> 1 (was BANKED_CODE)
  Relative segment, address: CODE 00000D24 - 00000DA5 (0x82 bytes), align: 0
  Segment part 218.           Intra module refs:   AT_set_alarm::?relay
           ENTRY                   ADDRESS         REF BY
           =====                   =======         ======
           AT_set_alarm            00000D24 
               calls direct
               XSTACK = 0000000E ( 00000012 )
    -------------------------------------------------------------------------
<BANKED_CODE> 1 (was BANKED_CODE)
  Relative segment, address: CODE 00000DA6 - 00000E62 (0xbd bytes), align: 0
  Segment part 220.           Intra module refs:   calcCompareTime::?relay
           LOCAL                   ADDRESS         
           =====                   =======         
           calcCompareTime         00000DA6 
               calls direct
               XSTACK = 0000000C ( 00000016 )
               ISTACK = 00000000 ( 00000002 )
    -------------------------------------------------------------------------
<BANKED_CODE> 1 (was BANKED_CODE)
  Relative segment, address: CODE 00000E63 - 00000E9D (0x3b bytes), align: 0
  Segment part 222.           Intra module refs:   ReadTimer::?relay
           LOCAL                   ADDRESS         
           =====                   =======         
           ReadTimer               00000E63 
               XSTACK = 00000016 ( 00000000 )
               ISTACK = 00000000 ( 00000002 )
    -------------------------------------------------------------------------
XDATA_Z
  Relative segment, address: XDATA 00000809 - 0000080C (0x4 bytes), align: 0
  Segment part 112.           Intra module refs:   ReadTimer
           LOCAL                   ADDRESS         
           =====                   =======         
           ReadTimer::ret_val      00000809 
    -------------------------------------------------------------------------
<BANKED_CODE> 1 (was BANKED_CODE)
  Relative segment, address: CODE 00000E9E - 00000EE3 (0x46 bytes), align: 0
  Segment part 224.           Intra module refs:   loadTimerCompare::?relay
           LOCAL                   ADDRESS         
           =====                   =======         
           loadTimerCompare        00000E9E 
               XSTACK = 0000000C ( 00000010 )
    -------------------------------------------------------------------------
NEAR_CODE
  Relative segment, address: CODE 00000B04 - 00000B28 (0x25 bytes), align: 0
  Segment part 462.           Intra module refs:   TimerCompareInterrupt::??INTVEC 43
           ENTRY                   ADDRESS         REF BY
           =====                   =======         ======
           TimerCompareInterrupt   00000B04 
               interrupt function
               calls direct
               XSTACK = 00000000 ( 0000000F )
    -------------------------------------------------------------------------
<BANKED_CODE> 1 (was BANKED_CODE)
  Relative segment, address: CODE 00000EE4 - 00000EEA (0x7 bytes), align: 0
  Segment part 228.           Intra module refs:   __cli::?relay
           LOCAL                   ADDRESS         
           =====                   =======         
           __cli                   00000EE4 
               XSTACK = 0000000B ( 00000000 )
    -------------------------------------------------------------------------
<BANKED_CODE> 1 (was BANKED_CODE)
  Relative segment, address: CODE 00000EEB - 00000F09 (0x1f bytes), align: 0
  Segment part 230.           Intra module refs:   INIT_LIST_HEAD::?relay
           LOCAL                   ADDRESS         
           =====                   =======         
           INIT_LIST_HEAD          00000EEB 
               XSTACK = 00000009 ( 00000000 )
               ISTACK = 00000000 ( 00000002 )
    -------------------------------------------------------------------------
<BANKED_CODE> 1 (was BANKED_CODE)
  Relative segment, address: CODE 00000F0A - 00000F0D (0x4 bytes), align: 0
  Segment part 232.           Intra module refs:   __list_add_valid::?relay
           LOCAL                   ADDRESS         
           =====                   =======         
           __list_add_valid        00000F0A 
               XSTACK = 0000000E ( 00000000 )
    -------------------------------------------------------------------------
<BANKED_CODE> 1 (was BANKED_CODE)
  Relative segment, address: CODE 00000F0E - 00000F11 (0x4 bytes), align: 0
  Segment part 234.           Intra module refs:   __list_del_entry_valid::?relay
           LOCAL                   ADDRESS         
           =====                   =======         
           __list_del_entry_valid
                                   00000F0E 
               XSTACK = 00000009 ( 00000000 )
    -------------------------------------------------------------------------
<BANKED_CODE> 1 (was BANKED_CODE)
  Relative segment, address: CODE 00000F12 - 00000F76 (0x65 bytes), align: 0
  Segment part 236.           Intra module refs:   __list_add::?relay
           LOCAL                   ADDRESS         
           =====                   =======         
           __list_add              00000F12 
               calls direct
               XSTACK = 0000000C ( 0000000E )
    -------------------------------------------------------------------------
<BANKED_CODE> 1 (was BANKED_CODE)
  Relative segment, address: CODE 00000F77 - 00000F9F (0x29 bytes), align: 0
  Segment part 238.           Intra module refs:   list_add::?relay
           LOCAL                   ADDRESS         
           =====                   =======         
           list_add                00000F77 
               calls direct
               XSTACK = 0000000E ( 0000000C )
    -------------------------------------------------------------------------
<BANKED_CODE> 1 (was BANKED_CODE)
  Relative segment, address: CODE 00000FA0 - 00000FBE (0x1f bytes), align: 0
  Segment part 240.           Intra module refs:   __list_del::?relay
           LOCAL                   ADDRESS         
           =====                   =======         
           __list_del              00000FA0 
               XSTACK = 00000009 ( 00000000 )
               ISTACK = 00000000 ( 00000002 )
    -------------------------------------------------------------------------
<BANKED_CODE> 1 (was BANKED_CODE)
  Relative segment, address: CODE 00000FBF - 00000FEC (0x2e bytes), align: 0
  Segment part 242.           Intra module refs:   __list_del_entry::?relay
           LOCAL                   ADDRESS         
           =====                   =======         
           __list_del_entry        00000FBF 
               calls direct
               XSTACK = 00000009 ( 00000009 )
    -------------------------------------------------------------------------
<BANKED_CODE> 1 (was BANKED_CODE)
  Relative segment, address: CODE 00000FED - 00001019 (0x2d bytes), align: 0
  Segment part 244.           Intra module refs:   list_del::?relay
           LOCAL                   ADDRESS         
           =====                   =======         
           list_del                00000FED 
               calls direct
               XSTACK = 0000000B ( 00000009 )
    -------------------------------------------------------------------------
<BANKED_CODE> 1 (was BANKED_CODE)
  Relative segment, address: CODE 0000101A - 00001042 (0x29 bytes), align: 0
  Segment part 246.           Intra module refs:   list_empty::?relay
           LOCAL                   ADDRESS         
           =====                   =======         
           list_empty              0000101A 
               XSTACK = 0000000A ( 00000000 )
               ISTACK = 00000000 ( 00000002 )
    -------------------------------------------------------------------------
XDATA_I
  Relative segment, address: XDATA 000015C8 - 000015D3 (0xc bytes), align: 0
  Segment part 113.           Intra module refs:   Segment part 104
           ENTRY                   ADDRESS         REF BY
           =====                   =======         ======
           BF_MODULE               000015C8 
    -------------------------------------------------------------------------
XDATA_Z
  Relative segment, address: XDATA 0000080D - 00000884 (0x78 bytes), align: 0
  Segment part 115.           Intra module refs:   SW_Init
                                                   find_free_node
           LOCAL                   ADDRESS         
           =====                   =======         
           NODE_LIST               0000080D 
    -------------------------------------------------------------------------
XDATA_I
  Relative segment, address: XDATA 000015D4 - 000015D7 (0x4 bytes), align: 0
  Segment part 116.           Intra module refs:   BF_cursor_tx
                                                   BF_push_tx
                                                   SW_Init
                                                   Segment part 117
           ENTRY                   ADDRESS         REF BY
           =====                   =======         ======
           TX_LIST_HEAD            000015D4 
    -------------------------------------------------------------------------
XDATA_I
  Relative segment, address: XDATA 000015D8 - 000015DB (0x4 bytes), align: 0
  Segment part 118.           Intra module refs:   BF_cursor_rx
                                                   BF_push_rx
                                                   SW_Init
                                                   Segment part 119
           ENTRY                   ADDRESS         REF BY
           =====                   =======         ======
           RX_LIST_HEAD            000015D8 
    -------------------------------------------------------------------------
XDATA_Z
  Relative segment, address: XDATA 00000885 - 00000886 (0x2 bytes), align: 0
  Segment part 120.           Intra module refs:   BF_available
                                                   BF_push_tx
                                                   BF_remove
                                                   BF_tx_busy
                                                   SW_Init
           LOCAL                   ADDRESS         
           =====                   =======         
           TX_BUFF_FRAME_COUNT     00000885 
    -------------------------------------------------------------------------
XDATA_Z
  Relative segment, address: XDATA 00000887 - 00000888 (0x2 bytes), align: 0
  Segment part 121.           Intra module refs:   BF_available
                                                   BF_push_rx
                                                   BF_rx_busy
                                                   SW_Init
           LOCAL                   ADDRESS         
           =====                   =======         
           RX_BUFF_FRAME_COUNT     00000887 
    -------------------------------------------------------------------------
<BANKED_CODE> 1 (was BANKED_CODE)
  Relative segment, address: CODE 00001043 - 00001099 (0x57 bytes), align: 0
  Segment part 248.           Intra module refs:   SW_Init::?relay
           LOCAL                   ADDRESS         
           =====                   =======         
           SW_Init                 00001043 
               calls direct, is indirectly called
               XSTACK = 00000000 ( 00000009 )
    -------------------------------------------------------------------------
<BANKED_CODE> 1 (was BANKED_CODE)
  Relative segment, address: CODE 0000109A - 000010AC (0x13 bytes), align: 0
  Segment part 250.           Intra module refs:   BF_rx_busy::?relay
           ENTRY                   ADDRESS         REF BY
           =====                   =======         ======
           BF_rx_busy              0000109A 
               XSTACK = 0000003A ( 00000000 )
               ISTACK = 00000000 ( 00000002 )
    -------------------------------------------------------------------------
<BANKED_CODE> 1 (was BANKED_CODE)
  Relative segment, address: CODE 000010AD - 000010BF (0x13 bytes), align: 0
  Segment part 252.           Intra module refs:   BF_tx_busy::?relay
           ENTRY                   ADDRESS         REF BY
           =====                   =======         ======
           BF_tx_busy              000010AD 
               XSTACK = 0000003A ( 00000000 )
               ISTACK = 00000000 ( 00000002 )
    -------------------------------------------------------------------------
<BANKED_CODE> 1 (was BANKED_CODE)
  Relative segment, address: CODE 000010C0 - 00001129 (0x6a bytes), align: 0
  Segment part 254.           Intra module refs:   BF_available::?relay
           ENTRY                   ADDRESS         REF BY
           =====                   =======         ======
           BF_available            000010C0 
               calls direct
               XSTACK = 0000003A ( 00000010 )
    -------------------------------------------------------------------------
<BANKED_CODE> 1 (was BANKED_CODE)
  Relative segment, address: CODE 0000112A - 0000116A (0x41 bytes), align: 0
  Segment part 256.           Intra module refs:   find_free_node::?relay
           LOCAL                   ADDRESS         
           =====                   =======         
           find_free_node          0000112A 
               calls direct
               XSTACK = 0000000E ( 00000009 )
    -------------------------------------------------------------------------
<BANKED_CODE> 1 (was BANKED_CODE)
  Relative segment, address: CODE 0000116B - 000011E5 (0x7b bytes), align: 0
  Segment part 258.           Intra module refs:   _push::?relay
           LOCAL                   ADDRESS         
           =====                   =======         
           _push                   0000116B 
               calls direct
               XSTACK = 00000009 ( 00000014 )
    -------------------------------------------------------------------------
<BANKED_CODE> 1 (was BANKED_CODE)
  Relative segment, address: CODE 000011E6 - 0000122A (0x45 bytes), align: 0
  Segment part 260.           Intra module refs:   BF_push_tx::?relay
           ENTRY                   ADDRESS         REF BY
           =====                   =======         ======
           BF_push_tx              000011E6 
               calls direct
               XSTACK = 0000003A ( 00000009 )
    -------------------------------------------------------------------------
<BANKED_CODE> 1 (was BANKED_CODE)
  Relative segment, address: CODE 0000122B - 0000126F (0x45 bytes), align: 0
  Segment part 262.           Intra module refs:   BF_push_rx::?relay
           ENTRY                   ADDRESS         REF BY
           =====                   =======         ======
           BF_push_rx              0000122B 
               calls direct
               XSTACK = 0000003A ( 00000009 )
    -------------------------------------------------------------------------
<BANKED_CODE> 1 (was BANKED_CODE)
  Relative segment, address: CODE 00001270 - 000012BC (0x4d bytes), align: 0
  Segment part 264.           Intra module refs:   BF_cursor_rx::?relay
           ENTRY                   ADDRESS         REF BY
           =====                   =======         ======
           BF_cursor_rx            00001270 
               calls direct
               XSTACK = 0000003A ( 0000000A )
    -------------------------------------------------------------------------
<BANKED_CODE> 1 (was BANKED_CODE)
  Relative segment, address: CODE 000012BD - 00001309 (0x4d bytes), align: 0
  Segment part 266.           Intra module refs:   BF_cursor_tx::?relay
           ENTRY                   ADDRESS         REF BY
           =====                   =======         ======
           BF_cursor_tx            000012BD 
               calls direct
               XSTACK = 0000003A ( 0000000A )
    -------------------------------------------------------------------------
<BANKED_CODE> 1 (was BANKED_CODE)
  Relative segment, address: CODE 0000130A - 00001364 (0x5b bytes), align: 0
  Segment part 268.           Intra module refs:   BF_cursor_next::?relay
           ENTRY                   ADDRESS         REF BY
           =====                   =======         ======
           BF_cursor_next          0000130A 
               calls direct
               XSTACK = 0000003A ( 0000000B )
    -------------------------------------------------------------------------
<BANKED_CODE> 1 (was BANKED_CODE)
  Relative segment, address: CODE 00001365 - 000013B9 (0x55 bytes), align: 0
  Segment part 270.           Intra module refs:   BF_remove::?relay
           ENTRY                   ADDRESS         REF BY
           =====                   =======         ======
           BF_remove               00001365 
               calls direct
               XSTACK = 0000003A ( 0000000B )
    -------------------------------------------------------------------------
<BANKED_CODE> 1 (was BANKED_CODE)
  Relative segment, address: CODE 000013BA - 000013DB (0x22 bytes), align: 0
  Segment part 272.           Intra module refs:   BF_content::?relay
           ENTRY                   ADDRESS         REF BY
           =====                   =======         ======
           BF_content              000013BA 
               XSTACK = 0000003A ( 00000000 )
               ISTACK = 00000000 ( 00000002 )
    -------------------------------------------------------------------------
<BANKED_CODE> 1 (was BANKED_CODE)
  Relative segment, address: CODE 000013DC - 000013DD (0x2 bytes), align: 0
  Segment part 292.           Intra module refs:   DBG_CORE_HALT::?relay
           ENTRY                   ADDRESS         REF BY
           =====                   =======         ======
           DBG_CORE_HALT           000013DC 
               XSTACK = 00000029 ( 00000000 )
    -------------------------------------------------------------------------
XDATA_I
  Relative segment, address: XDATA 000015DC - 000015E7 (0xc bytes), align: 0
  Segment part 132.           Intra module refs:   Segment part 104
           ENTRY                   ADDRESS         REF BY
           =====                   =======         ======
           FR_MODULE               000015DC 
    -------------------------------------------------------------------------
<BANKED_CODE> 1 (was BANKED_CODE)
  Relative segment, address: CODE 000013DE - 000013E0 (0x3 bytes), align: 0
  Segment part 298.           Intra module refs:   SW_Init::?relay
           LOCAL                   ADDRESS         
           =====                   =======         
           SW_Init                 000013DE 
               is indirectly called
    -------------------------------------------------------------------------
<BANKED_CODE> 1 (was BANKED_CODE)
  Relative segment, address: CODE 000013E1 - 000013EE (0xe bytes), align: 0
  Segment part 300.           Intra module refs:   FR_create::?relay
           ENTRY                   ADDRESS         REF BY
           =====                   =======         ======
           FR_create               000013E1 
               calls direct
               XSTACK = 0000003A ( 00000000 )
               ISTACK = 00000000 ( 00000002 )
    -------------------------------------------------------------------------
<BANKED_CODE> 1 (was BANKED_CODE)
  Relative segment, address: CODE 000013EF - 00001403 (0x15 bytes), align: 0
  Segment part 302.           Intra module refs:   FR_delete::?relay
           ENTRY                   ADDRESS         REF BY
           =====                   =======         ======
           FR_delete               000013EF 
               calls direct
               XSTACK = 0000003A ( 00000009 )
    -------------------------------------------------------------------------
<BANKED_CODE> 1 (was BANKED_CODE)
  Relative segment, address: CODE 00001404 - 000014D6 (0xd3 bytes), align: 0
  Segment part 304.           Intra module refs:   FR_add_header::?relay
           ENTRY                   ADDRESS         REF BY
           =====                   =======         ======
           FR_add_header           00001404 
               calls direct
               XSTACK = 00000024 ( 00000017 )
               ISTACK = 00000000 ( 00000001 )
    -------------------------------------------------------------------------
<BANKED_CODE> 1 (was BANKED_CODE)
  Relative segment, address: CODE 000014D7 - 00001589 (0xb3 bytes), align: 0
  Segment part 306.           Intra module refs:   FR_del_header::?relay
           ENTRY                   ADDRESS         REF BY
           =====                   =======         ======
           FR_del_header           000014D7 
               calls direct
               XSTACK = 00000016 ( 00000012 )
               ISTACK = 00000000 ( 00000001 )
    -------------------------------------------------------------------------
XDATA_ROM_C
  Relative segment, address: XDATA 000017B3 - 000017B6 (0x4 bytes), align: 0
  Segment part 134.           Intra module refs:   FR_del_header
    -------------------------------------------------------------------------
<BANKED_CODE> 1 (was BANKED_CODE)
  Relative segment, address: CODE 0000158A - 00001597 (0xe bytes), align: 0
  Segment part 308.           Intra module refs:   FR_busy::?relay
           ENTRY                   ADDRESS         REF BY
           =====                   =======         ======
           FR_busy                 0000158A 
               calls direct
               XSTACK = 00000034 ( 00000000 )
               ISTACK = 00000000 ( 00000002 )
    -------------------------------------------------------------------------
<BANKED_CODE> 1 (was BANKED_CODE)
  Relative segment, address: CODE 00001598 - 000015A5 (0xe bytes), align: 0
  Segment part 310.           Intra module refs:   FR_available::?relay
           ENTRY                   ADDRESS         REF BY
           =====                   =======         ======
           FR_available            00001598 
               calls direct
               XSTACK = 00000034 ( 00000000 )
               ISTACK = 00000000 ( 00000002 )
    -------------------------------------------------------------------------
<BANKED_CODE> 1 (was BANKED_CODE)
  Relative segment, address: CODE 000015A6 - 000015AA (0x5 bytes), align: 0
  Segment part 312.
           ENTRY                   ADDRESS         REF BY
           =====                   =======         ======
           main                    000015A6        ?call_main (?cmain)
               calls direct
    -------------------------------------------------------------------------
<BANKED_CODE> 1 (was BANKED_CODE)
  Relative segment, address: CODE 000015AB - 000015E6 (0x3c bytes), align: 0
  Segment part 314.           Intra module refs:   is_array_ptr::?relay
           LOCAL                   ADDRESS         
           =====                   =======         
           is_array_ptr            000015AB 
               XSTACK = 0000000E ( 0000000C )
    -------------------------------------------------------------------------
<BANKED_CODE> 1 (was BANKED_CODE)
  Relative segment, address: CODE 000015E7 - 00001616 (0x30 bytes), align: 0
  Segment part 316.           Intra module refs:   array_index::?relay
           LOCAL                   ADDRESS         
           =====                   =======         
           array_index             000015E7 
               XSTACK = 0000000E ( 0000000C )
    -------------------------------------------------------------------------
<BANKED_CODE> 1 (was BANKED_CODE)
  Relative segment, address: CODE 00001617 - 0000161D (0x7 bytes), align: 0
  Segment part 318.           Intra module refs:   __cli::?relay
           LOCAL                   ADDRESS         
           =====                   =======         
           __cli                   00001617 
               XSTACK = 0000000D ( 00000000 )
    -------------------------------------------------------------------------
XDATA_I
  Relative segment, address: XDATA 000015E8 - 000015F3 (0xc bytes), align: 0
  Segment part 135.           Intra module refs:   Segment part 104
           ENTRY                   ADDRESS         REF BY
           =====                   =======         ======
           MS_MODULE               000015E8 
    -------------------------------------------------------------------------
XDATA_Z
  Relative segment, address: XDATA 00000889 - 0000147C (0xbf4 bytes), align: 0
  Segment part 137.           Intra module refs:   SL_alloc
                                                   SL_zone_check
                                                   SW_Init
                                                   _free
           LOCAL                   ADDRESS         
           =====                   =======         
           SLOT_POOL               00000889 
    -------------------------------------------------------------------------
XDATA_Z
  Relative segment, address: XDATA 0000147D - 0000147E (0x2 bytes), align: 0
  Segment part 138.           Intra module refs:   SL_alloc
                                                   SL_available
                                                   SL_busy
                                                   SW_Init
                                                   _free
           LOCAL                   ADDRESS         
           =====                   =======         
           slot_busy               0000147D 
    -------------------------------------------------------------------------
<BANKED_CODE> 1 (was BANKED_CODE)
  Relative segment, address: CODE 0000161E - 00001692 (0x75 bytes), align: 0
  Segment part 320.           Intra module refs:   SW_Init::?relay
           LOCAL                   ADDRESS         
           =====                   =======         
           SW_Init                 0000161E 
               calls direct, is indirectly called
               XSTACK = 00000000 ( 0000000D )
    -------------------------------------------------------------------------
XDATA_ROM_C
  Relative segment, address: XDATA 000017B7 - 000017BA (0x4 bytes), align: 0
  Segment part 139.           Intra module refs:   SW_Init
    -------------------------------------------------------------------------
<BANKED_CODE> 1 (was BANKED_CODE)
  Relative segment, address: CODE 00001693 - 00001723 (0x91 bytes), align: 0
  Segment part 322.           Intra module refs:   SL_alloc::?relay
           ENTRY                   ADDRESS         REF BY
           =====                   =======         ======
           SL_alloc                00001693 
               calls direct
               XSTACK = 00000034 ( 0000000D )
    -------------------------------------------------------------------------
XDATA_ROM_C
  Relative segment, address: XDATA 000017BB - 000017BE (0x4 bytes), align: 0
  Segment part 140.           Intra module refs:   SL_alloc
    -------------------------------------------------------------------------
<BANKED_CODE> 1 (was BANKED_CODE)
  Relative segment, address: CODE 00001724 - 000017AB (0x88 bytes), align: 0
  Segment part 324.           Intra module refs:   _free::?relay
           LOCAL                   ADDRESS         
           =====                   =======         
           _free                   00001724 
               calls direct
               XSTACK = 00000009 ( 0000000E )
    -------------------------------------------------------------------------
<BANKED_CODE> 1 (was BANKED_CODE)
  Relative segment, address: CODE 000017AC - 000017DC (0x31 bytes), align: 0
  Segment part 326.           Intra module refs:   SL_free::?relay
           ENTRY                   ADDRESS         REF BY
           =====                   =======         ======
           SL_free                 000017AC 
               calls direct
               XSTACK = 00000034 ( 00000009 )
    -------------------------------------------------------------------------
<BANKED_CODE> 1 (was BANKED_CODE)
  Relative segment, address: CODE 000017DD - 00001837 (0x5b bytes), align: 0
  Segment part 328.           Intra module refs:   SL_busy::?relay
           ENTRY                   ADDRESS         REF BY
           =====                   =======         ======
           SL_busy                 000017DD 
               calls direct
               XSTACK = 00000034 ( 00000010 )
    -------------------------------------------------------------------------
<BANKED_CODE> 1 (was BANKED_CODE)
  Relative segment, address: CODE 00001838 - 0000189B (0x64 bytes), align: 0
  Segment part 330.           Intra module refs:   SL_available::?relay
           ENTRY                   ADDRESS         REF BY
           =====                   =======         ======
           SL_available            00001838 
               calls direct
               XSTACK = 00000034 ( 00000010 )
    -------------------------------------------------------------------------
<BANKED_CODE> 1 (was BANKED_CODE)
  Relative segment, address: CODE 0000189C - 000018E7 (0x4c bytes), align: 0
  Segment part 332.           Intra module refs:   SL_zone_check::?relay
           ENTRY                   ADDRESS         REF BY
           =====                   =======         ======
           SL_zone_check           0000189C 
               XSTACK = 00000010 ( 00000000 )
               ISTACK = 00000000 ( 00000002 )
    -------------------------------------------------------------------------
<BANKED_CODE> 1 (was BANKED_CODE)
  Relative segment, address: CODE 000018E8 - 0000195B (0x74 bytes), align: 0
  Segment part 334.           Intra module refs:   MEM_memcpy::?relay
           ENTRY                   ADDRESS         REF BY
           =====                   =======         ======
           MEM_memcpy              000018E8 
               XSTACK = 00000029 ( 00000000 )
               ISTACK = 00000000 ( 00000003 )
    -------------------------------------------------------------------------
<BANKED_CODE> 1 (was BANKED_CODE)
  Relative segment, address: CODE 0000195C - 000019AA (0x4f bytes), align: 0
  Segment part 336.           Intra module refs:   MEM_memset::?relay
           ENTRY                   ADDRESS         REF BY
           =====                   =======         ======
           MEM_memset              0000195C 
               XSTACK = 00000029 ( 00000000 )
               ISTACK = 00000000 ( 00000003 )
    -------------------------------------------------------------------------
XDATA_Z
  Relative segment, address: XDATA 0000147F - 000014FA (0x7c bytes), align: 0
  Segment part 141.           Intra module refs:   SW_Init
                                                   TM_IRQ
                                                   pre_config
                                                   setFreq
           ENTRY                   ADDRESS         REF BY
           =====                   =======         ======
           MODEL                   0000147F 
    -------------------------------------------------------------------------
XDATA_I
  Relative segment, address: XDATA 000015F4 - 000015FF (0xc bytes), align: 0
  Segment part 142.           Intra module refs:   Segment part 104
           ENTRY                   ADDRESS         REF BY
           =====                   =======         ======
           MD_MODULE               000015F4 
    -------------------------------------------------------------------------
<BANKED_CODE> 1 (was BANKED_CODE)
  Relative segment, address: CODE 000019AB - 000019AD (0x3 bytes), align: 0
  Segment part 338.           Intra module refs:   HW_Init::?relay
           LOCAL                   ADDRESS         
           =====                   =======         
           HW_Init                 000019AB 
               is indirectly called
    -------------------------------------------------------------------------
<BANKED_CODE> 1 (was BANKED_CODE)
  Relative segment, address: CODE 000019AE - 000019B0 (0x3 bytes), align: 0
  Segment part 340.           Intra module refs:   SW_Init::?relay
           LOCAL                   ADDRESS         
           =====                   =======         
           SW_Init                 000019AE 
               is indirectly called
    -------------------------------------------------------------------------
<BANKED_CODE> 1 (was BANKED_CODE)
  Relative segment, address: CODE 000019B1 - 000019B3 (0x3 bytes), align: 0
  Segment part 342.           Intra module refs:   Sleep::?relay
           LOCAL                   ADDRESS         
           =====                   =======         
           Sleep                   000019B1 
               is indirectly called
    -------------------------------------------------------------------------
<BANKED_CODE> 1 (was BANKED_CODE)
  Relative segment, address: CODE 000019B4 - 000019B6 (0x3 bytes), align: 0
  Segment part 344.           Intra module refs:   Wakeup::?relay
           LOCAL                   ADDRESS         
           =====                   =======         
           Wakeup                  000019B4 
               is indirectly called
    -------------------------------------------------------------------------
<BANKED_CODE> 1 (was BANKED_CODE)
  Relative segment, address: CODE 000019B7 - 000019B9 (0x3 bytes), align: 0
  Segment part 346.           Intra module refs:   Cold_Start::?relay
           LOCAL                   ADDRESS         
           =====                   =======         
           Cold_Start              000019B7 
               is indirectly called
    -------------------------------------------------------------------------
<BANKED_CODE> 1 (was BANKED_CODE)
  Relative segment, address: CODE 000019BA - 000019BC (0x3 bytes), align: 0
  Segment part 348.           Intra module refs:   Hot_Start::?relay
           LOCAL                   ADDRESS         
           =====                   =======         
           Hot_Start               000019BA 
               is indirectly called
    -------------------------------------------------------------------------
XDATA_I
  Relative segment, address: XDATA 00001600 - 0000160B (0xc bytes), align: 0
  Segment part 144.           Intra module refs:   Segment part 104
           ENTRY                   ADDRESS         REF BY
           =====                   =======         ======
           RADIO_MODULE            00001600 
    -------------------------------------------------------------------------
<BANKED_CODE> 1 (was BANKED_CODE)
  Relative segment, address: CODE 000019BD - 000019FA (0x3e bytes), align: 0
  Segment part 350.           Intra module refs:   SW_Init::?relay
           LOCAL                   ADDRESS         
           =====                   =======         
           SW_Init                 000019BD 
               calls direct, is indirectly called
               ISTACK = 00000000 ( 00000002 )
    -------------------------------------------------------------------------
<BANKED_CODE> 1 (was BANKED_CODE)
  Relative segment, address: CODE 000019FB - 00001A39 (0x3f bytes), align: 0
  Segment part 352.           Intra module refs:   HW_Init::?relay
           LOCAL                   ADDRESS         
           =====                   =======         
           HW_Init                 000019FB 
               is indirectly called
               XSTACK = 00000000 ( 00000001 )
               ISTACK = 00000000 ( 00000003 )
    -------------------------------------------------------------------------
<BANKED_CODE> 1 (was BANKED_CODE)
  Relative segment, address: CODE 00001A3A - 00001AB2 (0x79 bytes), align: 0
  Segment part 354.           Intra module refs:   setFreq::?relay
           LOCAL                   ADDRESS         
           =====                   =======         
           setFreq                 00001A3A 
               calls direct
               XSTACK = 00000000 ( 00000011 )
               ISTACK = 00000000 ( 00000001 )
    -------------------------------------------------------------------------
<BANKED_CODE> 1 (was BANKED_CODE)
  Relative segment, address: CODE 00001AB3 - 00001ACD (0x1b bytes), align: 0
  Segment part 356.           Intra module refs:   pre_config::?relay
           LOCAL                   ADDRESS         
           =====                   =======         
           pre_config              00001AB3 
               calls direct
               XSTACK = 00000024 ( 00000000 )
               ISTACK = 00000000 ( 00000002 )
    -------------------------------------------------------------------------
<BANKED_CODE> 1 (was BANKED_CODE)
  Relative segment, address: CODE 00001ACE - 00001AEF (0x22 bytes), align: 0
  Segment part 372.           Intra module refs:   bits_count::?relay
           LOCAL                   ADDRESS         
           =====                   =======         
           bits_count              00001ACE 
               XSTACK = 00000009 ( 00000000 )
    -------------------------------------------------------------------------
<BANKED_CODE> 1 (was BANKED_CODE)
  Relative segment, address: CODE 00001AF0 - 00001B24 (0x35 bytes), align: 0
  Segment part 374.           Intra module refs:   getRNDByte::?relay
           LOCAL                   ADDRESS         
           =====                   =======         
           getRNDByte              00001AF0 
               XSTACK = 00000009 ( 00000000 )
               ISTACK = 00000000 ( 00000002 )
    -------------------------------------------------------------------------
<BANKED_CODE> 1 (was BANKED_CODE)
  Relative segment, address: CODE 00001B25 - 00001B5A (0x36 bytes), align: 0
  Segment part 376.           Intra module refs:   readRandom::?relay
           LOCAL                   ADDRESS         
           =====                   =======         
           readRandom              00001B25 
               calls direct
               XSTACK = 00000009 ( 00000009 )
    -------------------------------------------------------------------------
<BANKED_CODE> 1 (was BANKED_CODE)
  Relative segment, address: CODE 00001B5B - 00001BA8 (0x4e bytes), align: 0
  Segment part 378.           Intra module refs:   random_core_init::?relay
           LOCAL                   ADDRESS         
           =====                   =======         
           random_core_init        00001B5B 
               calls direct
               XSTACK = 00000000 ( 00000009 )
    -------------------------------------------------------------------------
<BANKED_CODE> 1 (was BANKED_CODE)
  Relative segment, address: CODE 00001BA9 - 00001BAF (0x7 bytes), align: 0
  Segment part 384.           Intra module refs:   __cli::?relay
           LOCAL                   ADDRESS         
           =====                   =======         
           __cli                   00001BA9 
               XSTACK = 00000009 ( 00000000 )
    -------------------------------------------------------------------------
XDATA_Z
  Relative segment, address: XDATA 000014FB - 0000152C (0x32 bytes), align: 0
  Segment part 149.           Intra module refs:   _find_next_active
           LOCAL                   ADDRESS         
           =====                   =======         
           ALARMS                  000014FB 
    -------------------------------------------------------------------------
<BANKED_CODE> 1 (was BANKED_CODE)
  Relative segment, address: CODE 00001BB0 - 00001BC1 (0x12 bytes), align: 0
  Segment part 390.           Intra module refs:   _inc_timeslot::?relay
           LOCAL                   ADDRESS         
           =====                   =======         
           _inc_timeslot           00001BB0 
               XSTACK = 00000009 ( 00000000 )
    -------------------------------------------------------------------------
<BANKED_CODE> 1 (was BANKED_CODE)
  Relative segment, address: CODE 00001BC2 - 00001BF3 (0x32 bytes), align: 0
  Segment part 392.           Intra module refs:   _find_next_active::?relay
           LOCAL                   ADDRESS         
           =====                   =======         
           _find_next_active       00001BC2 
               calls direct
               XSTACK = 00000009 ( 00000009 )
    -------------------------------------------------------------------------
<BANKED_CODE> 1 (was BANKED_CODE)
  Relative segment, address: CODE 00001BF4 - 00001C34 (0x41 bytes), align: 0
  Segment part 394.           Intra module refs:   scheulder_next_alarm::?relay
           LOCAL                   ADDRESS         
           =====                   =======         
           scheulder_next_alarm    00001BF4 
               calls direct
               XSTACK = 00000009 ( 00000009 )
    -------------------------------------------------------------------------
<BANKED_CODE> 1 (was BANKED_CODE)
  Relative segment, address: CODE 00001C35 - 00001C7D (0x49 bytes), align: 0
  Segment part 396.           Intra module refs:   TM_IRQ::?relay
           ENTRY                   ADDRESS         REF BY
           =====                   =======         ======
           TM_IRQ                  00001C35 
               calls direct
               XSTACK = 0000000F ( 00000009 )
    -------------------------------------------------------------------------
XDATA_I
  Relative segment, address: XDATA 0000160C - 0000162D (0x22 bytes), align: 0
  Segment part 150.           Intra module refs:   Segment part 181
           ENTRY                   ADDRESS         REF BY
           =====                   =======         ======
           UT_BF_1                 0000160C 
    -------------------------------------------------------------------------
XDATA_I
  Relative segment, address: XDATA 0000162E - 0000164F (0x22 bytes), align: 0
  Segment part 152.           Intra module refs:   Segment part 181
           ENTRY                   ADDRESS         REF BY
           =====                   =======         ======
           UT_BF_2                 0000162E 
    -------------------------------------------------------------------------
XDATA_I
  Relative segment, address: XDATA 00001650 - 00001671 (0x22 bytes), align: 0
  Segment part 154.           Intra module refs:   Segment part 181
           ENTRY                   ADDRESS         REF BY
           =====                   =======         ======
           UT_BF_3                 00001650 
    -------------------------------------------------------------------------
<BANKED_CODE> 1 (was BANKED_CODE)
  Relative segment, address: CODE 00001C7E - 0000207B (0x3fe bytes), align: 0
  Segment part 412.           Intra module refs:   test3::?relay
           LOCAL                   ADDRESS         
           =====                   =======         
           test3                   00001C7E 
               calls direct, is indirectly called
               XSTACK = 00000000 ( 0000003A )
    -------------------------------------------------------------------------
<BANKED_CODE> 1 (was BANKED_CODE)
  Relative segment, address: CODE 0000207C - 00002258 (0x1dd bytes), align: 0
  Segment part 414.           Intra module refs:   test2::?relay
           LOCAL                   ADDRESS         
           =====                   =======         
           test2                   0000207C 
               calls direct, is indirectly called
               XSTACK = 00000000 ( 0000003A )
    -------------------------------------------------------------------------
<BANKED_CODE> 1 (was BANKED_CODE)
  Relative segment, address: CODE 00002259 - 0000238B (0x133 bytes), align: 0
  Segment part 416.           Intra module refs:   test1::?relay
           LOCAL                   ADDRESS         
           =====                   =======         
           test1                   00002259 
               calls direct, is indirectly called
               XSTACK = 00000000 ( 00000012 )
    -------------------------------------------------------------------------
XDATA_I
  Relative segment, address: XDATA 00001672 - 00001693 (0x22 bytes), align: 0
  Segment part 158.           Intra module refs:   Segment part 181
           ENTRY                   ADDRESS         REF BY
           =====                   =======         ======
           UT_FR_1                 00001672 
[...]
    -------------------------------------------------------------------------
<BANKED_CODE> 1 (was BANKED_CODE)
  Relative segment, address: CODE 0000362D - 00003636 (0xa bytes), align: 0
  Segment part 34.            Intra module refs:   Segment part 31
                                                   Segment part 33
    -------------------------------------------------------------------------
<BANKED_CODE> 1 (was BANKED_CODE)
  Relative segment, address: CODE 00003637 - 0000363F (0x9 bytes), align: 0
  Segment part 35.            Intra module refs:   _PrintfSmallNoMb
    -------------------------------------------------------------------------
<BANKED_CODE> 1 (was BANKED_CODE)
  Relative segment, address: CODE 00003640 - 000036B8 (0x79 bytes), align: 0
  Segment part 36.            Intra module refs:   pad::?relay
           LOCAL                   ADDRESS         
           =====                   =======         
           pad                     00003640 
               calls direct
               XSTACK = 00000044 ( 00000015 )
               ISTACK = 00000000 ( 00000001 )
    -------------------------------------------------------------------------
<BANKED_CODE> 1 (was BANKED_CODE)
  Relative segment, address: CODE 000036B9 - 000036BB (0x3 bytes), align: 0
  Segment part 38.            Intra module refs:   _LitobSmallNoMb
                                                   pad
    -------------------------------------------------------------------------
<BANKED_CODE> 1 (was BANKED_CODE)
  Relative segment, address: CODE 000036BC - 000036C0 (0x5 bytes), align: 0
  Segment part 39.            Intra module refs:   Segment part 38
                                                   _PutcharsSmallNoMb
    -------------------------------------------------------------------------
<BANKED_CODE> 1 (was BANKED_CODE)
  Relative segment, address: CODE 000036C1 - 00003A00 (0x340 bytes), align: 0
  Segment part 40.            Intra module refs:   _LitobSmallNoMb::?relay
           LOCAL                   ADDRESS         
           =====                   =======         
           _LitobSmallNoMb         000036C1 
               XSTACK = 00000042 ( 00000023 )
               ISTACK = 00000000 ( 00000002 )
    -------------------------------------------------------------------------
<BANKED_CODE> 1 (was BANKED_CODE)
  Relative segment, address: CODE 00003A01 - 00003A02 (0x2 bytes), align: 0
  Segment part 42.            Intra module refs:   _PrintfSmallNoMb
                                                   _PutcharsSmallNoMb
    -------------------------------------------------------------------------
<BANKED_CODE> 1 (was BANKED_CODE)
  Relative segment, address: CODE 00003A03 - 00003A0A (0x8 bytes), align: 0
  Segment part 43.            Intra module refs:   Segment part 42
                                                   _LitobSmallNoMb
                                                   _PrintfSmallNoMb
    -------------------------------------------------------------------------
<BANKED_CODE> 1 (was BANKED_CODE)
  Relative segment, address: CODE 00003A0B - 00003A0F (0x5 bytes), align: 0
  Segment part 44.            Intra module refs:   _LitobSmallNoMb
    -------------------------------------------------------------------------
<BANKED_CODE> 1 (was BANKED_CODE)
  Relative segment, address: CODE 00003A10 - 00003A13 (0x4 bytes), align: 0
  Segment part 45.            Intra module refs:   _LitobSmallNoMb
    -------------------------------------------------------------------------
<BANKED_CODE> 1 (was BANKED_CODE)
  Relative segment, address: CODE 00003A14 - 00003A1C (0x9 bytes), align: 0
  Segment part 46.            Intra module refs:   Segment part 45
                                                   Segment part 54
    -------------------------------------------------------------------------
<BANKED_CODE> 1 (was BANKED_CODE)
  Relative segment, address: CODE 00003A1D - 00003A22 (0x6 bytes), align: 0
  Segment part 47.            Intra module refs:   _LitobSmallNoMb
                                                   _PrintfSmallNoMb
    -------------------------------------------------------------------------
<BANKED_CODE> 1 (was BANKED_CODE)
  Relative segment, address: CODE 00003A23 - 00003A26 (0x4 bytes), align: 0
  Segment part 48.            Intra module refs:   _LitobSmallNoMb
                                                   _PrintfSmallNoMb
    -------------------------------------------------------------------------
<BANKED_CODE> 1 (was BANKED_CODE)
  Relative segment, address: CODE 00003A27 - 00003A2A (0x4 bytes), align: 0
  Segment part 49.            Intra module refs:   Segment part 48
                                                   Segment part 62
    -------------------------------------------------------------------------
<BANKED_CODE> 1 (was BANKED_CODE)
  Relative segment, address: CODE 00003A2B - 00003A33 (0x9 bytes), align: 0
  Segment part 50.            Intra module refs:   Segment part 22
                                                   Segment part 49
    -------------------------------------------------------------------------
<BANKED_CODE> 1 (was BANKED_CODE)
  Relative segment, address: CODE 00003A34 - 00003A39 (0x6 bytes), align: 0
  Segment part 51.            Intra module refs:   _LitobSmallNoMb
                                                   _PrintfSmallNoMb
                                                   _PutcharSmallNoMb
    -------------------------------------------------------------------------
<BANKED_CODE> 1 (was BANKED_CODE)
  Relative segment, address: CODE 00003A3A - 00003A3D (0x4 bytes), align: 0
  Segment part 52.            Intra module refs:   _LitobSmallNoMb
    -------------------------------------------------------------------------
<BANKED_CODE> 1 (was BANKED_CODE)
  Relative segment, address: CODE 00003A3E - 00003A41 (0x4 bytes), align: 0
  Segment part 53.            Intra module refs:   Segment part 26
                                                   Segment part 27
                                                   Segment part 52
                                                   Segment part 55
    -------------------------------------------------------------------------
<BANKED_CODE> 1 (was BANKED_CODE)
  Relative segment, address: CODE 00003A42 - 00003A46 (0x5 bytes), align: 0
  Segment part 54.            Intra module refs:   Segment part 29
                                                   Segment part 53
    -------------------------------------------------------------------------
<BANKED_CODE> 1 (was BANKED_CODE)
  Relative segment, address: CODE 00003A47 - 00003A4C (0x6 bytes), align: 0
  Segment part 55.            Intra module refs:   _LitobSmallNoMb
    -------------------------------------------------------------------------
<BANKED_CODE> 1 (was BANKED_CODE)
  Relative segment, address: CODE 00003A4D - 00003A5F (0x13 bytes), align: 0
  Segment part 56.            Intra module refs:   _LitobSmallNoMb
    -------------------------------------------------------------------------
<BANKED_CODE> 1 (was BANKED_CODE)
  Relative segment, address: CODE 00003A60 - 00003A64 (0x5 bytes), align: 0
  Segment part 57.            Intra module refs:   _LitobSmallNoMb
                                                   _PrintfSmallNoMb
    -------------------------------------------------------------------------
<BANKED_CODE> 1 (was BANKED_CODE)
  Relative segment, address: CODE 00003A65 - 00003A67 (0x3 bytes), align: 0
  Segment part 58.            Intra module refs:   _LitobSmallNoMb
                                                   _PrintfSmallNoMb
    -------------------------------------------------------------------------
<BANKED_CODE> 1 (was BANKED_CODE)
  Relative segment, address: CODE 00003A68 - 00003A6D (0x6 bytes), align: 0
  Segment part 59.            Intra module refs:   Segment part 58
                                                   _LitobSmallNoMb
                                                   _PrintfSmallNoMb
    -------------------------------------------------------------------------
<BANKED_CODE> 1 (was BANKED_CODE)
  Relative segment, address: CODE 00003A6E - 00003A71 (0x4 bytes), align: 0
  Segment part 60.            Intra module refs:   Segment part 31
                                                   Segment part 58
    -------------------------------------------------------------------------
<BANKED_CODE> 1 (was BANKED_CODE)
  Relative segment, address: CODE 00003A72 - 00003A7A (0x9 bytes), align: 0
  Segment part 61.            Intra module refs:   Segment part 33
                                                   Segment part 60
    -------------------------------------------------------------------------
<BANKED_CODE> 1 (was BANKED_CODE)
  Relative segment, address: CODE 00003A7B - 00003A7D (0x3 bytes), align: 0
  Segment part 62.            Intra module refs:   _PrintfSmallNoMb
    -------------------------------------------------------------------------
<BANKED_CODE> 1 (was BANKED_CODE)
  Relative segment, address: CODE 00003A7E - 00003A83 (0x6 bytes), align: 0
  Segment part 63.            Intra module refs:   Segment part 62
                                                   _LitobSmallNoMb
                                                   _PrintfSmallNoMb
                                                   _PutcharSmallNoMb
    -------------------------------------------------------------------------
<BANKED_CODE> 1 (was BANKED_CODE)
  Relative segment, address: CODE 00003A84 - 00003AD7 (0x54 bytes), align: 0
  Segment part 64.            Intra module refs:   _PutcharSmallNoMb::?relay
           LOCAL                   ADDRESS         
           =====                   =======         
           _PutcharSmallNoMb       00003A84 
               XSTACK = 00000042 ( 0000000E )
    -------------------------------------------------------------------------
<BANKED_CODE> 1 (was BANKED_CODE)
  Relative segment, address: CODE 00003AD8 - 00003AE0 (0x9 bytes), align: 0
  Segment part 66.            Intra module refs:   _PrintfSmallNoMb
                                                   _PutcharSmallNoMb
    -------------------------------------------------------------------------
<BANKED_CODE> 1 (was BANKED_CODE)
  Relative segment, address: CODE 00003AE1 - 00003B3B (0x5b bytes), align: 0
  Segment part 67.            Intra module refs:   _PutcharsSmallNoMb::?relay
           LOCAL                   ADDRESS         
           =====                   =======         
           _PutcharsSmallNoMb      00003AE1 
               calls direct
               XSTACK = 00000046 ( 00000010 )
    -------------------------------------------------------------------------
XDATA_ID
  Relative segment, address: CODE 000002A1 - 000002A7 (0x7 bytes), align: 0
  Segment part 7.             Intra module refs:   Segment part 6
    -------------------------------------------------------------------------
XDATA_ID
  Relative segment, address: CODE 000002A8 - 000002AB (0x4 bytes), align: 0
  Segment part 9.             Intra module refs:   __Constant_ffff
    -------------------------------------------------------------------------
XDATA_ID
  Relative segment, address: CODE 000002AC - 000002AF (0x4 bytes), align: 0
  Segment part 11.            Intra module refs:   __Constant_0
    -------------------------------------------------------------------------
BANK_RELAYS
  Relative segment, address: CODE 00000508 - 0000050D (0x6 bytes), align: 0
  Segment part 13.
           ENTRY                   ADDRESS         REF BY
           =====                   =======         ======
           _PrintfSmallNoMb::?relay
                                   00000508        printf (?printf)
    -------------------------------------------------------------------------
BANK_RELAYS
  Relative segment, address: CODE 0000050E - 00000513 (0x6 bytes), align: 0
  Segment part 37.            Intra module refs:   _PrintfSmallNoMb
           LOCAL                   ADDRESS         
           =====                   =======         
           pad::?relay             0000050E 
    -------------------------------------------------------------------------
BANK_RELAYS
  Relative segment, address: CODE 00000514 - 00000519 (0x6 bytes), align: 0
  Segment part 41.            Intra module refs:   _PrintfSmallNoMb
           LOCAL                   ADDRESS         
           =====                   =======         
           _LitobSmallNoMb::?relay
                                   00000514 
    -------------------------------------------------------------------------
BANK_RELAYS
  Relative segment, address: CODE 0000051A - 0000051F (0x6 bytes), align: 0
  Segment part 65.            Intra module refs:   _PrintfSmallNoMb
                                                   _PutcharsSmallNoMb
           LOCAL                   ADDRESS         
           =====                   =======         
           _PutcharSmallNoMb::?relay
                                   0000051A 
    -------------------------------------------------------------------------
BANK_RELAYS
  Relative segment, address: CODE 00000520 - 00000525 (0x6 bytes), align: 0
  Segment part 68.            Intra module refs:   _PrintfSmallNoMb
                                                   pad
           LOCAL                   ADDRESS         
           =====                   =======         
           _PutcharsSmallNoMb::?relay
                                   00000520 
    -------------------------------------------------------------------------
XDATA_I
  Relative segment, address: XDATA 000017A4 - 000017AA (0x7 bytes), align: 0
  Segment part 6.             Intra module refs:   _PrintfSmallNoMb
    -------------------------------------------------------------------------
XDATA_I
  Relative segment, address: XDATA 000017AB - 000017AE (0x4 bytes), align: 0
  Segment part 8.             Intra module refs:   _PrintfSmallNoMb
           ENTRY                   ADDRESS         REF BY
           =====                   =======         ======
           __Constant_ffff         000017AB 
    -------------------------------------------------------------------------
XDATA_I
  Relative segment, address: XDATA 000017AF - 000017B2 (0x4 bytes), align: 0
  Segment part 10.            Intra module refs:   _LitobSmallNoMb
                                                   _PrintfSmallNoMb
           ENTRY                   ADDRESS         REF BY
           =====                   =======         ======
           __Constant_0            000017AF 

    -------------------------------------------------------------------------
  LIBRARY MODULE, NAME : ?xprout

  SEGMENTS IN THE MODULE
  ======================
<BANKED_CODE> 1 (was BANKED_CODE)
  Relative segment, address: CODE 00003E20 - 00003E4A (0x2b bytes), align: 0
  Segment part 6.             Intra module refs:   _Prout::?relay
           ENTRY                   ADDRESS         REF BY
           =====                   =======         ======
           _Prout                  00003E20 
               calls direct
               XSTACK = 00000000 ( 0000000E )
    -------------------------------------------------------------------------
BANK_RELAYS
  Relative segment, address: CODE 00000526 - 0000052B (0x6 bytes), align: 0
  Segment part 7.
           ENTRY                   ADDRESS         REF BY
           =====                   =======         ======
           _Prout::?relay          00000526        printf (?printf)




                ****************************************
                *                                      *
                *      SEGMENTS IN ADDRESS ORDER       *
                *                                      *
                ****************************************


SEGMENT              SPACE    START ADDRESS   END ADDRESS     SIZE  TYPE  ALIGN
=======              =====    =============   ===========     ====  ====  =====
INTVEC               CODE          00000000 - 0000002D          2E   com    0
CSTART               CODE          0000002E - 000000BA          8D   rel    0
BDATA_ID             CODE               000000BB                     dse    0
BIT_ID               CODE               000000BB                     dse    0
DATA_ID              CODE               000000BB                     dse    0
IDATA_ID             CODE               000000BB                     dse    0
IXDATA_ID            CODE               000000BB                     dse    0
PDATA_ID             CODE               000000BB                     dse    0
XDATA_ID             CODE          000000BB - 000002AF         1F5   rel    0
BANK_RELAYS          CODE          000002B0 - 0000052B         27C   rel    0
RCODE                CODE          0000052C - 00000B03         5D8   rel    0
CODE_C               CODE               00000B04                     dse    0
DIFUNCT              CODE               00000B04                     rel    0
CODE_N               CODE               00000B04                     dse    0
NEAR_CODE            CODE          00000B04 - 00000B28          25   rel    0
<BANKED_CODE> 1      CODE          00000B29 - 00003EE8        33C0   rel    0
REGISTERS            DATA          00000000 - 00000007           8   rel    0
VREG                 DATA          00000008 - 0000000F           8   rel    0
PSP                  DATA          00000010 - 00000010           1   rel    0
XSP                  DATA          00000011 - 00000012           2   rel    0
BREG                 BIT        00000020.0  -  00000020.7        8   rel    0
SFR_AN               DATA          00000091 - 00000091           1   rel    0
                     DATA          00000094 - 00000097           4 
                     DATA          0000009D - 0000009E           2 
                     DATA          000000A2 - 000000A5           4 
                     DATA          000000A8 - 000000A8           1 
                     DATA          000000AD - 000000AD           1 
                     DATA          000000B3 - 000000B3           1 
                     DATA          000000C0 - 000000C0           1 
                     DATA          000000C6 - 000000C6           1 
                     DATA          000000D2 - 000000D7           6 
                     DATA          000000D9 - 000000D9           1 
                     DATA          000000E1 - 000000E1           1 
                     DATA          000000E9 - 000000E9           1 
XSTACK               XDATA         00000001 - 00000800         800   rel    0
XDATA_Z              XDATA         00000801 - 000015BD         DBD   rel    0
XDATA_I              XDATA         000015BE - 000017B2         1F5   rel    0
XDATA_ROM_C          XDATA         000017B3 - 00001A88         2D6   rel    0
PDATA_Z              XDATA              00001E00                     dse    0
PSTACK               XDATA         00001E00 - 00001E7F          80   rel    0
ISTACK               IDATA         000000C0 - 000000FF          40   rel    0

                ****************************************
                *                                      *
                *        END OF CROSS REFERENCE        *
                *                                      *
                ****************************************

 16 105 bytes of CODE  memory
     19 bytes of DATA  memory (+ 25 absolute )
  6 194 bytes of XDATA memory
     64 bytes of IDATA memory
      8 bits  of BIT   memory
    726 bytes of CONST memory

Errors: none
Warnings: none

