Warning[w35]: There is more than one definition for the struct/union type with tag 'property'; class/struct/union field names do not match: taken vs 
  struct property /* Elements: 1, Bytes: 1 */
                  /* First seen in action_manager */
  { 
    char taken : 1 /* disp: 0 */;
  };
  struct property /* Elements: 1, Bytes: 1 */
                  /* First seen in action_manager */
  { 
    union /* Elements: 2, Bytes: 1 */
          /* First seen in action_manager */
    { 
      struct /* Elements: 2, Bytes: 1 */
             /* First seen in action_manager */
      { 
        char tx_ready : 1 /* disp: 0 */;
        char rx_ready : 1 /* disp: 1 */;
      } ;
      char val;
    } ;
  };
################################################################################
#                                                                              #
#      IAR Universal Linker V6.4.6.89                                          #
#                                                                              #
#           Link time     =  09/Feb/2020  19:54:14                             #
#           Target CPU    =  x51                                               #
#           List file     =  "E:\WMNU\IAR_new_arch\PRJ Test\Debug\List\tests.m #
#                            ap"                                               #
#           Output file 1 =  "E:\WMNU\IAR_new_arch\PRJ Test\Debug\Exe\tests.d5 #
#                            1"                                                #
#                            Format: ubrof10                                   #
#                            UBROF version 10.0.6                              #
#                            Using library modules for C-SPY (-rt)             #
#           Command line  =  -f                                                #
#                            C:\Users\08A4~1\AppData\Local\Temp\EWC9FB.tmp     #
#                            ("E:\WMNU\IAR_new_arch\PRJ Test\Debug\Obj\action_ #
#                            manager.r51"                                      #
#                            "E:\WMNU\IAR_new_arch\PRJ Test\Debug\Obj\alarm_ti #
#                            mer.r51"                                          #
#                            "E:\WMNU\IAR_new_arch\PRJ Test\Debug\Obj\buffer.r #
#                            51"                                               #
#                            "E:\WMNU\IAR_new_arch\PRJ Test\Debug\Obj\cpu.r51" #
#                            "E:\WMNU\IAR_new_arch\PRJ Test\Debug\Obj\debug.r5 #
#                            1"                                                #
#                            "E:\WMNU\IAR_new_arch\PRJ Test\Debug\Obj\frame.r5 #
#                            1"                                                #
#                            "E:\WMNU\IAR_new_arch\PRJ Test\Debug\Obj\main.r51 #
#                            "                                                 #
#                            "E:\WMNU\IAR_new_arch\PRJ Test\Debug\Obj\mem_slot #
#                            s.r51"                                            #
#                            "E:\WMNU\IAR_new_arch\PRJ Test\Debug\Obj\mem_util #
#                            s.r51"                                            #
#                            "E:\WMNU\IAR_new_arch\PRJ Test\Debug\Obj\model.r5 #
#                            1"                                                #
#                            "E:\WMNU\IAR_new_arch\PRJ Test\Debug\Obj\rtc.r51" #
#                            "E:\WMNU\IAR_new_arch\PRJ Test\Debug\Obj\time_man #
#                            ager.r51"                                         #
#                            "E:\WMNU\IAR_new_arch\PRJ Test\Debug\Obj\u_alarm_ #
#                            timer.r51"                                        #
#                            "E:\WMNU\IAR_new_arch\PRJ Test\Debug\Obj\u_debug. #
#                            r51"                                              #
#                            "E:\WMNU\IAR_new_arch\PRJ Test\Debug\Obj\u_macros #
#                            .r51"                                             #
#                            "E:\WMNU\IAR_new_arch\PRJ Test\Debug\Obj\u_mem_sl #
#                            ots.r51"                                          #
#                            "E:\WMNU\IAR_new_arch\PRJ Test\Debug\Obj\u_mem_ut #
#                            ils.r51"                                          #
#                            "E:\WMNU\IAR_new_arch\PRJ Test\Debug\Obj\ustimer. #
#                            r51"                                              #
#                            -o                                                #
#                            "E:\WMNU\IAR_new_arch\PRJ Test\Debug\Exe\tests.d5 #
#                            1"                                                #
#                            -l                                                #
#                            "E:\WMNU\IAR_new_arch\PRJ Test\Debug\List\tests.m #
#                            ap"                                               #
#                            -xms                                              #
#                            "-IC:\Program Files (x86)\IAR Systems\Embedded Wo #
#                            rkbench 8.0\8051\LIB\"                            #
#                            -f                                                #
#                            "C:\Program Files (x86)\IAR Systems\Embedded Work #
#                            bench 8.0\8051\config\devices\Texas Instruments\l #
#                            nk51ew_CC2530F256_banked.xcl"                     #
#                            (-D_IDATA0_START=0x00 -D_IDATA0_END=0xFF          #
#                            -D_PDATA0_START=0x1E00 -D_PDATA0_END=0x1EFF       #
#                            -D_IXDATA0_START=0x0001 -D_IXDATA0_END=0x1EFF     #
#                            -D_XDATA0_START=_IXDATA0_START                    #
#                            -D_XDATA0_END=_IXDATA0_END                        #
#                            -D_NEAR_CODE_START=0x0000                         #
#                            -D_FIRST_BANK_ADDR=0x10000 -D?REGISTER_BANK=0x0   #
#                            -D_REGISTER_BANK_START=0x0 -D_BREG_START=0x00     #
#                            -D?VB=0x20 -Z(BIT)BREG=_BREG_START                #
#                            -Z(BIT)BIT_N=0-7F                                 #
#                            -Z(DATA)REGISTERS+8=_REGISTER_BANK_START          #
#                            -Z(DATA)BDATA_Z,BDATA_N,BDATA_I=20-2F             #
#                            -Z(DATA)VREG=08-7F -Z(DATA)PSP,XSP=08-7F          #
#                            -Z(DATA)DOVERLAY=08-7F                            #
#                            -Z(DATA)DATA_I,DATA_Z,DATA_N=08-7F                #
#                            -U(IDATA)0-7F=(DATA)0-7F                          #
#                            -Z(IDATA)IDATA_I,IDATA_Z,IDATA_N=08-_IDATA0_END   #
#                            -Z(IDATA)ISTACK+_IDATA_STACK_SIZE#08-_IDATA0_END  #
#                            -Z(IDATA)IOVERLAY=08-FF -Z(CODE)INTVEC=0          #
#                            -Z(CODE)CSTART=_NEAR_CODE_START-(_CODEBANK_START- #
#                            1)                                                #
#                            -Z(CODE)BIT_ID,BDATA_ID,DATA_ID,IDATA_ID,IXDATA_I #
#                            D,PDATA_ID,XDATA_ID=_NEAR_CODE_START-(_CODEBANK_S #
#                            TART-1)                                           #
#                            -Z(CODE)BANK_RELAYS,RCODE,DIFUNCT,CODE_C,CODE_N,N #
#                            EAR_CODE=_NEAR_CODE_START-(_CODEBANK_START-1)     #
#                            -P(CODE)BANKED_CODE=_NEAR_CODE_START-(_CODEBANK_S #
#                            TART-1),[(_CODEBANK_START+_FIRST_BANK_ADDR)-(_COD #
#                            EBANK_END+_FIRST_BANK_ADDR)]*_NR_OF_BANKS+10000   #
#                            -Z(CODE)CHECKSUM#(_CODEBANK_START-1)              #
#                            -Z(XDATA)PDATA_Z,PDATA_I=_PDATA0_START-_PDATA0_EN #
#                            D                                                 #
#                            -P(XDATA)PDATA_N=_PDATA0_START-_PDATA0_END        #
#                            -Z(XDATA)PSTACK+_PDATA_STACK_SIZE=_PDATA0_START-_ #
#                            PDATA0_END                                        #
#                            -Z(XDATA)EXT_STACK+_EXTENDED_STACK_SIZE=_EXTENDED #
#                            _STACK_START                                      #
#                            -Z(XDATA)XSTACK+_XDATA_STACK_SIZE=_XDATA0_START-_ #
#                            XDATA0_END                                        #
#                            -Z(XDATA)IXDATA_Z,IXDATA_I=_IXDATA0_START-_IXDATA #
#                            0_END                                             #
#                            -P(XDATA)IXDATA_N=_IXDATA0_START-_IXDATA0_END     #
#                            -Z(XDATA)XDATA_Z,XDATA_I=_XDATA0_START-_XDATA0_EN #
#                            D                                                 #
#                            -P(XDATA)XDATA_N=_XDATA0_START-_XDATA0_END        #
#                            -Z(XDATA)XDATA_HEAP+_XDATA_HEAP_SIZE=_XDATA0_STAR #
#                            T-_XDATA0_END                                     #
#                            -Z(CONST)XDATA_ROM_C=_XDATA0_START-_XDATA0_END    #
#                            -cx51                                             #
#                            -M(CODE)[(_CODEBANK_START+_FIRST_BANK_ADDR)-(_COD #
#                            EBANK_END+_FIRST_BANK_ADDR)]*_NR_OF_BANKS+0x10000 #
#                            =0x8000                                           #
#                            -ww69=i -D_BANK0_START=0x00000                    #
#                            -D_BANK0_END=0x07FFF -D_BANK1_START=0x18000       #
#                            -D_BANK1_END=0x1FFFF -D_BANK2_START=0x28000       #
#                            -D_BANK2_END=0x2FFFF -D_BANK3_START=0x38000       #
#                            -D_BANK3_END=0x3FFFF -D_BANK4_START=0x48000       #
#                            -D_BANK4_END=0x4FFFF -D_BANK5_START=0x58000       #
#                            -D_BANK5_END=0x5FFFF -D_BANK6_START=0x68000       #
#                            -D_BANK6_END=0x6FFFF -D_BANK7_START=0x78000       #
#                            -D_BANK7_END=0x7FFFF                              #
#                            -P(CODE)BANK0=_BANK0_START-_BANK0_END             #
#                            -P(CODE)BANK1=_BANK1_START-_BANK1_END             #
#                            -P(CODE)BANK2=_BANK2_START-_BANK2_END             #
#                            -P(CODE)BANK3=_BANK3_START-_BANK3_END             #
#                            -P(CODE)BANK4=_BANK4_START-_BANK4_END             #
#                            -P(CODE)BANK5=_BANK5_START-_BANK5_END             #
#                            -P(CODE)BANK6=_BANK6_START-_BANK6_END             #
#                            -P(CODE)BANK7=_BANK7_START-_BANK7_END             #
#                            -D_FLASH_LOCK_BITS_START=0x7FFF0                  #
#                            -D_FLASH_LOCK_BITS_END=0x7FFFF                    #
#                            -Z(CODE)FLASH_LOCK_BITS=_FLASH_LOCK_BITS_START-_F #
#                            LASH_LOCK_BITS_END                                #
#                            -U(CODE)0x0000=(CODE)_FLASH_LOCK_BITS_START-_FLAS #
#                            H_LOCK_BITS_END)                                  #
#                            -D_NR_OF_VIRTUAL_REGISTERS=8 -D?PBANK=0x93        #
#                            -D?CBANK=0x9F -D?CBANK_MASK=0xFF                  #
#                            -e?BCALL_FF=?BCALL -e?BRET_FF=?BRET               #
#                            -e?BDISPATCH_FF=?BDISPATCH                        #
#                            -D_CODEBANK_START=0x8000 -D_CODEBANK_END=0xFFFF   #
#                            -D_NR_OF_BANKS=0x07                               #
#                            "-IC:\Program Files (x86)\IAR Systems\Embedded Wo #
#                            rkbench 8.0\8051\CONFIG\"                         #
#                            -rt -s __program_start                            #
#                            "C:\Program Files (x86)\IAR Systems\Embedded Work #
#                            bench 8.0\8051\LIB\DLIB\dl-pli-blxd-1e16x01n.r51" #
#                            -D_IDATA_STACK_SIZE=0x40 -D?ESP=0 -D?ESP_MASK=0   #
#                            -D_EXTENDED_STACK_START=0                         #
#                            -D_EXTENDED_STACK_SIZE=0                          #
#                            -D_PDATA_STACK_SIZE=0x80                          #
#                            -D_XDATA_STACK_SIZE=0xEFF                         #
#                            -D_XDATA_HEAP_SIZE=0x00 -D_FAR_HEAP_SIZE=0xFFF    #
#                            -D_HUGE_HEAP_SIZE=0xFFF                           #
#                            -D_FAR22_HEAP_SIZE=0xFFF)                         #
#                                                                              #
#                           Copyright (C) 1987-2016 IAR Systems AB.            #
################################################################################





                ****************************************
                *                                      *
                *           CROSS REFERENCE            *
                *                                      *
                ****************************************

       Program entry at : CODE      00000085  Relocatable, from module : CSTARTUP




                ****************************************
                *                                      *
                *            RUNTIME MODEL             *
                *                                      *
                ****************************************

  __Heap_Handler             = Basic
  __SystemLibrary            = DLib
  __calling_convention       = xdata_reentrant
  __code_model               = banked
  __core                     = plain
  __data_model               = large
  __dlib_file_descriptor     = 0
  __dlib_full_locale_support = 0
  __dptr_size                = 16
  __extended_stack           = disabled
  __location_for_constants   = data
  __number_of_dptrs          = 1
  __register_banks           = *
  __rt_version               = 1

                ****************************************
                *                                      *
                *    AUTOMATIC SYMBOL REDIRECTIONS     *
                *                                      *
                ****************************************

       All references to: _Printf
         were redirected to: _PrintfTiny
       All references to: _Printf::?relay
         were redirected to: _PrintfTiny::?relay



                ****************************************
                *                                      *
                *              MODULE MAP              *
                *                                      *
                ****************************************


  DEFINED ABSOLUTE ENTRIES
    *************************************************************************

  DEFINED ABSOLUTE ENTRIES
  PROGRAM MODULE, NAME : ?ABS_ENTRY_MOD

Absolute parts
           ENTRY                   ADDRESS         REF BY
           =====                   =======         ======
           _FAR22_HEAP_SIZE        00000FFF 
           _HUGE_HEAP_SIZE         00000FFF 
           _FAR_HEAP_SIZE          00000FFF 
           _XDATA_HEAP_SIZE        00000000 
           _XDATA_STACK_SIZE       00000EFF 
           _PDATA_STACK_SIZE       00000080 
           _EXTENDED_STACK_SIZE    00000000 
           _EXTENDED_STACK_START   00000000 
           ?ESP_MASK               00000000 
           ?ESP                    00000000 
           _IDATA_STACK_SIZE       00000040 
           _NR_OF_BANKS            00000007 
           _CODEBANK_END           0000FFFF 
           _CODEBANK_START         00008000 
           ?CBANK_MASK             000000FF 
           ?CBANK                  0000009F        ?RESET_CODE_BANK (CSTARTUP)
                                                   Segment part 0 (?BANKED_CODE_SUPPORT)
           ?PBANK                  00000093 
           _NR_OF_VIRTUAL_REGISTERS
                                   00000008 
           _FLASH_LOCK_BITS_END    0003FFFF 
           _FLASH_LOCK_BITS_START
                                   0003FFF0 
           _BANK7_END              0003FFFF 
           _BANK7_START            00038000 
           _BANK6_END              00037FFF 
           _BANK6_START            00030000 
           _BANK5_END              0002FFFF 
           _BANK5_START            00028000 
           _BANK4_END              00027FFF 
           _BANK4_START            00020000 
           _BANK3_END              0001FFFF 
           _BANK3_START            00018000 
           _BANK2_END              00017FFF 
           _BANK2_START            00010000 
           _BANK1_END              0000FFFF 
           _BANK1_START            00008000 
           _BANK0_END              00007FFF 
           _BANK0_START            00000000 
           ?VB                     00000020        ?BANKED_ENTER_XDATA (?BANKED_ENTER_XDATA)
                                                   ?BANKED_LEAVE_XDATA (?BANKED_LEAVE_XDATA)
                                                   ?INTERRUPT_ENTER_XSP (?INTERRUPT_ENTER_XSP)
                                                   ?INTERRUPT_LEAVE_XSP (?INTERRUPT_LEAVE_XSP)
           _BREG_START             00000000 
           _REGISTER_BANK_START    00000000 
           ?REGISTER_BANK          00000000        Segment part 6 (CSTARTUP)
           _FIRST_BANK_ADDR        00010000 
           _NEAR_CODE_START        00000000 
           _XDATA0_END             00001EFF 
           _XDATA0_START           00000001 
           _IXDATA0_END            00001EFF 
           _IXDATA0_START          00000001 
           _PDATA0_END             00001EFF 
           _PDATA0_START           00001E00 
           _IDATA0_END             000000FF 
           _IDATA0_START           00000000 
    *************************************************************************

  FILE NAME : E:\WMNU\IAR_new_arch\PRJ Test\Debug\Obj\action_manager.r51
  PROGRAM MODULE, NAME : action_manager

  SEGMENTS IN THE MODULE
  ======================
SFR_AN
  Relative segment, address: DATA 00000095 - 00000095 (0x1 bytes), align: 0
  Segment part 1. ROOT        Intra module refs:   ReadTimer
           ENTRY                   ADDRESS         REF BY
           =====                   =======         ======
           ST0                     00000095 
    -------------------------------------------------------------------------
SFR_AN
  Relative segment, address: DATA 00000096 - 00000096 (0x1 bytes), align: 0
  Segment part 2. ROOT        Intra module refs:   ReadTimer
           ENTRY                   ADDRESS         REF BY
           =====                   =======         ======
           ST1                     00000096 
    -------------------------------------------------------------------------
SFR_AN
  Relative segment, address: DATA 00000097 - 00000097 (0x1 bytes), align: 0
  Segment part 3. ROOT        Intra module refs:   ReadTimer
           ENTRY                   ADDRESS         REF BY
           =====                   =======         ======
           ST2                     00000097 
    -------------------------------------------------------------------------
SFR_AN
  Relative segment, address: DATA 0000009D - 0000009D (0x1 bytes), align: 0
  Segment part 4. ROOT        Intra module refs:   ReadTimer
           ENTRY                   ADDRESS         REF BY
           =====                   =======         ======
           SLEEPSTA                0000009D 
    -------------------------------------------------------------------------
SFR_AN
  Relative segment, address: DATA 0000009E - 0000009E (0x1 bytes), align: 0
  Segment part 5. ROOT 
           ENTRY                   ADDRESS         REF BY
           =====                   =======         ======
           CLKCONSTA               0000009E 
    -------------------------------------------------------------------------
SFR_AN
  Relative segment, address: DATA 000000A8 - 000000A8 (0x1 bytes), align: 0
  Segment part 6. ROOT        Intra module refs:   IRQEnable
                                                   TimerCompareInterrupt
           ENTRY                   ADDRESS         REF BY
           =====                   =======         ======
           _A_IEN0                 000000A8 
           LOCAL                   ADDRESS         
           =====                   =======         
           IEN0                    000000A8 
    -------------------------------------------------------------------------
SFR_AN
  Relative segment, address: DATA 000000AD - 000000AD (0x1 bytes), align: 0
  Segment part 7. ROOT 
           ENTRY                   ADDRESS         REF BY
           =====                   =======         ======
           STLOAD                  000000AD 
    -------------------------------------------------------------------------
SFR_AN
  Relative segment, address: DATA 000000C0 - 000000C0 (0x1 bytes), align: 0
  Segment part 8. ROOT        Intra module refs:   TimerCompareInterrupt
           ENTRY                   ADDRESS         REF BY
           =====                   =======         ======
           _A_IRCON                000000C0 
           LOCAL                   ADDRESS         
           =====                   =======         
           IRCON                   000000C0 
    -------------------------------------------------------------------------
SFR_AN
  Relative segment, address: DATA 000000C6 - 000000C6 (0x1 bytes), align: 0
  Segment part 9. ROOT 
           ENTRY                   ADDRESS         REF BY
           =====                   =======         ======
           CLKCONCMD               000000C6 
    -------------------------------------------------------------------------
XDATA_Z
  Relative segment, address: XDATA 00000F00 - 00000F01 (0x2 bytes), align: 0
  Segment part 165.           Intra module refs:   AM_Hot_start
           LOCAL                   ADDRESS         
           =====                   =======         
           HOT_MOD                 00000F00 
    -------------------------------------------------------------------------
XDATA_I
  Relative segment, address: XDATA 00001B16 - 00001B22 (0xd bytes), align: 0
  Segment part 18.            Intra module refs:   AM_Hot_start
                                                   AM_SW_Init
    -------------------------------------------------------------------------
XDATA_I
  Relative segment, address: XDATA 00001B23 - 00001B33 (0x11 bytes), align: 0
  Segment part 20.            Intra module refs:   AM_Hot_start
                                                   AM_SW_Init
    -------------------------------------------------------------------------
XDATA_I
  Relative segment, address: XDATA 00001B34 - 00001B40 (0xd bytes), align: 0
  Segment part 24.            Intra module refs:   AM_Hot_start
           LOCAL                   ADDRESS         
           =====                   =======         
           AM_Hot_start::__FUNCTION__
                                   00001B34 
    -------------------------------------------------------------------------
XDATA_I
  Relative segment, address: XDATA 00001B41 - 00001B6A (0x2a bytes), align: 0
  Segment part 26.            Intra module refs:   AM_Hot_start
    -------------------------------------------------------------------------
XDATA_I
  Relative segment, address: XDATA 00001B6B - 00001B75 (0xb bytes), align: 0
  Segment part 32.            Intra module refs:   AM_SW_Init
           LOCAL                   ADDRESS         
           =====                   =======         
           AM_SW_Init::__FUNCTION__
                                   00001B6B 
    -------------------------------------------------------------------------
XDATA_I
  Relative segment, address: XDATA 00001B76 - 00001B9C (0x27 bytes), align: 0
  Segment part 34.            Intra module refs:   AM_SW_Init
    -------------------------------------------------------------------------
XDATA_I
  Relative segment, address: XDATA 00001B9D - 00001BA4 (0x8 bytes), align: 0
  Segment part 84.            Intra module refs:   SL_free
           LOCAL                   ADDRESS         
           =====                   =======         
           SL_free::__FUNCTION__   00001B9D 
    -------------------------------------------------------------------------
XDATA_I
  Relative segment, address: XDATA 00001BA5 - 00001BB1 (0xd bytes), align: 0
  Segment part 86.            Intra module refs:   SL_available
                                                   SL_busy
                                                   SL_free
    -------------------------------------------------------------------------
XDATA_I
  Relative segment, address: XDATA 00001BB2 - 00001BBD (0xc bytes), align: 0
  Segment part 88.            Intra module refs:   SL_available
                                                   SL_busy
                                                   SL_free
    -------------------------------------------------------------------------
XDATA_I
  Relative segment, address: XDATA 00001BBE - 00001BE2 (0x25 bytes), align: 0
  Segment part 90.            Intra module refs:   SL_free
    -------------------------------------------------------------------------
XDATA_I
  Relative segment, address: XDATA 00001BE3 - 00001BFA (0x18 bytes), align: 0
  Segment part 92.            Intra module refs:   SL_free
    -------------------------------------------------------------------------
XDATA_I
  Relative segment, address: XDATA 00001BFB - 00001C23 (0x29 bytes), align: 0
  Segment part 94.            Intra module refs:   SL_free
    -------------------------------------------------------------------------
XDATA_I
  Relative segment, address: XDATA 00001C24 - 00001C2B (0x8 bytes), align: 0
  Segment part 96.            Intra module refs:   SL_busy
           LOCAL                   ADDRESS         
           =====                   =======         
           SL_busy::__FUNCTION__   00001C24 
    -------------------------------------------------------------------------
XDATA_I
  Relative segment, address: XDATA 00001C2C - 00001C53 (0x28 bytes), align: 0
  Segment part 98.            Intra module refs:   SL_available
                                                   SL_busy
    -------------------------------------------------------------------------
XDATA_I
  Relative segment, address: XDATA 00001C54 - 00001C60 (0xd bytes), align: 0
  Segment part 100.           Intra module refs:   SL_available
           LOCAL                   ADDRESS         
           =====                   =======         
           SL_available::__FUNCTION__
                                   00001C54 
    -------------------------------------------------------------------------
XDATA_I
  Relative segment, address: XDATA 00001C61 - 00001C71 (0x11 bytes), align: 0
  Segment part 138.           Intra module refs:   check_create_delete
    -------------------------------------------------------------------------
XDATA_I
  Relative segment, address: XDATA 00001C72 - 00001C85 (0x14 bytes), align: 0
  Segment part 140.           Intra module refs:   check_create_delete
    -------------------------------------------------------------------------
XDATA_I
  Relative segment, address: XDATA 00001C86 - 00001C96 (0x11 bytes), align: 0
  Segment part 142.           Intra module refs:   check_create_delete
                                                   check_max_alloc
    -------------------------------------------------------------------------
XDATA_I
  Relative segment, address: XDATA 00001C97 - 00001CAA (0x14 bytes), align: 0
  Segment part 144.           Intra module refs:   check_create_delete
                                                   check_max_alloc
    -------------------------------------------------------------------------
XDATA_I
  Relative segment, address: XDATA 00001CAB - 00001CBC (0x12 bytes), align: 0
  Segment part 146.           Intra module refs:   check_max_alloc
    -------------------------------------------------------------------------
XDATA_I
  Relative segment, address: XDATA 00001CBD - 00001CC6 (0xa bytes), align: 0
  Segment part 168.           Intra module refs:   AM_SW_Init
           LOCAL                   ADDRESS         
           =====                   =======         
           SW_MOD                  00001CBD 
    -------------------------------------------------------------------------
<BANKED_CODE> 1 (was BANKED_CODE)
  Relative segment, address: CODE 00000767 - 00000829 (0xc3 bytes), align: 0
  Segment part 218.           Intra module refs:   AM_Hot_start::?relay
           ENTRY                   ADDRESS         REF BY
           =====                   =======         ======
           AM_Hot_start            00000767 
               calls direct
               XSTACK = 00000009 ( 00000010 )
    -------------------------------------------------------------------------
<BANKED_CODE> 1 (was BANKED_CODE)
  Relative segment, address: CODE 0000082A - 000008E7 (0xbe bytes), align: 0
  Segment part 222.           Intra module refs:   AM_SW_Init::?relay
           ENTRY                   ADDRESS         REF BY
           =====                   =======         ======
           AM_SW_Init              0000082A 
               calls direct
               XSTACK = 00000000 ( 00000010 )
    -------------------------------------------------------------------------
XDATA_Z
  Relative segment, address: XDATA 00000F02 - 00000F03 (0x2 bytes), align: 0
  Segment part 174.           Intra module refs:   AT_time
           LOCAL                   ADDRESS         
           =====                   =======         
           TOFFSET                 00000F02 
    -------------------------------------------------------------------------
<BANKED_CODE> 1 (was BANKED_CODE)
  Relative segment, address: CODE 000008E8 - 0000091E (0x37 bytes), align: 0
  Segment part 232.           Intra module refs:   AT_time::?relay
           ENTRY                   ADDRESS         REF BY
           =====                   =======         ======
           AT_time                 000008E8 
               calls direct
               XSTACK = 0000000F ( 00000010 )
    -------------------------------------------------------------------------
<BANKED_CODE> 1 (was BANKED_CODE)
  Relative segment, address: CODE 0000091F - 0000092F (0x11 bytes), align: 0
  Segment part 236.           Intra module refs:   IRQEnable::?relay
           LOCAL                   ADDRESS         
           =====                   =======         
           IRQEnable               0000091F 
               XSTACK = 0000000F ( 00000000 )
    -------------------------------------------------------------------------
<BANKED_CODE> 1 (was BANKED_CODE)
  Relative segment, address: CODE 00000930 - 0000096A (0x3b bytes), align: 0
  Segment part 242.           Intra module refs:   ReadTimer::?relay
           LOCAL                   ADDRESS         
           =====                   =======         
           ReadTimer               00000930 
               XSTACK = 00000016 ( 00000000 )
               ISTACK = 00000000 ( 00000002 )
    -------------------------------------------------------------------------
XDATA_Z
  Relative segment, address: XDATA 00000F04 - 00000F07 (0x4 bytes), align: 0
  Segment part 177.           Intra module refs:   ReadTimer
           LOCAL                   ADDRESS         
           =====                   =======         
           ReadTimer::ret_val      00000F04 
    -------------------------------------------------------------------------
NEAR_CODE
  Relative segment, address: CODE 0000073E - 00000766 (0x29 bytes), align: 0
  Segment part 350.           Intra module refs:   TimerCompareInterrupt::??INTVEC 43
           ENTRY                   ADDRESS         REF BY
           =====                   =======         ======
           TimerCompareInterrupt   0000073E 
               interrupt function
               calls direct
               XSTACK = 00000000 ( 0000000F )
    -------------------------------------------------------------------------
XDATA_I
  Relative segment, address: XDATA 00001CC7 - 00001CD2 (0xc bytes), align: 0
  Segment part 178.           Intra module refs:   Segment part 169
           ENTRY                   ADDRESS         REF BY
           =====                   =======         ======
           BF_MODULE               00001CC7 
    -------------------------------------------------------------------------
XDATA_Z
  Relative segment, address: XDATA 00000F08 - 00000F1B (0x14 bytes), align: 0
  Segment part 180.           Intra module refs:   SW_Init
           LOCAL                   ADDRESS         
           =====                   =======         
           BUFFER_PROP             00000F08 
    -------------------------------------------------------------------------
<BANKED_CODE> 1 (was BANKED_CODE)
  Relative segment, address: CODE 0000096B - 0000098C (0x22 bytes), align: 0
  Segment part 248.           Intra module refs:   SW_Init::?relay
           LOCAL                   ADDRESS         
           =====                   =======         
           SW_Init                 0000096B 
               is indirectly called
               ISTACK = 00000000 ( 00000002 )
    -------------------------------------------------------------------------
<BANKED_CODE> 1 (was BANKED_CODE)
  Relative segment, address: CODE 0000098D - 0000098E (0x2 bytes), align: 0
  Segment part 266.           Intra module refs:   DBG_CORE_HALT::?relay
           ENTRY                   ADDRESS         REF BY
           =====                   =======         ======
           DBG_CORE_HALT           0000098D 
               XSTACK = 00000029 ( 00000000 )
    -------------------------------------------------------------------------
XDATA_I
  Relative segment, address: XDATA 00001CD3 - 00001CDE (0xc bytes), align: 0
  Segment part 186.           Intra module refs:   Segment part 169
           ENTRY                   ADDRESS         REF BY
           =====                   =======         ======
           FR_MODULE               00001CD3 
    -------------------------------------------------------------------------
XDATA_Z
  Relative segment, address: XDATA 00000F1C - 00000F1D (0x2 bytes), align: 0
  Segment part 188.           Intra module refs:   SW_Init
           LOCAL                   ADDRESS         
           =====                   =======         
           FRAME_COUNT             00000F1C 
    -------------------------------------------------------------------------
<BANKED_CODE> 1 (was BANKED_CODE)
  Relative segment, address: CODE 0000098F - 000009A3 (0x15 bytes), align: 0
  Segment part 270.           Intra module refs:   SW_Init::?relay
           LOCAL                   ADDRESS         
           =====                   =======         
           SW_Init                 0000098F 
               is indirectly called
               ISTACK = 00000000 ( 00000002 )
    -------------------------------------------------------------------------
<BANKED_CODE> 1 (was BANKED_CODE)
  Relative segment, address: CODE 000009A4 - 000009AF (0xc bytes), align: 0
  Segment part 284.
           ENTRY                   ADDRESS         REF BY
           =====                   =======         ======
           main                    000009A4        ?call_main (?cmain)
               calls direct
    -------------------------------------------------------------------------
XDATA_I
  Relative segment, address: XDATA 00001CDF - 00001CEA (0xc bytes), align: 0
  Segment part 189.           Intra module refs:   Segment part 169
           ENTRY                   ADDRESS         REF BY
           =====                   =======         ======
           MS_MODULE               00001CDF 
    -------------------------------------------------------------------------
XDATA_Z
  Relative segment, address: XDATA 00000F1E - 00001B11 (0xbf4 bytes), align: 0
  Segment part 191.           Intra module refs:   SL_free
                                                   SL_zone_check
                                                   SW_Init
                                                   alloc
                                                   protect_alloc
           LOCAL                   ADDRESS         
           =====                   =======         
           SLOT_POOL               00000F1E 
    -------------------------------------------------------------------------
XDATA_Z
  Relative segment, address: XDATA 00001B12 - 00001B13 (0x2 bytes), align: 0
  Segment part 192.           Intra module refs:   SL_alloc
                                                   SW_Init
                                                   alloc
                                                   protect_alloc
           LOCAL                   ADDRESS         
           =====                   =======         
           slot_ptr                00001B12 
    -------------------------------------------------------------------------
XDATA_Z
  Relative segment, address: XDATA 00001B14 - 00001B15 (0x2 bytes), align: 0
  Segment part 193.           Intra module refs:   SL_alloc
                                                   SL_available
                                                   SL_busy
                                                   SL_free
                                                   SW_Init
           LOCAL                   ADDRESS         
           =====                   =======         
           slot_busy               00001B14 
    -------------------------------------------------------------------------
<BANKED_CODE> 1 (was BANKED_CODE)
  Relative segment, address: CODE 000009B0 - 00000A00 (0x51 bytes), align: 0
  Segment part 286.           Intra module refs:   SW_Init::?relay
           LOCAL                   ADDRESS         
           =====                   =======         
           SW_Init                 000009B0 
               is indirectly called
               ISTACK = 00000000 ( 00000002 )
    -------------------------------------------------------------------------
<BANKED_CODE> 1 (was BANKED_CODE)
  Relative segment, address: CODE 00000A01 - 00000A65 (0x65 bytes), align: 0
  Segment part 288.           Intra module refs:   alloc::?relay
           LOCAL                   ADDRESS         
           =====                   =======         
           alloc                   00000A01 
               XSTACK = 0000000A ( 00000000 )
               ISTACK = 00000000 ( 00000002 )
    -------------------------------------------------------------------------
<BANKED_CODE> 1 (was BANKED_CODE)
  Relative segment, address: CODE 00000A66 - 00000AA2 (0x3d bytes), align: 0
  Segment part 290.           Intra module refs:   fill_zero_slot::?relay
           LOCAL                   ADDRESS         
           =====                   =======         
           fill_zero_slot          00000A66 
               calls direct
               XSTACK = 0000000A ( 0000000D )
    -------------------------------------------------------------------------
XDATA_I
  Relative segment, address: XDATA 00001CEB - 00001CEE (0x4 bytes), align: 0
  Segment part 194.           Intra module refs:   fill_zero_slot
    -------------------------------------------------------------------------
<BANKED_CODE> 1 (was BANKED_CODE)
  Relative segment, address: CODE 00000AA3 - 00000AEA (0x48 bytes), align: 0
  Segment part 292.           Intra module refs:   protect_alloc::?relay
           LOCAL                   ADDRESS         
           =====                   =======         
           protect_alloc           00000AA3 
               XSTACK = 0000000A ( 00000000 )
               ISTACK = 00000000 ( 00000002 )
    -------------------------------------------------------------------------
<BANKED_CODE> 1 (was BANKED_CODE)
  Relative segment, address: CODE 00000AEB - 00000B46 (0x5c bytes), align: 0
  Segment part 294.           Intra module refs:   SL_alloc::?relay
           ENTRY                   ADDRESS         REF BY
           =====                   =======         ======
           SL_alloc                00000AEB 
               calls direct
               XSTACK = 00000040 ( 0000000A )
    -------------------------------------------------------------------------
<BANKED_CODE> 1 (was BANKED_CODE)
  Relative segment, address: CODE 00000B47 - 00000C65 (0x11f bytes), align: 0
  Segment part 296.           Intra module refs:   SL_free::?relay
           ENTRY                   ADDRESS         REF BY
           =====                   =======         ======
           SL_free                 00000B47 
               calls direct
               XSTACK = 00000040 ( 00000016 )
    -------------------------------------------------------------------------
<BANKED_CODE> 1 (was BANKED_CODE)
  Relative segment, address: CODE 00000C66 - 00000CC0 (0x5b bytes), align: 0
  Segment part 298.           Intra module refs:   SL_busy::?relay
           ENTRY                   ADDRESS         REF BY
           =====                   =======         ======
           SL_busy                 00000C66 
               calls direct
               XSTACK = 00000040 ( 00000010 )
    -------------------------------------------------------------------------
<BANKED_CODE> 1 (was BANKED_CODE)
  Relative segment, address: CODE 00000CC1 - 00000D24 (0x64 bytes), align: 0
  Segment part 300.           Intra module refs:   SL_available::?relay
           ENTRY                   ADDRESS         REF BY
           =====                   =======         ======
           SL_available            00000CC1 
               calls direct
               XSTACK = 0000000E ( 00000010 )
    -------------------------------------------------------------------------
<BANKED_CODE> 1 (was BANKED_CODE)
  Relative segment, address: CODE 00000D25 - 00000D70 (0x4c bytes), align: 0
  Segment part 302.           Intra module refs:   SL_zone_check::?relay
           ENTRY                   ADDRESS         REF BY
           =====                   =======         ======
           SL_zone_check           00000D25 
               XSTACK = 0000000C ( 00000000 )
               ISTACK = 00000000 ( 00000002 )
    -------------------------------------------------------------------------
<BANKED_CODE> 1 (was BANKED_CODE)
  Relative segment, address: CODE 00000D71 - 00000DA9 (0x39 bytes), align: 0
  Segment part 306.           Intra module refs:   MEM_memset::?relay
           ENTRY                   ADDRESS         REF BY
           =====                   =======         ======
           MEM_memset              00000D71 
               XSTACK = 00000029 ( 00000000 )
               ISTACK = 00000000 ( 00000003 )
    -------------------------------------------------------------------------
XDATA_I
  Relative segment, address: XDATA 00001CEF - 00001CFA (0xc bytes), align: 0
  Segment part 197.           Intra module refs:   Segment part 169
           ENTRY                   ADDRESS         REF BY
           =====                   =======         ======
           MD_MODULE               00001CEF 
    -------------------------------------------------------------------------
<BANKED_CODE> 1 (was BANKED_CODE)
  Relative segment, address: CODE 00000DAA - 00000DAC (0x3 bytes), align: 0
  Segment part 308.           Intra module refs:   HW_Init::?relay
           LOCAL                   ADDRESS         
           =====                   =======         
           HW_Init                 00000DAA 
               is indirectly called
    -------------------------------------------------------------------------
<BANKED_CODE> 1 (was BANKED_CODE)
  Relative segment, address: CODE 00000DAD - 00000DAF (0x3 bytes), align: 0
  Segment part 310.           Intra module refs:   SW_Init::?relay
           LOCAL                   ADDRESS         
           =====                   =======         
           SW_Init                 00000DAD 
               is indirectly called
    -------------------------------------------------------------------------
<BANKED_CODE> 1 (was BANKED_CODE)
  Relative segment, address: CODE 00000DB0 - 00000DB2 (0x3 bytes), align: 0
  Segment part 312.           Intra module refs:   Sleep::?relay
           LOCAL                   ADDRESS         
           =====                   =======         
           Sleep                   00000DB0 
               is indirectly called
    -------------------------------------------------------------------------
<BANKED_CODE> 1 (was BANKED_CODE)
  Relative segment, address: CODE 00000DB3 - 00000DB5 (0x3 bytes), align: 0
  Segment part 314.           Intra module refs:   Wakeup::?relay
           LOCAL                   ADDRESS         
           =====                   =======         
           Wakeup                  00000DB3 
               is indirectly called
    -------------------------------------------------------------------------
<BANKED_CODE> 1 (was BANKED_CODE)
  Relative segment, address: CODE 00000DB6 - 00000DB8 (0x3 bytes), align: 0
  Segment part 316.           Intra module refs:   Cold_Start::?relay
           LOCAL                   ADDRESS         
           =====                   =======         
           Cold_Start              00000DB6 
               is indirectly called
    -------------------------------------------------------------------------
<BANKED_CODE> 1 (was BANKED_CODE)
  Relative segment, address: CODE 00000DB9 - 00000DBB (0x3 bytes), align: 0
  Segment part 318.           Intra module refs:   Hot_Start::?relay
           LOCAL                   ADDRESS         
           =====                   =======         
           Hot_Start               00000DB9 
               is indirectly called
    -------------------------------------------------------------------------
XDATA_I
  Relative segment, address: XDATA 00001CFB - 00001D06 (0xc bytes), align: 0
  Segment part 201.           Intra module refs:   Segment part 169
           ENTRY                   ADDRESS         REF BY
           =====                   =======         ======
           TM_MODULE               00001CFB 
    -------------------------------------------------------------------------
<BANKED_CODE> 1 (was BANKED_CODE)
  Relative segment, address: CODE 00000DBC - 00000DBE (0x3 bytes), align: 0
  Segment part 322.           Intra module refs:   SW_Init::?relay
           LOCAL                   ADDRESS         
           =====                   =======         
           SW_Init                 00000DBC 
               is indirectly called
    -------------------------------------------------------------------------
<BANKED_CODE> 1 (was BANKED_CODE)
  Relative segment, address: CODE 00000DBF - 00000DCF (0x11 bytes), align: 0
  Segment part 330.           Intra module refs:   TM_IRQ::?relay
           ENTRY                   ADDRESS         REF BY
           =====                   =======         ======
           TM_IRQ                  00000DBF 
               calls direct
               XSTACK = 0000000F ( 00000009 )
    -------------------------------------------------------------------------
<BANKED_CODE> 1 (was BANKED_CODE)
  Relative segment, address: CODE 00000DD0 - 00000E47 (0x78 bytes), align: 0
  Segment part 338.           Intra module refs:   check_create_delete::?relay
           ENTRY                   ADDRESS         REF BY
           =====                   =======         ======
           check_create_delete     00000DD0 
               calls direct
               XSTACK = 00000000 ( 0000000E )
    -------------------------------------------------------------------------
<BANKED_CODE> 1 (was BANKED_CODE)
  Relative segment, address: CODE 00000E48 - 00000F26 (0xdf bytes), align: 0
  Segment part 340.           Intra module refs:   check_max_alloc::?relay
           ENTRY                   ADDRESS         REF BY
           =====                   =======         ======
           check_max_alloc         00000E48 
               calls direct
               XSTACK = 00000000 ( 00000042 )
    -------------------------------------------------------------------------
<BANKED_CODE> 1 (was BANKED_CODE)
  Relative segment, address: CODE 00000F27 - 00000F98 (0x72 bytes), align: 0
  Segment part 344.           Intra module refs:   red_zones::?relay
           ENTRY                   ADDRESS         REF BY
           =====                   =======         ======
           red_zones               00000F27 
               calls direct
               XSTACK = 00000000 ( 0000000C )
    -------------------------------------------------------------------------
<BANKED_CODE> 1 (was BANKED_CODE)
  Relative segment, address: CODE 00000F99 - 00000FAC (0x14 bytes), align: 0
  Segment part 346.           Intra module refs:   u_mem_slots::?relay
           ENTRY                   ADDRESS         REF BY
           =====                   =======         ======
           u_mem_slots             00000F99 
               calls direct
               ISTACK = 00000000 ( 00000002 )
    -------------------------------------------------------------------------
XDATA_I
  Relative segment, address: XDATA 00001D07 - 00001D0A (0x4 bytes), align: 0
  Segment part 208.           Intra module refs:   AT_time
           ENTRY                   ADDRESS         REF BY
           =====                   =======         ======
           __Constant_7fff         00001D07 
    -------------------------------------------------------------------------
INTVEC
  Common segment, address: CODE 00000000 - 0000002D (0x2e bytes), align: 0
  Segment part 10. ROOT 
           ENTRY                   ADDRESS         REF BY
           =====                   =======         ======
           TimerCompareInterrupt::??INTVEC 43
                                   0000002B 
    -------------------------------------------------------------------------
XDATA_ID
  Relative segment, address: CODE 000000B5 - 000000C1 (0xd bytes), align: 0
  Segment part 19.            Intra module refs:   Segment part 18
    -------------------------------------------------------------------------
XDATA_ID
  Relative segment, address: CODE 000000C2 - 000000D2 (0x11 bytes), align: 0
  Segment part 21.            Intra module refs:   Segment part 20
    -------------------------------------------------------------------------
XDATA_ID
  Relative segment, address: CODE 000000D3 - 000000DF (0xd bytes), align: 0
  Segment part 25.            Intra module refs:   AM_Hot_start::__FUNCTION__
    -------------------------------------------------------------------------
XDATA_ID
  Relative segment, address: CODE 000000E0 - 00000109 (0x2a bytes), align: 0
  Segment part 27.            Intra module refs:   Segment part 26
    -------------------------------------------------------------------------
XDATA_ID
  Relative segment, address: CODE 0000010A - 00000114 (0xb bytes), align: 0
  Segment part 33.            Intra module refs:   AM_SW_Init::__FUNCTION__
    -------------------------------------------------------------------------
XDATA_ID
  Relative segment, address: CODE 00000115 - 0000013B (0x27 bytes), align: 0
  Segment part 35.            Intra module refs:   Segment part 34
    -------------------------------------------------------------------------
XDATA_ID
  Relative segment, address: CODE 0000013C - 00000143 (0x8 bytes), align: 0
  Segment part 85.            Intra module refs:   SL_free::__FUNCTION__
    -------------------------------------------------------------------------
XDATA_ID
  Relative segment, address: CODE 00000144 - 00000150 (0xd bytes), align: 0
  Segment part 87.            Intra module refs:   Segment part 86
    -------------------------------------------------------------------------
XDATA_ID
  Relative segment, address: CODE 00000151 - 0000015C (0xc bytes), align: 0
  Segment part 89.            Intra module refs:   Segment part 88
    -------------------------------------------------------------------------
XDATA_ID
  Relative segment, address: CODE 0000015D - 00000181 (0x25 bytes), align: 0
  Segment part 91.            Intra module refs:   Segment part 90
    -------------------------------------------------------------------------
XDATA_ID
  Relative segment, address: CODE 00000182 - 00000199 (0x18 bytes), align: 0
  Segment part 93.            Intra module refs:   Segment part 92
    -------------------------------------------------------------------------
XDATA_ID
  Relative segment, address: CODE 0000019A - 000001C2 (0x29 bytes), align: 0
  Segment part 95.            Intra module refs:   Segment part 94
    -------------------------------------------------------------------------
XDATA_ID
  Relative segment, address: CODE 000001C3 - 000001CA (0x8 bytes), align: 0
  Segment part 97.            Intra module refs:   SL_busy::__FUNCTION__
    -------------------------------------------------------------------------
XDATA_ID
  Relative segment, address: CODE 000001CB - 000001F2 (0x28 bytes), align: 0
  Segment part 99.            Intra module refs:   Segment part 98
    -------------------------------------------------------------------------
XDATA_ID
  Relative segment, address: CODE 000001F3 - 000001FF (0xd bytes), align: 0
  Segment part 101.           Intra module refs:   SL_available::__FUNCTION__
    -------------------------------------------------------------------------
XDATA_ID
  Relative segment, address: CODE 00000200 - 00000210 (0x11 bytes), align: 0
  Segment part 139.           Intra module refs:   Segment part 138
    -------------------------------------------------------------------------
XDATA_ID
  Relative segment, address: CODE 00000211 - 00000224 (0x14 bytes), align: 0
  Segment part 141.           Intra module refs:   Segment part 140
    -------------------------------------------------------------------------
XDATA_ID
  Relative segment, address: CODE 00000225 - 00000235 (0x11 bytes), align: 0
  Segment part 143.           Intra module refs:   Segment part 142
    -------------------------------------------------------------------------
XDATA_ID
  Relative segment, address: CODE 00000236 - 00000249 (0x14 bytes), align: 0
  Segment part 145.           Intra module refs:   Segment part 144
    -------------------------------------------------------------------------
XDATA_ID
  Relative segment, address: CODE 0000024A - 0000025B (0x12 bytes), align: 0
  Segment part 147.           Intra module refs:   Segment part 146
    -------------------------------------------------------------------------
XDATA_ID
  Relative segment, address: CODE 0000025C - 00000265 (0xa bytes), align: 0
  Segment part 169.           Intra module refs:   SW_MOD
    -------------------------------------------------------------------------
XDATA_ID
  Relative segment, address: CODE 00000266 - 00000271 (0xc bytes), align: 0
  Segment part 179.           Intra module refs:   BF_MODULE
    -------------------------------------------------------------------------
XDATA_ID
  Relative segment, address: CODE 00000272 - 0000027D (0xc bytes), align: 0
  Segment part 187.           Intra module refs:   FR_MODULE
    -------------------------------------------------------------------------
XDATA_ID
  Relative segment, address: CODE 0000027E - 00000289 (0xc bytes), align: 0
  Segment part 190.           Intra module refs:   MS_MODULE
    -------------------------------------------------------------------------
XDATA_ID
  Relative segment, address: CODE 0000028A - 0000028D (0x4 bytes), align: 0
  Segment part 195.           Intra module refs:   Segment part 194
    -------------------------------------------------------------------------
XDATA_ID
  Relative segment, address: CODE 0000028E - 00000299 (0xc bytes), align: 0
  Segment part 198.           Intra module refs:   MD_MODULE
    -------------------------------------------------------------------------
XDATA_ID
  Relative segment, address: CODE 0000029A - 000002A5 (0xc bytes), align: 0
  Segment part 202.           Intra module refs:   TM_MODULE
    -------------------------------------------------------------------------
XDATA_ID
  Relative segment, address: CODE 000002A6 - 000002A9 (0x4 bytes), align: 0
  Segment part 209.           Intra module refs:   __Constant_7fff
    -------------------------------------------------------------------------
BANK_RELAYS
  Relative segment, address: CODE 000002B6 - 000002BB (0x6 bytes), align: 0
  Segment part 219.           Intra module refs:   TM_IRQ
           ENTRY                   ADDRESS         REF BY
           =====                   =======         ======
           AM_Hot_start::?relay    000002B6 
    -------------------------------------------------------------------------
BANK_RELAYS
  Relative segment, address: CODE 000002BC - 000002C1 (0x6 bytes), align: 0
  Segment part 223.           Intra module refs:   main
           ENTRY                   ADDRESS         REF BY
           =====                   =======         ======
           AM_SW_Init::?relay      000002BC 
    -------------------------------------------------------------------------
BANK_RELAYS
  Relative segment, address: CODE 000002C2 - 000002C7 (0x6 bytes), align: 0
  Segment part 233.           Intra module refs:   TimerCompareInterrupt
           ENTRY                   ADDRESS         REF BY
           =====                   =======         ======
           AT_time::?relay         000002C2 
    -------------------------------------------------------------------------
BANK_RELAYS
  Relative segment, address: CODE 000002C8 - 000002CD (0x6 bytes), align: 0
  Segment part 237.           Intra module refs:   TimerCompareInterrupt
           LOCAL                   ADDRESS         
           =====                   =======         
           IRQEnable::?relay       000002C8 
    -------------------------------------------------------------------------
BANK_RELAYS
  Relative segment, address: CODE 000002CE - 000002D3 (0x6 bytes), align: 0
  Segment part 243.           Intra module refs:   AT_time
           LOCAL                   ADDRESS         
           =====                   =======         
           ReadTimer::?relay       000002CE 
    -------------------------------------------------------------------------
BANK_RELAYS
  Relative segment, address: CODE 000002D4 - 000002D9 (0x6 bytes), align: 0
  Segment part 249.           Intra module refs:   Segment part 179
           LOCAL                   ADDRESS         
           =====                   =======         
           SW_Init::?relay         000002D4 
    -------------------------------------------------------------------------
BANK_RELAYS
  Relative segment, address: CODE 000002DA - 000002DF (0x6 bytes), align: 0
  Segment part 267.           Intra module refs:   AM_Hot_start
                                                   AM_SW_Init
                                                   SL_available
                                                   SL_busy
                                                   SL_free
                                                   main
           ENTRY                   ADDRESS         REF BY
           =====                   =======         ======
           DBG_CORE_HALT::?relay   000002DA 
    -------------------------------------------------------------------------
BANK_RELAYS
  Relative segment, address: CODE 000002E0 - 000002E5 (0x6 bytes), align: 0
  Segment part 271.           Intra module refs:   Segment part 187
           LOCAL                   ADDRESS         
           =====                   =======         
           SW_Init::?relay         000002E0 
    -------------------------------------------------------------------------
BANK_RELAYS
  Relative segment, address: CODE 000002E6 - 000002EB (0x6 bytes), align: 0
  Segment part 287.           Intra module refs:   Segment part 190
           LOCAL                   ADDRESS         
           =====                   =======         
           SW_Init::?relay         000002E6 
    -------------------------------------------------------------------------
BANK_RELAYS
  Relative segment, address: CODE 000002EC - 000002F1 (0x6 bytes), align: 0
  Segment part 289.           Intra module refs:   SL_alloc
           LOCAL                   ADDRESS         
           =====                   =======         
           alloc::?relay           000002EC 
    -------------------------------------------------------------------------
BANK_RELAYS
  Relative segment, address: CODE 000002F2 - 000002F7 (0x6 bytes), align: 0
  Segment part 291.           Intra module refs:   SL_alloc
           LOCAL                   ADDRESS         
           =====                   =======         
           fill_zero_slot::?relay
                                   000002F2 
    -------------------------------------------------------------------------
BANK_RELAYS
  Relative segment, address: CODE 000002F8 - 000002FD (0x6 bytes), align: 0
  Segment part 293.           Intra module refs:   SL_alloc
           LOCAL                   ADDRESS         
           =====                   =======         
           protect_alloc::?relay   000002F8 
    -------------------------------------------------------------------------
BANK_RELAYS
  Relative segment, address: CODE 000002FE - 00000303 (0x6 bytes), align: 0
  Segment part 295.           Intra module refs:   check_create_delete
                                                   check_max_alloc
                                                   red_zones
           ENTRY                   ADDRESS         REF BY
           =====                   =======         ======
           SL_alloc::?relay        000002FE 
    -------------------------------------------------------------------------
BANK_RELAYS
  Relative segment, address: CODE 00000304 - 00000309 (0x6 bytes), align: 0
  Segment part 297.           Intra module refs:   check_create_delete
                                                   check_max_alloc
           ENTRY                   ADDRESS         REF BY
           =====                   =======         ======
           SL_free::?relay         00000304 
    -------------------------------------------------------------------------
BANK_RELAYS
  Relative segment, address: CODE 0000030A - 0000030F (0x6 bytes), align: 0
  Segment part 299.           Intra module refs:   check_create_delete
                                                   check_max_alloc
           ENTRY                   ADDRESS         REF BY
           =====                   =======         ======
           SL_busy::?relay         0000030A 
    -------------------------------------------------------------------------
BANK_RELAYS
  Relative segment, address: CODE 00000310 - 00000315 (0x6 bytes), align: 0
  Segment part 301.           Intra module refs:   check_create_delete
           ENTRY                   ADDRESS         REF BY
           =====                   =======         ======
           SL_available::?relay    00000310 
    -------------------------------------------------------------------------
BANK_RELAYS
  Relative segment, address: CODE 00000316 - 0000031B (0x6 bytes), align: 0
  Segment part 303.           Intra module refs:   red_zones
           ENTRY                   ADDRESS         REF BY
           =====                   =======         ======
           SL_zone_check::?relay   00000316 
    -------------------------------------------------------------------------
BANK_RELAYS
  Relative segment, address: CODE 0000031C - 00000321 (0x6 bytes), align: 0
  Segment part 307.           Intra module refs:   fill_zero_slot
           ENTRY                   ADDRESS         REF BY
           =====                   =======         ======
           MEM_memset::?relay      0000031C 
    -------------------------------------------------------------------------
BANK_RELAYS
  Relative segment, address: CODE 00000322 - 00000327 (0x6 bytes), align: 0
  Segment part 309.           Intra module refs:   Segment part 198
           LOCAL                   ADDRESS         
           =====                   =======         
           HW_Init::?relay         00000322 
    -------------------------------------------------------------------------
BANK_RELAYS
  Relative segment, address: CODE 00000328 - 0000032D (0x6 bytes), align: 0
  Segment part 311.           Intra module refs:   Segment part 198
           LOCAL                   ADDRESS         
           =====                   =======         
           SW_Init::?relay         00000328 
    -------------------------------------------------------------------------
BANK_RELAYS
  Relative segment, address: CODE 0000032E - 00000333 (0x6 bytes), align: 0
  Segment part 313.           Intra module refs:   Segment part 198
           LOCAL                   ADDRESS         
           =====                   =======         
           Sleep::?relay           0000032E 
    -------------------------------------------------------------------------
BANK_RELAYS
  Relative segment, address: CODE 00000334 - 00000339 (0x6 bytes), align: 0
  Segment part 315.           Intra module refs:   Segment part 198
           LOCAL                   ADDRESS         
           =====                   =======         
           Wakeup::?relay          00000334 
    -------------------------------------------------------------------------
BANK_RELAYS
  Relative segment, address: CODE 0000033A - 0000033F (0x6 bytes), align: 0
  Segment part 317.           Intra module refs:   Segment part 198
           LOCAL                   ADDRESS         
           =====                   =======         
           Cold_Start::?relay      0000033A 
    -------------------------------------------------------------------------
BANK_RELAYS
  Relative segment, address: CODE 00000340 - 00000345 (0x6 bytes), align: 0
  Segment part 319.           Intra module refs:   Segment part 198
           LOCAL                   ADDRESS         
           =====                   =======         
           Hot_Start::?relay       00000340 
    -------------------------------------------------------------------------
BANK_RELAYS
  Relative segment, address: CODE 00000346 - 0000034B (0x6 bytes), align: 0
  Segment part 323.           Intra module refs:   Segment part 202
           LOCAL                   ADDRESS         
           =====                   =======         
           SW_Init::?relay         00000346 
    -------------------------------------------------------------------------
BANK_RELAYS
  Relative segment, address: CODE 0000034C - 00000351 (0x6 bytes), align: 0
  Segment part 331.           Intra module refs:   TimerCompareInterrupt
           ENTRY                   ADDRESS         REF BY
           =====                   =======         ======
           TM_IRQ::?relay          0000034C 
    -------------------------------------------------------------------------
BANK_RELAYS
  Relative segment, address: CODE 00000352 - 00000357 (0x6 bytes), align: 0
  Segment part 339.           Intra module refs:   u_mem_slots
           ENTRY                   ADDRESS         REF BY
           =====                   =======         ======
           check_create_delete::?relay
                                   00000352 
    -------------------------------------------------------------------------
BANK_RELAYS
  Relative segment, address: CODE 00000358 - 0000035D (0x6 bytes), align: 0
  Segment part 341.           Intra module refs:   u_mem_slots
           ENTRY                   ADDRESS         REF BY
           =====                   =======         ======
           check_max_alloc::?relay
                                   00000358 
    -------------------------------------------------------------------------
BANK_RELAYS
  Relative segment, address: CODE 0000035E - 00000363 (0x6 bytes), align: 0
  Segment part 345.           Intra module refs:   u_mem_slots
           ENTRY                   ADDRESS         REF BY
           =====                   =======         ======
           red_zones::?relay       0000035E 
    -------------------------------------------------------------------------
BANK_RELAYS
  Relative segment, address: CODE 00000364 - 00000369 (0x6 bytes), align: 0
  Segment part 347.           Intra module refs:   main
           ENTRY                   ADDRESS         REF BY
           =====                   =======         ======
           u_mem_slots::?relay     00000364 

    *************************************************************************

  FILE NAME : E:\WMNU\IAR_new_arch\PRJ Test\Debug\Obj\alarm_timer.r51
    *************************************************************************

  FILE NAME : E:\WMNU\IAR_new_arch\PRJ Test\Debug\Obj\buffer.r51
    *************************************************************************

  FILE NAME : E:\WMNU\IAR_new_arch\PRJ Test\Debug\Obj\cpu.r51
    *************************************************************************

  FILE NAME : E:\WMNU\IAR_new_arch\PRJ Test\Debug\Obj\debug.r51
    *************************************************************************

  FILE NAME : E:\WMNU\IAR_new_arch\PRJ Test\Debug\Obj\frame.r51
    *************************************************************************

  FILE NAME : E:\WMNU\IAR_new_arch\PRJ Test\Debug\Obj\main.r51
    *************************************************************************

  FILE NAME : E:\WMNU\IAR_new_arch\PRJ Test\Debug\Obj\mem_slots.r51
    *************************************************************************

  FILE NAME : E:\WMNU\IAR_new_arch\PRJ Test\Debug\Obj\mem_utils.r51
    *************************************************************************

  FILE NAME : E:\WMNU\IAR_new_arch\PRJ Test\Debug\Obj\model.r51
    *************************************************************************

  FILE NAME : E:\WMNU\IAR_new_arch\PRJ Test\Debug\Obj\rtc.r51
    *************************************************************************

  FILE NAME : E:\WMNU\IAR_new_arch\PRJ Test\Debug\Obj\time_manager.r51
    *************************************************************************

  FILE NAME : E:\WMNU\IAR_new_arch\PRJ Test\Debug\Obj\u_alarm_timer.r51
    *************************************************************************

  FILE NAME : E:\WMNU\IAR_new_arch\PRJ Test\Debug\Obj\u_debug.r51
    *************************************************************************

  FILE NAME : E:\WMNU\IAR_new_arch\PRJ Test\Debug\Obj\u_macros.r51
    *************************************************************************

  FILE NAME : E:\WMNU\IAR_new_arch\PRJ Test\Debug\Obj\u_mem_slots.r51
    *************************************************************************

  FILE NAME : E:\WMNU\IAR_new_arch\PRJ Test\Debug\Obj\u_mem_utils.r51
    *************************************************************************

  FILE NAME : E:\WMNU\IAR_new_arch\PRJ Test\Debug\Obj\ustimer.r51
    *************************************************************************

  FILE NAME : C:\Program Files (x86)\IAR Systems\Embedded Workbench 8.0\8051\LIB\DLIB\dl-pli-blxd-1e16x01n.r51
  LIBRARY MODULE, NAME : ?__dbg_break

  SEGMENTS IN THE MODULE
  ======================
<BANKED_CODE> 1 (was BANKED_CODE)
  Relative segment, address: CODE 00001573 - 00001575 (0x3 bytes), align: 0
  Segment part 6.             Intra module refs:   __DebugBreak::?relay
           ENTRY                   ADDRESS         REF BY
           =====                   =======         ======
           __DebugBreak            00001573 
    -------------------------------------------------------------------------
BANK_RELAYS
  Relative segment, address: CODE 0000036A - 0000036F (0x6 bytes), align: 0
  Segment part 7.
           ENTRY                   ADDRESS         REF BY
           =====                   =======         ======
           __DebugBreak::?relay    0000036A        __dwrite (?__dwrite)
                                                   __exit (?__exit)

    -------------------------------------------------------------------------
  LIBRARY MODULE, NAME : ?__dwrite

  SEGMENTS IN THE MODULE
  ======================
<BANKED_CODE> 1 (was BANKED_CODE)
  Relative segment, address: CODE 00001437 - 00001487 (0x51 bytes), align: 0
  Segment part 6.             Intra module refs:   __dwrite::?relay
           ENTRY                   ADDRESS         REF BY
           =====                   =======         ======
           __dwrite                00001437 
               calls direct
               XSTACK = 00000002 ( 00000008 )
               ISTACK = 00000000 ( 00000002 )
    -------------------------------------------------------------------------
BANK_RELAYS
  Relative segment, address: CODE 00000370 - 00000375 (0x6 bytes), align: 0
  Segment part 7.
           ENTRY                   ADDRESS         REF BY
           =====                   =======         ======
           __dwrite::?relay        00000370        __write (?__write)

    -------------------------------------------------------------------------
  LIBRARY MODULE, NAME : ?__exit

  SEGMENTS IN THE MODULE
  ======================
<BANKED_CODE> 1 (was BANKED_CODE)
  Relative segment, address: CODE 00001523 - 00001546 (0x24 bytes), align: 0
  Segment part 6.
           ENTRY                   ADDRESS         REF BY
           =====                   =======         ======
           __exit                  00001523        Segment part 10 (?cexit)
               calls direct
               XSTACK = 00000000 ( 0000000B )

    -------------------------------------------------------------------------
  LIBRARY MODULE, NAME : ?__write

  SEGMENTS IN THE MODULE
  ======================
<BANKED_CODE> 1 (was BANKED_CODE)
  Relative segment, address: CODE 000014FD - 00001522 (0x26 bytes), align: 0
  Segment part 6.             Intra module refs:   __write::?relay
           ENTRY                   ADDRESS         REF BY
           =====                   =======         ======
           __write                 000014FD 
               calls direct
               XSTACK = 00000002 ( 00000002 )
               ISTACK = 00000000 ( 00000002 )
    -------------------------------------------------------------------------
BANK_RELAYS
  Relative segment, address: CODE 00000376 - 0000037B (0x6 bytes), align: 0
  Segment part 7.
           ENTRY                   ADDRESS         REF BY
           =====                   =======         ======
           __write::?relay         00000376        putchar (?putchar)

    -------------------------------------------------------------------------
  LIBRARY MODULE, NAME : ?cexit

  SEGMENTS IN THE MODULE
  ======================
CSTART
  Relative segment, address: CODE 0000002E, align: 0
  Segment part 5.             Intra module refs:   _exit::?relay
           ENTRY                   ADDRESS         REF BY
           =====                   =======         ======
           _exit                   0000002E 
               calls direct
    -------------------------------------------------------------------------
CSTART
  Relative segment, address: CODE 0000002E - 00000038 (0xb bytes), align: 0
  Segment part 10.            Intra module refs:   _exit
    -------------------------------------------------------------------------
BANK_RELAYS
  Relative segment, address: CODE 0000037C - 00000381 (0x6 bytes), align: 0
  Segment part 11.
           ENTRY                   ADDRESS         REF BY
           =====                   =======         ======
           _exit::?relay           0000037C        exit (?exit)

    -------------------------------------------------------------------------
  LIBRARY MODULE, NAME : ?cmain

  SEGMENTS IN THE MODULE
  ======================
CSTART
  Relative segment, address: CODE 00000039, align: 0
  Segment part 5.
           ENTRY                   ADDRESS         REF BY
           =====                   =======         ======
           ?cmain                  00000039        Segment part 13 (CSTARTUP)
               calls direct
    -------------------------------------------------------------------------
CSTART
  Relative segment, address: CODE 00000039 - 00000048 (0x10 bytes), align: 0
  Segment part 16.
           ENTRY                   ADDRESS         REF BY
           =====                   =======         ======
           __INIT_XDATA_Z          00000039        BUFFER_PROP (action_manager)
                                                   FRAME_COUNT (action_manager)
                                                   HOT_MOD (action_manager)
                                                   ReadTimer::ret_val (action_manager)
                                                   SLOT_POOL (action_manager)
                                                   TOFFSET (action_manager)
                                                   slot_busy (action_manager)
                                                   slot_ptr (action_manager)
    -------------------------------------------------------------------------
CSTART
  Relative segment, address: CODE 00000049 - 0000006E (0x26 bytes), align: 0
  Segment part 33.
           ENTRY                   ADDRESS         REF BY
           =====                   =======         ======
           __INIT_XDATA_I          00000049        AM_Hot_start::__FUNCTION__ (action_manager)
                                                   AM_SW_Init::__FUNCTION__ (action_manager)
[...]
  Segment part 1.
           ENTRY                   ADDRESS         REF BY
           =====                   =======         ======
           ?BANKED_LEAVE_XDATA     00000603        AM_Hot_start (action_manager)
                                                   AM_SW_Init (action_manager)
                                                   AT_time (action_manager)
                                                   SL_alloc (action_manager)
                                                   SL_available (action_manager)
                                                   SL_busy (action_manager)
                                                   SL_free (action_manager)
                                                   TM_IRQ (action_manager)
                                                   _PrintfTiny (?xprintftiny)
                                                   _Prout (?xprout)
                                                   check_create_delete (action_manager)
                                                   check_max_alloc (action_manager)
                                                   fill_zero_slot (action_manager)
                                                   out (?xprintftiny)
                                                   printf (?printf)
                                                   putchar (?putchar)
                                                   red_zones (action_manager)

    -------------------------------------------------------------------------
  LIBRARY MODULE, NAME : ?INTERRUPT_ENTER_XSP

  SEGMENTS IN THE MODULE
  ======================
RCODE
  Relative segment, address: CODE 00000649 - 000006A7 (0x5f bytes), align: 0
  Segment part 1.
           ENTRY                   ADDRESS         REF BY
           =====                   =======         ======
           ?INTERRUPT_ENTER_XSP    00000649        TimerCompareInterrupt (action_manager)

    -------------------------------------------------------------------------
  LIBRARY MODULE, NAME : ?INTERRUPT_LEAVE_XSP

  SEGMENTS IN THE MODULE
  ======================
RCODE
  Relative segment, address: CODE 000006A8 - 000006FF (0x58 bytes), align: 0
  Segment part 1.
           ENTRY                   ADDRESS         REF BY
           =====                   =======         ======
           ?INTERRUPT_LEAVE_XSP    000006A8        TimerCompareInterrupt (action_manager)

    -------------------------------------------------------------------------
  LIBRARY MODULE, NAME : ?PUSH_XSTACK_I

  SEGMENTS IN THE MODULE
  ======================
RCODE
  Relative segment, address: CODE 00000700 - 00000703 (0x4 bytes), align: 0
  Segment part 2.
           ENTRY                   ADDRESS         REF BY
           =====                   =======         ======
           ?PUSH_XSTACK_I_TWO      00000700        AM_Hot_start (action_manager)
                                                   AM_SW_Init (action_manager)
                                                   SL_available (action_manager)
                                                   SL_busy (action_manager)
                                                   SL_free (action_manager)
                                                   _PrintfTiny (?xprintftiny)
                                                   check_max_alloc (action_manager)
                                                   printf (?printf)
                                                   putchar (?putchar)
    -------------------------------------------------------------------------
RCODE
  Relative segment, address: CODE 00000704 - 00000710 (0xd bytes), align: 0
  Segment part 4.             Intra module refs:   ?PUSH_XSTACK_I_TWO
           ENTRY                   ADDRESS         REF BY
           =====                   =======         ======
           ?PUSH_XSTACK_I          00000704 

    -------------------------------------------------------------------------
  LIBRARY MODULE, NAME : ?PUSH_XSTACK8_X

  SEGMENTS IN THE MODULE
  ======================
RCODE
  Relative segment, address: CODE 00000711 - 00000714 (0x4 bytes), align: 0
  Segment part 3.
           ENTRY                   ADDRESS         REF BY
           =====                   =======         ======
           ?PUSH_XSTACK8_X_TWO     00000711        _PrintfTiny (?xprintftiny)
                                                   __write (?__write)
    -------------------------------------------------------------------------
RCODE
  Relative segment, address: CODE 00000715 - 0000073D (0x29 bytes), align: 0
  Segment part 5.             Intra module refs:   ?PUSH_XSTACK8_X_TWO
           ENTRY                   ADDRESS         REF BY
           =====                   =======         ======
           ?PUSH_XSTACK8_X         00000715 

    -------------------------------------------------------------------------
  LIBRARY MODULE, NAME : ?printf

  SEGMENTS IN THE MODULE
  ======================
<BANKED_CODE> 1 (was BANKED_CODE)
  Relative segment, address: CODE 00001488 - 000014D1 (0x4a bytes), align: 0
  Segment part 6.             Intra module refs:   printf::?relay
           ENTRY                   ADDRESS         REF BY
           =====                   =======         ======
           printf                  00001488 
               calls direct
               XSTACK = 00000000 ( 00000010 )
    -------------------------------------------------------------------------
BANK_RELAYS
  Relative segment, address: CODE 00000382 - 00000387 (0x6 bytes), align: 0
  Segment part 7.
           ENTRY                   ADDRESS         REF BY
           =====                   =======         ======
           printf::?relay          00000382        AM_Hot_start (action_manager)
                                                   AM_SW_Init (action_manager)
                                                   SL_available (action_manager)
                                                   SL_busy (action_manager)
                                                   SL_free (action_manager)
                                                   check_create_delete (action_manager)
                                                   check_max_alloc (action_manager)

    -------------------------------------------------------------------------
  LIBRARY MODULE, NAME : ?putchar

  SEGMENTS IN THE MODULE
  ======================
<BANKED_CODE> 1 (was BANKED_CODE)
  Relative segment, address: CODE 000013DE - 00001436 (0x59 bytes), align: 0
  Segment part 6.             Intra module refs:   putchar::?relay
           ENTRY                   ADDRESS         REF BY
           =====                   =======         ======
           putchar                 000013DE 
               calls direct
               XSTACK = 00000000 ( 0000000D )
               ISTACK = 00000000 ( 00000001 )
    -------------------------------------------------------------------------
BANK_RELAYS
  Relative segment, address: CODE 00000388 - 0000038D (0x6 bytes), align: 0
  Segment part 7.
           ENTRY                   ADDRESS         REF BY
           =====                   =======         ======
           putchar::?relay         00000388        _Prout (?xprout)

    -------------------------------------------------------------------------
  LIBRARY MODULE, NAME : ?strlen

  SEGMENTS IN THE MODULE
  ======================
<BANKED_CODE> 1 (was BANKED_CODE)
  Relative segment, address: CODE 00001547 - 00001564 (0x1e bytes), align: 0
  Segment part 6.             Intra module refs:   strlen::?relay
           ENTRY                   ADDRESS         REF BY
           =====                   =======         ======
           strlen                  00001547 
               is indirectly called
               ISTACK = 00000000 ( 00000002 )
    -------------------------------------------------------------------------
BANK_RELAYS
  Relative segment, address: CODE 0000038E - 00000393 (0x6 bytes), align: 0
  Segment part 7.
           ENTRY                   ADDRESS         REF BY
           =====                   =======         ======
           strlen::?relay          0000038E        _PrintfTiny (?xprintftiny)

    -------------------------------------------------------------------------
  LIBRARY MODULE, NAME : ?xprintftiny

  SEGMENTS IN THE MODULE
  ======================
<BANKED_CODE> 1 (was BANKED_CODE)
  Relative segment, address: CODE 00000FAD - 00000FFE (0x52 bytes), align: 0
  Segment part 14.            Intra module refs:   out::?relay
           LOCAL                   ADDRESS         
           =====                   =======         
           out                     00000FAD 
               XSTACK = 0000002F ( 0000000E )
    -------------------------------------------------------------------------
<BANKED_CODE> 1 (was BANKED_CODE)
  Relative segment, address: CODE 00000FFF - 0000137F (0x381 bytes), align: 0
  Segment part 16.            Intra module refs:   _PrintfTiny::?relay
           ENTRY                   ADDRESS         REF BY
           =====                   =======         ======
           _PrintfTiny             00000FFF 
               calls direct
               XSTACK = 00000004 ( 0000002F )
               ISTACK = 00000000 ( 00000001 )
    -------------------------------------------------------------------------
<BANKED_CODE> 1 (was BANKED_CODE)
  Relative segment, address: CODE 00001380 - 00001388 (0x9 bytes), align: 0
  Segment part 18.            Intra module refs:   _PrintfTiny
    -------------------------------------------------------------------------
<BANKED_CODE> 1 (was BANKED_CODE)
  Relative segment, address: CODE 00001389 - 0000138E (0x6 bytes), align: 0
  Segment part 19.            Intra module refs:   _PrintfTiny
    -------------------------------------------------------------------------
<BANKED_CODE> 1 (was BANKED_CODE)
  Relative segment, address: CODE 0000138F - 00001392 (0x4 bytes), align: 0
  Segment part 20.            Intra module refs:   Segment part 19
                                                   Segment part 27
                                                   _PrintfTiny
    -------------------------------------------------------------------------
<BANKED_CODE> 1 (was BANKED_CODE)
  Relative segment, address: CODE 00001393 - 0000139B (0x9 bytes), align: 0
  Segment part 21.            Intra module refs:   Segment part 20
                                                   Segment part 23
    -------------------------------------------------------------------------
<BANKED_CODE> 1 (was BANKED_CODE)
  Relative segment, address: CODE 0000139C - 0000139F (0x4 bytes), align: 0
  Segment part 22.            Intra module refs:   _PrintfTiny
    -------------------------------------------------------------------------
<BANKED_CODE> 1 (was BANKED_CODE)
  Relative segment, address: CODE 000013A0 - 000013A7 (0x8 bytes), align: 0
  Segment part 23.            Intra module refs:   Segment part 22
                                                   Segment part 24
    -------------------------------------------------------------------------
<BANKED_CODE> 1 (was BANKED_CODE)
  Relative segment, address: CODE 000013A8 - 000013B8 (0x11 bytes), align: 0
  Segment part 24.            Intra module refs:   _PrintfTiny
    -------------------------------------------------------------------------
<BANKED_CODE> 1 (was BANKED_CODE)
  Relative segment, address: CODE 000013B9 - 000013BD (0x5 bytes), align: 0
  Segment part 25.            Intra module refs:   _PrintfTiny
    -------------------------------------------------------------------------
<BANKED_CODE> 1 (was BANKED_CODE)
  Relative segment, address: CODE 000013BE - 000013CA (0xd bytes), align: 0
  Segment part 26.            Intra module refs:   Segment part 25
                                                   _PrintfTiny
    -------------------------------------------------------------------------
<BANKED_CODE> 1 (was BANKED_CODE)
  Relative segment, address: CODE 000013CB - 000013D3 (0x9 bytes), align: 0
  Segment part 27.            Intra module refs:   _PrintfTiny
    -------------------------------------------------------------------------
<BANKED_CODE> 1 (was BANKED_CODE)
  Relative segment, address: CODE 000013D4 - 000013DD (0xa bytes), align: 0
  Segment part 28.            Intra module refs:   Segment part 27
                                                   _PrintfTiny
    -------------------------------------------------------------------------
XDATA_ID
  Relative segment, address: CODE 000002AA - 000002AB (0x2 bytes), align: 0
  Segment part 7.             Intra module refs:   Segment part 6
    -------------------------------------------------------------------------
XDATA_ID
  Relative segment, address: CODE 000002AC - 000002AD (0x2 bytes), align: 0
  Segment part 9.             Intra module refs:   Segment part 8
    -------------------------------------------------------------------------
XDATA_ID
  Relative segment, address: CODE 000002AE - 000002B1 (0x4 bytes), align: 0
  Segment part 11.            Intra module refs:   __Constant_0
    -------------------------------------------------------------------------
XDATA_ID
  Relative segment, address: CODE 000002B2 - 000002B5 (0x4 bytes), align: 0
  Segment part 13.            Intra module refs:   __Constant_ffff
    -------------------------------------------------------------------------
BANK_RELAYS
  Relative segment, address: CODE 00000394 - 00000399 (0x6 bytes), align: 0
  Segment part 15.            Intra module refs:   _PrintfTiny
           LOCAL                   ADDRESS         
           =====                   =======         
           out::?relay             00000394 
    -------------------------------------------------------------------------
BANK_RELAYS
  Relative segment, address: CODE 0000039A - 0000039F (0x6 bytes), align: 0
  Segment part 17.
           ENTRY                   ADDRESS         REF BY
           =====                   =======         ======
           _PrintfTiny::?relay     0000039A        printf (?printf)
    -------------------------------------------------------------------------
XDATA_I
  Relative segment, address: XDATA 00001D0B - 00001D0C (0x2 bytes), align: 0
  Segment part 6.             Intra module refs:   _PrintfTiny
    -------------------------------------------------------------------------
XDATA_I
  Relative segment, address: XDATA 00001D0D - 00001D0E (0x2 bytes), align: 0
  Segment part 8.             Intra module refs:   _PrintfTiny
    -------------------------------------------------------------------------
XDATA_I
  Relative segment, address: XDATA 00001D0F - 00001D12 (0x4 bytes), align: 0
  Segment part 10.            Intra module refs:   _PrintfTiny
           ENTRY                   ADDRESS         REF BY
           =====                   =======         ======
           __Constant_0            00001D0F 
    -------------------------------------------------------------------------
XDATA_I
  Relative segment, address: XDATA 00001D13 - 00001D16 (0x4 bytes), align: 0
  Segment part 12.            Intra module refs:   _PrintfTiny
           ENTRY                   ADDRESS         REF BY
           =====                   =======         ======
           __Constant_ffff         00001D13 

    -------------------------------------------------------------------------
  LIBRARY MODULE, NAME : ?xprout

  SEGMENTS IN THE MODULE
  ======================
<BANKED_CODE> 1 (was BANKED_CODE)
  Relative segment, address: CODE 000014D2 - 000014FC (0x2b bytes), align: 0
  Segment part 6.             Intra module refs:   _Prout::?relay
           ENTRY                   ADDRESS         REF BY
           =====                   =======         ======
           _Prout                  000014D2 
               calls direct
               XSTACK = 00000000 ( 0000000E )
    -------------------------------------------------------------------------
BANK_RELAYS
  Relative segment, address: CODE 000003A0 - 000003A5 (0x6 bytes), align: 0
  Segment part 7.
           ENTRY                   ADDRESS         REF BY
           =====                   =======         ======
           _Prout::?relay          000003A0        printf (?printf)




                ****************************************
                *                                      *
                *      SEGMENTS IN ADDRESS ORDER       *
                *                                      *
                ****************************************


SEGMENT              SPACE    START ADDRESS   END ADDRESS     SIZE  TYPE  ALIGN
=======              =====    =============   ===========     ====  ====  =====
INTVEC               CODE          00000000 - 0000002D          2E   com    0
CSTART               CODE          0000002E - 000000B4          87   rel    0
BDATA_ID             CODE               000000B5                     dse    0
BIT_ID               CODE               000000B5                     dse    0
DATA_ID              CODE               000000B5                     dse    0
IDATA_ID             CODE               000000B5                     dse    0
IXDATA_ID            CODE               000000B5                     dse    0
PDATA_ID             CODE               000000B5                     dse    0
XDATA_ID             CODE          000000B5 - 000002B5         201   rel    0
BANK_RELAYS          CODE          000002B6 - 000003A5          F0   rel    0
RCODE                CODE          000003A6 - 0000073D         398   rel    0
CODE_N               CODE               0000073E                     dse    0
CODE_C               CODE               0000073E                     dse    0
DIFUNCT              CODE               0000073E                     rel    0
NEAR_CODE            CODE          0000073E - 00000766          29   rel    0
<BANKED_CODE> 1      CODE          00000767 - 00001575         E0F   rel    0
REGISTERS            DATA          00000000 - 00000007           8   rel    0
VREG                 DATA          00000008 - 0000000F           8   rel    0
PSP                  DATA               00000010                     dse    0
XSP                  DATA          00000010 - 00000011           2   rel    0
BREG                 BIT        00000020.0  -  00000020.7        8   rel    0
SFR_AN               DATA          00000095 - 00000097           3   rel    0
                     DATA          0000009D - 0000009E           2 
                     DATA          000000A8 - 000000A8           1 
                     DATA          000000AD - 000000AD           1 
                     DATA          000000C0 - 000000C0           1 
                     DATA          000000C6 - 000000C6           1 
XSTACK               XDATA         00000001 - 00000EFF         EFF   rel    0
XDATA_Z              XDATA         00000F00 - 00001B15         C16   rel    0
XDATA_I              XDATA         00001B16 - 00001D16         201   rel    0
ISTACK               IDATA         000000C0 - 000000FF          40   rel    0

                ****************************************
                *                                      *
                *        END OF CROSS REFERENCE        *
                *                                      *
                ****************************************

 5 494 bytes of CODE  memory
    18 bytes of DATA  memory (+ 9 absolute )
 7 446 bytes of XDATA memory
    64 bytes of IDATA memory
     8 bits  of BIT   memory

Errors: none
Warnings: 1

