################################################################################
#                                                                              #
#      IAR Universal Linker V6.4.6.89                                          #
#                                                                              #
#           Link time     =  12/Feb/2020  20:58:59                             #
#           Target CPU    =  x51                                               #
#           List file     =  "E:\WMNU\IAR_new_arch\PRJ Test\Debug\List\tests.m #
#                            ap"                                               #
#           Output file 1 =  "E:\WMNU\IAR_new_arch\PRJ Test\Debug\Exe\tests.d5 #
#                            1"                                                #
#                            Format: ubrof10                                   #
#                            UBROF version 10.0.6                              #
#                            Using library modules for C-SPY (-rt)             #
#           Command line  =  -f                                                #
#                            C:\Users\08A4~1\AppData\Local\Temp\EWE57A.tmp     #
#                            ("E:\WMNU\IAR_new_arch\PRJ Test\Debug\Obj\action_ #
#                            manager.r51"                                      #
#                            "E:\WMNU\IAR_new_arch\PRJ Test\Debug\Obj\alarm_ti #
#                            mer.r51"                                          #
#                            "E:\WMNU\IAR_new_arch\PRJ Test\Debug\Obj\buffer.r #
#                            51"                                               #
#                            "E:\WMNU\IAR_new_arch\PRJ Test\Debug\Obj\cpu.r51" #
#                            "E:\WMNU\IAR_new_arch\PRJ Test\Debug\Obj\debug.r5 #
#                            1"                                                #
#                            "E:\WMNU\IAR_new_arch\PRJ Test\Debug\Obj\frame.r5 #
#                            1"                                                #
#                            "E:\WMNU\IAR_new_arch\PRJ Test\Debug\Obj\main.r51 #
#                            "                                                 #
#                            "E:\WMNU\IAR_new_arch\PRJ Test\Debug\Obj\mem_slot #
#                            s.r51"                                            #
#                            "E:\WMNU\IAR_new_arch\PRJ Test\Debug\Obj\mem_util #
#                            s.r51"                                            #
#                            "E:\WMNU\IAR_new_arch\PRJ Test\Debug\Obj\model.r5 #
#                            1"                                                #
#                            "E:\WMNU\IAR_new_arch\PRJ Test\Debug\Obj\rtc.r51" #
#                            "E:\WMNU\IAR_new_arch\PRJ Test\Debug\Obj\time_man #
#                            ager.r51"                                         #
#                            "E:\WMNU\IAR_new_arch\PRJ Test\Debug\Obj\u_alarm_ #
#                            timer.r51"                                        #
#                            "E:\WMNU\IAR_new_arch\PRJ Test\Debug\Obj\u_buffer #
#                            .r51"                                             #
#                            "E:\WMNU\IAR_new_arch\PRJ Test\Debug\Obj\u_debug. #
#                            r51"                                              #
#                            "E:\WMNU\IAR_new_arch\PRJ Test\Debug\Obj\u_frame. #
#                            r51"                                              #
#                            "E:\WMNU\IAR_new_arch\PRJ Test\Debug\Obj\u_macros #
#                            .r51"                                             #
#                            "E:\WMNU\IAR_new_arch\PRJ Test\Debug\Obj\u_mem_sl #
#                            ots.r51"                                          #
#                            "E:\WMNU\IAR_new_arch\PRJ Test\Debug\Obj\u_mem_ut #
#                            ils.r51"                                          #
#                            "E:\WMNU\IAR_new_arch\PRJ Test\Debug\Obj\ustimer. #
#                            r51"                                              #
#                            "E:\WMNU\IAR_new_arch\PRJ Test\Debug\Obj\utest.r5 #
#                            1"                                                #
#                            -o                                                #
#                            "E:\WMNU\IAR_new_arch\PRJ Test\Debug\Exe\tests.d5 #
#                            1"                                                #
#                            -l                                                #
#                            "E:\WMNU\IAR_new_arch\PRJ Test\Debug\List\tests.m #
#                            ap"                                               #
#                            -xms                                              #
#                            "-IC:\Program Files (x86)\IAR Systems\Embedded Wo #
#                            rkbench 8.0\8051\LIB\"                            #
#                            -f                                                #
#                            "C:\Program Files (x86)\IAR Systems\Embedded Work #
#                            bench 8.0\8051\config\devices\Texas Instruments\l #
#                            nk51ew_CC2530F256_banked.xcl"                     #
#                            (-D_IDATA0_START=0x00 -D_IDATA0_END=0xFF          #
#                            -D_PDATA0_START=0x1E00 -D_PDATA0_END=0x1EFF       #
#                            -D_IXDATA0_START=0x0001 -D_IXDATA0_END=0x1EFF     #
#                            -D_XDATA0_START=_IXDATA0_START                    #
#                            -D_XDATA0_END=_IXDATA0_END                        #
#                            -D_NEAR_CODE_START=0x0000                         #
#                            -D_FIRST_BANK_ADDR=0x10000 -D?REGISTER_BANK=0x0   #
#                            -D_REGISTER_BANK_START=0x0 -D_BREG_START=0x00     #
#                            -D?VB=0x20 -Z(BIT)BREG=_BREG_START                #
#                            -Z(BIT)BIT_N=0-7F                                 #
#                            -Z(DATA)REGISTERS+8=_REGISTER_BANK_START          #
#                            -Z(DATA)BDATA_Z,BDATA_N,BDATA_I=20-2F             #
#                            -Z(DATA)VREG=08-7F -Z(DATA)PSP,XSP=08-7F          #
#                            -Z(DATA)DOVERLAY=08-7F                            #
#                            -Z(DATA)DATA_I,DATA_Z,DATA_N=08-7F                #
#                            -U(IDATA)0-7F=(DATA)0-7F                          #
#                            -Z(IDATA)IDATA_I,IDATA_Z,IDATA_N=08-_IDATA0_END   #
#                            -Z(IDATA)ISTACK+_IDATA_STACK_SIZE#08-_IDATA0_END  #
#                            -Z(IDATA)IOVERLAY=08-FF -Z(CODE)INTVEC=0          #
#                            -Z(CODE)CSTART=_NEAR_CODE_START-(_CODEBANK_START- #
#                            1)                                                #
#                            -Z(CODE)BIT_ID,BDATA_ID,DATA_ID,IDATA_ID,IXDATA_I #
#                            D,PDATA_ID,XDATA_ID=_NEAR_CODE_START-(_CODEBANK_S #
#                            TART-1)                                           #
#                            -Z(CODE)BANK_RELAYS,RCODE,DIFUNCT,CODE_C,CODE_N,N #
#                            EAR_CODE=_NEAR_CODE_START-(_CODEBANK_START-1)     #
#                            -P(CODE)BANKED_CODE=_NEAR_CODE_START-(_CODEBANK_S #
#                            TART-1),[(_CODEBANK_START+_FIRST_BANK_ADDR)-(_COD #
#                            EBANK_END+_FIRST_BANK_ADDR)]*_NR_OF_BANKS+10000   #
#                            -Z(CODE)CHECKSUM#(_CODEBANK_START-1)              #
#                            -Z(XDATA)PDATA_Z,PDATA_I=_PDATA0_START-_PDATA0_EN #
#                            D                                                 #
#                            -P(XDATA)PDATA_N=_PDATA0_START-_PDATA0_END        #
#                            -Z(XDATA)PSTACK+_PDATA_STACK_SIZE=_PDATA0_START-_ #
#                            PDATA0_END                                        #
#                            -Z(XDATA)EXT_STACK+_EXTENDED_STACK_SIZE=_EXTENDED #
#                            _STACK_START                                      #
#                            -Z(XDATA)XSTACK+_XDATA_STACK_SIZE=_XDATA0_START-_ #
#                            XDATA0_END                                        #
#                            -Z(XDATA)IXDATA_Z,IXDATA_I=_IXDATA0_START-_IXDATA #
#                            0_END                                             #
#                            -P(XDATA)IXDATA_N=_IXDATA0_START-_IXDATA0_END     #
#                            -Z(XDATA)XDATA_Z,XDATA_I=_XDATA0_START-_XDATA0_EN #
#                            D                                                 #
#                            -P(XDATA)XDATA_N=_XDATA0_START-_XDATA0_END        #
#                            -Z(XDATA)XDATA_HEAP+_XDATA_HEAP_SIZE=_XDATA0_STAR #
#                            T-_XDATA0_END                                     #
#                            -Z(CONST)XDATA_ROM_C=_XDATA0_START-_XDATA0_END    #
#                            -cx51                                             #
#                            -M(CODE)[(_CODEBANK_START+_FIRST_BANK_ADDR)-(_COD #
#                            EBANK_END+_FIRST_BANK_ADDR)]*_NR_OF_BANKS+0x10000 #
#                            =0x8000                                           #
#                            -ww69=i -D_BANK0_START=0x00000                    #
#                            -D_BANK0_END=0x07FFF -D_BANK1_START=0x18000       #
#                            -D_BANK1_END=0x1FFFF -D_BANK2_START=0x28000       #
#                            -D_BANK2_END=0x2FFFF -D_BANK3_START=0x38000       #
#                            -D_BANK3_END=0x3FFFF -D_BANK4_START=0x48000       #
#                            -D_BANK4_END=0x4FFFF -D_BANK5_START=0x58000       #
#                            -D_BANK5_END=0x5FFFF -D_BANK6_START=0x68000       #
#                            -D_BANK6_END=0x6FFFF -D_BANK7_START=0x78000       #
#                            -D_BANK7_END=0x7FFFF                              #
#                            -P(CODE)BANK0=_BANK0_START-_BANK0_END             #
#                            -P(CODE)BANK1=_BANK1_START-_BANK1_END             #
#                            -P(CODE)BANK2=_BANK2_START-_BANK2_END             #
#                            -P(CODE)BANK3=_BANK3_START-_BANK3_END             #
#                            -P(CODE)BANK4=_BANK4_START-_BANK4_END             #
#                            -P(CODE)BANK5=_BANK5_START-_BANK5_END             #
#                            -P(CODE)BANK6=_BANK6_START-_BANK6_END             #
#                            -P(CODE)BANK7=_BANK7_START-_BANK7_END             #
#                            -D_FLASH_LOCK_BITS_START=0x7FFF0                  #
#                            -D_FLASH_LOCK_BITS_END=0x7FFFF                    #
#                            -Z(CODE)FLASH_LOCK_BITS=_FLASH_LOCK_BITS_START-_F #
#                            LASH_LOCK_BITS_END                                #
#                            -U(CODE)0x0000=(CODE)_FLASH_LOCK_BITS_START-_FLAS #
#                            H_LOCK_BITS_END)                                  #
#                            -D_NR_OF_VIRTUAL_REGISTERS=8 -D?PBANK=0x93        #
#                            -D?CBANK=0x9F -D?CBANK_MASK=0xFF                  #
#                            -e?BCALL_FF=?BCALL -e?BRET_FF=?BRET               #
#                            -e?BDISPATCH_FF=?BDISPATCH                        #
#                            -D_CODEBANK_START=0x8000 -D_CODEBANK_END=0xFFFF   #
#                            -D_NR_OF_BANKS=0x07                               #
#                            "-IC:\Program Files (x86)\IAR Systems\Embedded Wo #
#                            rkbench 8.0\8051\CONFIG\"                         #
#                            -rt -s __program_start                            #
#                            "C:\Program Files (x86)\IAR Systems\Embedded Work #
#                            bench 8.0\8051\LIB\DLIB\dl-pli-blxd-1e16x01n.r51" #
#                            -D_IDATA_STACK_SIZE=0x40 -D?ESP=0 -D?ESP_MASK=0   #
#                            -D_EXTENDED_STACK_START=0                         #
#                            -D_EXTENDED_STACK_SIZE=0                          #
#                            -D_PDATA_STACK_SIZE=0x80                          #
#                            -D_XDATA_STACK_SIZE=0x800                         #
#                            -D_XDATA_HEAP_SIZE=0x00 -D_FAR_HEAP_SIZE=0xFFF    #
#                            -D_HUGE_HEAP_SIZE=0xFFF                           #
#                            -D_FAR22_HEAP_SIZE=0xFFF)                         #
#                                                                              #
#                           Copyright (C) 1987-2016 IAR Systems AB.            #
################################################################################





                ****************************************
                *                                      *
                *           CROSS REFERENCE            *
                *                                      *
                ****************************************

       Program entry at : CODE      00000085  Relocatable, from module : CSTARTUP




                ****************************************
                *                                      *
                *            RUNTIME MODEL             *
                *                                      *
                ****************************************

  __Heap_Handler             = Basic
  __SystemLibrary            = DLib
  __calling_convention       = xdata_reentrant
  __code_model               = banked
  __core                     = plain
  __data_model               = large
  __dlib_file_descriptor     = 0
  __dlib_full_locale_support = 0
  __dptr_size                = 16
  __extended_stack           = disabled
  __location_for_constants   = data
  __number_of_dptrs          = 1
  __register_banks           = *
  __rt_version               = 1

                ****************************************
                *                                      *
                *    AUTOMATIC SYMBOL REDIRECTIONS     *
                *                                      *
                ****************************************

       All references to: _Printf
         were redirected to: _PrintfSmallNoMb
       All references to: _Printf::?relay
         were redirected to: _PrintfSmallNoMb::?relay



                ****************************************
                *                                      *
                *              MODULE MAP              *
                *                                      *
                ****************************************


  DEFINED ABSOLUTE ENTRIES
    *************************************************************************

  DEFINED ABSOLUTE ENTRIES
  PROGRAM MODULE, NAME : ?ABS_ENTRY_MOD

Absolute parts
           ENTRY                   ADDRESS         REF BY
           =====                   =======         ======
           _FAR22_HEAP_SIZE        00000FFF 
           _HUGE_HEAP_SIZE         00000FFF 
           _FAR_HEAP_SIZE          00000FFF 
           _XDATA_HEAP_SIZE        00000000 
           _XDATA_STACK_SIZE       00000800 
           _PDATA_STACK_SIZE       00000080 
           _EXTENDED_STACK_SIZE    00000000 
           _EXTENDED_STACK_START   00000000 
           ?ESP_MASK               00000000 
           ?ESP                    00000000 
           _IDATA_STACK_SIZE       00000040 
           _NR_OF_BANKS            00000007 
           _CODEBANK_END           0000FFFF 
           _CODEBANK_START         00008000 
           ?CBANK_MASK             000000FF 
           ?CBANK                  0000009F        ?LONGJMP_XDATA (?LONGJMP_XDATA)
                                                   ?RESET_CODE_BANK (CSTARTUP)
                                                   ?SETJMP_XDATA (?SETJMP_XDATA)
                                                   Segment part 0 (?BANKED_CODE_SUPPORT)
           ?PBANK                  00000093        ?RESET_PDATA_BANK (CSTARTUP)
           _NR_OF_VIRTUAL_REGISTERS
                                   00000008 
           _FLASH_LOCK_BITS_END    0003FFFF 
           _FLASH_LOCK_BITS_START
                                   0003FFF0 
           _BANK7_END              0003FFFF 
           _BANK7_START            00038000 
           _BANK6_END              00037FFF 
           _BANK6_START            00030000 
           _BANK5_END              0002FFFF 
           _BANK5_START            00028000 
           _BANK4_END              00027FFF 
           _BANK4_START            00020000 
           _BANK3_END              0001FFFF 
           _BANK3_START            00018000 
           _BANK2_END              00017FFF 
           _BANK2_START            00010000 
           _BANK1_END              0000FFFF 
           _BANK1_START            00008000 
           _BANK0_END              00007FFF 
           _BANK0_START            00000000 
           ?VB                     00000020        ?BANKED_ENTER_XDATA (?BANKED_ENTER_XDATA)
                                                   ?BANKED_LEAVE_XDATA (?BANKED_LEAVE_XDATA)
                                                   ?INTERRUPT_ENTER_XSP (?INTERRUPT_ENTER_XSP)
                                                   ?INTERRUPT_LEAVE_XSP (?INTERRUPT_LEAVE_XSP)
                                                   ?LONGJMP_XDATA (?LONGJMP_XDATA)
                                                   ?SETJMP_XDATA (?SETJMP_XDATA)
                                                   BF_push_rx (action_manager)
                                                   BF_push_tx (action_manager)
                                                   SL_free (action_manager)
                                                   test1 (action_manager)
                                                   test2 (action_manager)
           _BREG_START             00000000 
           _REGISTER_BANK_START    00000000 
           ?REGISTER_BANK          00000000        Segment part 6 (CSTARTUP)
           _FIRST_BANK_ADDR        00010000 
           _NEAR_CODE_START        00000000 
           _XDATA0_END             00001EFF 
           _XDATA0_START           00000001 
           _IXDATA0_END            00001EFF 
           _IXDATA0_START          00000001 
           _PDATA0_END             00001EFF 
           _PDATA0_START           00001E00 
           _IDATA0_END             000000FF 
           _IDATA0_START           00000000 
    *************************************************************************

  FILE NAME : E:\WMNU\IAR_new_arch\PRJ Test\Debug\Obj\action_manager.r51
  PROGRAM MODULE, NAME : action_manager

  SEGMENTS IN THE MODULE
  ======================
SFR_AN
  Relative segment, address: DATA 00000095 - 00000095 (0x1 bytes), align: 0
  Segment part 1. ROOT        Intra module refs:   ReadTimer
           ENTRY                   ADDRESS         REF BY
           =====                   =======         ======
           ST0                     00000095 
    -------------------------------------------------------------------------
SFR_AN
  Relative segment, address: DATA 00000096 - 00000096 (0x1 bytes), align: 0
  Segment part 2. ROOT        Intra module refs:   ReadTimer
           ENTRY                   ADDRESS         REF BY
           =====                   =======         ======
           ST1                     00000096 
    -------------------------------------------------------------------------
SFR_AN
  Relative segment, address: DATA 00000097 - 00000097 (0x1 bytes), align: 0
  Segment part 3. ROOT        Intra module refs:   ReadTimer
           ENTRY                   ADDRESS         REF BY
           =====                   =======         ======
           ST2                     00000097 
    -------------------------------------------------------------------------
SFR_AN
  Relative segment, address: DATA 0000009D - 0000009D (0x1 bytes), align: 0
  Segment part 4. ROOT        Intra module refs:   ReadTimer
           ENTRY                   ADDRESS         REF BY
           =====                   =======         ======
           SLEEPSTA                0000009D 
    -------------------------------------------------------------------------
SFR_AN
  Relative segment, address: DATA 0000009E - 0000009E (0x1 bytes), align: 0
  Segment part 5. ROOT 
           ENTRY                   ADDRESS         REF BY
           =====                   =======         ======
           CLKCONSTA               0000009E 
    -------------------------------------------------------------------------
SFR_AN
  Relative segment, address: DATA 000000A8 - 000000A8 (0x1 bytes), align: 0
  Segment part 6. ROOT        Intra module refs:   BF_cursor_next
                                                   BF_cursor_rx
                                                   BF_cursor_tx
                                                   BF_push_rx
                                                   BF_push_tx
                                                   BF_remove
                                                   IRQEnable
                                                   SL_alloc
                                                   SL_free
                                                   TM_IRQ
                                                   __cli
           ENTRY                   ADDRESS         REF BY
           =====                   =======         ======
           _A_IEN0                 000000A8 
           LOCAL                   ADDRESS         
           =====                   =======         
           IEN0                    000000A8 
    -------------------------------------------------------------------------
SFR_AN
  Relative segment, address: DATA 000000AD - 000000AD (0x1 bytes), align: 0
  Segment part 7. ROOT 
           ENTRY                   ADDRESS         REF BY
           =====                   =======         ======
           STLOAD                  000000AD 
    -------------------------------------------------------------------------
SFR_AN
  Relative segment, address: DATA 000000C0 - 000000C0 (0x1 bytes), align: 0
  Segment part 8. ROOT        Intra module refs:   TimerCompareInterrupt
           ENTRY                   ADDRESS         REF BY
           =====                   =======         ======
           _A_IRCON                000000C0 
           LOCAL                   ADDRESS         
           =====                   =======         
           IRCON                   000000C0 
    -------------------------------------------------------------------------
SFR_AN
  Relative segment, address: DATA 000000C6 - 000000C6 (0x1 bytes), align: 0
  Segment part 9. ROOT 
           ENTRY                   ADDRESS         REF BY
           =====                   =======         ======
           CLKCONCMD               000000C6 
    -------------------------------------------------------------------------
XDATA_Z
  Relative segment, address: XDATA 00000801 - 00000802 (0x2 bytes), align: 0
  Segment part 72.            Intra module refs:   AM_Cold_start
           LOCAL                   ADDRESS         
           =====                   =======         
           COLD_MOD                00000801 
    -------------------------------------------------------------------------
XDATA_Z
  Relative segment, address: XDATA 00000803 - 00000804 (0x2 bytes), align: 0
  Segment part 73.            Intra module refs:   AM_Hot_start
           LOCAL                   ADDRESS         
           =====                   =======         
           HOT_MOD                 00000803 
    -------------------------------------------------------------------------
XDATA_I
  Relative segment, address: XDATA 00001481 - 0000148A (0xa bytes), align: 0
  Segment part 76.            Intra module refs:   AM_SW_Init
           LOCAL                   ADDRESS         
           =====                   =======         
           SW_MOD                  00001481 
    -------------------------------------------------------------------------
XDATA_I
  Relative segment, address: XDATA 0000148B - 0000148C (0x2 bytes), align: 0
  Segment part 78.            Intra module refs:   AM_Sleep
                                                   AM_Wakeup
           LOCAL                   ADDRESS         
           =====                   =======         
           POW_MOD                 0000148B 
    -------------------------------------------------------------------------
<BANKED_CODE> 1 (was BANKED_CODE)
  Relative segment, address: CODE 00000C68 - 00000D2A (0xc3 bytes), align: 0
  Segment part 153.           Intra module refs:   AM_Cold_start::?relay
           ENTRY                   ADDRESS         REF BY
           =====                   =======         ======
           AM_Cold_start           00000C68 
               calls direct
               XSTACK = 00000009 ( 00000010 )
    -------------------------------------------------------------------------
<BANKED_CODE> 1 (was BANKED_CODE)
  Relative segment, address: CODE 00000D2B - 00000DED (0xc3 bytes), align: 0
  Segment part 155.           Intra module refs:   AM_Hot_start::?relay
           ENTRY                   ADDRESS         REF BY
           =====                   =======         ======
           AM_Hot_start            00000D2B 
               calls direct
               XSTACK = 00000009 ( 00000010 )
    -------------------------------------------------------------------------
<BANKED_CODE> 1 (was BANKED_CODE)
  Relative segment, address: CODE 00000DEE - 00000EAB (0xbe bytes), align: 0
  Segment part 159.           Intra module refs:   AM_SW_Init::?relay
           ENTRY                   ADDRESS         REF BY
           =====                   =======         ======
           AM_SW_Init              00000DEE 
               calls direct
               XSTACK = 0000000A ( 00000010 )
    -------------------------------------------------------------------------
<BANKED_CODE> 1 (was BANKED_CODE)
  Relative segment, address: CODE 00000EAC - 00000F6A (0xbf bytes), align: 0
  Segment part 161.           Intra module refs:   AM_Sleep::?relay
           ENTRY                   ADDRESS         REF BY
           =====                   =======         ======
           AM_Sleep                00000EAC 
               calls direct
               XSTACK = 00000009 ( 00000010 )
    -------------------------------------------------------------------------
<BANKED_CODE> 1 (was BANKED_CODE)
  Relative segment, address: CODE 00000F6B - 0000102D (0xc3 bytes), align: 0
  Segment part 163.           Intra module refs:   AM_Wakeup::?relay
           ENTRY                   ADDRESS         REF BY
           =====                   =======         ======
           AM_Wakeup               00000F6B 
               calls direct
               XSTACK = 00000009 ( 00000010 )
    -------------------------------------------------------------------------
XDATA_Z
  Relative segment, address: XDATA 00000805 - 00000806 (0x2 bytes), align: 0
  Segment part 82.            Intra module refs:   AT_time
           LOCAL                   ADDRESS         
           =====                   =======         
           TOFFSET                 00000805 
    -------------------------------------------------------------------------
<BANKED_CODE> 1 (was BANKED_CODE)
  Relative segment, address: CODE 0000102E - 00001064 (0x37 bytes), align: 0
  Segment part 169.           Intra module refs:   AT_time::?relay
           ENTRY                   ADDRESS         REF BY
           =====                   =======         ======
           AT_time                 0000102E 
               calls direct
               XSTACK = 0000000F ( 00000010 )
    -------------------------------------------------------------------------
<BANKED_CODE> 1 (was BANKED_CODE)
  Relative segment, address: CODE 00001065 - 00001075 (0x11 bytes), align: 0
  Segment part 173.           Intra module refs:   IRQEnable::?relay
           LOCAL                   ADDRESS         
           =====                   =======         
           IRQEnable               00001065 
               XSTACK = 0000000F ( 00000000 )
    -------------------------------------------------------------------------
<BANKED_CODE> 1 (was BANKED_CODE)
  Relative segment, address: CODE 00001076 - 000010B0 (0x3b bytes), align: 0
  Segment part 179.           Intra module refs:   ReadTimer::?relay
           LOCAL                   ADDRESS         
           =====                   =======         
           ReadTimer               00001076 
               XSTACK = 00000016 ( 00000000 )
               ISTACK = 00000000 ( 00000002 )
    -------------------------------------------------------------------------
XDATA_Z
  Relative segment, address: XDATA 00000807 - 0000080A (0x4 bytes), align: 0
  Segment part 85.            Intra module refs:   ReadTimer
           LOCAL                   ADDRESS         
           =====                   =======         
           ReadTimer::ret_val      00000807 
    -------------------------------------------------------------------------
NEAR_CODE
  Relative segment, address: CODE 00000C43 - 00000C67 (0x25 bytes), align: 0
  Segment part 347.           Intra module refs:   TimerCompareInterrupt::??INTVEC 43
           ENTRY                   ADDRESS         REF BY
           =====                   =======         ======
           TimerCompareInterrupt   00000C43 
               interrupt function
               calls direct
               XSTACK = 00000000 ( 0000000F )
    -------------------------------------------------------------------------
<BANKED_CODE> 1 (was BANKED_CODE)
  Relative segment, address: CODE 000010B1 - 000010B7 (0x7 bytes), align: 0
  Segment part 185.           Intra module refs:   __cli::?relay
           LOCAL                   ADDRESS         
           =====                   =======         
           __cli                   000010B1 
               XSTACK = 0000000B ( 00000000 )
    -------------------------------------------------------------------------
<BANKED_CODE> 1 (was BANKED_CODE)
  Relative segment, address: CODE 000010B8 - 000010D6 (0x1f bytes), align: 0
  Segment part 187.           Intra module refs:   INIT_LIST_HEAD::?relay
           LOCAL                   ADDRESS         
           =====                   =======         
           INIT_LIST_HEAD          000010B8 
               XSTACK = 00000009 ( 00000000 )
               ISTACK = 00000000 ( 00000002 )
    -------------------------------------------------------------------------
<BANKED_CODE> 1 (was BANKED_CODE)
  Relative segment, address: CODE 000010D7 - 000010DA (0x4 bytes), align: 0
  Segment part 189.           Intra module refs:   __list_add_valid::?relay
           LOCAL                   ADDRESS         
           =====                   =======         
           __list_add_valid        000010D7 
               XSTACK = 0000000E ( 00000000 )
    -------------------------------------------------------------------------
<BANKED_CODE> 1 (was BANKED_CODE)
  Relative segment, address: CODE 000010DB - 000010DE (0x4 bytes), align: 0
  Segment part 191.           Intra module refs:   __list_del_entry_valid::?relay
           LOCAL                   ADDRESS         
           =====                   =======         
           __list_del_entry_valid
                                   000010DB 
               XSTACK = 00000009 ( 00000000 )
    -------------------------------------------------------------------------
<BANKED_CODE> 1 (was BANKED_CODE)
  Relative segment, address: CODE 000010DF - 00001143 (0x65 bytes), align: 0
  Segment part 193.           Intra module refs:   __list_add::?relay
           LOCAL                   ADDRESS         
           =====                   =======         
           __list_add              000010DF 
               calls direct
               XSTACK = 0000000C ( 0000000E )
    -------------------------------------------------------------------------
<BANKED_CODE> 1 (was BANKED_CODE)
  Relative segment, address: CODE 00001144 - 0000116C (0x29 bytes), align: 0
  Segment part 195.           Intra module refs:   list_add::?relay
           LOCAL                   ADDRESS         
           =====                   =======         
           list_add                00001144 
               calls direct
               XSTACK = 0000000E ( 0000000C )
    -------------------------------------------------------------------------
<BANKED_CODE> 1 (was BANKED_CODE)
  Relative segment, address: CODE 0000116D - 0000118B (0x1f bytes), align: 0
  Segment part 197.           Intra module refs:   __list_del::?relay
           LOCAL                   ADDRESS         
           =====                   =======         
           __list_del              0000116D 
               XSTACK = 00000009 ( 00000000 )
               ISTACK = 00000000 ( 00000002 )
    -------------------------------------------------------------------------
<BANKED_CODE> 1 (was BANKED_CODE)
  Relative segment, address: CODE 0000118C - 000011B9 (0x2e bytes), align: 0
  Segment part 199.           Intra module refs:   __list_del_entry::?relay
           LOCAL                   ADDRESS         
           =====                   =======         
           __list_del_entry        0000118C 
               calls direct
               XSTACK = 00000009 ( 00000009 )
    -------------------------------------------------------------------------
<BANKED_CODE> 1 (was BANKED_CODE)
  Relative segment, address: CODE 000011BA - 000011E6 (0x2d bytes), align: 0
  Segment part 201.           Intra module refs:   list_del::?relay
           LOCAL                   ADDRESS         
           =====                   =======         
           list_del                000011BA 
               calls direct
               XSTACK = 0000000B ( 00000009 )
    -------------------------------------------------------------------------
<BANKED_CODE> 1 (was BANKED_CODE)
  Relative segment, address: CODE 000011E7 - 0000120F (0x29 bytes), align: 0
  Segment part 203.           Intra module refs:   list_empty::?relay
           LOCAL                   ADDRESS         
           =====                   =======         
           list_empty              000011E7 
               XSTACK = 0000000A ( 00000000 )
               ISTACK = 00000000 ( 00000002 )
    -------------------------------------------------------------------------
XDATA_I
  Relative segment, address: XDATA 0000148D - 00001498 (0xc bytes), align: 0
  Segment part 86.            Intra module refs:   Segment part 77
           ENTRY                   ADDRESS         REF BY
           =====                   =======         ======
           BF_MODULE               0000148D 
    -------------------------------------------------------------------------
XDATA_Z
  Relative segment, address: XDATA 0000080B - 00000882 (0x78 bytes), align: 0
  Segment part 88.            Intra module refs:   SW_Init
                                                   find_free_node
           LOCAL                   ADDRESS         
           =====                   =======         
           NODE_LIST               0000080B 
    -------------------------------------------------------------------------
XDATA_I
  Relative segment, address: XDATA 00001499 - 0000149C (0x4 bytes), align: 0
  Segment part 89.            Intra module refs:   BF_cursor_tx
                                                   BF_push_tx
                                                   SW_Init
                                                   Segment part 90
           ENTRY                   ADDRESS         REF BY
           =====                   =======         ======
           TX_LIST_HEAD            00001499 
    -------------------------------------------------------------------------
XDATA_I
  Relative segment, address: XDATA 0000149D - 000014A0 (0x4 bytes), align: 0
  Segment part 91.            Intra module refs:   BF_cursor_rx
                                                   BF_push_rx
                                                   SW_Init
                                                   Segment part 92
           ENTRY                   ADDRESS         REF BY
           =====                   =======         ======
           RX_LIST_HEAD            0000149D 
    -------------------------------------------------------------------------
XDATA_Z
  Relative segment, address: XDATA 00000883 - 00000884 (0x2 bytes), align: 0
  Segment part 93.            Intra module refs:   BF_available
                                                   BF_push_tx
                                                   BF_remove
                                                   BF_tx_busy
                                                   SW_Init
           LOCAL                   ADDRESS         
           =====                   =======         
           TX_BUFF_FRAME_COUNT     00000883 
    -------------------------------------------------------------------------
XDATA_Z
  Relative segment, address: XDATA 00000885 - 00000886 (0x2 bytes), align: 0
  Segment part 94.            Intra module refs:   BF_available
                                                   BF_push_rx
                                                   BF_rx_busy
                                                   SW_Init
           LOCAL                   ADDRESS         
           =====                   =======         
           RX_BUFF_FRAME_COUNT     00000885 
    -------------------------------------------------------------------------
<BANKED_CODE> 1 (was BANKED_CODE)
  Relative segment, address: CODE 00001210 - 00001266 (0x57 bytes), align: 0
  Segment part 205.           Intra module refs:   SW_Init::?relay
           LOCAL                   ADDRESS         
           =====                   =======         
           SW_Init                 00001210 
               calls direct, is indirectly called
               XSTACK = 00000000 ( 00000009 )
    -------------------------------------------------------------------------
<BANKED_CODE> 1 (was BANKED_CODE)
  Relative segment, address: CODE 00001267 - 00001279 (0x13 bytes), align: 0
  Segment part 207.           Intra module refs:   BF_rx_busy::?relay
           ENTRY                   ADDRESS         REF BY
           =====                   =======         ======
           BF_rx_busy              00001267 
               XSTACK = 0000003A ( 00000000 )
               ISTACK = 00000000 ( 00000002 )
    -------------------------------------------------------------------------
<BANKED_CODE> 1 (was BANKED_CODE)
  Relative segment, address: CODE 0000127A - 0000128C (0x13 bytes), align: 0
  Segment part 209.           Intra module refs:   BF_tx_busy::?relay
           ENTRY                   ADDRESS         REF BY
           =====                   =======         ======
           BF_tx_busy              0000127A 
               XSTACK = 0000003A ( 00000000 )
               ISTACK = 00000000 ( 00000002 )
    -------------------------------------------------------------------------
<BANKED_CODE> 1 (was BANKED_CODE)
  Relative segment, address: CODE 0000128D - 000012F6 (0x6a bytes), align: 0
  Segment part 211.           Intra module refs:   BF_available::?relay
           ENTRY                   ADDRESS         REF BY
           =====                   =======         ======
           BF_available            0000128D 
               calls direct
               XSTACK = 0000003A ( 00000010 )
    -------------------------------------------------------------------------
<BANKED_CODE> 1 (was BANKED_CODE)
  Relative segment, address: CODE 000012F7 - 00001337 (0x41 bytes), align: 0
  Segment part 213.           Intra module refs:   find_free_node::?relay
           LOCAL                   ADDRESS         
           =====                   =======         
           find_free_node          000012F7 
               calls direct
               XSTACK = 0000000E ( 00000009 )
    -------------------------------------------------------------------------
<BANKED_CODE> 1 (was BANKED_CODE)
  Relative segment, address: CODE 00001338 - 000013B2 (0x7b bytes), align: 0
  Segment part 215.           Intra module refs:   _push::?relay
           LOCAL                   ADDRESS         
           =====                   =======         
           _push                   00001338 
               calls direct
               XSTACK = 00000009 ( 00000014 )
    -------------------------------------------------------------------------
<BANKED_CODE> 1 (was BANKED_CODE)
  Relative segment, address: CODE 000013B3 - 000013F7 (0x45 bytes), align: 0
  Segment part 217.           Intra module refs:   BF_push_tx::?relay
           ENTRY                   ADDRESS         REF BY
           =====                   =======         ======
           BF_push_tx              000013B3 
               calls direct
               XSTACK = 0000003A ( 00000009 )
    -------------------------------------------------------------------------
<BANKED_CODE> 1 (was BANKED_CODE)
  Relative segment, address: CODE 000013F8 - 0000143C (0x45 bytes), align: 0
  Segment part 219.           Intra module refs:   BF_push_rx::?relay
           ENTRY                   ADDRESS         REF BY
           =====                   =======         ======
           BF_push_rx              000013F8 
               calls direct
               XSTACK = 0000003A ( 00000009 )
    -------------------------------------------------------------------------
<BANKED_CODE> 1 (was BANKED_CODE)
  Relative segment, address: CODE 0000143D - 00001489 (0x4d bytes), align: 0
  Segment part 221.           Intra module refs:   BF_cursor_rx::?relay
           ENTRY                   ADDRESS         REF BY
           =====                   =======         ======
           BF_cursor_rx            0000143D 
               calls direct
               XSTACK = 0000003A ( 0000000A )
    -------------------------------------------------------------------------
<BANKED_CODE> 1 (was BANKED_CODE)
  Relative segment, address: CODE 0000148A - 000014D6 (0x4d bytes), align: 0
  Segment part 223.           Intra module refs:   BF_cursor_tx::?relay
           ENTRY                   ADDRESS         REF BY
           =====                   =======         ======
           BF_cursor_tx            0000148A 
               calls direct
               XSTACK = 0000003A ( 0000000A )
    -------------------------------------------------------------------------
<BANKED_CODE> 1 (was BANKED_CODE)
  Relative segment, address: CODE 000014D7 - 00001531 (0x5b bytes), align: 0
  Segment part 225.           Intra module refs:   BF_cursor_next::?relay
           ENTRY                   ADDRESS         REF BY
           =====                   =======         ======
           BF_cursor_next          000014D7 
               calls direct
               XSTACK = 0000003A ( 0000000B )
    -------------------------------------------------------------------------
<BANKED_CODE> 1 (was BANKED_CODE)
  Relative segment, address: CODE 00001532 - 00001586 (0x55 bytes), align: 0
  Segment part 227.           Intra module refs:   BF_remove::?relay
           ENTRY                   ADDRESS         REF BY
           =====                   =======         ======
           BF_remove               00001532 
               calls direct
               XSTACK = 0000003A ( 0000000B )
    -------------------------------------------------------------------------
<BANKED_CODE> 1 (was BANKED_CODE)
  Relative segment, address: CODE 00001587 - 000015A8 (0x22 bytes), align: 0
  Segment part 229.           Intra module refs:   BF_content::?relay
           ENTRY                   ADDRESS         REF BY
           =====                   =======         ======
           BF_content              00001587 
               XSTACK = 0000003A ( 00000000 )
               ISTACK = 00000000 ( 00000002 )
    -------------------------------------------------------------------------
<BANKED_CODE> 1 (was BANKED_CODE)
  Relative segment, address: CODE 000015A9 - 000015AA (0x2 bytes), align: 0
  Segment part 235.           Intra module refs:   DBG_CORE_HALT::?relay
           ENTRY                   ADDRESS         REF BY
           =====                   =======         ======
           DBG_CORE_HALT           000015A9 
               XSTACK = 00000029 ( 00000000 )
    -------------------------------------------------------------------------
XDATA_I
  Relative segment, address: XDATA 000014A1 - 000014AC (0xc bytes), align: 0
  Segment part 99.            Intra module refs:   Segment part 77
           ENTRY                   ADDRESS         REF BY
           =====                   =======         ======
           FR_MODULE               000014A1 
    -------------------------------------------------------------------------
<BANKED_CODE> 1 (was BANKED_CODE)
  Relative segment, address: CODE 000015AB - 000015AD (0x3 bytes), align: 0
  Segment part 239.           Intra module refs:   SW_Init::?relay
           LOCAL                   ADDRESS         
           =====                   =======         
           SW_Init                 000015AB 
               is indirectly called
    -------------------------------------------------------------------------
<BANKED_CODE> 1 (was BANKED_CODE)
  Relative segment, address: CODE 000015AE - 000015BB (0xe bytes), align: 0
  Segment part 241.           Intra module refs:   FR_create::?relay
           ENTRY                   ADDRESS         REF BY
           =====                   =======         ======
           FR_create               000015AE 
               calls direct
               XSTACK = 0000003A ( 00000000 )
               ISTACK = 00000000 ( 00000002 )
    -------------------------------------------------------------------------
<BANKED_CODE> 1 (was BANKED_CODE)
  Relative segment, address: CODE 000015BC - 000015D0 (0x15 bytes), align: 0
  Segment part 243.           Intra module refs:   FR_delete::?relay
           ENTRY                   ADDRESS         REF BY
           =====                   =======         ======
           FR_delete               000015BC 
               calls direct
               XSTACK = 0000003A ( 00000009 )
    -------------------------------------------------------------------------
<BANKED_CODE> 1 (was BANKED_CODE)
  Relative segment, address: CODE 000015D1 - 000016A3 (0xd3 bytes), align: 0
  Segment part 245.           Intra module refs:   FR_add_header::?relay
           ENTRY                   ADDRESS         REF BY
           =====                   =======         ======
           FR_add_header           000015D1 
               calls direct
               XSTACK = 00000016 ( 00000017 )
               ISTACK = 00000000 ( 00000001 )
    -------------------------------------------------------------------------
<BANKED_CODE> 1 (was BANKED_CODE)
  Relative segment, address: CODE 000016A4 - 00001756 (0xb3 bytes), align: 0
  Segment part 247.           Intra module refs:   FR_del_header::?relay
           ENTRY                   ADDRESS         REF BY
           =====                   =======         ======
           FR_del_header           000016A4 
               calls direct
               XSTACK = 00000016 ( 00000012 )
               ISTACK = 00000000 ( 00000001 )
    -------------------------------------------------------------------------
XDATA_ROM_C
  Relative segment, address: XDATA 00001678 - 0000167B (0x4 bytes), align: 0
  Segment part 101.           Intra module refs:   FR_del_header
    -------------------------------------------------------------------------
<BANKED_CODE> 1 (was BANKED_CODE)
  Relative segment, address: CODE 00001757 - 00001764 (0xe bytes), align: 0
  Segment part 249.           Intra module refs:   FR_busy::?relay
           ENTRY                   ADDRESS         REF BY
           =====                   =======         ======
           FR_busy                 00001757 
               calls direct
               XSTACK = 00000034 ( 00000000 )
               ISTACK = 00000000 ( 00000002 )
    -------------------------------------------------------------------------
<BANKED_CODE> 1 (was BANKED_CODE)
  Relative segment, address: CODE 00001765 - 00001772 (0xe bytes), align: 0
  Segment part 251.           Intra module refs:   FR_available::?relay
           ENTRY                   ADDRESS         REF BY
           =====                   =======         ======
           FR_available            00001765 
               calls direct
               XSTACK = 00000034 ( 00000000 )
               ISTACK = 00000000 ( 00000002 )
    -------------------------------------------------------------------------
<BANKED_CODE> 1 (was BANKED_CODE)
  Relative segment, address: CODE 00001773 - 000017D6 (0x64 bytes), align: 0
  Segment part 253.
           ENTRY                   ADDRESS         REF BY
           =====                   =======         ======
           main                    00001773        ?call_main (?cmain)
               calls direct
               XSTACK = 00000000 ( 00000004 )
    -------------------------------------------------------------------------
<BANKED_CODE> 1 (was BANKED_CODE)
  Relative segment, address: CODE 000017D7 - 00001812 (0x3c bytes), align: 0
  Segment part 255.           Intra module refs:   is_array_ptr::?relay
           LOCAL                   ADDRESS         
           =====                   =======         
           is_array_ptr            000017D7 
               XSTACK = 0000000E ( 0000000C )
    -------------------------------------------------------------------------
<BANKED_CODE> 1 (was BANKED_CODE)
  Relative segment, address: CODE 00001813 - 00001842 (0x30 bytes), align: 0
  Segment part 257.           Intra module refs:   array_index::?relay
           LOCAL                   ADDRESS         
           =====                   =======         
           array_index             00001813 
               XSTACK = 0000000E ( 0000000C )
    -------------------------------------------------------------------------
<BANKED_CODE> 1 (was BANKED_CODE)
  Relative segment, address: CODE 00001843 - 00001849 (0x7 bytes), align: 0
  Segment part 259.           Intra module refs:   __cli::?relay
           LOCAL                   ADDRESS         
           =====                   =======         
           __cli                   00001843 
               XSTACK = 0000000D ( 00000000 )
    -------------------------------------------------------------------------
XDATA_I
  Relative segment, address: XDATA 000014AD - 000014B8 (0xc bytes), align: 0
  Segment part 102.           Intra module refs:   Segment part 77
           ENTRY                   ADDRESS         REF BY
           =====                   =======         ======
           MS_MODULE               000014AD 
    -------------------------------------------------------------------------
XDATA_Z
  Relative segment, address: XDATA 00000887 - 0000147A (0xbf4 bytes), align: 0
  Segment part 104.           Intra module refs:   SL_alloc
                                                   SL_zone_check
                                                   SW_Init
                                                   _free
           LOCAL                   ADDRESS         
           =====                   =======         
           SLOT_POOL               00000887 
    -------------------------------------------------------------------------
XDATA_Z
  Relative segment, address: XDATA 0000147B - 0000147C (0x2 bytes), align: 0
  Segment part 105.           Intra module refs:   SL_alloc
                                                   SL_available
                                                   SL_busy
                                                   SW_Init
                                                   _free
           LOCAL                   ADDRESS         
           =====                   =======         
           slot_busy               0000147B 
    -------------------------------------------------------------------------
<BANKED_CODE> 1 (was BANKED_CODE)
  Relative segment, address: CODE 0000184A - 000018BE (0x75 bytes), align: 0
  Segment part 261.           Intra module refs:   SW_Init::?relay
           LOCAL                   ADDRESS         
           =====                   =======         
           SW_Init                 0000184A 
               calls direct, is indirectly called
               XSTACK = 00000000 ( 0000000D )
    -------------------------------------------------------------------------
XDATA_ROM_C
  Relative segment, address: XDATA 0000167C - 0000167F (0x4 bytes), align: 0
  Segment part 106.           Intra module refs:   SW_Init
    -------------------------------------------------------------------------
<BANKED_CODE> 1 (was BANKED_CODE)
  Relative segment, address: CODE 000018BF - 0000194F (0x91 bytes), align: 0
  Segment part 263.           Intra module refs:   SL_alloc::?relay
           ENTRY                   ADDRESS         REF BY
           =====                   =======         ======
           SL_alloc                000018BF 
               calls direct
               XSTACK = 00000034 ( 0000000D )
    -------------------------------------------------------------------------
XDATA_ROM_C
  Relative segment, address: XDATA 00001680 - 00001683 (0x4 bytes), align: 0
  Segment part 107.           Intra module refs:   SL_alloc
    -------------------------------------------------------------------------
<BANKED_CODE> 1 (was BANKED_CODE)
  Relative segment, address: CODE 00001950 - 000019D7 (0x88 bytes), align: 0
  Segment part 265.           Intra module refs:   _free::?relay
           LOCAL                   ADDRESS         
           =====                   =======         
           _free                   00001950 
               calls direct
               XSTACK = 00000009 ( 0000000E )
    -------------------------------------------------------------------------
<BANKED_CODE> 1 (was BANKED_CODE)
  Relative segment, address: CODE 000019D8 - 00001A08 (0x31 bytes), align: 0
  Segment part 267.           Intra module refs:   SL_free::?relay
           ENTRY                   ADDRESS         REF BY
           =====                   =======         ======
           SL_free                 000019D8 
               calls direct
               XSTACK = 00000034 ( 00000009 )
    -------------------------------------------------------------------------
<BANKED_CODE> 1 (was BANKED_CODE)
  Relative segment, address: CODE 00001A09 - 00001A63 (0x5b bytes), align: 0
  Segment part 269.           Intra module refs:   SL_busy::?relay
           ENTRY                   ADDRESS         REF BY
           =====                   =======         ======
           SL_busy                 00001A09 
               calls direct
               XSTACK = 00000034 ( 00000010 )
    -------------------------------------------------------------------------
<BANKED_CODE> 1 (was BANKED_CODE)
  Relative segment, address: CODE 00001A64 - 00001AC7 (0x64 bytes), align: 0
  Segment part 271.           Intra module refs:   SL_available::?relay
           ENTRY                   ADDRESS         REF BY
           =====                   =======         ======
           SL_available            00001A64 
               calls direct
               XSTACK = 00000034 ( 00000010 )
    -------------------------------------------------------------------------
<BANKED_CODE> 1 (was BANKED_CODE)
  Relative segment, address: CODE 00001AC8 - 00001B13 (0x4c bytes), align: 0
  Segment part 273.           Intra module refs:   SL_zone_check::?relay
           ENTRY                   ADDRESS         REF BY
           =====                   =======         ======
           SL_zone_check           00001AC8 
               XSTACK = 00000010 ( 00000000 )
               ISTACK = 00000000 ( 00000002 )
    -------------------------------------------------------------------------
<BANKED_CODE> 1 (was BANKED_CODE)
  Relative segment, address: CODE 00001B14 - 00001B87 (0x74 bytes), align: 0
  Segment part 275.           Intra module refs:   MEM_memcpy::?relay
           ENTRY                   ADDRESS         REF BY
           =====                   =======         ======
           MEM_memcpy              00001B14 
               XSTACK = 00000029 ( 00000000 )
               ISTACK = 00000000 ( 00000003 )
    -------------------------------------------------------------------------
<BANKED_CODE> 1 (was BANKED_CODE)
  Relative segment, address: CODE 00001B88 - 00001BD6 (0x4f bytes), align: 0
  Segment part 277.           Intra module refs:   MEM_memset::?relay
           ENTRY                   ADDRESS         REF BY
           =====                   =======         ======
           MEM_memset              00001B88 
               XSTACK = 00000029 ( 00000000 )
               ISTACK = 00000000 ( 00000003 )
    -------------------------------------------------------------------------
XDATA_I
  Relative segment, address: XDATA 000014B9 - 000014C4 (0xc bytes), align: 0
  Segment part 109.           Intra module refs:   Segment part 77
           ENTRY                   ADDRESS         REF BY
           =====                   =======         ======
           MD_MODULE               000014B9 
    -------------------------------------------------------------------------
<BANKED_CODE> 1 (was BANKED_CODE)
  Relative segment, address: CODE 00001BD7 - 00001BD9 (0x3 bytes), align: 0
  Segment part 279.           Intra module refs:   HW_Init::?relay
           LOCAL                   ADDRESS         
           =====                   =======         
           HW_Init                 00001BD7 
               is indirectly called
    -------------------------------------------------------------------------
<BANKED_CODE> 1 (was BANKED_CODE)
  Relative segment, address: CODE 00001BDA - 00001BDC (0x3 bytes), align: 0
  Segment part 281.           Intra module refs:   SW_Init::?relay
           LOCAL                   ADDRESS         
           =====                   =======         
           SW_Init                 00001BDA 
               is indirectly called
    -------------------------------------------------------------------------
<BANKED_CODE> 1 (was BANKED_CODE)
  Relative segment, address: CODE 00001BDD - 00001BDF (0x3 bytes), align: 0
  Segment part 283.           Intra module refs:   Sleep::?relay
           LOCAL                   ADDRESS         
           =====                   =======         
           Sleep                   00001BDD 
               is indirectly called
    -------------------------------------------------------------------------
<BANKED_CODE> 1 (was BANKED_CODE)
  Relative segment, address: CODE 00001BE0 - 00001BE2 (0x3 bytes), align: 0
  Segment part 285.           Intra module refs:   Wakeup::?relay
           LOCAL                   ADDRESS         
           =====                   =======         
           Wakeup                  00001BE0 
               is indirectly called
    -------------------------------------------------------------------------
<BANKED_CODE> 1 (was BANKED_CODE)
  Relative segment, address: CODE 00001BE3 - 00001BE5 (0x3 bytes), align: 0
  Segment part 287.           Intra module refs:   Cold_Start::?relay
           LOCAL                   ADDRESS         
           =====                   =======         
           Cold_Start              00001BE3 
               is indirectly called
    -------------------------------------------------------------------------
<BANKED_CODE> 1 (was BANKED_CODE)
  Relative segment, address: CODE 00001BE6 - 00001BE8 (0x3 bytes), align: 0
  Segment part 289.           Intra module refs:   Hot_Start::?relay
           LOCAL                   ADDRESS         
           =====                   =======         
           Hot_Start               00001BE6 
               is indirectly called
    -------------------------------------------------------------------------
XDATA_I
  Relative segment, address: XDATA 000014C5 - 000014D0 (0xc bytes), align: 0
  Segment part 111.           Intra module refs:   Segment part 79
           ENTRY                   ADDRESS         REF BY
           =====                   =======         ======
           RTC_MODULE              000014C5 
    -------------------------------------------------------------------------
<BANKED_CODE> 1 (was BANKED_CODE)
  Relative segment, address: CODE 00001BE9 - 00001BEB (0x3 bytes), align: 0
  Segment part 291.           Intra module refs:   SW_Init::?relay
           LOCAL                   ADDRESS         
           =====                   =======         
           SW_Init                 00001BE9 
               is indirectly called
    -------------------------------------------------------------------------
<BANKED_CODE> 1 (was BANKED_CODE)
  Relative segment, address: CODE 00001BEC - 00001BF2 (0x7 bytes), align: 0
  Segment part 293.           Intra module refs:   __cli::?relay
           LOCAL                   ADDRESS         
           =====                   =======         
           __cli                   00001BEC 
               XSTACK = 00000009 ( 00000000 )
    -------------------------------------------------------------------------
XDATA_I
  Relative segment, address: XDATA 000014D1 - 000014DC (0xc bytes), align: 0
  Segment part 113.           Intra module refs:   Segment part 77
           ENTRY                   ADDRESS         REF BY
           =====                   =======         ======
           TM_MODULE               000014D1 
    -------------------------------------------------------------------------
<BANKED_CODE> 1 (was BANKED_CODE)
  Relative segment, address: CODE 00001BF3 - 00001BF5 (0x3 bytes), align: 0
  Segment part 295.           Intra module refs:   SW_Init::?relay
           LOCAL                   ADDRESS         
           =====                   =======         
           SW_Init                 00001BF3 
               is indirectly called
    -------------------------------------------------------------------------
<BANKED_CODE> 1 (was BANKED_CODE)
  Relative segment, address: CODE 00001BF6 - 00001BF8 (0x3 bytes), align: 0
  Segment part 301.           Intra module refs:   scheulder_next_alarm::?relay
           LOCAL                   ADDRESS         
           =====                   =======         
           scheulder_next_alarm    00001BF6 
               XSTACK = 00000009 ( 00000000 )
    -------------------------------------------------------------------------
<BANKED_CODE> 1 (was BANKED_CODE)
  Relative segment, address: CODE 00001BF9 - 00001C21 (0x29 bytes), align: 0
  Segment part 303.           Intra module refs:   TM_IRQ::?relay
           ENTRY                   ADDRESS         REF BY
           =====                   =======         ======
           TM_IRQ                  00001BF9 
               calls direct
               XSTACK = 0000000F ( 00000009 )
    -------------------------------------------------------------------------
XDATA_I
  Relative segment, address: XDATA 000014DD - 000014FE (0x22 bytes), align: 0
  Segment part 116.           Intra module refs:   Segment part 143
           ENTRY                   ADDRESS         REF BY
           =====                   =======         ======
           UT_BF_1                 000014DD 
    -------------------------------------------------------------------------
XDATA_I
  Relative segment, address: XDATA 000014FF - 00001520 (0x22 bytes), align: 0
  Segment part 118.           Intra module refs:   Segment part 143
           ENTRY                   ADDRESS         REF BY
           =====                   =======         ======
           UT_BF_2                 000014FF 
    -------------------------------------------------------------------------
XDATA_I
  Relative segment, address: XDATA 00001521 - 00001542 (0x22 bytes), align: 0
  Segment part 120.           Intra module refs:   Segment part 143
           ENTRY                   ADDRESS         REF BY
           =====                   =======         ======
           UT_BF_3                 00001521 
    -------------------------------------------------------------------------
<BANKED_CODE> 1 (was BANKED_CODE)
  Relative segment, address: CODE 00001C22 - 0000201F (0x3fe bytes), align: 0
  Segment part 311.           Intra module refs:   test3::?relay
           LOCAL                   ADDRESS         
           =====                   =======         
           test3                   00001C22 
               calls direct, is indirectly called
               XSTACK = 00000000 ( 0000003A )
    -------------------------------------------------------------------------
<BANKED_CODE> 1 (was BANKED_CODE)
  Relative segment, address: CODE 00002020 - 000021FC (0x1dd bytes), align: 0
  Segment part 313.           Intra module refs:   test2::?relay
           LOCAL                   ADDRESS         
           =====                   =======         
           test2                   00002020 
               calls direct, is indirectly called
               XSTACK = 00000000 ( 0000003A )
    -------------------------------------------------------------------------
<BANKED_CODE> 1 (was BANKED_CODE)
  Relative segment, address: CODE 000021FD - 0000232F (0x133 bytes), align: 0
  Segment part 315.           Intra module refs:   test1::?relay
           LOCAL                   ADDRESS         
           =====                   =======         
           test1                   000021FD 
               calls direct, is indirectly called
               XSTACK = 00000000 ( 00000012 )
    -------------------------------------------------------------------------
XDATA_I
  Relative segment, address: XDATA 00001543 - 00001564 (0x22 bytes), align: 0
  Segment part 124.           Intra module refs:   Segment part 143
           ENTRY                   ADDRESS         REF BY
           =====                   =======         ======
           UT_FR_1                 00001543 
    -------------------------------------------------------------------------
XDATA_I
  Relative segment, address: XDATA 00001565 - 00001586 (0x22 bytes), align: 0
  Segment part 126.           Intra module refs:   Segment part 143
           ENTRY                   ADDRESS         REF BY
           =====                   =======         ======
           UT_FR_2                 00001565 
    -------------------------------------------------------------------------
XDATA_I
  Relative segment, address: XDATA 00001587 - 000015A8 (0x22 bytes), align: 0
  Segment part 128.           Intra module refs:   Segment part 143
           ENTRY                   ADDRESS         REF BY
           =====                   =======         ======
           UT_FR_3                 00001587 
    -------------------------------------------------------------------------
<BANKED_CODE> 1 (was BANKED_CODE)
  Relative segment, address: CODE 00002330 - 00002365 (0x36 bytes), align: 0
  Segment part 317.           Intra module refs:   ch_cmp::?relay
           LOCAL                   ADDRESS         
           =====                   =======         
           ch_cmp                  00002330 
               XSTACK = 00000018 ( 00000009 )
    -------------------------------------------------------------------------
<BANKED_CODE> 1 (was BANKED_CODE)
  Relative segment, address: CODE 00002366 - 0000238B (0x26 bytes), align: 0
  Segment part 319.           Intra module refs:   ch_cmp_val::?relay
           LOCAL                   ADDRESS         
           =====                   =======         
           ch_cmp_val              00002366 
               XSTACK = 00000016 ( 00000009 )
    -------------------------------------------------------------------------
<BANKED_CODE> 1 (was BANKED_CODE)
  Relative segment, address: CODE 0000238C - 000024AE (0x123 bytes), align: 0
  Segment part 321.           Intra module refs:   test3::?relay
           LOCAL                   ADDRESS         
           =====                   =======         
           test3                   0000238C 
               calls direct, is indirectly called
               XSTACK = 00000000 ( 00000018 )
    -------------------------------------------------------------------------
<BANKED_CODE> 1 (was BANKED_CODE)
  Relative segment, address: CODE 000024AF - 00002759 (0x2ab bytes), align: 0
  Segment part 323.           Intra module refs:   test2::?relay
           LOCAL                   ADDRESS         
           =====                   =======         
           test2                   000024AF 
               calls direct, is indirectly called
               XSTACK = 00000000 ( 00000034 )
    -------------------------------------------------------------------------
<BANKED_CODE> 1 (was BANKED_CODE)
  Relative segment, address: CODE 0000275A - 0000280D (0xb4 bytes), align: 0
  Segment part 325.           Intra module refs:   test1::?relay
           LOCAL                   ADDRESS         
           =====                   =======         
           test1                   0000275A 
               calls direct, is indirectly called
               XSTACK = 00000000 ( 0000000C )
    -------------------------------------------------------------------------
XDATA_I
  Relative segment, address: XDATA 000015A9 - 000015CA (0x22 bytes), align: 0
  Segment part 130.           Intra module refs:   Segment part 143
           ENTRY                   ADDRESS         REF BY
           =====                   =======         ======
           UT_MACR_1               000015A9 
    -------------------------------------------------------------------------
XDATA_I
  Relative segment, address: XDATA 000015CB - 000015EC (0x22 bytes), align: 0
  Segment part 132.           Intra module refs:   Segment part 143
           ENTRY                   ADDRESS         REF BY
           =====                   =======         ======
           UT_MACR_2               000015CB 
    -------------------------------------------------------------------------
<BANKED_CODE> 1 (was BANKED_CODE)
  Relative segment, address: CODE 0000280E - 00002879 (0x6c bytes), align: 0
  Segment part 327.           Intra module refs:   test2::?relay
           LOCAL                   ADDRESS         
           =====                   =======         
           test2                   0000280E 
               is indirectly called
               XSTACK = 00000000 ( 0000003B )
    -------------------------------------------------------------------------
<BANKED_CODE> 1 (was BANKED_CODE)
  Relative segment, address: CODE 0000287A - 000028E5 (0x6c bytes), align: 0
  Segment part 329.           Intra module refs:   test1::?relay
           LOCAL                   ADDRESS         
           =====                   =======         
           test1                   0000287A 
               is indirectly called
               XSTACK = 00000000 ( 0000003B )
    -------------------------------------------------------------------------
XDATA_I
  Relative segment, address: XDATA 000015ED - 0000160E (0x22 bytes), align: 0
  Segment part 134.           Intra module refs:   Segment part 143
           ENTRY                   ADDRESS         REF BY
           =====                   =======         ======
           UT_MS_1                 000015ED 
    -------------------------------------------------------------------------
XDATA_I
  Relative segment, address: XDATA 0000160F - 00001630 (0x22 bytes), align: 0
  Segment part 136.           Intra module refs:   Segment part 143
           ENTRY                   ADDRESS         REF BY
           =====                   =======         ======
           UT_MS_2                 0000160F 
    -------------------------------------------------------------------------
XDATA_I
  Relative segment, address: XDATA 00001631 - 00001652 (0x22 bytes), align: 0
  Segment part 138.           Intra module refs:   Segment part 143
           ENTRY                   ADDRESS         REF BY
           =====                   =======         ======
           UT_MS_3                 00001631 
    -------------------------------------------------------------------------
<BANKED_CODE> 1 (was BANKED_CODE)
  Relative segment, address: CODE 000028E6 - 0000296C (0x87 bytes), align: 0
  Segment part 331.           Intra module refs:   test3::?relay
           LOCAL                   ADDRESS         
           =====                   =======         
           test3                   000028E6 
               calls direct, is indirectly called
               XSTACK = 00000000 ( 00000010 )
    -------------------------------------------------------------------------
<BANKED_CODE> 1 (was BANKED_CODE)
  Relative segment, address: CODE 0000296D - 00002C1A (0x2ae bytes), align: 0
  Segment part 333.           Intra module refs:   test2::?relay
           LOCAL                   ADDRESS         
           =====                   =======         
           test2                   0000296D 
               calls direct, is indirectly called
               XSTACK = 00000000 ( 00000034 )
    -------------------------------------------------------------------------
<BANKED_CODE> 1 (was BANKED_CODE)
  Relative segment, address: CODE 00002C1B - 00002CB1 (0x97 bytes), align: 0
  Segment part 335.           Intra module refs:   test1::?relay
           LOCAL                   ADDRESS         
           =====                   =======         
           test1                   00002C1B 
               calls direct, is indirectly called
               XSTACK = 00000000 ( 0000000A )
    -------------------------------------------------------------------------
XDATA_I
  Relative segment, address: XDATA 00001653 - 00001668 (0x16 bytes), align: 0
  Segment part 142.           Intra module refs:   run_tests
           ENTRY                   ADDRESS         REF BY
           =====                   =======         ======
           TEST_FUN                00001653 
    -------------------------------------------------------------------------
XDATA_Z
  Relative segment, address: XDATA 0000147D - 0000147E (0x2 bytes), align: 0
  Segment part 144.           Intra module refs:   run_unit_fun
                                                   show_statistic
           LOCAL                   ADDRESS         
           =====                   =======         
           passed                  0000147D 
    -------------------------------------------------------------------------
XDATA_Z
  Relative segment, address: XDATA 0000147F - 00001480 (0x2 bytes), align: 0
  Segment part 145.           Intra module refs:   run_unit_fun
                                                   show_statistic
           LOCAL                   ADDRESS         
           =====                   =======         
           common_count            0000147F 
    -------------------------------------------------------------------------
<BANKED_CODE> 1 (was BANKED_CODE)
  Relative segment, address: CODE 00002CB2 - 00002D45 (0x94 bytes), align: 0
  Segment part 339.           Intra module refs:   run_unit_fun::?relay
           LOCAL                   ADDRESS         
           =====                   =======         
           run_unit_fun            00002CB2 
               calls direct
               XSTACK = 0000000A ( 00000010 )
    -------------------------------------------------------------------------
<BANKED_CODE> 1 (was BANKED_CODE)
  Relative segment, address: CODE 00002D46 - 00002D57 (0x12 bytes), align: 0
  Segment part 341.           Intra module refs:   show_grating::?relay
           LOCAL                   ADDRESS         
           =====                   =======         
           show_grating            00002D46 
               calls direct
               XSTACK = 0000000A ( 00000000 )
               ISTACK = 00000000 ( 00000002 )
    -------------------------------------------------------------------------
<BANKED_CODE> 1 (was BANKED_CODE)
  Relative segment, address: CODE 00002D58 - 00002DB1 (0x5a bytes), align: 0
  Segment part 343.           Intra module refs:   show_statistic::?relay
           LOCAL                   ADDRESS         
           =====                   =======         
           show_statistic          00002D58 
               calls direct
               XSTACK = 0000000A ( 00000002 )
               ISTACK = 00000000 ( 00000002 )
    -------------------------------------------------------------------------
<BANKED_CODE> 1 (was BANKED_CODE)
  Relative segment, address: CODE 00002DB2 - 00002E0B (0x5a bytes), align: 0
  Segment part 345.           Intra module refs:   run_tests::?relay
           ENTRY                   ADDRESS         REF BY
           =====                   =======         ======
           run_tests               00002DB2 
               calls direct
               XSTACK = 00000004 ( 0000000A )
    -------------------------------------------------------------------------
INTVEC
  Common segment, address: CODE 00000000 - 0000002D (0x2e bytes), align: 0
  Segment part 10. ROOT 
           ENTRY                   ADDRESS         REF BY
           =====                   =======         ======
           TimerCompareInterrupt::??INTVEC 43
                                   0000002B 
    -------------------------------------------------------------------------
XDATA_ID
  Relative segment, address: CODE 000000BB - 000000C4 (0xa bytes), align: 0
  Segment part 77.            Intra module refs:   SW_MOD
    -------------------------------------------------------------------------
[...]
<BANKED_CODE> 1 (was BANKED_CODE)
  Relative segment, address: CODE 000035C3 - 000035C6 (0x4 bytes), align: 0
  Segment part 32.            Intra module refs:   _PrintfSmallNoMb
    -------------------------------------------------------------------------
<BANKED_CODE> 1 (was BANKED_CODE)
  Relative segment, address: CODE 000035C7 - 000035D0 (0xa bytes), align: 0
  Segment part 33.            Intra module refs:   Segment part 32
                                                   Segment part 35
    -------------------------------------------------------------------------
<BANKED_CODE> 1 (was BANKED_CODE)
  Relative segment, address: CODE 000035D1 - 000035DA (0xa bytes), align: 0
  Segment part 34.            Intra module refs:   Segment part 31
                                                   Segment part 33
    -------------------------------------------------------------------------
<BANKED_CODE> 1 (was BANKED_CODE)
  Relative segment, address: CODE 000035DB - 000035E3 (0x9 bytes), align: 0
  Segment part 35.            Intra module refs:   _PrintfSmallNoMb
    -------------------------------------------------------------------------
<BANKED_CODE> 1 (was BANKED_CODE)
  Relative segment, address: CODE 000035E4 - 0000365C (0x79 bytes), align: 0
  Segment part 36.            Intra module refs:   pad::?relay
           LOCAL                   ADDRESS         
           =====                   =======         
           pad                     000035E4 
               calls direct
               XSTACK = 00000044 ( 00000015 )
               ISTACK = 00000000 ( 00000001 )
    -------------------------------------------------------------------------
<BANKED_CODE> 1 (was BANKED_CODE)
  Relative segment, address: CODE 0000365D - 0000365F (0x3 bytes), align: 0
  Segment part 38.            Intra module refs:   _LitobSmallNoMb
                                                   pad
    -------------------------------------------------------------------------
<BANKED_CODE> 1 (was BANKED_CODE)
  Relative segment, address: CODE 00003660 - 00003664 (0x5 bytes), align: 0
  Segment part 39.            Intra module refs:   Segment part 38
                                                   _PutcharsSmallNoMb
    -------------------------------------------------------------------------
<BANKED_CODE> 1 (was BANKED_CODE)
  Relative segment, address: CODE 00003665 - 000039A4 (0x340 bytes), align: 0
  Segment part 40.            Intra module refs:   _LitobSmallNoMb::?relay
           LOCAL                   ADDRESS         
           =====                   =======         
           _LitobSmallNoMb         00003665 
               XSTACK = 00000042 ( 00000023 )
               ISTACK = 00000000 ( 00000002 )
    -------------------------------------------------------------------------
<BANKED_CODE> 1 (was BANKED_CODE)
  Relative segment, address: CODE 000039A5 - 000039A6 (0x2 bytes), align: 0
  Segment part 42.            Intra module refs:   _PrintfSmallNoMb
                                                   _PutcharsSmallNoMb
    -------------------------------------------------------------------------
<BANKED_CODE> 1 (was BANKED_CODE)
  Relative segment, address: CODE 000039A7 - 000039AE (0x8 bytes), align: 0
  Segment part 43.            Intra module refs:   Segment part 42
                                                   _LitobSmallNoMb
                                                   _PrintfSmallNoMb
    -------------------------------------------------------------------------
<BANKED_CODE> 1 (was BANKED_CODE)
  Relative segment, address: CODE 000039AF - 000039B3 (0x5 bytes), align: 0
  Segment part 44.            Intra module refs:   _LitobSmallNoMb
    -------------------------------------------------------------------------
<BANKED_CODE> 1 (was BANKED_CODE)
  Relative segment, address: CODE 000039B4 - 000039B7 (0x4 bytes), align: 0
  Segment part 45.            Intra module refs:   _LitobSmallNoMb
    -------------------------------------------------------------------------
<BANKED_CODE> 1 (was BANKED_CODE)
  Relative segment, address: CODE 000039B8 - 000039C0 (0x9 bytes), align: 0
  Segment part 46.            Intra module refs:   Segment part 45
                                                   Segment part 54
    -------------------------------------------------------------------------
<BANKED_CODE> 1 (was BANKED_CODE)
  Relative segment, address: CODE 000039C1 - 000039C6 (0x6 bytes), align: 0
  Segment part 47.            Intra module refs:   _LitobSmallNoMb
                                                   _PrintfSmallNoMb
    -------------------------------------------------------------------------
<BANKED_CODE> 1 (was BANKED_CODE)
  Relative segment, address: CODE 000039C7 - 000039CA (0x4 bytes), align: 0
  Segment part 48.            Intra module refs:   _LitobSmallNoMb
                                                   _PrintfSmallNoMb
    -------------------------------------------------------------------------
<BANKED_CODE> 1 (was BANKED_CODE)
  Relative segment, address: CODE 000039CB - 000039CE (0x4 bytes), align: 0
  Segment part 49.            Intra module refs:   Segment part 48
                                                   Segment part 62
    -------------------------------------------------------------------------
<BANKED_CODE> 1 (was BANKED_CODE)
  Relative segment, address: CODE 000039CF - 000039D7 (0x9 bytes), align: 0
  Segment part 50.            Intra module refs:   Segment part 22
                                                   Segment part 49
    -------------------------------------------------------------------------
<BANKED_CODE> 1 (was BANKED_CODE)
  Relative segment, address: CODE 000039D8 - 000039DD (0x6 bytes), align: 0
  Segment part 51.            Intra module refs:   _LitobSmallNoMb
                                                   _PrintfSmallNoMb
                                                   _PutcharSmallNoMb
    -------------------------------------------------------------------------
<BANKED_CODE> 1 (was BANKED_CODE)
  Relative segment, address: CODE 000039DE - 000039E1 (0x4 bytes), align: 0
  Segment part 52.            Intra module refs:   _LitobSmallNoMb
    -------------------------------------------------------------------------
<BANKED_CODE> 1 (was BANKED_CODE)
  Relative segment, address: CODE 000039E2 - 000039E5 (0x4 bytes), align: 0
  Segment part 53.            Intra module refs:   Segment part 26
                                                   Segment part 27
                                                   Segment part 52
                                                   Segment part 55
    -------------------------------------------------------------------------
<BANKED_CODE> 1 (was BANKED_CODE)
  Relative segment, address: CODE 000039E6 - 000039EA (0x5 bytes), align: 0
  Segment part 54.            Intra module refs:   Segment part 29
                                                   Segment part 53
    -------------------------------------------------------------------------
<BANKED_CODE> 1 (was BANKED_CODE)
  Relative segment, address: CODE 000039EB - 000039F0 (0x6 bytes), align: 0
  Segment part 55.            Intra module refs:   _LitobSmallNoMb
    -------------------------------------------------------------------------
<BANKED_CODE> 1 (was BANKED_CODE)
  Relative segment, address: CODE 000039F1 - 00003A03 (0x13 bytes), align: 0
  Segment part 56.            Intra module refs:   _LitobSmallNoMb
    -------------------------------------------------------------------------
<BANKED_CODE> 1 (was BANKED_CODE)
  Relative segment, address: CODE 00003A04 - 00003A08 (0x5 bytes), align: 0
  Segment part 57.            Intra module refs:   _LitobSmallNoMb
                                                   _PrintfSmallNoMb
    -------------------------------------------------------------------------
<BANKED_CODE> 1 (was BANKED_CODE)
  Relative segment, address: CODE 00003A09 - 00003A0B (0x3 bytes), align: 0
  Segment part 58.            Intra module refs:   _LitobSmallNoMb
                                                   _PrintfSmallNoMb
    -------------------------------------------------------------------------
<BANKED_CODE> 1 (was BANKED_CODE)
  Relative segment, address: CODE 00003A0C - 00003A11 (0x6 bytes), align: 0
  Segment part 59.            Intra module refs:   Segment part 58
                                                   _LitobSmallNoMb
                                                   _PrintfSmallNoMb
    -------------------------------------------------------------------------
<BANKED_CODE> 1 (was BANKED_CODE)
  Relative segment, address: CODE 00003A12 - 00003A15 (0x4 bytes), align: 0
  Segment part 60.            Intra module refs:   Segment part 31
                                                   Segment part 58
    -------------------------------------------------------------------------
<BANKED_CODE> 1 (was BANKED_CODE)
  Relative segment, address: CODE 00003A16 - 00003A1E (0x9 bytes), align: 0
  Segment part 61.            Intra module refs:   Segment part 33
                                                   Segment part 60
    -------------------------------------------------------------------------
<BANKED_CODE> 1 (was BANKED_CODE)
  Relative segment, address: CODE 00003A1F - 00003A21 (0x3 bytes), align: 0
  Segment part 62.            Intra module refs:   _PrintfSmallNoMb
    -------------------------------------------------------------------------
<BANKED_CODE> 1 (was BANKED_CODE)
  Relative segment, address: CODE 00003A22 - 00003A27 (0x6 bytes), align: 0
  Segment part 63.            Intra module refs:   Segment part 62
                                                   _LitobSmallNoMb
                                                   _PrintfSmallNoMb
                                                   _PutcharSmallNoMb
    -------------------------------------------------------------------------
<BANKED_CODE> 1 (was BANKED_CODE)
  Relative segment, address: CODE 00003A28 - 00003A7B (0x54 bytes), align: 0
  Segment part 64.            Intra module refs:   _PutcharSmallNoMb::?relay
           LOCAL                   ADDRESS         
           =====                   =======         
           _PutcharSmallNoMb       00003A28 
               XSTACK = 00000042 ( 0000000E )
    -------------------------------------------------------------------------
<BANKED_CODE> 1 (was BANKED_CODE)
  Relative segment, address: CODE 00003A7C - 00003A84 (0x9 bytes), align: 0
  Segment part 66.            Intra module refs:   _PrintfSmallNoMb
                                                   _PutcharSmallNoMb
    -------------------------------------------------------------------------
<BANKED_CODE> 1 (was BANKED_CODE)
  Relative segment, address: CODE 00003A85 - 00003ADF (0x5b bytes), align: 0
  Segment part 67.            Intra module refs:   _PutcharsSmallNoMb::?relay
           LOCAL                   ADDRESS         
           =====                   =======         
           _PutcharsSmallNoMb      00003A85 
               calls direct
               XSTACK = 00000046 ( 00000010 )
    -------------------------------------------------------------------------
XDATA_ID
  Relative segment, address: CODE 000002A3 - 000002A9 (0x7 bytes), align: 0
  Segment part 7.             Intra module refs:   Segment part 6
    -------------------------------------------------------------------------
XDATA_ID
  Relative segment, address: CODE 000002AA - 000002AD (0x4 bytes), align: 0
  Segment part 9.             Intra module refs:   __Constant_ffff
    -------------------------------------------------------------------------
XDATA_ID
  Relative segment, address: CODE 000002AE - 000002B1 (0x4 bytes), align: 0
  Segment part 11.            Intra module refs:   __Constant_0
    -------------------------------------------------------------------------
BANK_RELAYS
  Relative segment, address: CODE 000004C2 - 000004C7 (0x6 bytes), align: 0
  Segment part 13.
           ENTRY                   ADDRESS         REF BY
           =====                   =======         ======
           _PrintfSmallNoMb::?relay
                                   000004C2        printf (?printf)
    -------------------------------------------------------------------------
BANK_RELAYS
  Relative segment, address: CODE 000004C8 - 000004CD (0x6 bytes), align: 0
  Segment part 37.            Intra module refs:   _PrintfSmallNoMb
           LOCAL                   ADDRESS         
           =====                   =======         
           pad::?relay             000004C8 
    -------------------------------------------------------------------------
BANK_RELAYS
  Relative segment, address: CODE 000004CE - 000004D3 (0x6 bytes), align: 0
  Segment part 41.            Intra module refs:   _PrintfSmallNoMb
           LOCAL                   ADDRESS         
           =====                   =======         
           _LitobSmallNoMb::?relay
                                   000004CE 
    -------------------------------------------------------------------------
BANK_RELAYS
  Relative segment, address: CODE 000004D4 - 000004D9 (0x6 bytes), align: 0
  Segment part 65.            Intra module refs:   _PrintfSmallNoMb
                                                   _PutcharsSmallNoMb
           LOCAL                   ADDRESS         
           =====                   =======         
           _PutcharSmallNoMb::?relay
                                   000004D4 
    -------------------------------------------------------------------------
BANK_RELAYS
  Relative segment, address: CODE 000004DA - 000004DF (0x6 bytes), align: 0
  Segment part 68.            Intra module refs:   _PrintfSmallNoMb
                                                   pad
           LOCAL                   ADDRESS         
           =====                   =======         
           _PutcharsSmallNoMb::?relay
                                   000004DA 
    -------------------------------------------------------------------------
XDATA_I
  Relative segment, address: XDATA 00001669 - 0000166F (0x7 bytes), align: 0
  Segment part 6.             Intra module refs:   _PrintfSmallNoMb
    -------------------------------------------------------------------------
XDATA_I
  Relative segment, address: XDATA 00001670 - 00001673 (0x4 bytes), align: 0
  Segment part 8.             Intra module refs:   _PrintfSmallNoMb
           ENTRY                   ADDRESS         REF BY
           =====                   =======         ======
           __Constant_ffff         00001670 
    -------------------------------------------------------------------------
XDATA_I
  Relative segment, address: XDATA 00001674 - 00001677 (0x4 bytes), align: 0
  Segment part 10.            Intra module refs:   _LitobSmallNoMb
                                                   _PrintfSmallNoMb
           ENTRY                   ADDRESS         REF BY
           =====                   =======         ======
           __Constant_0            00001674 

    -------------------------------------------------------------------------
  LIBRARY MODULE, NAME : ?xprout

  SEGMENTS IN THE MODULE
  ======================
<BANKED_CODE> 1 (was BANKED_CODE)
  Relative segment, address: CODE 00003C0C - 00003C36 (0x2b bytes), align: 0
  Segment part 6.             Intra module refs:   _Prout::?relay
           ENTRY                   ADDRESS         REF BY
           =====                   =======         ======
           _Prout                  00003C0C 
               calls direct
               XSTACK = 00000000 ( 0000000E )
    -------------------------------------------------------------------------
BANK_RELAYS
  Relative segment, address: CODE 000004E0 - 000004E5 (0x6 bytes), align: 0
  Segment part 7.
           ENTRY                   ADDRESS         REF BY
           =====                   =======         ======
           _Prout::?relay          000004E0        printf (?printf)




                ****************************************
                *                                      *
                *      SEGMENTS IN ADDRESS ORDER       *
                *                                      *
                ****************************************


SEGMENT              SPACE    START ADDRESS   END ADDRESS     SIZE  TYPE  ALIGN
=======              =====    =============   ===========     ====  ====  =====
INTVEC               CODE          00000000 - 0000002D          2E   com    0
CSTART               CODE          0000002E - 000000BA          8D   rel    0
BDATA_ID             CODE               000000BB                     dse    0
BIT_ID               CODE               000000BB                     dse    0
DATA_ID              CODE               000000BB                     dse    0
IDATA_ID             CODE               000000BB                     dse    0
IXDATA_ID            CODE               000000BB                     dse    0
PDATA_ID             CODE               000000BB                     dse    0
XDATA_ID             CODE          000000BB - 000002B1         1F7   rel    0
BANK_RELAYS          CODE          000002B2 - 000004E5         234   rel    0
RCODE                CODE          000004E6 - 00000C42         75D   rel    0
CODE_N               CODE               00000C43                     dse    0
DIFUNCT              CODE               00000C43                     rel    0
CODE_C               CODE               00000C43                     dse    0
NEAR_CODE            CODE          00000C43 - 00000C67          25   rel    0
<BANKED_CODE> 1      CODE          00000C68 - 00003CD4        306D   rel    0
REGISTERS            DATA          00000000 - 00000007           8   rel    0
VREG                 DATA          00000008 - 0000000F           8   rel    0
PSP                  DATA          00000010 - 00000010           1   rel    0
XSP                  DATA          00000011 - 00000012           2   rel    0
BREG                 BIT        00000020.0  -  00000020.7        8   rel    0
SFR_AN               DATA          00000095 - 00000097           3   rel    0
                     DATA          0000009D - 0000009E           2 
                     DATA          000000A8 - 000000A8           1 
                     DATA          000000AD - 000000AD           1 
                     DATA          000000C0 - 000000C0           1 
                     DATA          000000C6 - 000000C6           1 
XSTACK               XDATA         00000001 - 00000800         800   rel    0
XDATA_Z              XDATA         00000801 - 00001480         C80   rel    0
XDATA_I              XDATA         00001481 - 00001677         1F7   rel    0
XDATA_ROM_C          XDATA         00001678 - 00001955         2DE   rel    0
PDATA_Z              XDATA              00001E00                     dse    0
PSTACK               XDATA         00001E00 - 00001E7F          80   rel    0
ISTACK               IDATA         000000C0 - 000000FF          40   rel    0

                ****************************************
                *                                      *
                *        END OF CROSS REFERENCE        *
                *                                      *
                ****************************************

 15 573 bytes of CODE  memory
     19 bytes of DATA  memory (+ 9 absolute )
  5 879 bytes of XDATA memory
     64 bytes of IDATA memory
      8 bits  of BIT   memory
    734 bytes of CONST memory

Errors: none
Warnings: none

