################################################################################
#                                                                              #
#      IAR Universal Linker V6.4.6.89                                          #
#                                                                              #
#           Link time     =  14/Feb/2020  17:27:54                             #
#           Target CPU    =  x51                                               #
#           List file     =  "E:\WMNU\IAR_new_arch\PRJ Test\Debug\List\tests.m #
#                            ap"                                               #
#           Output file 1 =  "E:\WMNU\IAR_new_arch\PRJ Test\Debug\Exe\tests.d5 #
#                            1"                                                #
#                            Format: ubrof10                                   #
#                            UBROF version 10.0.6                              #
#                            Using library modules for C-SPY (-rt)             #
#           Command line  =  -f                                                #
#                            C:\Users\08A4~1\AppData\Local\Temp\EW292A.tmp     #
#                            ("E:\WMNU\IAR_new_arch\PRJ Test\Debug\Obj\action_ #
#                            manager.r51"                                      #
#                            "E:\WMNU\IAR_new_arch\PRJ Test\Debug\Obj\alarm_ti #
#                            mer.r51"                                          #
#                            "E:\WMNU\IAR_new_arch\PRJ Test\Debug\Obj\buffer.r #
#                            51"                                               #
#                            "E:\WMNU\IAR_new_arch\PRJ Test\Debug\Obj\coder.r5 #
#                            1"                                                #
#                            "E:\WMNU\IAR_new_arch\PRJ Test\Debug\Obj\cpu.r51" #
#                            "E:\WMNU\IAR_new_arch\PRJ Test\Debug\Obj\debug.r5 #
#                            1"                                                #
#                            "E:\WMNU\IAR_new_arch\PRJ Test\Debug\Obj\dma.r51" #
#                            "E:\WMNU\IAR_new_arch\PRJ Test\Debug\Obj\frame.r5 #
#                            1"                                                #
#                            "E:\WMNU\IAR_new_arch\PRJ Test\Debug\Obj\led.r51" #
#                            "E:\WMNU\IAR_new_arch\PRJ Test\Debug\Obj\llc.r51" #
#                            "E:\WMNU\IAR_new_arch\PRJ Test\Debug\Obj\mac.r51" #
#                            "E:\WMNU\IAR_new_arch\PRJ Test\Debug\Obj\main.r51 #
#                            "                                                 #
#                            "E:\WMNU\IAR_new_arch\PRJ Test\Debug\Obj\mem_slot #
#                            s.r51"                                            #
#                            "E:\WMNU\IAR_new_arch\PRJ Test\Debug\Obj\mem_util #
#                            s.r51"                                            #
#                            "E:\WMNU\IAR_new_arch\PRJ Test\Debug\Obj\model.r5 #
#                            1"                                                #
#                            "E:\WMNU\IAR_new_arch\PRJ Test\Debug\Obj\radio.r5 #
#                            1"                                                #
#                            "E:\WMNU\IAR_new_arch\PRJ Test\Debug\Obj\rtc.r51" #
#                            "E:\WMNU\IAR_new_arch\PRJ Test\Debug\Obj\sync.r51 #
#                            "                                                 #
#                            "E:\WMNU\IAR_new_arch\PRJ Test\Debug\Obj\time_man #
#                            ager.r51"                                         #
#                            "E:\WMNU\IAR_new_arch\PRJ Test\Debug\Obj\u_alarm_ #
#                            timer.r51"                                        #
#                            "E:\WMNU\IAR_new_arch\PRJ Test\Debug\Obj\u_buffer #
#                            .r51"                                             #
#                            "E:\WMNU\IAR_new_arch\PRJ Test\Debug\Obj\u_debug. #
#                            r51"                                              #
#                            "E:\WMNU\IAR_new_arch\PRJ Test\Debug\Obj\u_frame. #
#                            r51"                                              #
#                            "E:\WMNU\IAR_new_arch\PRJ Test\Debug\Obj\u_macros #
#                            .r51"                                             #
#                            "E:\WMNU\IAR_new_arch\PRJ Test\Debug\Obj\u_mem_sl #
#                            ots.r51"                                          #
#                            "E:\WMNU\IAR_new_arch\PRJ Test\Debug\Obj\u_mem_ut #
#                            ils.r51"                                          #
#                            "E:\WMNU\IAR_new_arch\PRJ Test\Debug\Obj\ustimer. #
#                            r51"                                              #
#                            "E:\WMNU\IAR_new_arch\PRJ Test\Debug\Obj\utest.r5 #
#                            1"                                                #
#                            -o                                                #
#                            "E:\WMNU\IAR_new_arch\PRJ Test\Debug\Exe\tests.d5 #
#                            1"                                                #
#                            -l                                                #
#                            "E:\WMNU\IAR_new_arch\PRJ Test\Debug\List\tests.m #
#                            ap"                                               #
#                            -xms                                              #
#                            "-IC:\Program Files (x86)\IAR Systems\Embedded Wo #
#                            rkbench 8.0\8051\LIB\"                            #
#                            -f                                                #
#                            "C:\Program Files (x86)\IAR Systems\Embedded Work #
#                            bench 8.0\8051\config\devices\Texas Instruments\l #
#                            nk51ew_CC2530F256_banked.xcl"                     #
#                            (-D_IDATA0_START=0x00 -D_IDATA0_END=0xFF          #
#                            -D_PDATA0_START=0x1E00 -D_PDATA0_END=0x1EFF       #
#                            -D_IXDATA0_START=0x0001 -D_IXDATA0_END=0x1EFF     #
#                            -D_XDATA0_START=_IXDATA0_START                    #
#                            -D_XDATA0_END=_IXDATA0_END                        #
#                            -D_NEAR_CODE_START=0x0000                         #
#                            -D_FIRST_BANK_ADDR=0x10000 -D?REGISTER_BANK=0x0   #
#                            -D_REGISTER_BANK_START=0x0 -D_BREG_START=0x00     #
#                            -D?VB=0x20 -Z(BIT)BREG=_BREG_START                #
#                            -Z(BIT)BIT_N=0-7F                                 #
#                            -Z(DATA)REGISTERS+8=_REGISTER_BANK_START          #
#                            -Z(DATA)BDATA_Z,BDATA_N,BDATA_I=20-2F             #
#                            -Z(DATA)VREG=08-7F -Z(DATA)PSP,XSP=08-7F          #
#                            -Z(DATA)DOVERLAY=08-7F                            #
#                            -Z(DATA)DATA_I,DATA_Z,DATA_N=08-7F                #
#                            -U(IDATA)0-7F=(DATA)0-7F                          #
#                            -Z(IDATA)IDATA_I,IDATA_Z,IDATA_N=08-_IDATA0_END   #
#                            -Z(IDATA)ISTACK+_IDATA_STACK_SIZE#08-_IDATA0_END  #
#                            -Z(IDATA)IOVERLAY=08-FF -Z(CODE)INTVEC=0          #
#                            -Z(CODE)CSTART=_NEAR_CODE_START-(_CODEBANK_START- #
#                            1)                                                #
#                            -Z(CODE)BIT_ID,BDATA_ID,DATA_ID,IDATA_ID,IXDATA_I #
#                            D,PDATA_ID,XDATA_ID=_NEAR_CODE_START-(_CODEBANK_S #
#                            TART-1)                                           #
#                            -Z(CODE)BANK_RELAYS,RCODE,DIFUNCT,CODE_C,CODE_N,N #
#                            EAR_CODE=_NEAR_CODE_START-(_CODEBANK_START-1)     #
#                            -P(CODE)BANKED_CODE=_NEAR_CODE_START-(_CODEBANK_S #
#                            TART-1),[(_CODEBANK_START+_FIRST_BANK_ADDR)-(_COD #
#                            EBANK_END+_FIRST_BANK_ADDR)]*_NR_OF_BANKS+10000   #
#                            -Z(CODE)CHECKSUM#(_CODEBANK_START-1)              #
#                            -Z(XDATA)PDATA_Z,PDATA_I=_PDATA0_START-_PDATA0_EN #
#                            D                                                 #
#                            -P(XDATA)PDATA_N=_PDATA0_START-_PDATA0_END        #
#                            -Z(XDATA)PSTACK+_PDATA_STACK_SIZE=_PDATA0_START-_ #
#                            PDATA0_END                                        #
#                            -Z(XDATA)EXT_STACK+_EXTENDED_STACK_SIZE=_EXTENDED #
#                            _STACK_START                                      #
#                            -Z(XDATA)XSTACK+_XDATA_STACK_SIZE=_XDATA0_START-_ #
#                            XDATA0_END                                        #
#                            -Z(XDATA)IXDATA_Z,IXDATA_I=_IXDATA0_START-_IXDATA #
#                            0_END                                             #
#                            -P(XDATA)IXDATA_N=_IXDATA0_START-_IXDATA0_END     #
#                            -Z(XDATA)XDATA_Z,XDATA_I=_XDATA0_START-_XDATA0_EN #
#                            D                                                 #
#                            -P(XDATA)XDATA_N=_XDATA0_START-_XDATA0_END        #
#                            -Z(XDATA)XDATA_HEAP+_XDATA_HEAP_SIZE=_XDATA0_STAR #
#                            T-_XDATA0_END                                     #
#                            -Z(CONST)XDATA_ROM_C=_XDATA0_START-_XDATA0_END    #
#                            -cx51                                             #
#                            -M(CODE)[(_CODEBANK_START+_FIRST_BANK_ADDR)-(_COD #
#                            EBANK_END+_FIRST_BANK_ADDR)]*_NR_OF_BANKS+0x10000 #
#                            =0x8000                                           #
#                            -ww69=i -D_BANK0_START=0x00000                    #
#                            -D_BANK0_END=0x07FFF -D_BANK1_START=0x18000       #
#                            -D_BANK1_END=0x1FFFF -D_BANK2_START=0x28000       #
#                            -D_BANK2_END=0x2FFFF -D_BANK3_START=0x38000       #
#                            -D_BANK3_END=0x3FFFF -D_BANK4_START=0x48000       #
#                            -D_BANK4_END=0x4FFFF -D_BANK5_START=0x58000       #
#                            -D_BANK5_END=0x5FFFF -D_BANK6_START=0x68000       #
#                            -D_BANK6_END=0x6FFFF -D_BANK7_START=0x78000       #
#                            -D_BANK7_END=0x7FFFF                              #
#                            -P(CODE)BANK0=_BANK0_START-_BANK0_END             #
#                            -P(CODE)BANK1=_BANK1_START-_BANK1_END             #
#                            -P(CODE)BANK2=_BANK2_START-_BANK2_END             #
#                            -P(CODE)BANK3=_BANK3_START-_BANK3_END             #
#                            -P(CODE)BANK4=_BANK4_START-_BANK4_END             #
#                            -P(CODE)BANK5=_BANK5_START-_BANK5_END             #
#                            -P(CODE)BANK6=_BANK6_START-_BANK6_END             #
#                            -P(CODE)BANK7=_BANK7_START-_BANK7_END             #
#                            -D_FLASH_LOCK_BITS_START=0x7FFF0                  #
#                            -D_FLASH_LOCK_BITS_END=0x7FFFF                    #
#                            -Z(CODE)FLASH_LOCK_BITS=_FLASH_LOCK_BITS_START-_F #
#                            LASH_LOCK_BITS_END                                #
#                            -U(CODE)0x0000=(CODE)_FLASH_LOCK_BITS_START-_FLAS #
#                            H_LOCK_BITS_END)                                  #
#                            -D_NR_OF_VIRTUAL_REGISTERS=8 -D?PBANK=0x93        #
#                            -D?CBANK=0x9F -D?CBANK_MASK=0xFF                  #
#                            -e?BCALL_FF=?BCALL -e?BRET_FF=?BRET               #
#                            -e?BDISPATCH_FF=?BDISPATCH                        #
#                            -D_CODEBANK_START=0x8000 -D_CODEBANK_END=0xFFFF   #
#                            -D_NR_OF_BANKS=0x07                               #
#                            "-IC:\Program Files (x86)\IAR Systems\Embedded Wo #
#                            rkbench 8.0\8051\CONFIG\"                         #
#                            -rt -s __program_start                            #
#                            "C:\Program Files (x86)\IAR Systems\Embedded Work #
#                            bench 8.0\8051\LIB\DLIB\dl-pli-blxd-1e16x01n.r51" #
#                            -D_IDATA_STACK_SIZE=0x40 -D?ESP=0 -D?ESP_MASK=0   #
#                            -D_EXTENDED_STACK_START=0                         #
#                            -D_EXTENDED_STACK_SIZE=0                          #
#                            -D_PDATA_STACK_SIZE=0x80                          #
#                            -D_XDATA_STACK_SIZE=0x800                         #
#                            -D_XDATA_HEAP_SIZE=0x00 -D_FAR_HEAP_SIZE=0xFFF    #
#                            -D_HUGE_HEAP_SIZE=0xFFF                           #
#                            -D_FAR22_HEAP_SIZE=0xFFF)                         #
#                                                                              #
#                           Copyright (C) 1987-2016 IAR Systems AB.            #
################################################################################





                ****************************************
                *                                      *
                *           CROSS REFERENCE            *
                *                                      *
                ****************************************

       Program entry at : CODE      00000085  Relocatable, from module : CSTARTUP




                ****************************************
                *                                      *
                *            RUNTIME MODEL             *
                *                                      *
                ****************************************

  __Heap_Handler             = Basic
  __SystemLibrary            = DLib
  __calling_convention       = xdata_reentrant
  __code_model               = banked
  __core                     = plain
  __data_model               = large
  __dlib_file_descriptor     = 0
  __dlib_full_locale_support = 0
  __dptr_size                = 16
  __extended_stack           = disabled
  __location_for_constants   = data
  __number_of_dptrs          = 1
  __register_banks           = *
  __rt_version               = 1

                ****************************************
                *                                      *
                *    AUTOMATIC SYMBOL REDIRECTIONS     *
                *                                      *
                ****************************************

       All references to: _Printf
         were redirected to: _PrintfSmallNoMb
       All references to: _Printf::?relay
         were redirected to: _PrintfSmallNoMb::?relay



                ****************************************
                *                                      *
                *              MODULE MAP              *
                *                                      *
                ****************************************


  DEFINED ABSOLUTE ENTRIES
    *************************************************************************

  DEFINED ABSOLUTE ENTRIES
  PROGRAM MODULE, NAME : ?ABS_ENTRY_MOD

Absolute parts
           ENTRY                   ADDRESS         REF BY
           =====                   =======         ======
           _FAR22_HEAP_SIZE        00000FFF 
           _HUGE_HEAP_SIZE         00000FFF 
           _FAR_HEAP_SIZE          00000FFF 
           _XDATA_HEAP_SIZE        00000000 
           _XDATA_STACK_SIZE       00000800 
           _PDATA_STACK_SIZE       00000080 
           _EXTENDED_STACK_SIZE    00000000 
           _EXTENDED_STACK_START   00000000 
           ?ESP_MASK               00000000 
           ?ESP                    00000000 
           _IDATA_STACK_SIZE       00000040 
           _NR_OF_BANKS            00000007 
           _CODEBANK_END           0000FFFF 
           _CODEBANK_START         00008000 
           ?CBANK_MASK             000000FF 
           ?CBANK                  0000009F        ?LONGJMP_XDATA (?LONGJMP_XDATA)
                                                   ?RESET_CODE_BANK (CSTARTUP)
                                                   ?SETJMP_XDATA (?SETJMP_XDATA)
                                                   Segment part 0 (?BANKED_CODE_SUPPORT)
           ?PBANK                  00000093        ?RESET_PDATA_BANK (CSTARTUP)
           _NR_OF_VIRTUAL_REGISTERS
                                   00000008 
           _FLASH_LOCK_BITS_END    0003FFFF 
           _FLASH_LOCK_BITS_START
                                   0003FFF0 
           _BANK7_END              0003FFFF 
           _BANK7_START            00038000 
           _BANK6_END              00037FFF 
           _BANK6_START            00030000 
           _BANK5_END              0002FFFF 
           _BANK5_START            00028000 
           _BANK4_END              00027FFF 
           _BANK4_START            00020000 
           _BANK3_END              0001FFFF 
           _BANK3_START            00018000 
           _BANK2_END              00017FFF 
           _BANK2_START            00010000 
           _BANK1_END              0000FFFF 
           _BANK1_START            00008000 
           _BANK0_END              00007FFF 
           _BANK0_START            00000000 
           ?VB                     00000020        ?BANKED_ENTER_XDATA (?BANKED_ENTER_XDATA)
                                                   ?BANKED_LEAVE_XDATA (?BANKED_LEAVE_XDATA)
                                                   ?INTERRUPT_ENTER_XSP (?INTERRUPT_ENTER_XSP)
                                                   ?INTERRUPT_LEAVE_XSP (?INTERRUPT_LEAVE_XSP)
                                                   ?LONGJMP_XDATA (?LONGJMP_XDATA)
                                                   ?SETJMP_XDATA (?SETJMP_XDATA)
                                                   AES_StreamCoder (action_manager)
                                                   AT_enable (action_manager)
                                                   BF_push_rx (action_manager)
                                                   BF_push_tx (action_manager)
                                                   RI_Receive (action_manager)
                                                   RI_Send (action_manager)
                                                   RecvData (action_manager)
                                                   SL_free (action_manager)
                                                   SendData (action_manager)
                                                   send_sync (action_manager)
                                                   test1 (action_manager)
                                                   test2 (action_manager)
           _BREG_START             00000000 
           _REGISTER_BANK_START    00000000 
           ?REGISTER_BANK          00000000        Segment part 6 (CSTARTUP)
           _FIRST_BANK_ADDR        00010000 
           _NEAR_CODE_START        00000000 
           _XDATA0_END             00001EFF 
           _XDATA0_START           00000001 
           _IXDATA0_END            00001EFF 
           _IXDATA0_START          00000001 
           _PDATA0_END             00001EFF 
           _PDATA0_START           00001E00 
           _IDATA0_END             000000FF 
           _IDATA0_START           00000000 
    *************************************************************************

  FILE NAME : E:\WMNU\IAR_new_arch\PRJ Test\Debug\Obj\action_manager.r51
  PROGRAM MODULE, NAME : action_manager

  SEGMENTS IN THE MODULE
  ======================
SFR_AN
  Relative segment, address: DATA 00000091 - 00000091 (0x1 bytes), align: 0
  Segment part 1. ROOT        Intra module refs:   SendData
           ENTRY                   ADDRESS         REF BY
           =====                   =======         ======
           RFIRQF1                 00000091 
    -------------------------------------------------------------------------
SFR_AN
  Relative segment, address: DATA 00000094 - 00000094 (0x1 bytes), align: 0
  Segment part 2. ROOT 
           ENTRY                   ADDRESS         REF BY
           =====                   =======         ======
           T2CTRL                  00000094 
    -------------------------------------------------------------------------
SFR_AN
  Relative segment, address: DATA 00000095 - 00000095 (0x1 bytes), align: 0
  Segment part 3. ROOT        Intra module refs:   AT_wait
                                                   ReadTimer
                                                   loadTimerCompare
           ENTRY                   ADDRESS         REF BY
           =====                   =======         ======
           ST0                     00000095 
    -------------------------------------------------------------------------
SFR_AN
  Relative segment, address: DATA 00000096 - 00000096 (0x1 bytes), align: 0
  Segment part 4. ROOT        Intra module refs:   AT_wait
                                                   ReadTimer
                                                   loadTimerCompare
           ENTRY                   ADDRESS         REF BY
           =====                   =======         ======
           ST1                     00000096 
    -------------------------------------------------------------------------
SFR_AN
  Relative segment, address: DATA 00000097 - 00000097 (0x1 bytes), align: 0
  Segment part 5. ROOT        Intra module refs:   AT_wait
                                                   ReadTimer
                                                   loadTimerCompare
           ENTRY                   ADDRESS         REF BY
           =====                   =======         ======
           ST2                     00000097 
    -------------------------------------------------------------------------
SFR_AN
  Relative segment, address: DATA 0000009D - 0000009D (0x1 bytes), align: 0
  Segment part 6. ROOT        Intra module refs:   AT_wait
                                                   ReadTimer
           ENTRY                   ADDRESS         REF BY
           =====                   =======         ======
           SLEEPSTA                0000009D 
    -------------------------------------------------------------------------
SFR_AN
  Relative segment, address: DATA 0000009E - 0000009E (0x1 bytes), align: 0
  Segment part 7. ROOT 
           ENTRY                   ADDRESS         REF BY
           =====                   =======         ======
           CLKCONSTA               0000009E 
    -------------------------------------------------------------------------
SFR_AN
  Relative segment, address: DATA 000000A2 - 000000A2 (0x1 bytes), align: 0
  Segment part 8. ROOT        Intra module refs:   UST_now
           ENTRY                   ADDRESS         REF BY
           =====                   =======         ======
           T2M0                    000000A2 
    -------------------------------------------------------------------------
SFR_AN
  Relative segment, address: DATA 000000A3 - 000000A3 (0x1 bytes), align: 0
  Segment part 9. ROOT        Intra module refs:   UST_now
           ENTRY                   ADDRESS         REF BY
           =====                   =======         ======
           T2M1                    000000A3 
    -------------------------------------------------------------------------
SFR_AN
  Relative segment, address: DATA 000000A4 - 000000A4 (0x1 bytes), align: 0
  Segment part 10. ROOT       Intra module refs:   UST_now
           ENTRY                   ADDRESS         REF BY
           =====                   =======         ======
           T2MOVF0                 000000A4 
    -------------------------------------------------------------------------
SFR_AN
  Relative segment, address: DATA 000000A5 - 000000A5 (0x1 bytes), align: 0
  Segment part 11. ROOT       Intra module refs:   UST_now
           ENTRY                   ADDRESS         REF BY
           =====                   =======         ======
           T2MOVF1                 000000A5 
    -------------------------------------------------------------------------
SFR_AN
  Relative segment, address: DATA 000000A8 - 000000A8 (0x1 bytes), align: 0
  Segment part 12. ROOT       Intra module refs:   AT_enable
                                                   BF_cursor_next
                                                   BF_cursor_rx
                                                   BF_cursor_tx
                                                   BF_push_rx
                                                   BF_push_tx
                                                   BF_remove
                                                   IRQEnable
                                                   SL_alloc
                                                   SL_free
                                                   TM_IRQ
                                                   __cli
                                                   isIRQEnable
           ENTRY                   ADDRESS         REF BY
           =====                   =======         ======
           _A_IEN0                 000000A8 
           LOCAL                   ADDRESS         
           =====                   =======         
           IEN0                    000000A8 
    -------------------------------------------------------------------------
SFR_AN
  Relative segment, address: DATA 000000AD - 000000AD (0x1 bytes), align: 0
  Segment part 13. ROOT       Intra module refs:   loadTimerCompare
           ENTRY                   ADDRESS         REF BY
           =====                   =======         ======
           STLOAD                  000000AD 
    -------------------------------------------------------------------------
SFR_AN
  Relative segment, address: DATA 000000B3 - 000000B3 (0x1 bytes), align: 0
  Segment part 14. ROOT       Intra module refs:   AES_StreamCoder
           ENTRY                   ADDRESS         REF BY
           =====                   =======         ======
           ENCCS                   000000B3 
    -------------------------------------------------------------------------
SFR_AN
  Relative segment, address: DATA 000000C0 - 000000C0 (0x1 bytes), align: 0
  Segment part 15. ROOT       Intra module refs:   TimerCompareInterrupt
           ENTRY                   ADDRESS         REF BY
           =====                   =======         ======
           _A_IRCON                000000C0 
           LOCAL                   ADDRESS         
           =====                   =======         
           IRCON                   000000C0 
    -------------------------------------------------------------------------
SFR_AN
  Relative segment, address: DATA 000000C6 - 000000C6 (0x1 bytes), align: 0
  Segment part 16. ROOT 
           ENTRY                   ADDRESS         REF BY
           =====                   =======         ======
           CLKCONCMD               000000C6 
    -------------------------------------------------------------------------
SFR_AN
  Relative segment, address: DATA 000000D2 - 000000D2 (0x1 bytes), align: 0
  Segment part 17. ROOT 
           ENTRY                   ADDRESS         REF BY
           =====                   =======         ======
           DMA1CFGL                000000D2 
    -------------------------------------------------------------------------
SFR_AN
  Relative segment, address: DATA 000000D3 - 000000D3 (0x1 bytes), align: 0
  Segment part 18. ROOT 
           ENTRY                   ADDRESS         REF BY
           =====                   =======         ======
           DMA1CFGH                000000D3 
    -------------------------------------------------------------------------
SFR_AN
  Relative segment, address: DATA 000000D4 - 000000D4 (0x1 bytes), align: 0
  Segment part 19. ROOT 
           ENTRY                   ADDRESS         REF BY
           =====                   =======         ======
           DMA0CFGL                000000D4 
    -------------------------------------------------------------------------
SFR_AN
  Relative segment, address: DATA 000000D5 - 000000D5 (0x1 bytes), align: 0
  Segment part 20. ROOT 
           ENTRY                   ADDRESS         REF BY
           =====                   =======         ======
           DMA0CFGH                000000D5 
    -------------------------------------------------------------------------
SFR_AN
  Relative segment, address: DATA 000000D6 - 000000D6 (0x1 bytes), align: 0
  Segment part 21. ROOT       Intra module refs:   AES_StreamCoder
           ENTRY                   ADDRESS         REF BY
           =====                   =======         ======
           DMAARM                  000000D6 
    -------------------------------------------------------------------------
SFR_AN
  Relative segment, address: DATA 000000D7 - 000000D7 (0x1 bytes), align: 0
  Segment part 22. ROOT       Intra module refs:   AES_StreamCoder
           ENTRY                   ADDRESS         REF BY
           =====                   =======         ======
           DMAREQ                  000000D7 
    -------------------------------------------------------------------------
SFR_AN
  Relative segment, address: DATA 000000D9 - 000000D9 (0x1 bytes), align: 0
  Segment part 23. ROOT       Intra module refs:   LoadTXData
                                                   UnLoadRXData
           ENTRY                   ADDRESS         REF BY
           =====                   =======         ======
           RFD                     000000D9 
    -------------------------------------------------------------------------
SFR_AN
  Relative segment, address: DATA 000000E1 - 000000E1 (0x1 bytes), align: 0
  Segment part 24. ROOT       Intra module refs:   LoadTXData
                                                   RecvData
                                                   SendData
                                                   random_core_init
           ENTRY                   ADDRESS         REF BY
           =====                   =======         ======
           RFST                    000000E1 
    -------------------------------------------------------------------------
SFR_AN
  Relative segment, address: DATA 000000E9 - 000000E9 (0x1 bytes), align: 0
  Segment part 25. ROOT       Intra module refs:   RecvData
                                                   SendData
           ENTRY                   ADDRESS         REF BY
           =====                   =======         ======
           RFIRQF0                 000000E9 
    -------------------------------------------------------------------------
XDATA_I
  Relative segment, address: XDATA 0000167C - 00001683 (0x8 bytes), align: 0
  Segment part 110.           Intra module refs:   AM_Hot_start
           LOCAL                   ADDRESS         
           =====                   =======         
           HOT_MOD                 0000167C 
    -------------------------------------------------------------------------
XDATA_I
  Relative segment, address: XDATA 00001684 - 00001693 (0x10 bytes), align: 0
  Segment part 114.           Intra module refs:   AM_SW_Init
           LOCAL                   ADDRESS         
           =====                   =======         
           SW_MOD                  00001684 
    -------------------------------------------------------------------------
<BANKED_CODE> 1 (was BANKED_CODE)
  Relative segment, address: CODE 00000FDA - 0000109F (0xc6 bytes), align: 0
  Segment part 216.           Intra module refs:   AM_Hot_start::?relay
           ENTRY                   ADDRESS         REF BY
           =====                   =======         ======
           AM_Hot_start            00000FDA 
               calls direct
               XSTACK = 00000009 ( 00000010 )
    -------------------------------------------------------------------------
<BANKED_CODE> 1 (was BANKED_CODE)
  Relative segment, address: CODE 000010A0 - 0000115D (0xbe bytes), align: 0
  Segment part 220.           Intra module refs:   AM_SW_Init::?relay
           ENTRY                   ADDRESS         REF BY
           =====                   =======         ======
           AM_SW_Init              000010A0 
               calls direct
               XSTACK = 0000000A ( 00000010 )
    -------------------------------------------------------------------------
<BANKED_CODE> 1 (was BANKED_CODE)
  Relative segment, address: CODE 0000115E - 00001164 (0x7 bytes), align: 0
  Segment part 226.           Intra module refs:   __cli::?relay
           LOCAL                   ADDRESS         
           =====                   =======         
           __cli                   0000115E 
               XSTACK = 00000009 ( 00000000 )
    -------------------------------------------------------------------------
XDATA_Z
  Relative segment, address: XDATA 00000801 - 00000802 (0x2 bytes), align: 0
  Segment part 120.           Intra module refs:   AT_set_time
                                                   AT_time
                                                   AT_wait
                                                   calcCompareTime
           LOCAL                   ADDRESS         
           =====                   =======         
           TOFFSET                 00000801 
    -------------------------------------------------------------------------
XDATA_Z
  Relative segment, address: XDATA 00000803 - 00000806 (0x4 bytes), align: 0
  Segment part 121.           Intra module refs:   AT_set_alarm
                                                   AT_set_time
           LOCAL                   ADDRESS         
           =====                   =======         
           COMPARE_TIME            00000803 
    -------------------------------------------------------------------------
<BANKED_CODE> 1 (was BANKED_CODE)
  Relative segment, address: CODE 00001165 - 0000118F (0x2b bytes), align: 0
  Segment part 230.           Intra module refs:   AT_enable::?relay
           ENTRY                   ADDRESS         REF BY
           =====                   =======         ======
           AT_enable               00001165 
               calls direct
               XSTACK = 00000009 ( 00000009 )
    -------------------------------------------------------------------------
<BANKED_CODE> 1 (was BANKED_CODE)
  Relative segment, address: CODE 00001190 - 000011B1 (0x22 bytes), align: 0
  Segment part 232.           Intra module refs:   AT_interval::?relay
           ENTRY                   ADDRESS         REF BY
           =====                   =======         ======
           AT_interval             00001190 
               XSTACK = 0000000E ( 00000000 )
    -------------------------------------------------------------------------
<BANKED_CODE> 1 (was BANKED_CODE)
  Relative segment, address: CODE 000011B2 - 00001241 (0x90 bytes), align: 0
  Segment part 234.           Intra module refs:   AT_set_time::?relay
           ENTRY                   ADDRESS         REF BY
           =====                   =======         ======
           AT_set_time             000011B2 
               calls direct
               XSTACK = 0000000E ( 00000014 )
    -------------------------------------------------------------------------
<BANKED_CODE> 1 (was BANKED_CODE)
  Relative segment, address: CODE 00001242 - 00001278 (0x37 bytes), align: 0
  Segment part 236.           Intra module refs:   AT_time::?relay
           ENTRY                   ADDRESS         REF BY
           =====                   =======         ======
           AT_time                 00001242 
               calls direct
               XSTACK = 00000043 ( 00000010 )
    -------------------------------------------------------------------------
<BANKED_CODE> 1 (was BANKED_CODE)
  Relative segment, address: CODE 00001279 - 0000132A (0xb2 bytes), align: 0
  Segment part 238.           Intra module refs:   AT_wait::?relay
           ENTRY                   ADDRESS         REF BY
           =====                   =======         ======
           AT_wait                 00001279 
               calls direct
               XSTACK = 0000003F ( 00000012 )
    -------------------------------------------------------------------------
XDATA_Z
  Relative segment, address: XDATA 00000807 - 0000080A (0x4 bytes), align: 0
  Segment part 122.           Intra module refs:   AT_wait
           LOCAL                   ADDRESS         
           =====                   =======         
           AT_wait::val            00000807 
    -------------------------------------------------------------------------
<BANKED_CODE> 1 (was BANKED_CODE)
  Relative segment, address: CODE 0000132B - 0000133B (0x11 bytes), align: 0
  Segment part 240.           Intra module refs:   IRQEnable::?relay
           LOCAL                   ADDRESS         
           =====                   =======         
           IRQEnable               0000132B 
               XSTACK = 0000000F ( 00000000 )
    -------------------------------------------------------------------------
<BANKED_CODE> 1 (was BANKED_CODE)
  Relative segment, address: CODE 0000133C - 000013BD (0x82 bytes), align: 0
  Segment part 242.           Intra module refs:   AT_set_alarm::?relay
           ENTRY                   ADDRESS         REF BY
           =====                   =======         ======
           AT_set_alarm            0000133C 
               calls direct
               XSTACK = 0000000E ( 00000012 )
    -------------------------------------------------------------------------
<BANKED_CODE> 1 (was BANKED_CODE)
  Relative segment, address: CODE 000013BE - 0000147A (0xbd bytes), align: 0
  Segment part 244.           Intra module refs:   calcCompareTime::?relay
           LOCAL                   ADDRESS         
           =====                   =======         
           calcCompareTime         000013BE 
               calls direct
               XSTACK = 0000000C ( 00000016 )
               ISTACK = 00000000 ( 00000002 )
    -------------------------------------------------------------------------
<BANKED_CODE> 1 (was BANKED_CODE)
  Relative segment, address: CODE 0000147B - 000014B5 (0x3b bytes), align: 0
  Segment part 246.           Intra module refs:   ReadTimer::?relay
           LOCAL                   ADDRESS         
           =====                   =======         
           ReadTimer               0000147B 
               XSTACK = 00000016 ( 00000000 )
               ISTACK = 00000000 ( 00000002 )
    -------------------------------------------------------------------------
XDATA_Z
  Relative segment, address: XDATA 0000080B - 0000080E (0x4 bytes), align: 0
  Segment part 123.           Intra module refs:   ReadTimer
           LOCAL                   ADDRESS         
           =====                   =======         
           ReadTimer::ret_val      0000080B 
    -------------------------------------------------------------------------
<BANKED_CODE> 1 (was BANKED_CODE)
  Relative segment, address: CODE 000014B6 - 000014FB (0x46 bytes), align: 0
  Segment part 248.           Intra module refs:   loadTimerCompare::?relay
           LOCAL                   ADDRESS         
           =====                   =======         
           loadTimerCompare        000014B6 
               XSTACK = 0000000C ( 00000010 )
    -------------------------------------------------------------------------
<BANKED_CODE> 1 (was BANKED_CODE)
  Relative segment, address: CODE 000014FC - 00001500 (0x5 bytes), align: 0
  Segment part 250.           Intra module refs:   isIRQEnable::?relay
           LOCAL                   ADDRESS         
           =====                   =======         
           isIRQEnable             000014FC 
               XSTACK = 0000000E ( 00000000 )
    -------------------------------------------------------------------------
NEAR_CODE
  Relative segment, address: CODE 00000FB5 - 00000FD9 (0x25 bytes), align: 0
  Segment part 536.           Intra module refs:   TimerCompareInterrupt::??INTVEC 43
           ENTRY                   ADDRESS         REF BY
           =====                   =======         ======
           TimerCompareInterrupt   00000FB5 
               interrupt function
               calls direct
               XSTACK = 00000000 ( 0000000F )
    -------------------------------------------------------------------------
<BANKED_CODE> 1 (was BANKED_CODE)
  Relative segment, address: CODE 00001501 - 00001507 (0x7 bytes), align: 0
  Segment part 252.           Intra module refs:   __cli::?relay
           LOCAL                   ADDRESS         
           =====                   =======         
           __cli                   00001501 
               XSTACK = 0000000B ( 00000000 )
    -------------------------------------------------------------------------
<BANKED_CODE> 1 (was BANKED_CODE)
  Relative segment, address: CODE 00001508 - 00001526 (0x1f bytes), align: 0
  Segment part 254.           Intra module refs:   INIT_LIST_HEAD::?relay
           LOCAL                   ADDRESS         
           =====                   =======         
           INIT_LIST_HEAD          00001508 
               XSTACK = 00000009 ( 00000000 )
               ISTACK = 00000000 ( 00000002 )
    -------------------------------------------------------------------------
<BANKED_CODE> 1 (was BANKED_CODE)
  Relative segment, address: CODE 00001527 - 0000152A (0x4 bytes), align: 0
  Segment part 256.           Intra module refs:   __list_add_valid::?relay
           LOCAL                   ADDRESS         
           =====                   =======         
           __list_add_valid        00001527 
               XSTACK = 0000000E ( 00000000 )
    -------------------------------------------------------------------------
<BANKED_CODE> 1 (was BANKED_CODE)
  Relative segment, address: CODE 0000152B - 0000152E (0x4 bytes), align: 0
  Segment part 258.           Intra module refs:   __list_del_entry_valid::?relay
           LOCAL                   ADDRESS         
           =====                   =======         
           __list_del_entry_valid
                                   0000152B 
               XSTACK = 00000009 ( 00000000 )
    -------------------------------------------------------------------------
<BANKED_CODE> 1 (was BANKED_CODE)
  Relative segment, address: CODE 0000152F - 00001593 (0x65 bytes), align: 0
  Segment part 260.           Intra module refs:   __list_add::?relay
           LOCAL                   ADDRESS         
           =====                   =======         
           __list_add              0000152F 
               calls direct
               XSTACK = 0000000C ( 0000000E )
    -------------------------------------------------------------------------
<BANKED_CODE> 1 (was BANKED_CODE)
  Relative segment, address: CODE 00001594 - 000015BC (0x29 bytes), align: 0
  Segment part 262.           Intra module refs:   list_add::?relay
           LOCAL                   ADDRESS         
           =====                   =======         
           list_add                00001594 
               calls direct
               XSTACK = 0000000E ( 0000000C )
    -------------------------------------------------------------------------
<BANKED_CODE> 1 (was BANKED_CODE)
  Relative segment, address: CODE 000015BD - 000015DB (0x1f bytes), align: 0
  Segment part 264.           Intra module refs:   __list_del::?relay
           LOCAL                   ADDRESS         
           =====                   =======         
           __list_del              000015BD 
               XSTACK = 00000009 ( 00000000 )
               ISTACK = 00000000 ( 00000002 )
    -------------------------------------------------------------------------
<BANKED_CODE> 1 (was BANKED_CODE)
  Relative segment, address: CODE 000015DC - 00001609 (0x2e bytes), align: 0
  Segment part 266.           Intra module refs:   __list_del_entry::?relay
           LOCAL                   ADDRESS         
           =====                   =======         
           __list_del_entry        000015DC 
               calls direct
               XSTACK = 00000009 ( 00000009 )
    -------------------------------------------------------------------------
<BANKED_CODE> 1 (was BANKED_CODE)
  Relative segment, address: CODE 0000160A - 00001636 (0x2d bytes), align: 0
  Segment part 268.           Intra module refs:   list_del::?relay
           LOCAL                   ADDRESS         
           =====                   =======         
           list_del                0000160A 
               calls direct
               XSTACK = 0000000B ( 00000009 )
    -------------------------------------------------------------------------
<BANKED_CODE> 1 (was BANKED_CODE)
  Relative segment, address: CODE 00001637 - 0000165F (0x29 bytes), align: 0
  Segment part 270.           Intra module refs:   list_empty::?relay
           LOCAL                   ADDRESS         
           =====                   =======         
           list_empty              00001637 
               XSTACK = 0000000A ( 00000000 )
               ISTACK = 00000000 ( 00000002 )
    -------------------------------------------------------------------------
XDATA_I
  Relative segment, address: XDATA 00001694 - 0000169F (0xc bytes), align: 0
  Segment part 124.           Intra module refs:   Segment part 115
           ENTRY                   ADDRESS         REF BY
           =====                   =======         ======
           BF_MODULE               00001694 
    -------------------------------------------------------------------------
XDATA_Z
  Relative segment, address: XDATA 0000080F - 00000886 (0x78 bytes), align: 0
  Segment part 126.           Intra module refs:   SW_Init
                                                   find_free_node
           LOCAL                   ADDRESS         
           =====                   =======         
           NODE_LIST               0000080F 
    -------------------------------------------------------------------------
XDATA_I
  Relative segment, address: XDATA 000016A0 - 000016A3 (0x4 bytes), align: 0
  Segment part 127.           Intra module refs:   BF_cursor_tx
                                                   BF_push_tx
                                                   SW_Init
                                                   Segment part 128
           ENTRY                   ADDRESS         REF BY
           =====                   =======         ======
           TX_LIST_HEAD            000016A0 
    -------------------------------------------------------------------------
XDATA_I
  Relative segment, address: XDATA 000016A4 - 000016A7 (0x4 bytes), align: 0
  Segment part 129.           Intra module refs:   BF_cursor_rx
                                                   BF_push_rx
                                                   SW_Init
                                                   Segment part 130
           ENTRY                   ADDRESS         REF BY
           =====                   =======         ======
           RX_LIST_HEAD            000016A4 
    -------------------------------------------------------------------------
XDATA_Z
  Relative segment, address: XDATA 00000887 - 00000888 (0x2 bytes), align: 0
  Segment part 131.           Intra module refs:   BF_available
                                                   BF_push_tx
                                                   BF_remove
                                                   BF_tx_busy
                                                   SW_Init
           LOCAL                   ADDRESS         
           =====                   =======         
           TX_BUFF_FRAME_COUNT     00000887 
    -------------------------------------------------------------------------
XDATA_Z
  Relative segment, address: XDATA 00000889 - 0000088A (0x2 bytes), align: 0
  Segment part 132.           Intra module refs:   BF_available
                                                   BF_push_rx
                                                   BF_rx_busy
                                                   SW_Init
           LOCAL                   ADDRESS         
           =====                   =======         
           RX_BUFF_FRAME_COUNT     00000889 
    -------------------------------------------------------------------------
<BANKED_CODE> 1 (was BANKED_CODE)
  Relative segment, address: CODE 00001660 - 000016B6 (0x57 bytes), align: 0
  Segment part 272.           Intra module refs:   SW_Init::?relay
           LOCAL                   ADDRESS         
           =====                   =======         
           SW_Init                 00001660 
               calls direct, is indirectly called
               XSTACK = 00000000 ( 00000009 )
    -------------------------------------------------------------------------
<BANKED_CODE> 1 (was BANKED_CODE)
  Relative segment, address: CODE 000016B7 - 000016C9 (0x13 bytes), align: 0
  Segment part 274.           Intra module refs:   BF_rx_busy::?relay
           ENTRY                   ADDRESS         REF BY
           =====                   =======         ======
           BF_rx_busy              000016B7 
               XSTACK = 0000003A ( 00000000 )
               ISTACK = 00000000 ( 00000002 )
    -------------------------------------------------------------------------
<BANKED_CODE> 1 (was BANKED_CODE)
  Relative segment, address: CODE 000016CA - 000016DC (0x13 bytes), align: 0
  Segment part 276.           Intra module refs:   BF_tx_busy::?relay
           ENTRY                   ADDRESS         REF BY
           =====                   =======         ======
           BF_tx_busy              000016CA 
               XSTACK = 0000003A ( 00000000 )
               ISTACK = 00000000 ( 00000002 )
    -------------------------------------------------------------------------
<BANKED_CODE> 1 (was BANKED_CODE)
  Relative segment, address: CODE 000016DD - 00001746 (0x6a bytes), align: 0
  Segment part 278.           Intra module refs:   BF_available::?relay
           ENTRY                   ADDRESS         REF BY
           =====                   =======         ======
           BF_available            000016DD 
               calls direct
               XSTACK = 0000003A ( 00000010 )
    -------------------------------------------------------------------------
<BANKED_CODE> 1 (was BANKED_CODE)
  Relative segment, address: CODE 00001747 - 00001787 (0x41 bytes), align: 0
  Segment part 280.           Intra module refs:   find_free_node::?relay
           LOCAL                   ADDRESS         
           =====                   =======         
           find_free_node          00001747 
               calls direct
               XSTACK = 0000000E ( 00000009 )
    -------------------------------------------------------------------------
<BANKED_CODE> 1 (was BANKED_CODE)
  Relative segment, address: CODE 00001788 - 00001802 (0x7b bytes), align: 0
  Segment part 282.           Intra module refs:   _push::?relay
           LOCAL                   ADDRESS         
           =====                   =======         
           _push                   00001788 
               calls direct
               XSTACK = 00000009 ( 00000014 )
    -------------------------------------------------------------------------
<BANKED_CODE> 1 (was BANKED_CODE)
  Relative segment, address: CODE 00001803 - 00001847 (0x45 bytes), align: 0
  Segment part 284.           Intra module refs:   BF_push_tx::?relay
           ENTRY                   ADDRESS         REF BY
           =====                   =======         ======
           BF_push_tx              00001803 
               calls direct
               XSTACK = 0000003A ( 00000009 )
    -------------------------------------------------------------------------
<BANKED_CODE> 1 (was BANKED_CODE)
  Relative segment, address: CODE 00001848 - 0000188C (0x45 bytes), align: 0
  Segment part 286.           Intra module refs:   BF_push_rx::?relay
           ENTRY                   ADDRESS         REF BY
           =====                   =======         ======
           BF_push_rx              00001848 
               calls direct
               XSTACK = 0000003A ( 00000009 )
    -------------------------------------------------------------------------
<BANKED_CODE> 1 (was BANKED_CODE)
  Relative segment, address: CODE 0000188D - 000018D9 (0x4d bytes), align: 0
  Segment part 288.           Intra module refs:   BF_cursor_rx::?relay
           ENTRY                   ADDRESS         REF BY
           =====                   =======         ======
           BF_cursor_rx            0000188D 
               calls direct
               XSTACK = 0000003A ( 0000000A )
    -------------------------------------------------------------------------
<BANKED_CODE> 1 (was BANKED_CODE)
  Relative segment, address: CODE 000018DA - 00001926 (0x4d bytes), align: 0
  Segment part 290.           Intra module refs:   BF_cursor_tx::?relay
           ENTRY                   ADDRESS         REF BY
           =====                   =======         ======
           BF_cursor_tx            000018DA 
               calls direct
               XSTACK = 0000003A ( 0000000A )
    -------------------------------------------------------------------------
<BANKED_CODE> 1 (was BANKED_CODE)
  Relative segment, address: CODE 00001927 - 00001981 (0x5b bytes), align: 0
  Segment part 292.           Intra module refs:   BF_cursor_next::?relay
           ENTRY                   ADDRESS         REF BY
           =====                   =======         ======
           BF_cursor_next          00001927 
               calls direct
               XSTACK = 0000003A ( 0000000B )
    -------------------------------------------------------------------------
<BANKED_CODE> 1 (was BANKED_CODE)
  Relative segment, address: CODE 00001982 - 000019D6 (0x55 bytes), align: 0
  Segment part 294.           Intra module refs:   BF_remove::?relay
           ENTRY                   ADDRESS         REF BY
           =====                   =======         ======
           BF_remove               00001982 
               calls direct
               XSTACK = 0000003A ( 0000000B )
    -------------------------------------------------------------------------
<BANKED_CODE> 1 (was BANKED_CODE)
  Relative segment, address: CODE 000019D7 - 000019F8 (0x22 bytes), align: 0
  Segment part 296.           Intra module refs:   BF_content::?relay
           ENTRY                   ADDRESS         REF BY
           =====                   =======         ======
           BF_content              000019D7 
               XSTACK = 0000003A ( 00000000 )
               ISTACK = 00000000 ( 00000002 )
    -------------------------------------------------------------------------
<BANKED_CODE> 1 (was BANKED_CODE)
  Relative segment, address: CODE 000019F9 - 00001C70 (0x278 bytes), align: 0
  Segment part 300.           Intra module refs:   AES_StreamCoder::?relay
           ENTRY                   ADDRESS         REF BY
           =====                   =======         ======
           AES_StreamCoder         000019F9 
               calls direct
               XSTACK = 0000003F ( 0000002B )
    -------------------------------------------------------------------------
<BANKED_CODE> 1 (was BANKED_CODE)
  Relative segment, address: CODE 00001C71 - 00001C72 (0x2 bytes), align: 0
  Segment part 316.           Intra module refs:   DBG_CORE_HALT::?relay
           ENTRY                   ADDRESS         REF BY
           =====                   =======         ======
           DBG_CORE_HALT           00001C71 
               XSTACK = 0000003F ( 00000000 )
    -------------------------------------------------------------------------
XDATA_Z
  Relative segment, address: XDATA 0000088B - 000008B2 (0x28 bytes), align: 0
  Segment part 142.           Intra module refs:   AES_StreamCoder
           ENTRY                   ADDRESS         REF BY
           =====                   =======         ======
           DMA_CH                  0000088B 
    -------------------------------------------------------------------------
XDATA_I
  Relative segment, address: XDATA 000016A8 - 000016B3 (0xc bytes), align: 0
  Segment part 143.           Intra module refs:   Segment part 115
           ENTRY                   ADDRESS         REF BY
           =====                   =======         ======
           FR_MODULE               000016A8 
    -------------------------------------------------------------------------
<BANKED_CODE> 1 (was BANKED_CODE)
  Relative segment, address: CODE 00001C73 - 00001C75 (0x3 bytes), align: 0
  Segment part 322.           Intra module refs:   SW_Init::?relay
           LOCAL                   ADDRESS         
           =====                   =======         
           SW_Init                 00001C73 
               is indirectly called
    -------------------------------------------------------------------------
<BANKED_CODE> 1 (was BANKED_CODE)
  Relative segment, address: CODE 00001C76 - 00001C83 (0xe bytes), align: 0
  Segment part 324.           Intra module refs:   FR_create::?relay
           ENTRY                   ADDRESS         REF BY
           =====                   =======         ======
           FR_create               00001C76 
               calls direct
               XSTACK = 0000003A ( 00000000 )
               ISTACK = 00000000 ( 00000002 )
    -------------------------------------------------------------------------
<BANKED_CODE> 1 (was BANKED_CODE)
  Relative segment, address: CODE 00001C84 - 00001C98 (0x15 bytes), align: 0
  Segment part 326.           Intra module refs:   FR_delete::?relay
           ENTRY                   ADDRESS         REF BY
           =====                   =======         ======
           FR_delete               00001C84 
               calls direct
               XSTACK = 00000047 ( 00000009 )
    -------------------------------------------------------------------------
<BANKED_CODE> 1 (was BANKED_CODE)
  Relative segment, address: CODE 00001C99 - 00001D6B (0xd3 bytes), align: 0
  Segment part 328.           Intra module refs:   FR_add_header::?relay
           ENTRY                   ADDRESS         REF BY
           =====                   =======         ======
           FR_add_header           00001C99 
               calls direct
               XSTACK = 00000024 ( 00000017 )
               ISTACK = 00000000 ( 00000001 )
    -------------------------------------------------------------------------
<BANKED_CODE> 1 (was BANKED_CODE)
  Relative segment, address: CODE 00001D6C - 00001E1E (0xb3 bytes), align: 0
  Segment part 330.           Intra module refs:   FR_del_header::?relay
           ENTRY                   ADDRESS         REF BY
           =====                   =======         ======
           FR_del_header           00001D6C 
               calls direct
               XSTACK = 00000016 ( 00000012 )
               ISTACK = 00000000 ( 00000001 )
    -------------------------------------------------------------------------
XDATA_ROM_C
  Relative segment, address: XDATA 000018BB - 000018BE (0x4 bytes), align: 0
  Segment part 145.           Intra module refs:   FR_del_header
    -------------------------------------------------------------------------
<BANKED_CODE> 1 (was BANKED_CODE)
  Relative segment, address: CODE 00001E1F - 00001E2C (0xe bytes), align: 0
  Segment part 332.           Intra module refs:   FR_busy::?relay
           ENTRY                   ADDRESS         REF BY
           =====                   =======         ======
           FR_busy                 00001E1F 
               calls direct
               XSTACK = 00000034 ( 00000000 )
               ISTACK = 00000000 ( 00000002 )
    -------------------------------------------------------------------------
<BANKED_CODE> 1 (was BANKED_CODE)
  Relative segment, address: CODE 00001E2D - 00001E3A (0xe bytes), align: 0
  Segment part 334.           Intra module refs:   FR_available::?relay
           ENTRY                   ADDRESS         REF BY
           =====                   =======         ======
           FR_available            00001E2D 
               calls direct
               XSTACK = 00000034 ( 00000000 )
               ISTACK = 00000000 ( 00000002 )
    -------------------------------------------------------------------------
XDATA_I
  Relative segment, address: XDATA 000016B4 - 000016BF (0xc bytes), align: 0
  Segment part 146.           Intra module refs:   Segment part 111
           ENTRY                   ADDRESS         REF BY
           =====                   =======         ======
           LED_MODULE              000016B4 
    -------------------------------------------------------------------------
<BANKED_CODE> 1 (was BANKED_CODE)
  Relative segment, address: CODE 00001E3B - 00001E3D (0x3 bytes), align: 0
  Segment part 336.           Intra module refs:   HW_Init::?relay
           LOCAL                   ADDRESS         
           =====                   =======         
           HW_Init                 00001E3B 
               is indirectly called
    -------------------------------------------------------------------------
<BANKED_CODE> 1 (was BANKED_CODE)
  Relative segment, address: CODE 00001E3E - 00001E40 (0x3 bytes), align: 0
  Segment part 338.           Intra module refs:   SW_Init::?relay
           LOCAL                   ADDRESS         
           =====                   =======         
           SW_Init                 00001E3E 
               is indirectly called
    -------------------------------------------------------------------------
<BANKED_CODE> 1 (was BANKED_CODE)
  Relative segment, address: CODE 00001E41 - 00001E43 (0x3 bytes), align: 0
  Segment part 340.           Intra module refs:   Cold_Start::?relay
           LOCAL                   ADDRESS         
           =====                   =======         
           Cold_Start              00001E41 
               is indirectly called
    -------------------------------------------------------------------------
<BANKED_CODE> 1 (was BANKED_CODE)
  Relative segment, address: CODE 00001E44 - 00001E46 (0x3 bytes), align: 0
  Segment part 342.           Intra module refs:   Hot_Start::?relay
           LOCAL                   ADDRESS         
           =====                   =======         
           Hot_Start               00001E44 
               is indirectly called
    -------------------------------------------------------------------------
XDATA_I
  Relative segment, address: XDATA 000016C0 - 000016CB (0xc bytes), align: 0
  Segment part 148.           Intra module refs:   Segment part 111
                                                   Segment part 115
           ENTRY                   ADDRESS         REF BY
           =====                   =======         ======
           LLC_MODULE              000016C0 
    -------------------------------------------------------------------------
<BANKED_CODE> 1 (was BANKED_CODE)
  Relative segment, address: CODE 00001E47 - 00001E49 (0x3 bytes), align: 0
  Segment part 344.           Intra module refs:   SW_Init::?relay
           LOCAL                   ADDRESS         
           =====                   =======         
           SW_Init                 00001E47 
               is indirectly called
    -------------------------------------------------------------------------
<BANKED_CODE> 1 (was BANKED_CODE)
  Relative segment, address: CODE 00001E4A - 00001E4C (0x3 bytes), align: 0
  Segment part 346.           Intra module refs:   Cold_Start::?relay
           LOCAL                   ADDRESS         
           =====                   =======         
           Cold_Start              00001E4A 
               is indirectly called
    -------------------------------------------------------------------------
<BANKED_CODE> 1 (was BANKED_CODE)
  Relative segment, address: CODE 00001E4D - 00001E4F (0x3 bytes), align: 0
  Segment part 348.           Intra module refs:   Hot_Start::?relay
           LOCAL                   ADDRESS         
           =====                   =======         
           Hot_Start               00001E4D 
               is indirectly called
    -------------------------------------------------------------------------
XDATA_I
  Relative segment, address: XDATA 000016CC - 000016D7 (0xc bytes), align: 0
  Segment part 150.           Intra module refs:   Segment part 115
           ENTRY                   ADDRESS         REF BY
           =====                   =======         ======
           MAC_MODULE              000016CC 
    -------------------------------------------------------------------------
<BANKED_CODE> 1 (was BANKED_CODE)
  Relative segment, address: CODE 00001E50 - 00001E52 (0x3 bytes), align: 0
  Segment part 350.           Intra module refs:   SW_Init::?relay
           LOCAL                   ADDRESS         
           =====                   =======         
           SW_Init                 00001E50 
               is indirectly called
    -------------------------------------------------------------------------
<BANKED_CODE> 1 (was BANKED_CODE)
  Relative segment, address: CODE 00001E53 - 00001E57 (0x5 bytes), align: 0
  Segment part 352.
           ENTRY                   ADDRESS         REF BY
           =====                   =======         ======
           main                    00001E53        ?call_main (?cmain)
               calls direct
    -------------------------------------------------------------------------
<BANKED_CODE> 1 (was BANKED_CODE)
  Relative segment, address: CODE 00001E58 - 00001E93 (0x3c bytes), align: 0
  Segment part 354.           Intra module refs:   is_array_ptr::?relay
           LOCAL                   ADDRESS         
           =====                   =======         
           is_array_ptr            00001E58 
               XSTACK = 0000000E ( 0000000C )
    -------------------------------------------------------------------------
<BANKED_CODE> 1 (was BANKED_CODE)
  Relative segment, address: CODE 00001E94 - 00001EC3 (0x30 bytes), align: 0
  Segment part 356.           Intra module refs:   array_index::?relay
           LOCAL                   ADDRESS         
           =====                   =======         
           array_index             00001E94 
               XSTACK = 0000000E ( 0000000C )
    -------------------------------------------------------------------------
<BANKED_CODE> 1 (was BANKED_CODE)
  Relative segment, address: CODE 00001EC4 - 00001ECA (0x7 bytes), align: 0
  Segment part 358.           Intra module refs:   __cli::?relay
           LOCAL                   ADDRESS         
           =====                   =======         
           __cli                   00001EC4 
               XSTACK = 0000000D ( 00000000 )
    -------------------------------------------------------------------------
XDATA_I
  Relative segment, address: XDATA 000016D8 - 000016E3 (0xc bytes), align: 0
  Segment part 152.           Intra module refs:   Segment part 115
           ENTRY                   ADDRESS         REF BY
           =====                   =======         ======
           MS_MODULE               000016D8 
    -------------------------------------------------------------------------
XDATA_Z
  Relative segment, address: XDATA 000008B3 - 000014A6 (0xbf4 bytes), align: 0
  Segment part 154.           Intra module refs:   SL_alloc
                                                   SL_zone_check
                                                   SW_Init
                                                   _free
           LOCAL                   ADDRESS         
           =====                   =======         
           SLOT_POOL               000008B3 
    -------------------------------------------------------------------------
XDATA_Z
  Relative segment, address: XDATA 000014A7 - 000014A8 (0x2 bytes), align: 0
  Segment part 155.           Intra module refs:   SL_alloc
                                                   SL_available
                                                   SL_busy
                                                   SW_Init
                                                   _free
           LOCAL                   ADDRESS         
           =====                   =======         
           slot_busy               000014A7 
    -------------------------------------------------------------------------
<BANKED_CODE> 1 (was BANKED_CODE)
  Relative segment, address: CODE 00001ECB - 00001F3F (0x75 bytes), align: 0
  Segment part 360.           Intra module refs:   SW_Init::?relay
           LOCAL                   ADDRESS         
           =====                   =======         
           SW_Init                 00001ECB 
               calls direct, is indirectly called
               XSTACK = 00000000 ( 0000000D )
    -------------------------------------------------------------------------
XDATA_ROM_C
  Relative segment, address: XDATA 000018BF - 000018C2 (0x4 bytes), align: 0
  Segment part 156.           Intra module refs:   SW_Init
    -------------------------------------------------------------------------
<BANKED_CODE> 1 (was BANKED_CODE)
  Relative segment, address: CODE 00001F40 - 00001FD0 (0x91 bytes), align: 0
  Segment part 362.           Intra module refs:   SL_alloc::?relay
           ENTRY                   ADDRESS         REF BY
           =====                   =======         ======
           SL_alloc                00001F40 
               calls direct
               XSTACK = 00000034 ( 0000000D )
    -------------------------------------------------------------------------
XDATA_ROM_C
  Relative segment, address: XDATA 000018C3 - 000018C6 (0x4 bytes), align: 0
  Segment part 157.           Intra module refs:   SL_alloc
    -------------------------------------------------------------------------
<BANKED_CODE> 1 (was BANKED_CODE)
  Relative segment, address: CODE 00001FD1 - 00002058 (0x88 bytes), align: 0
  Segment part 364.           Intra module refs:   _free::?relay
           LOCAL                   ADDRESS         
           =====                   =======         
           _free                   00001FD1 
               calls direct
               XSTACK = 00000009 ( 0000000E )
    -------------------------------------------------------------------------
<BANKED_CODE> 1 (was BANKED_CODE)
  Relative segment, address: CODE 00002059 - 00002089 (0x31 bytes), align: 0
  Segment part 366.           Intra module refs:   SL_free::?relay
           ENTRY                   ADDRESS         REF BY
           =====                   =======         ======
           SL_free                 00002059 
               calls direct
               XSTACK = 00000034 ( 00000009 )
    -------------------------------------------------------------------------
<BANKED_CODE> 1 (was BANKED_CODE)
  Relative segment, address: CODE 0000208A - 000020E4 (0x5b bytes), align: 0
  Segment part 368.           Intra module refs:   SL_busy::?relay
           ENTRY                   ADDRESS         REF BY
           =====                   =======         ======
           SL_busy                 0000208A 
               calls direct
               XSTACK = 00000034 ( 00000010 )
    -------------------------------------------------------------------------
<BANKED_CODE> 1 (was BANKED_CODE)
  Relative segment, address: CODE 000020E5 - 00002148 (0x64 bytes), align: 0
  Segment part 370.           Intra module refs:   SL_available::?relay
           ENTRY                   ADDRESS         REF BY
           =====                   =======         ======
           SL_available            000020E5 
               calls direct
               XSTACK = 00000034 ( 00000010 )
    -------------------------------------------------------------------------
<BANKED_CODE> 1 (was BANKED_CODE)
  Relative segment, address: CODE 00002149 - 00002194 (0x4c bytes), align: 0
  Segment part 372.           Intra module refs:   SL_zone_check::?relay
           ENTRY                   ADDRESS         REF BY
           =====                   =======         ======
           SL_zone_check           00002149 
               XSTACK = 00000010 ( 00000000 )
               ISTACK = 00000000 ( 00000002 )
    -------------------------------------------------------------------------
<BANKED_CODE> 1 (was BANKED_CODE)
  Relative segment, address: CODE 00002195 - 00002208 (0x74 bytes), align: 0
  Segment part 374.           Intra module refs:   MEM_memcpy::?relay
           ENTRY                   ADDRESS         REF BY
           =====                   =======         ======
           MEM_memcpy              00002195 
               XSTACK = 00000029 ( 00000000 )
               ISTACK = 00000000 ( 00000003 )
    -------------------------------------------------------------------------
<BANKED_CODE> 1 (was BANKED_CODE)
  Relative segment, address: CODE 00002209 - 00002257 (0x4f bytes), align: 0
  Segment part 376.           Intra module refs:   MEM_memset::?relay
           ENTRY                   ADDRESS         REF BY
           =====                   =======         ======
           MEM_memset              00002209 
               XSTACK = 00000029 ( 00000000 )
               ISTACK = 00000000 ( 00000003 )
    -------------------------------------------------------------------------
XDATA_Z
  Relative segment, address: XDATA 000014A9 - 00001537 (0x8f bytes), align: 0
  Segment part 158.           Intra module refs:   AES_StreamCoder
                                                   Hot_Start
                                                   RI_Receive
                                                   RI_Send
                                                   RI_SetChannel
                                                   RecvData
                                                   SW_Init
                                                   SendData
                                                   TM_IRQ
                                                   accept_sync_data
                                                   mode_0_process
                                                   mode_0_receive_process
                                                   mode_1_process
                                                   pre_config
                                                   recv_sync
                                                   send_sync
                                                   setFreq
                                                   validate_sync
           ENTRY                   ADDRESS         REF BY
           =====                   =======         ======
           MODEL                   000014A9 
    -------------------------------------------------------------------------
XDATA_I
  Relative segment, address: XDATA 000016E4 - 000016EF (0xc bytes), align: 0
  Segment part 159.           Intra module refs:   Segment part 115
           ENTRY                   ADDRESS         REF BY
           =====                   =======         ======
           MD_MODULE               000016E4 
    -------------------------------------------------------------------------
<BANKED_CODE> 1 (was BANKED_CODE)
  Relative segment, address: CODE 00002258 - 0000225A (0x3 bytes), align: 0
  Segment part 378.           Intra module refs:   HW_Init::?relay
           LOCAL                   ADDRESS         
           =====                   =======         
           HW_Init                 00002258 
               is indirectly called
    -------------------------------------------------------------------------
<BANKED_CODE> 1 (was BANKED_CODE)
  Relative segment, address: CODE 0000225B - 0000225D (0x3 bytes), align: 0
  Segment part 380.           Intra module refs:   SW_Init::?relay
           LOCAL                   ADDRESS         
           =====                   =======         
           SW_Init                 0000225B 
               is indirectly called
    -------------------------------------------------------------------------
<BANKED_CODE> 1 (was BANKED_CODE)
  Relative segment, address: CODE 0000225E - 00002260 (0x3 bytes), align: 0
  Segment part 382.           Intra module refs:   Sleep::?relay
           LOCAL                   ADDRESS         
           =====                   =======         
           Sleep                   0000225E 
               is indirectly called
    -------------------------------------------------------------------------
<BANKED_CODE> 1 (was BANKED_CODE)
  Relative segment, address: CODE 00002261 - 00002263 (0x3 bytes), align: 0
  Segment part 384.           Intra module refs:   Wakeup::?relay
           LOCAL                   ADDRESS         
           =====                   =======         
           Wakeup                  00002261 
               is indirectly called
    -------------------------------------------------------------------------
<BANKED_CODE> 1 (was BANKED_CODE)
  Relative segment, address: CODE 00002264 - 00002266 (0x3 bytes), align: 0
  Segment part 386.           Intra module refs:   Cold_Start::?relay
[...]
    -------------------------------------------------------------------------
<BANKED_CODE> 1 (was BANKED_CODE)
  Relative segment, address: CODE 00004A10 - 00004A19 (0xa bytes), align: 0
  Segment part 34.            Intra module refs:   Segment part 31
                                                   Segment part 33
    -------------------------------------------------------------------------
<BANKED_CODE> 1 (was BANKED_CODE)
  Relative segment, address: CODE 00004A1A - 00004A22 (0x9 bytes), align: 0
  Segment part 35.            Intra module refs:   _PrintfSmallNoMb
    -------------------------------------------------------------------------
<BANKED_CODE> 1 (was BANKED_CODE)
  Relative segment, address: CODE 00004A23 - 00004A9B (0x79 bytes), align: 0
  Segment part 36.            Intra module refs:   pad::?relay
           LOCAL                   ADDRESS         
           =====                   =======         
           pad                     00004A23 
               calls direct
               XSTACK = 00000044 ( 00000015 )
               ISTACK = 00000000 ( 00000001 )
    -------------------------------------------------------------------------
<BANKED_CODE> 1 (was BANKED_CODE)
  Relative segment, address: CODE 00004A9C - 00004A9E (0x3 bytes), align: 0
  Segment part 38.            Intra module refs:   _LitobSmallNoMb
                                                   pad
    -------------------------------------------------------------------------
<BANKED_CODE> 1 (was BANKED_CODE)
  Relative segment, address: CODE 00004A9F - 00004AA3 (0x5 bytes), align: 0
  Segment part 39.            Intra module refs:   Segment part 38
                                                   _PutcharsSmallNoMb
    -------------------------------------------------------------------------
<BANKED_CODE> 1 (was BANKED_CODE)
  Relative segment, address: CODE 00004AA4 - 00004DE3 (0x340 bytes), align: 0
  Segment part 40.            Intra module refs:   _LitobSmallNoMb::?relay
           LOCAL                   ADDRESS         
           =====                   =======         
           _LitobSmallNoMb         00004AA4 
               XSTACK = 00000042 ( 00000023 )
               ISTACK = 00000000 ( 00000002 )
    -------------------------------------------------------------------------
<BANKED_CODE> 1 (was BANKED_CODE)
  Relative segment, address: CODE 00004DE4 - 00004DE5 (0x2 bytes), align: 0
  Segment part 42.            Intra module refs:   _PrintfSmallNoMb
                                                   _PutcharsSmallNoMb
    -------------------------------------------------------------------------
<BANKED_CODE> 1 (was BANKED_CODE)
  Relative segment, address: CODE 00004DE6 - 00004DED (0x8 bytes), align: 0
  Segment part 43.            Intra module refs:   Segment part 42
                                                   _LitobSmallNoMb
                                                   _PrintfSmallNoMb
    -------------------------------------------------------------------------
<BANKED_CODE> 1 (was BANKED_CODE)
  Relative segment, address: CODE 00004DEE - 00004DF2 (0x5 bytes), align: 0
  Segment part 44.            Intra module refs:   _LitobSmallNoMb
    -------------------------------------------------------------------------
<BANKED_CODE> 1 (was BANKED_CODE)
  Relative segment, address: CODE 00004DF3 - 00004DF6 (0x4 bytes), align: 0
  Segment part 45.            Intra module refs:   _LitobSmallNoMb
    -------------------------------------------------------------------------
<BANKED_CODE> 1 (was BANKED_CODE)
  Relative segment, address: CODE 00004DF7 - 00004DFF (0x9 bytes), align: 0
  Segment part 46.            Intra module refs:   Segment part 45
                                                   Segment part 54
    -------------------------------------------------------------------------
<BANKED_CODE> 1 (was BANKED_CODE)
  Relative segment, address: CODE 00004E00 - 00004E05 (0x6 bytes), align: 0
  Segment part 47.            Intra module refs:   _LitobSmallNoMb
                                                   _PrintfSmallNoMb
    -------------------------------------------------------------------------
<BANKED_CODE> 1 (was BANKED_CODE)
  Relative segment, address: CODE 00004E06 - 00004E09 (0x4 bytes), align: 0
  Segment part 48.            Intra module refs:   _LitobSmallNoMb
                                                   _PrintfSmallNoMb
    -------------------------------------------------------------------------
<BANKED_CODE> 1 (was BANKED_CODE)
  Relative segment, address: CODE 00004E0A - 00004E0D (0x4 bytes), align: 0
  Segment part 49.            Intra module refs:   Segment part 48
                                                   Segment part 62
    -------------------------------------------------------------------------
<BANKED_CODE> 1 (was BANKED_CODE)
  Relative segment, address: CODE 00004E0E - 00004E16 (0x9 bytes), align: 0
  Segment part 50.            Intra module refs:   Segment part 22
                                                   Segment part 49
    -------------------------------------------------------------------------
<BANKED_CODE> 1 (was BANKED_CODE)
  Relative segment, address: CODE 00004E17 - 00004E1C (0x6 bytes), align: 0
  Segment part 51.            Intra module refs:   _LitobSmallNoMb
                                                   _PrintfSmallNoMb
                                                   _PutcharSmallNoMb
    -------------------------------------------------------------------------
<BANKED_CODE> 1 (was BANKED_CODE)
  Relative segment, address: CODE 00004E1D - 00004E20 (0x4 bytes), align: 0
  Segment part 52.            Intra module refs:   _LitobSmallNoMb
    -------------------------------------------------------------------------
<BANKED_CODE> 1 (was BANKED_CODE)
  Relative segment, address: CODE 00004E21 - 00004E24 (0x4 bytes), align: 0
  Segment part 53.            Intra module refs:   Segment part 26
                                                   Segment part 27
                                                   Segment part 52
                                                   Segment part 55
    -------------------------------------------------------------------------
<BANKED_CODE> 1 (was BANKED_CODE)
  Relative segment, address: CODE 00004E25 - 00004E29 (0x5 bytes), align: 0
  Segment part 54.            Intra module refs:   Segment part 29
                                                   Segment part 53
    -------------------------------------------------------------------------
<BANKED_CODE> 1 (was BANKED_CODE)
  Relative segment, address: CODE 00004E2A - 00004E2F (0x6 bytes), align: 0
  Segment part 55.            Intra module refs:   _LitobSmallNoMb
    -------------------------------------------------------------------------
<BANKED_CODE> 1 (was BANKED_CODE)
  Relative segment, address: CODE 00004E30 - 00004E42 (0x13 bytes), align: 0
  Segment part 56.            Intra module refs:   _LitobSmallNoMb
    -------------------------------------------------------------------------
<BANKED_CODE> 1 (was BANKED_CODE)
  Relative segment, address: CODE 00004E43 - 00004E47 (0x5 bytes), align: 0
  Segment part 57.            Intra module refs:   _LitobSmallNoMb
                                                   _PrintfSmallNoMb
    -------------------------------------------------------------------------
<BANKED_CODE> 1 (was BANKED_CODE)
  Relative segment, address: CODE 00004E48 - 00004E4A (0x3 bytes), align: 0
  Segment part 58.            Intra module refs:   _LitobSmallNoMb
                                                   _PrintfSmallNoMb
    -------------------------------------------------------------------------
<BANKED_CODE> 1 (was BANKED_CODE)
  Relative segment, address: CODE 00004E4B - 00004E50 (0x6 bytes), align: 0
  Segment part 59.            Intra module refs:   Segment part 58
                                                   _LitobSmallNoMb
                                                   _PrintfSmallNoMb
    -------------------------------------------------------------------------
<BANKED_CODE> 1 (was BANKED_CODE)
  Relative segment, address: CODE 00004E51 - 00004E54 (0x4 bytes), align: 0
  Segment part 60.            Intra module refs:   Segment part 31
                                                   Segment part 58
    -------------------------------------------------------------------------
<BANKED_CODE> 1 (was BANKED_CODE)
  Relative segment, address: CODE 00004E55 - 00004E5D (0x9 bytes), align: 0
  Segment part 61.            Intra module refs:   Segment part 33
                                                   Segment part 60
    -------------------------------------------------------------------------
<BANKED_CODE> 1 (was BANKED_CODE)
  Relative segment, address: CODE 00004E5E - 00004E60 (0x3 bytes), align: 0
  Segment part 62.            Intra module refs:   _PrintfSmallNoMb
    -------------------------------------------------------------------------
<BANKED_CODE> 1 (was BANKED_CODE)
  Relative segment, address: CODE 00004E61 - 00004E66 (0x6 bytes), align: 0
  Segment part 63.            Intra module refs:   Segment part 62
                                                   _LitobSmallNoMb
                                                   _PrintfSmallNoMb
                                                   _PutcharSmallNoMb
    -------------------------------------------------------------------------
<BANKED_CODE> 1 (was BANKED_CODE)
  Relative segment, address: CODE 00004E67 - 00004EBA (0x54 bytes), align: 0
  Segment part 64.            Intra module refs:   _PutcharSmallNoMb::?relay
           LOCAL                   ADDRESS         
           =====                   =======         
           _PutcharSmallNoMb       00004E67 
               XSTACK = 00000042 ( 0000000E )
    -------------------------------------------------------------------------
<BANKED_CODE> 1 (was BANKED_CODE)
  Relative segment, address: CODE 00004EBB - 00004EC3 (0x9 bytes), align: 0
  Segment part 66.            Intra module refs:   _PrintfSmallNoMb
                                                   _PutcharSmallNoMb
    -------------------------------------------------------------------------
<BANKED_CODE> 1 (was BANKED_CODE)
  Relative segment, address: CODE 00004EC4 - 00004F1E (0x5b bytes), align: 0
  Segment part 67.            Intra module refs:   _PutcharsSmallNoMb::?relay
           LOCAL                   ADDRESS         
           =====                   =======         
           _PutcharsSmallNoMb      00004EC4 
               calls direct
               XSTACK = 00000046 ( 00000010 )
    -------------------------------------------------------------------------
XDATA_ID
  Relative segment, address: CODE 000002EB - 000002F1 (0x7 bytes), align: 0
  Segment part 7.             Intra module refs:   Segment part 6
    -------------------------------------------------------------------------
XDATA_ID
  Relative segment, address: CODE 000002F2 - 000002F5 (0x4 bytes), align: 0
  Segment part 9.             Intra module refs:   __Constant_ffff
    -------------------------------------------------------------------------
XDATA_ID
  Relative segment, address: CODE 000002F6 - 000002F9 (0x4 bytes), align: 0
  Segment part 11.            Intra module refs:   __Constant_0
    -------------------------------------------------------------------------
BANK_RELAYS
  Relative segment, address: CODE 00000648 - 0000064D (0x6 bytes), align: 0
  Segment part 13.
           ENTRY                   ADDRESS         REF BY
           =====                   =======         ======
           _PrintfSmallNoMb::?relay
                                   00000648        printf (?printf)
    -------------------------------------------------------------------------
BANK_RELAYS
  Relative segment, address: CODE 0000064E - 00000653 (0x6 bytes), align: 0
  Segment part 37.            Intra module refs:   _PrintfSmallNoMb
           LOCAL                   ADDRESS         
           =====                   =======         
           pad::?relay             0000064E 
    -------------------------------------------------------------------------
BANK_RELAYS
  Relative segment, address: CODE 00000654 - 00000659 (0x6 bytes), align: 0
  Segment part 41.            Intra module refs:   _PrintfSmallNoMb
           LOCAL                   ADDRESS         
           =====                   =======         
           _LitobSmallNoMb::?relay
                                   00000654 
    -------------------------------------------------------------------------
BANK_RELAYS
  Relative segment, address: CODE 0000065A - 0000065F (0x6 bytes), align: 0
  Segment part 65.            Intra module refs:   _PrintfSmallNoMb
                                                   _PutcharsSmallNoMb
           LOCAL                   ADDRESS         
           =====                   =======         
           _PutcharSmallNoMb::?relay
                                   0000065A 
    -------------------------------------------------------------------------
BANK_RELAYS
  Relative segment, address: CODE 00000660 - 00000665 (0x6 bytes), align: 0
  Segment part 68.            Intra module refs:   _PrintfSmallNoMb
                                                   pad
           LOCAL                   ADDRESS         
           =====                   =======         
           _PutcharsSmallNoMb::?relay
                                   00000660 
    -------------------------------------------------------------------------
XDATA_I
  Relative segment, address: XDATA 000018AC - 000018B2 (0x7 bytes), align: 0
  Segment part 6.             Intra module refs:   _PrintfSmallNoMb
    -------------------------------------------------------------------------
XDATA_I
  Relative segment, address: XDATA 000018B3 - 000018B6 (0x4 bytes), align: 0
  Segment part 8.             Intra module refs:   _PrintfSmallNoMb
           ENTRY                   ADDRESS         REF BY
           =====                   =======         ======
           __Constant_ffff         000018B3 
    -------------------------------------------------------------------------
XDATA_I
  Relative segment, address: XDATA 000018B7 - 000018BA (0x4 bytes), align: 0
  Segment part 10.            Intra module refs:   _LitobSmallNoMb
                                                   _PrintfSmallNoMb
           ENTRY                   ADDRESS         REF BY
           =====                   =======         ======
           __Constant_0            000018B7 

    -------------------------------------------------------------------------
  LIBRARY MODULE, NAME : ?xprout

  SEGMENTS IN THE MODULE
  ======================
<BANKED_CODE> 1 (was BANKED_CODE)
  Relative segment, address: CODE 0000526C - 00005296 (0x2b bytes), align: 0
  Segment part 6.             Intra module refs:   _Prout::?relay
           ENTRY                   ADDRESS         REF BY
           =====                   =======         ======
           _Prout                  0000526C 
               calls direct
               XSTACK = 00000000 ( 0000000E )
    -------------------------------------------------------------------------
BANK_RELAYS
  Relative segment, address: CODE 00000666 - 0000066B (0x6 bytes), align: 0
  Segment part 7.
           ENTRY                   ADDRESS         REF BY
           =====                   =======         ======
           _Prout::?relay          00000666        printf (?printf)




                ****************************************
                *                                      *
                *      SEGMENTS IN ADDRESS ORDER       *
                *                                      *
                ****************************************


SEGMENT              SPACE    START ADDRESS   END ADDRESS     SIZE  TYPE  ALIGN
=======              =====    =============   ===========     ====  ====  =====
INTVEC               CODE          00000000 - 0000002D          2E   com    0
CSTART               CODE          0000002E - 000000BA          8D   rel    0
BDATA_ID             CODE               000000BB                     dse    0
BIT_ID               CODE               000000BB                     dse    0
DATA_ID              CODE               000000BB                     dse    0
IDATA_ID             CODE               000000BB                     dse    0
IXDATA_ID            CODE               000000BB                     dse    0
PDATA_ID             CODE               000000BB                     dse    0
XDATA_ID             CODE          000000BB - 000002F9         23F   rel    0
BANK_RELAYS          CODE          000002FA - 0000066B         372   rel    0
RCODE                CODE          0000066C - 00000FB4         949   rel    0
CODE_C               CODE               00000FB5                     dse    0
DIFUNCT              CODE               00000FB5                     rel    0
CODE_N               CODE               00000FB5                     dse    0
NEAR_CODE            CODE          00000FB5 - 00000FD9          25   rel    0
<BANKED_CODE> 1      CODE          00000FDA - 00005334        435B   rel    0
REGISTERS            DATA          00000000 - 00000007           8   rel    0
VREG                 DATA          00000008 - 0000000F           8   rel    0
PSP                  DATA          00000010 - 00000010           1   rel    0
XSP                  DATA          00000011 - 00000012           2   rel    0
BREG                 BIT        00000020.0  -  00000020.7        8   rel    0
SFR_AN               DATA          00000091 - 00000091           1   rel    0
                     DATA          00000094 - 00000097           4 
                     DATA          0000009D - 0000009E           2 
                     DATA          000000A2 - 000000A5           4 
                     DATA          000000A8 - 000000A8           1 
                     DATA          000000AD - 000000AD           1 
                     DATA          000000B3 - 000000B3           1 
                     DATA          000000C0 - 000000C0           1 
                     DATA          000000C6 - 000000C6           1 
                     DATA          000000D2 - 000000D7           6 
                     DATA          000000D9 - 000000D9           1 
                     DATA          000000E1 - 000000E1           1 
                     DATA          000000E9 - 000000E9           1 
XSTACK               XDATA         00000001 - 00000800         800   rel    0
XDATA_Z              XDATA         00000801 - 0000167B         E7B   rel    0
XDATA_I              XDATA         0000167C - 000018BA         23F   rel    0
XDATA_ROM_C          XDATA         000018BB - 00001C81         3C7   rel    0
PDATA_Z              XDATA              00001E00                     dse    0
PSTACK               XDATA         00001E00 - 00001E7F          80   rel    0
ISTACK               IDATA         000000C0 - 000000FF          40   rel    0

                ****************************************
                *                                      *
                *        END OF CROSS REFERENCE        *
                *                                      *
                ****************************************

 21 301 bytes of CODE  memory
     19 bytes of DATA  memory (+ 25 absolute )
  6 458 bytes of XDATA memory
     64 bytes of IDATA memory
      8 bits  of BIT   memory
    967 bytes of CONST memory

Errors: none
Warnings: none

