################################################################################
#                                                                              #
#      IAR Universal Linker V6.4.6.89                                          #
#                                                                              #
#           Link time     =  06/Feb/2020  15:08:48                             #
#           Target CPU    =  x51                                               #
#           List file     =  "E:\WMNU\IAR_new_arch\PRJ Test\Debug\List\tests.m #
#                            ap"                                               #
#           Output file 1 =  "E:\WMNU\IAR_new_arch\PRJ Test\Debug\Exe\tests.d5 #
#                            1"                                                #
#                            Format: ubrof10                                   #
#                            UBROF version 10.0.6                              #
#                            Using library modules for C-SPY (-rt)             #
#           Command line  =  -f                                                #
#                            C:\Users\08A4~1\AppData\Local\Temp\EWA103.tmp     #
#                            ("E:\WMNU\IAR_new_arch\PRJ Test\Debug\Obj\action_ #
#                            manager.r51"                                      #
#                            "E:\WMNU\IAR_new_arch\PRJ Test\Debug\Obj\alarm_ti #
#                            mer.r51"                                          #
#                            "E:\WMNU\IAR_new_arch\PRJ Test\Debug\Obj\cpu.r51" #
#                            "E:\WMNU\IAR_new_arch\PRJ Test\Debug\Obj\debug.r5 #
#                            1"                                                #
#                            "E:\WMNU\IAR_new_arch\PRJ Test\Debug\Obj\frame.r5 #
#                            1"                                                #
#                            "E:\WMNU\IAR_new_arch\PRJ Test\Debug\Obj\main.r51 #
#                            "                                                 #
#                            "E:\WMNU\IAR_new_arch\PRJ Test\Debug\Obj\mem_util #
#                            s.r51"                                            #
#                            "E:\WMNU\IAR_new_arch\PRJ Test\Debug\Obj\model.r5 #
#                            1"                                                #
#                            "E:\WMNU\IAR_new_arch\PRJ Test\Debug\Obj\rtc.r51" #
#                            "E:\WMNU\IAR_new_arch\PRJ Test\Debug\Obj\time_man #
#                            ager.r51"                                         #
#                            "E:\WMNU\IAR_new_arch\PRJ Test\Debug\Obj\u_alarm_ #
#                            timer.r51"                                        #
#                            "E:\WMNU\IAR_new_arch\PRJ Test\Debug\Obj\u_debug. #
#                            r51"                                              #
#                            "E:\WMNU\IAR_new_arch\PRJ Test\Debug\Obj\u_mem_ut #
#                            ils.r51"                                          #
#                            "E:\WMNU\IAR_new_arch\PRJ Test\Debug\Obj\ustimer. #
#                            r51"                                              #
#                            -o                                                #
#                            "E:\WMNU\IAR_new_arch\PRJ Test\Debug\Exe\tests.d5 #
#                            1"                                                #
#                            -l                                                #
#                            "E:\WMNU\IAR_new_arch\PRJ Test\Debug\List\tests.m #
#                            ap"                                               #
#                            -xms                                              #
#                            "-IC:\Program Files (x86)\IAR Systems\Embedded Wo #
#                            rkbench 8.0\8051\LIB\"                            #
#                            -f                                                #
#                            "C:\Program Files (x86)\IAR Systems\Embedded Work #
#                            bench 8.0\8051\config\devices\Texas Instruments\l #
#                            nk51ew_CC2530F256_banked.xcl"                     #
#                            (-D_IDATA0_START=0x00 -D_IDATA0_END=0xFF          #
#                            -D_PDATA0_START=0x1E00 -D_PDATA0_END=0x1EFF       #
#                            -D_IXDATA0_START=0x0001 -D_IXDATA0_END=0x1EFF     #
#                            -D_XDATA0_START=_IXDATA0_START                    #
#                            -D_XDATA0_END=_IXDATA0_END                        #
#                            -D_NEAR_CODE_START=0x0000                         #
#                            -D_FIRST_BANK_ADDR=0x10000 -D?REGISTER_BANK=0x0   #
#                            -D_REGISTER_BANK_START=0x0 -D_BREG_START=0x00     #
#                            -D?VB=0x20 -Z(BIT)BREG=_BREG_START                #
#                            -Z(BIT)BIT_N=0-7F                                 #
#                            -Z(DATA)REGISTERS+8=_REGISTER_BANK_START          #
#                            -Z(DATA)BDATA_Z,BDATA_N,BDATA_I=20-2F             #
#                            -Z(DATA)VREG=08-7F -Z(DATA)PSP,XSP=08-7F          #
#                            -Z(DATA)DOVERLAY=08-7F                            #
#                            -Z(DATA)DATA_I,DATA_Z,DATA_N=08-7F                #
#                            -U(IDATA)0-7F=(DATA)0-7F                          #
#                            -Z(IDATA)IDATA_I,IDATA_Z,IDATA_N=08-_IDATA0_END   #
#                            -Z(IDATA)ISTACK+_IDATA_STACK_SIZE#08-_IDATA0_END  #
#                            -Z(IDATA)IOVERLAY=08-FF -Z(CODE)INTVEC=0          #
#                            -Z(CODE)CSTART=_NEAR_CODE_START-(_CODEBANK_START- #
#                            1)                                                #
#                            -Z(CODE)BIT_ID,BDATA_ID,DATA_ID,IDATA_ID,IXDATA_I #
#                            D,PDATA_ID,XDATA_ID=_NEAR_CODE_START-(_CODEBANK_S #
#                            TART-1)                                           #
#                            -Z(CODE)BANK_RELAYS,RCODE,DIFUNCT,CODE_C,CODE_N,N #
#                            EAR_CODE=_NEAR_CODE_START-(_CODEBANK_START-1)     #
#                            -P(CODE)BANKED_CODE=_NEAR_CODE_START-(_CODEBANK_S #
#                            TART-1),[(_CODEBANK_START+_FIRST_BANK_ADDR)-(_COD #
#                            EBANK_END+_FIRST_BANK_ADDR)]*_NR_OF_BANKS+10000   #
#                            -Z(CODE)CHECKSUM#(_CODEBANK_START-1)              #
#                            -Z(XDATA)PDATA_Z,PDATA_I=_PDATA0_START-_PDATA0_EN #
#                            D                                                 #
#                            -P(XDATA)PDATA_N=_PDATA0_START-_PDATA0_END        #
#                            -Z(XDATA)PSTACK+_PDATA_STACK_SIZE=_PDATA0_START-_ #
#                            PDATA0_END                                        #
#                            -Z(XDATA)EXT_STACK+_EXTENDED_STACK_SIZE=_EXTENDED #
#                            _STACK_START                                      #
#                            -Z(XDATA)XSTACK+_XDATA_STACK_SIZE=_XDATA0_START-_ #
#                            XDATA0_END                                        #
#                            -Z(XDATA)IXDATA_Z,IXDATA_I=_IXDATA0_START-_IXDATA #
#                            0_END                                             #
#                            -P(XDATA)IXDATA_N=_IXDATA0_START-_IXDATA0_END     #
#                            -Z(XDATA)XDATA_Z,XDATA_I=_XDATA0_START-_XDATA0_EN #
#                            D                                                 #
#                            -P(XDATA)XDATA_N=_XDATA0_START-_XDATA0_END        #
#                            -Z(XDATA)XDATA_HEAP+_XDATA_HEAP_SIZE=_XDATA0_STAR #
#                            T-_XDATA0_END                                     #
#                            -Z(CONST)XDATA_ROM_C=_XDATA0_START-_XDATA0_END    #
#                            -cx51                                             #
#                            -M(CODE)[(_CODEBANK_START+_FIRST_BANK_ADDR)-(_COD #
#                            EBANK_END+_FIRST_BANK_ADDR)]*_NR_OF_BANKS+0x10000 #
#                            =0x8000                                           #
#                            -ww69=i -D_BANK0_START=0x00000                    #
#                            -D_BANK0_END=0x07FFF -D_BANK1_START=0x18000       #
#                            -D_BANK1_END=0x1FFFF -D_BANK2_START=0x28000       #
#                            -D_BANK2_END=0x2FFFF -D_BANK3_START=0x38000       #
#                            -D_BANK3_END=0x3FFFF -D_BANK4_START=0x48000       #
#                            -D_BANK4_END=0x4FFFF -D_BANK5_START=0x58000       #
#                            -D_BANK5_END=0x5FFFF -D_BANK6_START=0x68000       #
#                            -D_BANK6_END=0x6FFFF -D_BANK7_START=0x78000       #
#                            -D_BANK7_END=0x7FFFF                              #
#                            -P(CODE)BANK0=_BANK0_START-_BANK0_END             #
#                            -P(CODE)BANK1=_BANK1_START-_BANK1_END             #
#                            -P(CODE)BANK2=_BANK2_START-_BANK2_END             #
#                            -P(CODE)BANK3=_BANK3_START-_BANK3_END             #
#                            -P(CODE)BANK4=_BANK4_START-_BANK4_END             #
#                            -P(CODE)BANK5=_BANK5_START-_BANK5_END             #
#                            -P(CODE)BANK6=_BANK6_START-_BANK6_END             #
#                            -P(CODE)BANK7=_BANK7_START-_BANK7_END             #
#                            -D_FLASH_LOCK_BITS_START=0x7FFF0                  #
#                            -D_FLASH_LOCK_BITS_END=0x7FFFF                    #
#                            -Z(CODE)FLASH_LOCK_BITS=_FLASH_LOCK_BITS_START-_F #
#                            LASH_LOCK_BITS_END                                #
#                            -U(CODE)0x0000=(CODE)_FLASH_LOCK_BITS_START-_FLAS #
#                            H_LOCK_BITS_END)                                  #
#                            -D_NR_OF_VIRTUAL_REGISTERS=8 -D?PBANK=0x93        #
#                            -D?CBANK=0x9F -D?CBANK_MASK=0xFF                  #
#                            -e?BCALL_FF=?BCALL -e?BRET_FF=?BRET               #
#                            -e?BDISPATCH_FF=?BDISPATCH                        #
#                            -D_CODEBANK_START=0x8000 -D_CODEBANK_END=0xFFFF   #
#                            -D_NR_OF_BANKS=0x07                               #
#                            "-IC:\Program Files (x86)\IAR Systems\Embedded Wo #
#                            rkbench 8.0\8051\CONFIG\"                         #
#                            -rt -s __program_start                            #
#                            "C:\Program Files (x86)\IAR Systems\Embedded Work #
#                            bench 8.0\8051\LIB\DLIB\dl-pli-blxd-1e16x01n.r51" #
#                            -D_IDATA_STACK_SIZE=0x40 -D?ESP=0 -D?ESP_MASK=0   #
#                            -D_EXTENDED_STACK_START=0                         #
#                            -D_EXTENDED_STACK_SIZE=0                          #
#                            -D_PDATA_STACK_SIZE=0x80                          #
#                            -D_XDATA_STACK_SIZE=0xEFF                         #
#                            -D_XDATA_HEAP_SIZE=0x00 -D_FAR_HEAP_SIZE=0xFFF    #
#                            -D_HUGE_HEAP_SIZE=0xFFF                           #
#                            -D_FAR22_HEAP_SIZE=0xFFF)                         #
#                                                                              #
#                           Copyright (C) 1987-2016 IAR Systems AB.            #
################################################################################





                ****************************************
                *                                      *
                *           CROSS REFERENCE            *
                *                                      *
                ****************************************

       Program entry at : CODE      00000085  Relocatable, from module : CSTARTUP




                ****************************************
                *                                      *
                *            RUNTIME MODEL             *
                *                                      *
                ****************************************

  __Heap_Handler             = Basic
  __SystemLibrary            = DLib
  __calling_convention       = xdata_reentrant
  __code_model               = banked
  __core                     = plain
  __data_model               = large
  __dlib_file_descriptor     = 0
  __dlib_full_locale_support = 0
  __dptr_size                = 16
  __extended_stack           = disabled
  __location_for_constants   = data
  __number_of_dptrs          = 1
  __register_banks           = *
  __rt_version               = 1

                ****************************************
                *                                      *
                *    AUTOMATIC SYMBOL REDIRECTIONS     *
                *                                      *
                ****************************************

       All references to: _Printf
         were redirected to: _PrintfTiny
       All references to: _Printf::?relay
         were redirected to: _PrintfTiny::?relay



                ****************************************
                *                                      *
                *              MODULE MAP              *
                *                                      *
                ****************************************


  DEFINED ABSOLUTE ENTRIES
    *************************************************************************

  DEFINED ABSOLUTE ENTRIES
  PROGRAM MODULE, NAME : ?ABS_ENTRY_MOD

Absolute parts
           ENTRY                   ADDRESS         REF BY
           =====                   =======         ======
           _FAR22_HEAP_SIZE        00000FFF 
           _HUGE_HEAP_SIZE         00000FFF 
           _FAR_HEAP_SIZE          00000FFF 
           _XDATA_HEAP_SIZE        00000000 
           _XDATA_STACK_SIZE       00000EFF 
           _PDATA_STACK_SIZE       00000080 
           _EXTENDED_STACK_SIZE    00000000 
           _EXTENDED_STACK_START   00000000 
           ?ESP_MASK               00000000 
           ?ESP                    00000000 
           _IDATA_STACK_SIZE       00000040 
           _NR_OF_BANKS            00000007 
           _CODEBANK_END           0000FFFF 
           _CODEBANK_START         00008000 
           ?CBANK_MASK             000000FF 
           ?CBANK                  0000009F        ?RESET_CODE_BANK (CSTARTUP)
                                                   Segment part 0 (?BANKED_CODE_SUPPORT)
           ?PBANK                  00000093 
           _NR_OF_VIRTUAL_REGISTERS
                                   00000008 
           _FLASH_LOCK_BITS_END    0003FFFF 
           _FLASH_LOCK_BITS_START
                                   0003FFF0 
           _BANK7_END              0003FFFF 
           _BANK7_START            00038000 
           _BANK6_END              00037FFF 
           _BANK6_START            00030000 
           _BANK5_END              0002FFFF 
           _BANK5_START            00028000 
           _BANK4_END              00027FFF 
           _BANK4_START            00020000 
           _BANK3_END              0001FFFF 
           _BANK3_START            00018000 
           _BANK2_END              00017FFF 
           _BANK2_START            00010000 
           _BANK1_END              0000FFFF 
           _BANK1_START            00008000 
           _BANK0_END              00007FFF 
           _BANK0_START            00000000 
           ?VB                     00000020        ?BANKED_ENTER_XDATA (?BANKED_ENTER_XDATA)
                                                   ?BANKED_LEAVE_XDATA (?BANKED_LEAVE_XDATA)
                                                   ?INTERRUPT_ENTER_XSP (?INTERRUPT_ENTER_XSP)
                                                   ?INTERRUPT_LEAVE_XSP (?INTERRUPT_LEAVE_XSP)
           _BREG_START             00000000 
           _REGISTER_BANK_START    00000000 
           ?REGISTER_BANK          00000000        Segment part 6 (CSTARTUP)
           _FIRST_BANK_ADDR        00010000 
           _NEAR_CODE_START        00000000 
           _XDATA0_END             00001EFF 
           _XDATA0_START           00000001 
           _IXDATA0_END            00001EFF 
           _IXDATA0_START          00000001 
           _PDATA0_END             00001EFF 
           _PDATA0_START           00001E00 
           _IDATA0_END             000000FF 
           _IDATA0_START           00000000 
    *************************************************************************

  FILE NAME : E:\WMNU\IAR_new_arch\PRJ Test\Debug\Obj\action_manager.r51
  PROGRAM MODULE, NAME : ?__write

  SEGMENTS IN THE MODULE
  ======================
SFR_AN
  Relative segment, address: DATA 00000086 - 00000086 (0x1 bytes), align: 0
  Segment part 1. ROOT        Intra module refs:   MyLowLevelPutchar
                                                   uart_init
           ENTRY                   ADDRESS         REF BY
           =====                   =======         ======
           U0CSR                   00000086 
    -------------------------------------------------------------------------
SFR_AN
  Relative segment, address: DATA 00000095 - 00000095 (0x1 bytes), align: 0
  Segment part 2. ROOT        Intra module refs:   ReadTimer
           ENTRY                   ADDRESS         REF BY
           =====                   =======         ======
           ST0                     00000095 
    -------------------------------------------------------------------------
SFR_AN
  Relative segment, address: DATA 00000096 - 00000096 (0x1 bytes), align: 0
  Segment part 3. ROOT        Intra module refs:   ReadTimer
           ENTRY                   ADDRESS         REF BY
           =====                   =======         ======
           ST1                     00000096 
    -------------------------------------------------------------------------
SFR_AN
  Relative segment, address: DATA 00000097 - 00000097 (0x1 bytes), align: 0
  Segment part 4. ROOT        Intra module refs:   ReadTimer
           ENTRY                   ADDRESS         REF BY
           =====                   =======         ======
           ST2                     00000097 
    -------------------------------------------------------------------------
SFR_AN
  Relative segment, address: DATA 0000009D - 0000009D (0x1 bytes), align: 0
  Segment part 5. ROOT        Intra module refs:   ReadTimer
           ENTRY                   ADDRESS         REF BY
           =====                   =======         ======
           SLEEPSTA                0000009D 
    -------------------------------------------------------------------------
SFR_AN
  Relative segment, address: DATA 0000009E - 0000009E (0x1 bytes), align: 0
  Segment part 6. ROOT        Intra module refs:   HW_Init
           ENTRY                   ADDRESS         REF BY
           =====                   =======         ======
           CLKCONSTA               0000009E 
    -------------------------------------------------------------------------
SFR_AN
  Relative segment, address: DATA 000000A8 - 000000A8 (0x1 bytes), align: 0
  Segment part 7. ROOT        Intra module refs:   IRQEnable
                                                   TimerCompareInterrupt
           ENTRY                   ADDRESS         REF BY
           =====                   =======         ======
           _A_IEN0                 000000A8 
           LOCAL                   ADDRESS         
           =====                   =======         
           IEN0                    000000A8 
    -------------------------------------------------------------------------
SFR_AN
  Relative segment, address: DATA 000000AD - 000000AD (0x1 bytes), align: 0
  Segment part 8. ROOT 
           ENTRY                   ADDRESS         REF BY
           =====                   =======         ======
           STLOAD                  000000AD 
    -------------------------------------------------------------------------
SFR_AN
  Relative segment, address: DATA 000000C0 - 000000C0 (0x1 bytes), align: 0
  Segment part 9. ROOT        Intra module refs:   TimerCompareInterrupt
           ENTRY                   ADDRESS         REF BY
           =====                   =======         ======
           _A_IRCON                000000C0 
           LOCAL                   ADDRESS         
           =====                   =======         
           IRCON                   000000C0 
    -------------------------------------------------------------------------
SFR_AN
  Relative segment, address: DATA 000000C1 - 000000C1 (0x1 bytes), align: 0
  Segment part 10. ROOT       Intra module refs:   MyLowLevelPutchar
           ENTRY                   ADDRESS         REF BY
           =====                   =======         ======
           U0DBUF                  000000C1 
    -------------------------------------------------------------------------
SFR_AN
  Relative segment, address: DATA 000000C2 - 000000C2 (0x1 bytes), align: 0
  Segment part 11. ROOT       Intra module refs:   uart_init
           ENTRY                   ADDRESS         REF BY
           =====                   =======         ======
           U0BAUD                  000000C2 
    -------------------------------------------------------------------------
SFR_AN
  Relative segment, address: DATA 000000C5 - 000000C5 (0x1 bytes), align: 0
  Segment part 12. ROOT       Intra module refs:   uart_init
           ENTRY                   ADDRESS         REF BY
           =====                   =======         ======
           U0GCR                   000000C5 
    -------------------------------------------------------------------------
SFR_AN
  Relative segment, address: DATA 000000C6 - 000000C6 (0x1 bytes), align: 0
  Segment part 13. ROOT       Intra module refs:   HW_Init
           ENTRY                   ADDRESS         REF BY
           =====                   =======         ======
           CLKCONCMD               000000C6 
    -------------------------------------------------------------------------
SFR_AN
  Relative segment, address: DATA 000000F1 - 000000F1 (0x1 bytes), align: 0
  Segment part 14. ROOT       Intra module refs:   uart_init
           ENTRY                   ADDRESS         REF BY
           =====                   =======         ======
           PERCFG                  000000F1 
    -------------------------------------------------------------------------
SFR_AN
  Relative segment, address: DATA 000000F3 - 000000F3 (0x1 bytes), align: 0
  Segment part 15. ROOT       Intra module refs:   uart_init
           ENTRY                   ADDRESS         REF BY
           =====                   =======         ======
           P0SEL                   000000F3 
    -------------------------------------------------------------------------
XDATA_I
  Relative segment, address: XDATA 00000F0A - 00000F16 (0xd bytes), align: 0
  Segment part 24.            Intra module refs:   AM_HW_Init
    -------------------------------------------------------------------------
XDATA_I
  Relative segment, address: XDATA 00000F17 - 00000F27 (0x11 bytes), align: 0
  Segment part 26.            Intra module refs:   AM_HW_Init
    -------------------------------------------------------------------------
XDATA_I
  Relative segment, address: XDATA 00000F28 - 00000F32 (0xb bytes), align: 0
  Segment part 34.            Intra module refs:   AM_HW_Init
           LOCAL                   ADDRESS         
           =====                   =======         
           AM_HW_Init::__FUNCTION__
                                   00000F28 
    -------------------------------------------------------------------------
XDATA_I
  Relative segment, address: XDATA 00000F33 - 00000F59 (0x27 bytes), align: 0
  Segment part 36.            Intra module refs:   AM_HW_Init
    -------------------------------------------------------------------------
XDATA_I
  Relative segment, address: XDATA 00000F5A - 00000F60 (0x7 bytes), align: 0
  Segment part 64.            Intra module refs:   TM_IRQ
           LOCAL                   ADDRESS         
           =====                   =======         
           TM_IRQ::__FUNCTION__    00000F5A 
    -------------------------------------------------------------------------
XDATA_I
  Relative segment, address: XDATA 00000F61 - 00000F6D (0xd bytes), align: 0
  Segment part 66.            Intra module refs:   TM_IRQ
    -------------------------------------------------------------------------
XDATA_I
  Relative segment, address: XDATA 00000F6E - 00000F7C (0xf bytes), align: 0
  Segment part 68.            Intra module refs:   TM_IRQ
    -------------------------------------------------------------------------
XDATA_I
  Relative segment, address: XDATA 00000F7D - 00000F86 (0xa bytes), align: 0
  Segment part 70.            Intra module refs:   TM_IRQ
    -------------------------------------------------------------------------
XDATA_I
  Relative segment, address: XDATA 00000F87 - 00000F89 (0x3 bytes), align: 0
  Segment part 72.            Intra module refs:   TM_IRQ
    -------------------------------------------------------------------------
XDATA_I
  Relative segment, address: XDATA 00000F8A - 00000F95 (0xc bytes), align: 0
  Segment part 86.            Intra module refs:   u_mem_utils
           LOCAL                   ADDRESS         
           =====                   =======         
           u_mem_utils::__FUNCTION__
                                   00000F8A 
    -------------------------------------------------------------------------
XDATA_I
  Relative segment, address: XDATA 00000F96 - 00000F9F (0xa bytes), align: 0
  Segment part 88.            Intra module refs:   u_mem_utils
    -------------------------------------------------------------------------
XDATA_I
  Relative segment, address: XDATA 00000FA0 - 00000FAC (0xd bytes), align: 0
  Segment part 90.            Intra module refs:   u_mem_utils
    -------------------------------------------------------------------------
XDATA_I
  Relative segment, address: XDATA 00000FAD - 00000FBA (0xe bytes), align: 0
  Segment part 92.            Intra module refs:   u_mem_utils
    -------------------------------------------------------------------------
XDATA_I
  Relative segment, address: XDATA 00000FBB - 00000FD3 (0x19 bytes), align: 0
  Segment part 94.            Intra module refs:   u_mem_utils
    -------------------------------------------------------------------------
XDATA_I
  Relative segment, address: XDATA 00000FD4 - 00000FE2 (0xf bytes), align: 0
  Segment part 96.            Intra module refs:   u_mem_utils
    -------------------------------------------------------------------------
XDATA_I
  Relative segment, address: XDATA 00000FE3 - 00000FE5 (0x3 bytes), align: 0
  Segment part 98.            Intra module refs:   u_mem_utils
    -------------------------------------------------------------------------
XDATA_I
  Relative segment, address: XDATA 00000FE6 - 00000FF4 (0xf bytes), align: 0
  Segment part 100.           Intra module refs:   u_mem_utils
    -------------------------------------------------------------------------
XDATA_I
  Relative segment, address: XDATA 00000FF5 - 00000FFA (0x6 bytes), align: 0
  Segment part 104.           Intra module refs:   AM_HW_Init
           LOCAL                   ADDRESS         
           =====                   =======         
           HW_MOD                  00000FF5 
    -------------------------------------------------------------------------
<BANKED_CODE> 1 (was BANKED_CODE)
  Relative segment, address: CODE 000005DD - 00000696 (0xba bytes), align: 0
  Segment part 145.           Intra module refs:   AM_HW_Init::?relay
           ENTRY                   ADDRESS         REF BY
           =====                   =======         ======
           AM_HW_Init              000005DD 
               calls direct
               XSTACK = 00000000 ( 00000010 )
    -------------------------------------------------------------------------
XDATA_I
  Relative segment, address: XDATA 00000FFB - 00001006 (0xc bytes), align: 0
  Segment part 110.           Intra module refs:   Segment part 105
           ENTRY                   ADDRESS         REF BY
           =====                   =======         ======
           AT_MODULE               00000FFB 
    -------------------------------------------------------------------------
XDATA_Z
  Relative segment, address: XDATA 00000F00 - 00000F01 (0x2 bytes), align: 0
  Segment part 112.           Intra module refs:   AT_time
                                                   HW_Init
           LOCAL                   ADDRESS         
           =====                   =======         
           TOFFSET                 00000F00 
    -------------------------------------------------------------------------
XDATA_Z
  Relative segment, address: XDATA 00000F02 - 00000F05 (0x4 bytes), align: 0
  Segment part 113.           Intra module refs:   HW_Init
           LOCAL                   ADDRESS         
           =====                   =======         
           COMPARE_TIME            00000F02 
    -------------------------------------------------------------------------
<BANKED_CODE> 1 (was BANKED_CODE)
  Relative segment, address: CODE 00000697 - 000006BD (0x27 bytes), align: 0
  Segment part 153.           Intra module refs:   HW_Init::?relay
           LOCAL                   ADDRESS         
           =====                   =======         
           HW_Init                 00000697 
               is indirectly called
               ISTACK = 00000000 ( 00000002 )
    -------------------------------------------------------------------------
<BANKED_CODE> 1 (was BANKED_CODE)
  Relative segment, address: CODE 000006BE - 000006F4 (0x37 bytes), align: 0
  Segment part 157.           Intra module refs:   AT_time::?relay
           ENTRY                   ADDRESS         REF BY
           =====                   =======         ======
           AT_time                 000006BE 
               calls direct
               XSTACK = 0000000F ( 00000010 )
    -------------------------------------------------------------------------
<BANKED_CODE> 1 (was BANKED_CODE)
  Relative segment, address: CODE 000006F5 - 00000705 (0x11 bytes), align: 0
  Segment part 161.           Intra module refs:   IRQEnable::?relay
           LOCAL                   ADDRESS         
           =====                   =======         
           IRQEnable               000006F5 
               XSTACK = 0000000F ( 00000000 )
    -------------------------------------------------------------------------
<BANKED_CODE> 1 (was BANKED_CODE)
  Relative segment, address: CODE 00000706 - 00000740 (0x3b bytes), align: 0
  Segment part 167.           Intra module refs:   ReadTimer::?relay
           LOCAL                   ADDRESS         
           =====                   =======         
           ReadTimer               00000706 
               XSTACK = 00000016 ( 00000000 )
               ISTACK = 00000000 ( 00000002 )
    -------------------------------------------------------------------------
XDATA_Z
  Relative segment, address: XDATA 00000F06 - 00000F09 (0x4 bytes), align: 0
  Segment part 115.           Intra module refs:   ReadTimer
           LOCAL                   ADDRESS         
           =====                   =======         
           ReadTimer::ret_val      00000F06 
    -------------------------------------------------------------------------
NEAR_CODE
  Relative segment, address: CODE 000005B4 - 000005DC (0x29 bytes), align: 0
  Segment part 255.           Intra module refs:   TimerCompareInterrupt::??INTVEC 43
           ENTRY                   ADDRESS         REF BY
           =====                   =======         ======
           TimerCompareInterrupt   000005B4 
               interrupt function
               calls direct
               XSTACK = 00000000 ( 0000000F )
    -------------------------------------------------------------------------
XDATA_I
  Relative segment, address: XDATA 00001007 - 00001012 (0xc bytes), align: 0
  Segment part 116.           Intra module refs:   Segment part 105
           ENTRY                   ADDRESS         REF BY
           =====                   =======         ======
           CPU_MODULE              00001007 
    -------------------------------------------------------------------------
<BANKED_CODE> 1 (was BANKED_CODE)
  Relative segment, address: CODE 00000741 - 00000755 (0x15 bytes), align: 0
  Segment part 173.           Intra module refs:   HW_Init::?relay
           LOCAL                   ADDRESS         
           =====                   =======         
           HW_Init                 00000741 
               is indirectly called
    -------------------------------------------------------------------------
XDATA_I
  Relative segment, address: XDATA 00001013 - 0000101E (0xc bytes), align: 0
  Segment part 118.           Intra module refs:   Segment part 105
           ENTRY                   ADDRESS         REF BY
           =====                   =======         ======
           DBG_MODULE              00001013 
    -------------------------------------------------------------------------
<BANKED_CODE> 1 (was BANKED_CODE)
  Relative segment, address: CODE 00000756 - 00000763 (0xe bytes), align: 0
  Segment part 175.           Intra module refs:   HW_Init::?relay
           LOCAL                   ADDRESS         
           =====                   =======         
           HW_Init                 00000756 
               calls direct, is indirectly called
               ISTACK = 00000000 ( 00000002 )
    -------------------------------------------------------------------------
<BANKED_CODE> 1 (was BANKED_CODE)
  Relative segment, address: CODE 00000764 - 00000765 (0x2 bytes), align: 0
  Segment part 177.           Intra module refs:   DBG_CORE_HALT::?relay
           ENTRY                   ADDRESS         REF BY
           =====                   =======         ======
           DBG_CORE_HALT           00000764 
               XSTACK = 00000029 ( 00000000 )
    -------------------------------------------------------------------------
<BANKED_CODE> 1 (was BANKED_CODE)
  Relative segment, address: CODE 00000766 - 0000077C (0x17 bytes), align: 0
  Segment part 181.           Intra module refs:   uart_init::?relay
           LOCAL                   ADDRESS         
           =====                   =======         
           uart_init               00000766 
    -------------------------------------------------------------------------
<BANKED_CODE> 1 (was BANKED_CODE)
  Relative segment, address: CODE 0000077D - 00000788 (0xc bytes), align: 0
  Segment part 183.           Intra module refs:   MyLowLevelPutchar::?relay
           ENTRY                   ADDRESS         REF BY
           =====                   =======         ======
           MyLowLevelPutchar       0000077D 
               XSTACK = 00000010 ( 00000000 )
    -------------------------------------------------------------------------
<BANKED_CODE> 1 (was BANKED_CODE)
  Relative segment, address: CODE 00000789 - 00000824 (0x9c bytes), align: 0
  Segment part 185.           Intra module refs:   __write::?relay
           ENTRY                   ADDRESS         REF BY
           =====                   =======         ======
           __write                 00000789 
               calls direct
               XSTACK = 00000002 ( 00000010 )
    -------------------------------------------------------------------------
<BANKED_CODE> 1 (was BANKED_CODE)
  Relative segment, address: CODE 00000825 - 00000830 (0xc bytes), align: 0
  Segment part 199.
           ENTRY                   ADDRESS         REF BY
           =====                   =======         ======
           main                    00000825        ?call_main (?cmain)
               calls direct
    -------------------------------------------------------------------------
<BANKED_CODE> 1 (was BANKED_CODE)
  Relative segment, address: CODE 00000831 - 000008A4 (0x74 bytes), align: 0
  Segment part 201.           Intra module refs:   MEM_memcpy::?relay
           ENTRY                   ADDRESS         REF BY
           =====                   =======         ======
           MEM_memcpy              00000831 
               XSTACK = 00000029 ( 00000000 )
               ISTACK = 00000000 ( 00000003 )
    -------------------------------------------------------------------------
<BANKED_CODE> 1 (was BANKED_CODE)
  Relative segment, address: CODE 000008A5 - 000008DD (0x39 bytes), align: 0
  Segment part 203.           Intra module refs:   MEM_memset::?relay
           ENTRY                   ADDRESS         REF BY
           =====                   =======         ======
           MEM_memset              000008A5 
               XSTACK = 00000029 ( 00000000 )
               ISTACK = 00000000 ( 00000003 )
    -------------------------------------------------------------------------
<BANKED_CODE> 1 (was BANKED_CODE)
  Relative segment, address: CODE 000008DE - 00000930 (0x53 bytes), align: 0
  Segment part 247.           Intra module refs:   TM_IRQ::?relay
           ENTRY                   ADDRESS         REF BY
           =====                   =======         ======
           TM_IRQ                  000008DE 
               calls direct
               XSTACK = 0000000F ( 00000012 )
    -------------------------------------------------------------------------
<BANKED_CODE> 1 (was BANKED_CODE)
  Relative segment, address: CODE 00000931 - 00000B1C (0x1ec bytes), align: 0
  Segment part 253.           Intra module refs:   u_mem_utils::?relay
           ENTRY                   ADDRESS         REF BY
           =====                   =======         ======
           u_mem_utils             00000931 
               calls direct
               XSTACK = 00000000 ( 0000002F )
    -------------------------------------------------------------------------
XDATA_I
  Relative segment, address: XDATA 0000101F - 00001023 (0x5 bytes), align: 0
  Segment part 129.           Intra module refs:   u_mem_utils
    -------------------------------------------------------------------------
XDATA_I
  Relative segment, address: XDATA 00001024 - 00001027 (0x4 bytes), align: 0
  Segment part 131.           Intra module refs:   u_mem_utils
    -------------------------------------------------------------------------
XDATA_I
  Relative segment, address: XDATA 00001028 - 0000102B (0x4 bytes), align: 0
  Segment part 133.           Intra module refs:   AT_time
           ENTRY                   ADDRESS         REF BY
           =====                   =======         ======
           __Constant_7fff         00001028 
    -------------------------------------------------------------------------
INTVEC
  Common segment, address: CODE 00000000 - 0000002D (0x2e bytes), align: 0
  Segment part 16. ROOT 
           ENTRY                   ADDRESS         REF BY
           =====                   =======         ======
           TimerCompareInterrupt::??INTVEC 43
                                   0000002B 
    -------------------------------------------------------------------------
XDATA_ID
  Relative segment, address: CODE 000000B5 - 000000C1 (0xd bytes), align: 0
  Segment part 25.            Intra module refs:   Segment part 24
    -------------------------------------------------------------------------
XDATA_ID
  Relative segment, address: CODE 000000C2 - 000000D2 (0x11 bytes), align: 0
  Segment part 27.            Intra module refs:   Segment part 26
    -------------------------------------------------------------------------
XDATA_ID
  Relative segment, address: CODE 000000D3 - 000000DD (0xb bytes), align: 0
  Segment part 35.            Intra module refs:   AM_HW_Init::__FUNCTION__
    -------------------------------------------------------------------------
XDATA_ID
  Relative segment, address: CODE 000000DE - 00000104 (0x27 bytes), align: 0
  Segment part 37.            Intra module refs:   Segment part 36
    -------------------------------------------------------------------------
XDATA_ID
  Relative segment, address: CODE 00000105 - 0000010B (0x7 bytes), align: 0
  Segment part 65.            Intra module refs:   TM_IRQ::__FUNCTION__
    -------------------------------------------------------------------------
XDATA_ID
  Relative segment, address: CODE 0000010C - 00000118 (0xd bytes), align: 0
  Segment part 67.            Intra module refs:   Segment part 66
    -------------------------------------------------------------------------
XDATA_ID
  Relative segment, address: CODE 00000119 - 00000127 (0xf bytes), align: 0
  Segment part 69.            Intra module refs:   Segment part 68
    -------------------------------------------------------------------------
XDATA_ID
  Relative segment, address: CODE 00000128 - 00000131 (0xa bytes), align: 0
  Segment part 71.            Intra module refs:   Segment part 70
    -------------------------------------------------------------------------
XDATA_ID
  Relative segment, address: CODE 00000132 - 00000134 (0x3 bytes), align: 0
  Segment part 73.            Intra module refs:   Segment part 72
    -------------------------------------------------------------------------
XDATA_ID
  Relative segment, address: CODE 00000135 - 00000140 (0xc bytes), align: 0
  Segment part 87.            Intra module refs:   u_mem_utils::__FUNCTION__
    -------------------------------------------------------------------------
XDATA_ID
  Relative segment, address: CODE 00000141 - 0000014A (0xa bytes), align: 0
  Segment part 89.            Intra module refs:   Segment part 88
    -------------------------------------------------------------------------
XDATA_ID
  Relative segment, address: CODE 0000014B - 00000157 (0xd bytes), align: 0
  Segment part 91.            Intra module refs:   Segment part 90
    -------------------------------------------------------------------------
XDATA_ID
  Relative segment, address: CODE 00000158 - 00000165 (0xe bytes), align: 0
  Segment part 93.            Intra module refs:   Segment part 92
    -------------------------------------------------------------------------
XDATA_ID
  Relative segment, address: CODE 00000166 - 0000017E (0x19 bytes), align: 0
  Segment part 95.            Intra module refs:   Segment part 94
    -------------------------------------------------------------------------
XDATA_ID
  Relative segment, address: CODE 0000017F - 0000018D (0xf bytes), align: 0
  Segment part 97.            Intra module refs:   Segment part 96
    -------------------------------------------------------------------------
XDATA_ID
  Relative segment, address: CODE 0000018E - 00000190 (0x3 bytes), align: 0
  Segment part 99.            Intra module refs:   Segment part 98
    -------------------------------------------------------------------------
XDATA_ID
  Relative segment, address: CODE 00000191 - 0000019F (0xf bytes), align: 0
  Segment part 101.           Intra module refs:   Segment part 100
    -------------------------------------------------------------------------
XDATA_ID
  Relative segment, address: CODE 000001A0 - 000001A5 (0x6 bytes), align: 0
  Segment part 105.           Intra module refs:   HW_MOD
    -------------------------------------------------------------------------
XDATA_ID
  Relative segment, address: CODE 000001A6 - 000001B1 (0xc bytes), align: 0
  Segment part 111.           Intra module refs:   AT_MODULE
    -------------------------------------------------------------------------
XDATA_ID
  Relative segment, address: CODE 000001B2 - 000001BD (0xc bytes), align: 0
  Segment part 117.           Intra module refs:   CPU_MODULE
    -------------------------------------------------------------------------
XDATA_ID
  Relative segment, address: CODE 000001BE - 000001C9 (0xc bytes), align: 0
  Segment part 119.           Intra module refs:   DBG_MODULE
    -------------------------------------------------------------------------
XDATA_ID
  Relative segment, address: CODE 000001CA - 000001CE (0x5 bytes), align: 0
  Segment part 130.           Intra module refs:   Segment part 129
    -------------------------------------------------------------------------
XDATA_ID
  Relative segment, address: CODE 000001CF - 000001D2 (0x4 bytes), align: 0
  Segment part 132.           Intra module refs:   Segment part 131
    -------------------------------------------------------------------------
XDATA_ID
  Relative segment, address: CODE 000001D3 - 000001D6 (0x4 bytes), align: 0
  Segment part 134.           Intra module refs:   __Constant_7fff
    -------------------------------------------------------------------------
BANK_RELAYS
  Relative segment, address: CODE 000001E3 - 000001E8 (0x6 bytes), align: 0
  Segment part 146.           Intra module refs:   main
           ENTRY                   ADDRESS         REF BY
           =====                   =======         ======
           AM_HW_Init::?relay      000001E3 
    -------------------------------------------------------------------------
BANK_RELAYS
  Relative segment, address: CODE 000001E9 - 000001EE (0x6 bytes), align: 0
  Segment part 154.           Intra module refs:   Segment part 111
           LOCAL                   ADDRESS         
           =====                   =======         
           HW_Init::?relay         000001E9 
    -------------------------------------------------------------------------
BANK_RELAYS
  Relative segment, address: CODE 000001EF - 000001F4 (0x6 bytes), align: 0
  Segment part 158.           Intra module refs:   TimerCompareInterrupt
           ENTRY                   ADDRESS         REF BY
           =====                   =======         ======
           AT_time::?relay         000001EF 
    -------------------------------------------------------------------------
BANK_RELAYS
  Relative segment, address: CODE 000001F5 - 000001FA (0x6 bytes), align: 0
  Segment part 162.           Intra module refs:   TimerCompareInterrupt
           LOCAL                   ADDRESS         
           =====                   =======         
           IRQEnable::?relay       000001F5 
    -------------------------------------------------------------------------
BANK_RELAYS
  Relative segment, address: CODE 000001FB - 00000200 (0x6 bytes), align: 0
  Segment part 168.           Intra module refs:   AT_time
           LOCAL                   ADDRESS         
           =====                   =======         
           ReadTimer::?relay       000001FB 
    -------------------------------------------------------------------------
BANK_RELAYS
  Relative segment, address: CODE 00000201 - 00000206 (0x6 bytes), align: 0
  Segment part 174.           Intra module refs:   Segment part 117
           LOCAL                   ADDRESS         
           =====                   =======         
           HW_Init::?relay         00000201 
    -------------------------------------------------------------------------
BANK_RELAYS
  Relative segment, address: CODE 00000207 - 0000020C (0x6 bytes), align: 0
  Segment part 176.           Intra module refs:   Segment part 119
           LOCAL                   ADDRESS         
           =====                   =======         
           HW_Init::?relay         00000207 
    -------------------------------------------------------------------------
BANK_RELAYS
  Relative segment, address: CODE 0000020D - 00000212 (0x6 bytes), align: 0
  Segment part 178.           Intra module refs:   AM_HW_Init
                                                   main
                                                   u_mem_utils
           ENTRY                   ADDRESS         REF BY
           =====                   =======         ======
           DBG_CORE_HALT::?relay   0000020D 
    -------------------------------------------------------------------------
BANK_RELAYS
  Relative segment, address: CODE 00000213 - 00000218 (0x6 bytes), align: 0
  Segment part 182.           Intra module refs:   HW_Init
           LOCAL                   ADDRESS         
           =====                   =======         
           uart_init::?relay       00000213 
    -------------------------------------------------------------------------
BANK_RELAYS
  Relative segment, address: CODE 00000219 - 0000021E (0x6 bytes), align: 0
  Segment part 184.           Intra module refs:   __write
           ENTRY                   ADDRESS         REF BY
           =====                   =======         ======
           MyLowLevelPutchar::?relay
                                   00000219 
    -------------------------------------------------------------------------
BANK_RELAYS
  Relative segment, address: CODE 0000021F - 00000224 (0x6 bytes), align: 0
  Segment part 186.
           ENTRY                   ADDRESS         REF BY
           =====                   =======         ======
           __write::?relay         0000021F        putchar (?putchar)
    -------------------------------------------------------------------------
BANK_RELAYS
  Relative segment, address: CODE 00000225 - 0000022A (0x6 bytes), align: 0
  Segment part 202.           Intra module refs:   u_mem_utils
           ENTRY                   ADDRESS         REF BY
           =====                   =======         ======
           MEM_memcpy::?relay      00000225 
    -------------------------------------------------------------------------
BANK_RELAYS
  Relative segment, address: CODE 0000022B - 00000230 (0x6 bytes), align: 0
  Segment part 204.           Intra module refs:   u_mem_utils
           ENTRY                   ADDRESS         REF BY
           =====                   =======         ======
           MEM_memset::?relay      0000022B 
    -------------------------------------------------------------------------
BANK_RELAYS
  Relative segment, address: CODE 00000231 - 00000236 (0x6 bytes), align: 0
  Segment part 248.           Intra module refs:   TimerCompareInterrupt
           ENTRY                   ADDRESS         REF BY
           =====                   =======         ======
           TM_IRQ::?relay          00000231 
    -------------------------------------------------------------------------
BANK_RELAYS
  Relative segment, address: CODE 00000237 - 0000023C (0x6 bytes), align: 0
  Segment part 254.           Intra module refs:   main
           ENTRY                   ADDRESS         REF BY
           =====                   =======         ======
           u_mem_utils::?relay     00000237 

    *************************************************************************

  FILE NAME : E:\WMNU\IAR_new_arch\PRJ Test\Debug\Obj\alarm_timer.r51
    *************************************************************************

  FILE NAME : E:\WMNU\IAR_new_arch\PRJ Test\Debug\Obj\cpu.r51
    *************************************************************************

  FILE NAME : E:\WMNU\IAR_new_arch\PRJ Test\Debug\Obj\debug.r51
    *************************************************************************

  FILE NAME : E:\WMNU\IAR_new_arch\PRJ Test\Debug\Obj\frame.r51
    *************************************************************************

  FILE NAME : E:\WMNU\IAR_new_arch\PRJ Test\Debug\Obj\main.r51
    *************************************************************************

  FILE NAME : E:\WMNU\IAR_new_arch\PRJ Test\Debug\Obj\mem_utils.r51
    *************************************************************************

  FILE NAME : E:\WMNU\IAR_new_arch\PRJ Test\Debug\Obj\model.r51
    *************************************************************************

  FILE NAME : E:\WMNU\IAR_new_arch\PRJ Test\Debug\Obj\rtc.r51
    *************************************************************************

  FILE NAME : E:\WMNU\IAR_new_arch\PRJ Test\Debug\Obj\time_manager.r51
    *************************************************************************

  FILE NAME : E:\WMNU\IAR_new_arch\PRJ Test\Debug\Obj\u_alarm_timer.r51
    *************************************************************************

  FILE NAME : E:\WMNU\IAR_new_arch\PRJ Test\Debug\Obj\u_debug.r51
    *************************************************************************

  FILE NAME : E:\WMNU\IAR_new_arch\PRJ Test\Debug\Obj\u_mem_utils.r51
    *************************************************************************

  FILE NAME : E:\WMNU\IAR_new_arch\PRJ Test\Debug\Obj\ustimer.r51
    *************************************************************************

  FILE NAME : C:\Program Files (x86)\IAR Systems\Embedded Workbench 8.0\8051\LIB\DLIB\dl-pli-blxd-1e16x01n.r51
  LIBRARY MODULE, NAME : ?__dbg_break

  SEGMENTS IN THE MODULE
  ======================
<BANKED_CODE> 1 (was BANKED_CODE)
  Relative segment, address: CODE 0000106C - 0000106E (0x3 bytes), align: 0
  Segment part 6.             Intra module refs:   __DebugBreak::?relay
           ENTRY                   ADDRESS         REF BY
           =====                   =======         ======
           __DebugBreak            0000106C 
    -------------------------------------------------------------------------
BANK_RELAYS
  Relative segment, address: CODE 0000023D - 00000242 (0x6 bytes), align: 0
  Segment part 7.
           ENTRY                   ADDRESS         REF BY
           =====                   =======         ======
           __DebugBreak::?relay    0000023D        __exit (?__exit)

    -------------------------------------------------------------------------
  LIBRARY MODULE, NAME : ?__exit

  SEGMENTS IN THE MODULE
  ======================
<BANKED_CODE> 1 (was BANKED_CODE)
  Relative segment, address: CODE 0000101C - 0000103F (0x24 bytes), align: 0
  Segment part 6.
           ENTRY                   ADDRESS         REF BY
           =====                   =======         ======
           __exit                  0000101C        Segment part 10 (?cexit)
               calls direct
               XSTACK = 00000000 ( 0000000B )

    -------------------------------------------------------------------------
  LIBRARY MODULE, NAME : ?cexit

  SEGMENTS IN THE MODULE
  ======================
CSTART
  Relative segment, address: CODE 0000002E, align: 0
  Segment part 5.             Intra module refs:   _exit::?relay
           ENTRY                   ADDRESS         REF BY
           =====                   =======         ======
           _exit                   0000002E 
               calls direct
    -------------------------------------------------------------------------
CSTART
  Relative segment, address: CODE 0000002E - 00000038 (0xb bytes), align: 0
  Segment part 10.            Intra module refs:   _exit
    -------------------------------------------------------------------------
BANK_RELAYS
  Relative segment, address: CODE 00000243 - 00000248 (0x6 bytes), align: 0
  Segment part 11.
           ENTRY                   ADDRESS         REF BY
           =====                   =======         ======
           _exit::?relay           00000243        exit (?exit)

    -------------------------------------------------------------------------
  LIBRARY MODULE, NAME : ?cmain

  SEGMENTS IN THE MODULE
  ======================
CSTART
  Relative segment, address: CODE 00000039, align: 0
  Segment part 5.
           ENTRY                   ADDRESS         REF BY
           =====                   =======         ======
           ?cmain                  00000039        Segment part 13 (CSTARTUP)
               calls direct
    -------------------------------------------------------------------------
CSTART
  Relative segment, address: CODE 00000039 - 00000048 (0x10 bytes), align: 0
  Segment part 16.
           ENTRY                   ADDRESS         REF BY
           =====                   =======         ======
           __INIT_XDATA_Z          00000039        COMPARE_TIME (?__write)
                                                   ReadTimer::ret_val (?__write)
                                                   TOFFSET (?__write)
    -------------------------------------------------------------------------
CSTART
  Relative segment, address: CODE 00000049 - 0000006E (0x26 bytes), align: 0
  Segment part 33.
           ENTRY                   ADDRESS         REF BY
           =====                   =======         ======
           __INIT_XDATA_I          00000049        AM_HW_Init::__FUNCTION__ (?__write)
                                                   AT_MODULE (?__write)
                                                   CPU_MODULE (?__write)
                                                   DBG_MODULE (?__write)
                                                   HW_MOD (?__write)
                                                   Segment part 100 (?__write)
                                                   Segment part 129 (?__write)
                                                   Segment part 131 (?__write)
                                                   Segment part 24 (?__write)
                                                   Segment part 26 (?__write)
                                                   Segment part 36 (?__write)
                                                   Segment part 6 (?xprintftiny)
                                                   Segment part 66 (?__write)
                                                   Segment part 68 (?__write)
                                                   Segment part 70 (?__write)
                                                   Segment part 72 (?__write)
                                                   Segment part 8 (?xprintftiny)
                                                   Segment part 88 (?__write)
                                                   Segment part 90 (?__write)
                                                   Segment part 92 (?__write)
                                                   Segment part 94 (?__write)
                                                   Segment part 96 (?__write)
                                                   Segment part 98 (?__write)
                                                   TM_IRQ::__FUNCTION__ (?__write)
                                                   __Constant_0 (?xprintftiny)
                                                   __Constant_7fff (?__write)
                                                   __Constant_ffff (?xprintftiny)
                                                   u_mem_utils::__FUNCTION__ (?__write)
    -------------------------------------------------------------------------
DIFUNCT
  Relative segment, address: CODE 000005B4, align: 0
  Segment part 38. ROOT 
    -------------------------------------------------------------------------
CSTART
  Relative segment, address: CODE 0000006F - 00000084 (0x16 bytes), align: 0
  Segment part 40.            Intra module refs:   ?cmain
           ENTRY                   ADDRESS         REF BY
           =====                   =======         ======
           ?call_main              0000006F 

    -------------------------------------------------------------------------
  LIBRARY MODULE, NAME : CSTARTUP

  SEGMENTS IN THE MODULE
  ======================
REGISTERS
  Relative segment, address: DATA 00000000, align: 0
  Segment part 0.             Intra module refs:   Segment part 6
           ENTRY                   ADDRESS         REF BY
           =====                   =======         ======
           ?REGISTERS              00000000 
    -------------------------------------------------------------------------
ISTACK
  Relative segment, address: IDATA 000000C0, align: 0
  Segment part 1.             Intra module refs:   Segment part 6
           ENTRY                   ADDRESS         REF BY
           =====                   =======         ======
           ?ISTACK_START           000000C0 
    -------------------------------------------------------------------------
XSTACK
  Relative segment, address: XDATA 00000001, align: 0
  Segment part 3.             Intra module refs:   ?RESET_XSP
           ENTRY                   ADDRESS         REF BY
           =====                   =======         ======
           ?XSTACK_START           00000001 
    -------------------------------------------------------------------------
INTVEC
  Common segment, address: CODE 00000000 - 00000002 (0x3 bytes), align: 0
  Segment part 5. ROOT        Intra module refs:   Segment part 6
    -------------------------------------------------------------------------
CSTART
  Relative segment, address: CODE 00000085 - 0000008A (0x6 bytes), align: 0
  Segment part 6. ROOT        Intra module refs:   Segment part 5
           ENTRY                   ADDRESS         REF BY
           =====                   =======         ======
           __program_start         00000085        Absolute parts (?ABS_ENTRY_MOD)
           ?RESET_SP               00000088 
    -------------------------------------------------------------------------
CSTART
  Relative segment, address: CODE 0000008B - 00000090 (0x6 bytes), align: 0
  Segment part 8.
           ENTRY                   ADDRESS         REF BY
           =====                   =======         ======
           ?RESET_XSP              0000008B        ?XSP (VIRTUAL_REGISTERS)
    -------------------------------------------------------------------------
CSTART
  Relative segment, address: CODE 00000091 - 00000093 (0x3 bytes), align: 0
  Segment part 9.
           ENTRY                   ADDRESS         REF BY
           =====                   =======         ======
           ?RESET_CODE_BANK        00000091        Absolute parts (?BANKED_CODE_SUPPORT)
    -------------------------------------------------------------------------
CSTART
  Relative segment, address: CODE 00000094 - 00000096 (0x3 bytes), align: 0
  Segment part 13.            Intra module refs:   Absolute parts

    -------------------------------------------------------------------------
  LIBRARY MODULE, NAME : VIRTUAL_REGISTERS

  SEGMENTS IN THE MODULE
  ======================
BREG
  Relative segment, address: BIT 00000020.0 - 00000020.7 (0x8 bits), align: 0
  Segment part 0.
           ENTRY                   ADDRESS         REF BY
           =====                   =======         ======
           ?B0                     00000020.0      Absolute parts (CSTARTUP)
    -------------------------------------------------------------------------
VREG
  Relative segment, address: DATA 00000008 - 00000008 (0x1 bytes), align: 0
  Segment part 1.             Intra module refs:   ?V1
           ENTRY                   ADDRESS         REF BY
           =====                   =======         ======
           ?V0                     00000008        ?BANKED_ENTER_XDATA (?BANKED_ENTER_XDATA)
                                                   ?BANKED_LEAVE_XDATA (?BANKED_LEAVE_XDATA)
                                                   ?INTERRUPT_ENTER_XSP (?INTERRUPT_ENTER_XSP)
                                                   ?INTERRUPT_LEAVE_XSP (?INTERRUPT_LEAVE_XSP)
                                                   ?SL_GE_X (?SL_GE_X)
                                                   AM_HW_Init (?__write)
                                                   AT_time (?__write)
                                                   Segment part 24 (?xprintftiny)
                                                   TM_IRQ (?__write)
                                                   TimerCompareInterrupt (?__write)
                                                   _PrintfTiny (?xprintftiny)
                                                   _Prout (?xprout)
                                                   __write (?__write)
                                                   out (?xprintftiny)
                                                   printf (?printf)
                                                   putchar (?putchar)
                                                   u_mem_utils (?__write)
    -------------------------------------------------------------------------
VREG
  Relative segment, address: DATA 00000009 - 00000009 (0x1 bytes), align: 0
  Segment part 2.             Intra module refs:   ?V2
           ENTRY                   ADDRESS         REF BY
           =====                   =======         ======
           ?V1                     00000009        AM_HW_Init (?__write)
                                                   AT_time (?__write)
                                                   Segment part 24 (?xprintftiny)
                                                   TM_IRQ (?__write)
                                                   TimerCompareInterrupt (?__write)
                                                   _PrintfTiny (?xprintftiny)
                                                   _Prout (?xprout)
                                                   __write (?__write)
                                                   out (?xprintftiny)
                                                   printf (?printf)
                                                   putchar (?putchar)
                                                   u_mem_utils (?__write)
    -------------------------------------------------------------------------
VREG
  Relative segment, address: DATA 0000000A - 0000000A (0x1 bytes), align: 0
  Segment part 3.             Intra module refs:   ?V3
           ENTRY                   ADDRESS         REF BY
           =====                   =======         ======
           ?V2                     0000000A        AT_time (?__write)
                                                   Segment part 24 (?xprintftiny)
                                                   TM_IRQ (?__write)
                                                   _PrintfTiny (?xprintftiny)
                                                   _Prout (?xprout)
                                                   __write (?__write)
                                                   out (?xprintftiny)
                                                   u_mem_utils (?__write)
    -------------------------------------------------------------------------
VREG
  Relative segment, address: DATA 0000000B - 0000000B (0x1 bytes), align: 0
  Segment part 4.             Intra module refs:   ?V4
           ENTRY                   ADDRESS         REF BY
           =====                   =======         ======
           ?V3                     0000000B        AT_time (?__write)
                                                   Segment part 24 (?xprintftiny)
                                                   TM_IRQ (?__write)
                                                   _PrintfTiny (?xprintftiny)
                                                   __write (?__write)
                                                   out (?xprintftiny)
                                                   u_mem_utils (?__write)
    -------------------------------------------------------------------------
VREG
  Relative segment, address: DATA 0000000C - 0000000C (0x1 bytes), align: 0
  Segment part 5.             Intra module refs:   ?V5
           ENTRY                   ADDRESS         REF BY
           =====                   =======         ======
           ?V4                     0000000C        AT_time (?__write)
                                                   _PrintfTiny (?xprintftiny)
                                                   _Prout (?xprout)
                                                   __write (?__write)
                                                   out (?xprintftiny)
    -------------------------------------------------------------------------
VREG
  Relative segment, address: DATA 0000000D - 0000000D (0x1 bytes), align: 0
  Segment part 6.             Intra module refs:   ?V6
           ENTRY                   ADDRESS         REF BY
           =====                   =======         ======
           ?V5                     0000000D        AT_time (?__write)
                                                   _PrintfTiny (?xprintftiny)
                                                   _Prout (?xprout)
                                                   __write (?__write)
                                                   out (?xprintftiny)
    -------------------------------------------------------------------------
VREG
  Relative segment, address: DATA 0000000E - 0000000E (0x1 bytes), align: 0
  Segment part 7.             Intra module refs:   ?V7
           ENTRY                   ADDRESS         REF BY
           =====                   =======         ======
           ?V6                     0000000E        AT_time (?__write)
                                                   _PrintfTiny (?xprintftiny)
                                                   __write (?__write)
    -------------------------------------------------------------------------
VREG
  Relative segment, address: DATA 0000000F - 0000000F (0x1 bytes), align: 0
  Segment part 8.
           ENTRY                   ADDRESS         REF BY
           =====                   =======         ======
           ?V7                     0000000F        AT_time (?__write)
                                                   _PrintfTiny (?xprintftiny)
                                                   __write (?__write)
    -------------------------------------------------------------------------
XSP
  Relative segment, address: DATA 00000010 - 00000011 (0x2 bytes), align: 0
  Segment part 34.
           ENTRY                   ADDRESS         REF BY
           =====                   =======         ======
           ?XSP                    00000010        ?ADD_XSTACK_DISP0_8 (?ADD_XSTACK_DISP8)
                                                   ?ALLOC_XSTACK8 (?ALLOC_XSTACK8)
                                                   ?BANKED_ENTER_XDATA (?BANKED_ENTER_XDATA)
                                                   ?BANKED_LEAVE_XDATA (?BANKED_LEAVE_XDATA)
                                                   ?DEALLOC_XSTACK8 (?DEALLOC_XSTACK8)
                                                   ?INTERRUPT_ENTER_XSP (?INTERRUPT_ENTER_XSP)
                                                   ?INTERRUPT_LEAVE_XSP (?INTERRUPT_LEAVE_XSP)
                                                   ?PUSH_XSTACK8_X (?PUSH_XSTACK8_X)
                                                   ?RESET_XSP (CSTARTUP)
                                                   ?XSTACK_DISP0_8 (?XSTACK_DISP8)
                                                   ?XSTACK_DISP100_8 (?XSTACK_DISP8_RP)
                                                   ?XSTACK_DISP101_8 (?XSTACK_DISP8_RP)
                                                   ?XSTACK_DISP102_8 (?XSTACK_DISP8_RP)
                                                   Segment part 18 (?xprintftiny)
                                                   _PrintfTiny (?xprintftiny)
                                                   __exit (?__exit)
                                                   printf (?printf)
                                                   putchar (?putchar)
                                                   u_mem_utils (?__write)

    -------------------------------------------------------------------------
  LIBRARY MODULE, NAME : ?exit

  SEGMENTS IN THE MODULE
  ======================
<BANKED_CODE> 1 (was BANKED_CODE)
  Relative segment, address: CODE 0000105E - 0000106B (0xe bytes), align: 0
  Segment part 6.
           ENTRY                   ADDRESS         REF BY
           =====                   =======         ======
           exit                    0000105E        ?call_main (?cmain)
               calls direct
               ISTACK = 00000000 ( 00000002 )

    -------------------------------------------------------------------------
  LIBRARY MODULE, NAME : ?BANKED_CODE_SUPPORT

  SEGMENTS IN THE MODULE
  ======================
CSTART
  Relative segment, address: CODE 00000097 - 000000B4 (0x1e bytes), align: 0
  Segment part 0.
           ENTRY                   ADDRESS         REF BY
           =====                   =======         ======
           ?BCALL_FF               00000097        ?call_main (?cmain)
                                                   Segment part 10 (?cexit)
           ?BRET_FF                0000009D        ?BANKED_LEAVE_XDATA (?BANKED_LEAVE_XDATA)
                                                   HW_Init (?__write)
                                                   IRQEnable (?__write)
                                                   MEM_memcpy (?__write)
                                                   MEM_memset (?__write)
                                                   MyLowLevelPutchar (?__write)
                                                   ReadTimer (?__write)
                                                   __DebugBreak (?__dbg_break)
                                                   exit (?exit)
                                                   main (?__write)
                                                   strlen (?strlen)
                                                   uart_init (?__write)
           ?BDISPATCH_FF           000000A0        AM_HW_Init::?relay (?__write)
                                                   AT_time::?relay (?__write)
                                                   DBG_CORE_HALT::?relay (?__write)
                                                   HW_Init::?relay (?__write)
                                                   IRQEnable::?relay (?__write)
                                                   MEM_memcpy::?relay (?__write)
                                                   MEM_memset::?relay (?__write)
                                                   MyLowLevelPutchar::?relay (?__write)
                                                   ReadTimer::?relay (?__write)
                                                   TM_IRQ::?relay (?__write)
                                                   _PrintfTiny::?relay (?xprintftiny)
                                                   _Prout::?relay (?xprout)
                                                   __DebugBreak::?relay (?__dbg_break)
                                                   __write::?relay (?__write)
                                                   _exit::?relay (?cexit)
                                                   out::?relay (?xprintftiny)
                                                   printf::?relay (?printf)
                                                   putchar::?relay (?putchar)
                                                   strlen::?relay (?strlen)
                                                   u_mem_utils::?relay (?__write)
                                                   uart_init::?relay (?__write)

    -------------------------------------------------------------------------
  LIBRARY MODULE, NAME : ?SL_GE_X

  SEGMENTS IN THE MODULE
  ======================
RCODE
  Relative segment, address: CODE 0000026D - 00000292 (0x26 bytes), align: 0
  Segment part 1.
           ENTRY                   ADDRESS         REF BY
           =====                   =======         ======
           ?SL_GE_X                0000026D        _PrintfTiny (?xprintftiny)

    -------------------------------------------------------------------------
  LIBRARY MODULE, NAME : ?UL_DIV_MOD

  SEGMENTS IN THE MODULE
  ======================
RCODE
  Relative segment, address: CODE 00000293 - 00000301 (0x6f bytes), align: 0
  Segment part 1.
           ENTRY                   ADDRESS         REF BY
           =====                   =======         ======
           ?UL_DIV_MOD             00000293        _PrintfTiny (?xprintftiny)

    -------------------------------------------------------------------------
  LIBRARY MODULE, NAME : ?L_NEG

  SEGMENTS IN THE MODULE
  ======================
RCODE
  Relative segment, address: CODE 00000302 - 00000312 (0x11 bytes), align: 0
  Segment part 1.
           ENTRY                   ADDRESS         REF BY
           =====                   =======         ======
           ?L_NEG                  00000302        _PrintfTiny (?xprintftiny)

    -------------------------------------------------------------------------
  LIBRARY MODULE, NAME : ?L_ADD

  SEGMENTS IN THE MODULE
  ======================
RCODE
  Relative segment, address: CODE 00000313 - 00000325 (0x13 bytes), align: 0
  Segment part 1.
           ENTRY                   ADDRESS         REF BY
           =====                   =======         ======
           ?L_ADD                  00000313        AT_time (?__write)

    -------------------------------------------------------------------------
  LIBRARY MODULE, NAME : ?L_AND_X

  SEGMENTS IN THE MODULE
  ======================
RCODE
  Relative segment, address: CODE 00000326 - 00000338 (0x13 bytes), align: 0
  Segment part 1.
           ENTRY                   ADDRESS         REF BY
           =====                   =======         ======
           ?L_AND_X                00000326        AT_time (?__write)
                                                   _PrintfTiny (?xprintftiny)

    -------------------------------------------------------------------------
  LIBRARY MODULE, NAME : ?L_MOV_X

  SEGMENTS IN THE MODULE
  ======================
RCODE
  Relative segment, address: CODE 00000339 - 00000347 (0xf bytes), align: 0
  Segment part 0.
           ENTRY                   ADDRESS         REF BY
[...]
           =====                   =======         ======
           ?BANKED_ENTER_XDATA     0000040D        AM_HW_Init (?__write)
                                                   AT_time (?__write)
                                                   TM_IRQ (?__write)
                                                   _PrintfTiny (?xprintftiny)
                                                   _Prout (?xprout)
                                                   __exit (?__exit)
                                                   __write (?__write)
                                                   out (?xprintftiny)
                                                   printf (?printf)
                                                   putchar (?putchar)
                                                   u_mem_utils (?__write)

    -------------------------------------------------------------------------
  LIBRARY MODULE, NAME : ?BANKED_LEAVE_XDATA

  SEGMENTS IN THE MODULE
  ======================
RCODE
  Relative segment, address: CODE 00000479 - 000004BE (0x46 bytes), align: 0
  Segment part 1.
           ENTRY                   ADDRESS         REF BY
           =====                   =======         ======
           ?BANKED_LEAVE_XDATA     00000479        AM_HW_Init (?__write)
                                                   AT_time (?__write)
                                                   TM_IRQ (?__write)
                                                   _PrintfTiny (?xprintftiny)
                                                   _Prout (?xprout)
                                                   __write (?__write)
                                                   out (?xprintftiny)
                                                   printf (?printf)
                                                   putchar (?putchar)
                                                   u_mem_utils (?__write)

    -------------------------------------------------------------------------
  LIBRARY MODULE, NAME : ?INTERRUPT_ENTER_XSP

  SEGMENTS IN THE MODULE
  ======================
RCODE
  Relative segment, address: CODE 000004BF - 0000051D (0x5f bytes), align: 0
  Segment part 1.
           ENTRY                   ADDRESS         REF BY
           =====                   =======         ======
           ?INTERRUPT_ENTER_XSP    000004BF        TimerCompareInterrupt (?__write)

    -------------------------------------------------------------------------
  LIBRARY MODULE, NAME : ?INTERRUPT_LEAVE_XSP

  SEGMENTS IN THE MODULE
  ======================
RCODE
  Relative segment, address: CODE 0000051E - 00000575 (0x58 bytes), align: 0
  Segment part 1.
           ENTRY                   ADDRESS         REF BY
           =====                   =======         ======
           ?INTERRUPT_LEAVE_XSP    0000051E        TimerCompareInterrupt (?__write)

    -------------------------------------------------------------------------
  LIBRARY MODULE, NAME : ?PUSH_XSTACK_I

  SEGMENTS IN THE MODULE
  ======================
RCODE
  Relative segment, address: CODE 00000576 - 00000579 (0x4 bytes), align: 0
  Segment part 2.
           ENTRY                   ADDRESS         REF BY
           =====                   =======         ======
           ?PUSH_XSTACK_I_TWO      00000576        AM_HW_Init (?__write)
                                                   TM_IRQ (?__write)
                                                   _PrintfTiny (?xprintftiny)
                                                   printf (?printf)
                                                   putchar (?putchar)
                                                   u_mem_utils (?__write)
    -------------------------------------------------------------------------
RCODE
  Relative segment, address: CODE 0000057A - 00000586 (0xd bytes), align: 0
  Segment part 4.             Intra module refs:   ?PUSH_XSTACK_I_TWO
           ENTRY                   ADDRESS         REF BY
           =====                   =======         ======
           ?PUSH_XSTACK_I          0000057A 

    -------------------------------------------------------------------------
  LIBRARY MODULE, NAME : ?PUSH_XSTACK8_X

  SEGMENTS IN THE MODULE
  ======================
RCODE
  Relative segment, address: CODE 00000587 - 0000058A (0x4 bytes), align: 0
  Segment part 3.
           ENTRY                   ADDRESS         REF BY
           =====                   =======         ======
           ?PUSH_XSTACK8_X_TWO     00000587        _PrintfTiny (?xprintftiny)
    -------------------------------------------------------------------------
RCODE
  Relative segment, address: CODE 0000058B - 000005B3 (0x29 bytes), align: 0
  Segment part 5.             Intra module refs:   ?PUSH_XSTACK8_X_TWO
           ENTRY                   ADDRESS         REF BY
           =====                   =======         ======
           ?PUSH_XSTACK8_X         0000058B 

    -------------------------------------------------------------------------
  LIBRARY MODULE, NAME : ?printf

  SEGMENTS IN THE MODULE
  ======================
<BANKED_CODE> 1 (was BANKED_CODE)
  Relative segment, address: CODE 00000FA7 - 00000FF0 (0x4a bytes), align: 0
  Segment part 6.             Intra module refs:   printf::?relay
           ENTRY                   ADDRESS         REF BY
           =====                   =======         ======
           printf                  00000FA7 
               calls direct
               XSTACK = 00000000 ( 00000010 )
    -------------------------------------------------------------------------
BANK_RELAYS
  Relative segment, address: CODE 00000249 - 0000024E (0x6 bytes), align: 0
  Segment part 7.
           ENTRY                   ADDRESS         REF BY
           =====                   =======         ======
           printf::?relay          00000249        AM_HW_Init (?__write)
                                                   TM_IRQ (?__write)
                                                   u_mem_utils (?__write)

    -------------------------------------------------------------------------
  LIBRARY MODULE, NAME : ?putchar

  SEGMENTS IN THE MODULE
  ======================
<BANKED_CODE> 1 (was BANKED_CODE)
  Relative segment, address: CODE 00000F4E - 00000FA6 (0x59 bytes), align: 0
  Segment part 6.             Intra module refs:   putchar::?relay
           ENTRY                   ADDRESS         REF BY
           =====                   =======         ======
           putchar                 00000F4E 
               calls direct
               XSTACK = 00000000 ( 0000000D )
               ISTACK = 00000000 ( 00000001 )
    -------------------------------------------------------------------------
BANK_RELAYS
  Relative segment, address: CODE 0000024F - 00000254 (0x6 bytes), align: 0
  Segment part 7.
           ENTRY                   ADDRESS         REF BY
           =====                   =======         ======
           putchar::?relay         0000024F        _Prout (?xprout)

    -------------------------------------------------------------------------
  LIBRARY MODULE, NAME : ?strlen

  SEGMENTS IN THE MODULE
  ======================
<BANKED_CODE> 1 (was BANKED_CODE)
  Relative segment, address: CODE 00001040 - 0000105D (0x1e bytes), align: 0
  Segment part 6.             Intra module refs:   strlen::?relay
           ENTRY                   ADDRESS         REF BY
           =====                   =======         ======
           strlen                  00001040 
               is indirectly called
               ISTACK = 00000000 ( 00000002 )
    -------------------------------------------------------------------------
BANK_RELAYS
  Relative segment, address: CODE 00000255 - 0000025A (0x6 bytes), align: 0
  Segment part 7.
           ENTRY                   ADDRESS         REF BY
           =====                   =======         ======
           strlen::?relay          00000255        _PrintfTiny (?xprintftiny)

    -------------------------------------------------------------------------
  LIBRARY MODULE, NAME : ?xprintftiny

  SEGMENTS IN THE MODULE
  ======================
<BANKED_CODE> 1 (was BANKED_CODE)
  Relative segment, address: CODE 00000B1D - 00000B6E (0x52 bytes), align: 0
  Segment part 14.            Intra module refs:   out::?relay
           LOCAL                   ADDRESS         
           =====                   =======         
           out                     00000B1D 
               XSTACK = 0000002F ( 0000000E )
    -------------------------------------------------------------------------
<BANKED_CODE> 1 (was BANKED_CODE)
  Relative segment, address: CODE 00000B6F - 00000EEF (0x381 bytes), align: 0
  Segment part 16.            Intra module refs:   _PrintfTiny::?relay
           ENTRY                   ADDRESS         REF BY
           =====                   =======         ======
           _PrintfTiny             00000B6F 
               calls direct
               XSTACK = 00000004 ( 0000002F )
               ISTACK = 00000000 ( 00000001 )
    -------------------------------------------------------------------------
<BANKED_CODE> 1 (was BANKED_CODE)
  Relative segment, address: CODE 00000EF0 - 00000EF8 (0x9 bytes), align: 0
  Segment part 18.            Intra module refs:   _PrintfTiny
    -------------------------------------------------------------------------
<BANKED_CODE> 1 (was BANKED_CODE)
  Relative segment, address: CODE 00000EF9 - 00000EFE (0x6 bytes), align: 0
  Segment part 19.            Intra module refs:   _PrintfTiny
    -------------------------------------------------------------------------
<BANKED_CODE> 1 (was BANKED_CODE)
  Relative segment, address: CODE 00000EFF - 00000F02 (0x4 bytes), align: 0
  Segment part 20.            Intra module refs:   Segment part 19
                                                   Segment part 27
                                                   _PrintfTiny
    -------------------------------------------------------------------------
<BANKED_CODE> 1 (was BANKED_CODE)
  Relative segment, address: CODE 00000F03 - 00000F0B (0x9 bytes), align: 0
  Segment part 21.            Intra module refs:   Segment part 20
                                                   Segment part 23
    -------------------------------------------------------------------------
<BANKED_CODE> 1 (was BANKED_CODE)
  Relative segment, address: CODE 00000F0C - 00000F0F (0x4 bytes), align: 0
  Segment part 22.            Intra module refs:   _PrintfTiny
    -------------------------------------------------------------------------
<BANKED_CODE> 1 (was BANKED_CODE)
  Relative segment, address: CODE 00000F10 - 00000F17 (0x8 bytes), align: 0
  Segment part 23.            Intra module refs:   Segment part 22
                                                   Segment part 24
    -------------------------------------------------------------------------
<BANKED_CODE> 1 (was BANKED_CODE)
  Relative segment, address: CODE 00000F18 - 00000F28 (0x11 bytes), align: 0
  Segment part 24.            Intra module refs:   _PrintfTiny
    -------------------------------------------------------------------------
<BANKED_CODE> 1 (was BANKED_CODE)
  Relative segment, address: CODE 00000F29 - 00000F2D (0x5 bytes), align: 0
  Segment part 25.            Intra module refs:   _PrintfTiny
    -------------------------------------------------------------------------
<BANKED_CODE> 1 (was BANKED_CODE)
  Relative segment, address: CODE 00000F2E - 00000F3A (0xd bytes), align: 0
  Segment part 26.            Intra module refs:   Segment part 25
                                                   _PrintfTiny
    -------------------------------------------------------------------------
<BANKED_CODE> 1 (was BANKED_CODE)
  Relative segment, address: CODE 00000F3B - 00000F43 (0x9 bytes), align: 0
  Segment part 27.            Intra module refs:   _PrintfTiny
    -------------------------------------------------------------------------
<BANKED_CODE> 1 (was BANKED_CODE)
  Relative segment, address: CODE 00000F44 - 00000F4D (0xa bytes), align: 0
  Segment part 28.            Intra module refs:   Segment part 27
                                                   _PrintfTiny
    -------------------------------------------------------------------------
XDATA_ID
  Relative segment, address: CODE 000001D7 - 000001D8 (0x2 bytes), align: 0
  Segment part 7.             Intra module refs:   Segment part 6
    -------------------------------------------------------------------------
XDATA_ID
  Relative segment, address: CODE 000001D9 - 000001DA (0x2 bytes), align: 0
  Segment part 9.             Intra module refs:   Segment part 8
    -------------------------------------------------------------------------
XDATA_ID
  Relative segment, address: CODE 000001DB - 000001DE (0x4 bytes), align: 0
  Segment part 11.            Intra module refs:   __Constant_0
    -------------------------------------------------------------------------
XDATA_ID
  Relative segment, address: CODE 000001DF - 000001E2 (0x4 bytes), align: 0
  Segment part 13.            Intra module refs:   __Constant_ffff
    -------------------------------------------------------------------------
BANK_RELAYS
  Relative segment, address: CODE 0000025B - 00000260 (0x6 bytes), align: 0
  Segment part 15.            Intra module refs:   _PrintfTiny
           LOCAL                   ADDRESS         
           =====                   =======         
           out::?relay             0000025B 
    -------------------------------------------------------------------------
BANK_RELAYS
  Relative segment, address: CODE 00000261 - 00000266 (0x6 bytes), align: 0
  Segment part 17.
           ENTRY                   ADDRESS         REF BY
           =====                   =======         ======
           _PrintfTiny::?relay     00000261        printf (?printf)
    -------------------------------------------------------------------------
XDATA_I
  Relative segment, address: XDATA 0000102C - 0000102D (0x2 bytes), align: 0
  Segment part 6.             Intra module refs:   _PrintfTiny
    -------------------------------------------------------------------------
XDATA_I
  Relative segment, address: XDATA 0000102E - 0000102F (0x2 bytes), align: 0
  Segment part 8.             Intra module refs:   _PrintfTiny
    -------------------------------------------------------------------------
XDATA_I
  Relative segment, address: XDATA 00001030 - 00001033 (0x4 bytes), align: 0
  Segment part 10.            Intra module refs:   _PrintfTiny
           ENTRY                   ADDRESS         REF BY
           =====                   =======         ======
           __Constant_0            00001030 
    -------------------------------------------------------------------------
XDATA_I
  Relative segment, address: XDATA 00001034 - 00001037 (0x4 bytes), align: 0
  Segment part 12.            Intra module refs:   _PrintfTiny
           ENTRY                   ADDRESS         REF BY
           =====                   =======         ======
           __Constant_ffff         00001034 

    -------------------------------------------------------------------------
  LIBRARY MODULE, NAME : ?xprout

  SEGMENTS IN THE MODULE
  ======================
<BANKED_CODE> 1 (was BANKED_CODE)
  Relative segment, address: CODE 00000FF1 - 0000101B (0x2b bytes), align: 0
  Segment part 6.             Intra module refs:   _Prout::?relay
           ENTRY                   ADDRESS         REF BY
           =====                   =======         ======
           _Prout                  00000FF1 
               calls direct
               XSTACK = 00000000 ( 0000000E )
    -------------------------------------------------------------------------
BANK_RELAYS
  Relative segment, address: CODE 00000267 - 0000026C (0x6 bytes), align: 0
  Segment part 7.
           ENTRY                   ADDRESS         REF BY
           =====                   =======         ======
           _Prout::?relay          00000267        printf (?printf)




                ****************************************
                *                                      *
                *      SEGMENTS IN ADDRESS ORDER       *
                *                                      *
                ****************************************


SEGMENT              SPACE    START ADDRESS   END ADDRESS     SIZE  TYPE  ALIGN
=======              =====    =============   ===========     ====  ====  =====
INTVEC               CODE          00000000 - 0000002D          2E   com    0
CSTART               CODE          0000002E - 000000B4          87   rel    0
BDATA_ID             CODE               000000B5                     dse    0
BIT_ID               CODE               000000B5                     dse    0
DATA_ID              CODE               000000B5                     dse    0
IDATA_ID             CODE               000000B5                     dse    0
IXDATA_ID            CODE               000000B5                     dse    0
PDATA_ID             CODE               000000B5                     dse    0
XDATA_ID             CODE          000000B5 - 000001E2         12E   rel    0
BANK_RELAYS          CODE          000001E3 - 0000026C          8A   rel    0
RCODE                CODE          0000026D - 000005B3         347   rel    0
CODE_C               CODE               000005B4                     dse    0
DIFUNCT              CODE               000005B4                     rel    0
CODE_N               CODE               000005B4                     dse    0
NEAR_CODE            CODE          000005B4 - 000005DC          29   rel    0
<BANKED_CODE> 1      CODE          000005DD - 0000106E         A92   rel    0
REGISTERS            DATA          00000000 - 00000007           8   rel    0
VREG                 DATA          00000008 - 0000000F           8   rel    0
PSP                  DATA               00000010                     dse    0
XSP                  DATA          00000010 - 00000011           2   rel    0
BREG                 BIT        00000020.0  -  00000020.7        8   rel    0
SFR_AN               DATA          00000086 - 00000086           1   rel    0
                     DATA          00000095 - 00000097           3 
                     DATA          0000009D - 0000009E           2 
                     DATA          000000A8 - 000000A8           1 
                     DATA          000000AD - 000000AD           1 
                     DATA          000000C0 - 000000C2           3 
                     DATA          000000C5 - 000000C6           2 
                     DATA          000000F1 - 000000F1           1 
                     DATA          000000F3 - 000000F3           1 
XSTACK               XDATA         00000001 - 00000EFF         EFF   rel    0
XDATA_Z              XDATA         00000F00 - 00000F09           A   rel    0
XDATA_I              XDATA         00000F0A - 00001037         12E   rel    0
ISTACK               IDATA         000000C0 - 000000FF          40   rel    0

                ****************************************
                *                                      *
                *        END OF CROSS REFERENCE        *
                *                                      *
                ****************************************

 4 207 bytes of CODE  memory
    18 bytes of DATA  memory (+ 15 absolute )
 4 151 bytes of XDATA memory
    64 bytes of IDATA memory
     8 bits  of BIT   memory

Errors: none
Warnings: none

