################################################################################
#                                                                              #
#      IAR Universal Linker V6.4.6.89                                          #
#                                                                              #
#           Link time     =  12/Feb/2020  11:05:38                             #
#           Target CPU    =  x51                                               #
#           List file     =  "E:\WMNU\IAR_new_arch\PRJ Test\Debug\List\tests.m #
#                            ap"                                               #
#           Output file 1 =  "E:\WMNU\IAR_new_arch\PRJ Test\Debug\Exe\tests.d5 #
#                            1"                                                #
#                            Format: ubrof10                                   #
#                            UBROF version 10.0.6                              #
#                            Using library modules for C-SPY (-rt)             #
#           Command line  =  -f                                                #
#                            C:\Users\08A4~1\AppData\Local\Temp\EW5378.tmp     #
#                            ("E:\WMNU\IAR_new_arch\PRJ Test\Debug\Obj\action_ #
#                            manager.r51"                                      #
#                            "E:\WMNU\IAR_new_arch\PRJ Test\Debug\Obj\alarm_ti #
#                            mer.r51"                                          #
#                            "E:\WMNU\IAR_new_arch\PRJ Test\Debug\Obj\buffer.r #
#                            51"                                               #
#                            "E:\WMNU\IAR_new_arch\PRJ Test\Debug\Obj\cpu.r51" #
#                            "E:\WMNU\IAR_new_arch\PRJ Test\Debug\Obj\debug.r5 #
#                            1"                                                #
#                            "E:\WMNU\IAR_new_arch\PRJ Test\Debug\Obj\frame.r5 #
#                            1"                                                #
#                            "E:\WMNU\IAR_new_arch\PRJ Test\Debug\Obj\main.r51 #
#                            "                                                 #
#                            "E:\WMNU\IAR_new_arch\PRJ Test\Debug\Obj\mem_slot #
#                            s.r51"                                            #
#                            "E:\WMNU\IAR_new_arch\PRJ Test\Debug\Obj\mem_util #
#                            s.r51"                                            #
#                            "E:\WMNU\IAR_new_arch\PRJ Test\Debug\Obj\model.r5 #
#                            1"                                                #
#                            "E:\WMNU\IAR_new_arch\PRJ Test\Debug\Obj\rtc.r51" #
#                            "E:\WMNU\IAR_new_arch\PRJ Test\Debug\Obj\time_man #
#                            ager.r51"                                         #
#                            "E:\WMNU\IAR_new_arch\PRJ Test\Debug\Obj\u_alarm_ #
#                            timer.r51"                                        #
#                            "E:\WMNU\IAR_new_arch\PRJ Test\Debug\Obj\u_buffer #
#                            .r51"                                             #
#                            "E:\WMNU\IAR_new_arch\PRJ Test\Debug\Obj\u_debug. #
#                            r51"                                              #
#                            "E:\WMNU\IAR_new_arch\PRJ Test\Debug\Obj\u_frame. #
#                            r51"                                              #
#                            "E:\WMNU\IAR_new_arch\PRJ Test\Debug\Obj\u_macros #
#                            .r51"                                             #
#                            "E:\WMNU\IAR_new_arch\PRJ Test\Debug\Obj\u_mem_sl #
#                            ots.r51"                                          #
#                            "E:\WMNU\IAR_new_arch\PRJ Test\Debug\Obj\u_mem_ut #
#                            ils.r51"                                          #
#                            "E:\WMNU\IAR_new_arch\PRJ Test\Debug\Obj\ustimer. #
#                            r51"                                              #
#                            "E:\WMNU\IAR_new_arch\PRJ Test\Debug\Obj\utest.r5 #
#                            1"                                                #
#                            -o                                                #
#                            "E:\WMNU\IAR_new_arch\PRJ Test\Debug\Exe\tests.d5 #
#                            1"                                                #
#                            -l                                                #
#                            "E:\WMNU\IAR_new_arch\PRJ Test\Debug\List\tests.m #
#                            ap"                                               #
#                            -xms                                              #
#                            "-IC:\Program Files (x86)\IAR Systems\Embedded Wo #
#                            rkbench 8.0\8051\LIB\"                            #
#                            -f                                                #
#                            "C:\Program Files (x86)\IAR Systems\Embedded Work #
#                            bench 8.0\8051\config\devices\Texas Instruments\l #
#                            nk51ew_CC2530F256_banked.xcl"                     #
#                            (-D_IDATA0_START=0x00 -D_IDATA0_END=0xFF          #
#                            -D_PDATA0_START=0x1E00 -D_PDATA0_END=0x1EFF       #
#                            -D_IXDATA0_START=0x0001 -D_IXDATA0_END=0x1EFF     #
#                            -D_XDATA0_START=_IXDATA0_START                    #
#                            -D_XDATA0_END=_IXDATA0_END                        #
#                            -D_NEAR_CODE_START=0x0000                         #
#                            -D_FIRST_BANK_ADDR=0x10000 -D?REGISTER_BANK=0x0   #
#                            -D_REGISTER_BANK_START=0x0 -D_BREG_START=0x00     #
#                            -D?VB=0x20 -Z(BIT)BREG=_BREG_START                #
#                            -Z(BIT)BIT_N=0-7F                                 #
#                            -Z(DATA)REGISTERS+8=_REGISTER_BANK_START          #
#                            -Z(DATA)BDATA_Z,BDATA_N,BDATA_I=20-2F             #
#                            -Z(DATA)VREG=08-7F -Z(DATA)PSP,XSP=08-7F          #
#                            -Z(DATA)DOVERLAY=08-7F                            #
#                            -Z(DATA)DATA_I,DATA_Z,DATA_N=08-7F                #
#                            -U(IDATA)0-7F=(DATA)0-7F                          #
#                            -Z(IDATA)IDATA_I,IDATA_Z,IDATA_N=08-_IDATA0_END   #
#                            -Z(IDATA)ISTACK+_IDATA_STACK_SIZE#08-_IDATA0_END  #
#                            -Z(IDATA)IOVERLAY=08-FF -Z(CODE)INTVEC=0          #
#                            -Z(CODE)CSTART=_NEAR_CODE_START-(_CODEBANK_START- #
#                            1)                                                #
#                            -Z(CODE)BIT_ID,BDATA_ID,DATA_ID,IDATA_ID,IXDATA_I #
#                            D,PDATA_ID,XDATA_ID=_NEAR_CODE_START-(_CODEBANK_S #
#                            TART-1)                                           #
#                            -Z(CODE)BANK_RELAYS,RCODE,DIFUNCT,CODE_C,CODE_N,N #
#                            EAR_CODE=_NEAR_CODE_START-(_CODEBANK_START-1)     #
#                            -P(CODE)BANKED_CODE=_NEAR_CODE_START-(_CODEBANK_S #
#                            TART-1),[(_CODEBANK_START+_FIRST_BANK_ADDR)-(_COD #
#                            EBANK_END+_FIRST_BANK_ADDR)]*_NR_OF_BANKS+10000   #
#                            -Z(CODE)CHECKSUM#(_CODEBANK_START-1)              #
#                            -Z(XDATA)PDATA_Z,PDATA_I=_PDATA0_START-_PDATA0_EN #
#                            D                                                 #
#                            -P(XDATA)PDATA_N=_PDATA0_START-_PDATA0_END        #
#                            -Z(XDATA)PSTACK+_PDATA_STACK_SIZE=_PDATA0_START-_ #
#                            PDATA0_END                                        #
#                            -Z(XDATA)EXT_STACK+_EXTENDED_STACK_SIZE=_EXTENDED #
#                            _STACK_START                                      #
#                            -Z(XDATA)XSTACK+_XDATA_STACK_SIZE=_XDATA0_START-_ #
#                            XDATA0_END                                        #
#                            -Z(XDATA)IXDATA_Z,IXDATA_I=_IXDATA0_START-_IXDATA #
#                            0_END                                             #
#                            -P(XDATA)IXDATA_N=_IXDATA0_START-_IXDATA0_END     #
#                            -Z(XDATA)XDATA_Z,XDATA_I=_XDATA0_START-_XDATA0_EN #
#                            D                                                 #
#                            -P(XDATA)XDATA_N=_XDATA0_START-_XDATA0_END        #
#                            -Z(XDATA)XDATA_HEAP+_XDATA_HEAP_SIZE=_XDATA0_STAR #
#                            T-_XDATA0_END                                     #
#                            -Z(CONST)XDATA_ROM_C=_XDATA0_START-_XDATA0_END    #
#                            -cx51                                             #
#                            -M(CODE)[(_CODEBANK_START+_FIRST_BANK_ADDR)-(_COD #
#                            EBANK_END+_FIRST_BANK_ADDR)]*_NR_OF_BANKS+0x10000 #
#                            =0x8000                                           #
#                            -ww69=i -D_BANK0_START=0x00000                    #
#                            -D_BANK0_END=0x07FFF -D_BANK1_START=0x18000       #
#                            -D_BANK1_END=0x1FFFF -D_BANK2_START=0x28000       #
#                            -D_BANK2_END=0x2FFFF -D_BANK3_START=0x38000       #
#                            -D_BANK3_END=0x3FFFF -D_BANK4_START=0x48000       #
#                            -D_BANK4_END=0x4FFFF -D_BANK5_START=0x58000       #
#                            -D_BANK5_END=0x5FFFF -D_BANK6_START=0x68000       #
#                            -D_BANK6_END=0x6FFFF -D_BANK7_START=0x78000       #
#                            -D_BANK7_END=0x7FFFF                              #
#                            -P(CODE)BANK0=_BANK0_START-_BANK0_END             #
#                            -P(CODE)BANK1=_BANK1_START-_BANK1_END             #
#                            -P(CODE)BANK2=_BANK2_START-_BANK2_END             #
#                            -P(CODE)BANK3=_BANK3_START-_BANK3_END             #
#                            -P(CODE)BANK4=_BANK4_START-_BANK4_END             #
#                            -P(CODE)BANK5=_BANK5_START-_BANK5_END             #
#                            -P(CODE)BANK6=_BANK6_START-_BANK6_END             #
#                            -P(CODE)BANK7=_BANK7_START-_BANK7_END             #
#                            -D_FLASH_LOCK_BITS_START=0x7FFF0                  #
#                            -D_FLASH_LOCK_BITS_END=0x7FFFF                    #
#                            -Z(CODE)FLASH_LOCK_BITS=_FLASH_LOCK_BITS_START-_F #
#                            LASH_LOCK_BITS_END                                #
#                            -U(CODE)0x0000=(CODE)_FLASH_LOCK_BITS_START-_FLAS #
#                            H_LOCK_BITS_END)                                  #
#                            -D_NR_OF_VIRTUAL_REGISTERS=8 -D?PBANK=0x93        #
#                            -D?CBANK=0x9F -D?CBANK_MASK=0xFF                  #
#                            -e?BCALL_FF=?BCALL -e?BRET_FF=?BRET               #
#                            -e?BDISPATCH_FF=?BDISPATCH                        #
#                            -D_CODEBANK_START=0x8000 -D_CODEBANK_END=0xFFFF   #
#                            -D_NR_OF_BANKS=0x07                               #
#                            "-IC:\Program Files (x86)\IAR Systems\Embedded Wo #
#                            rkbench 8.0\8051\CONFIG\"                         #
#                            -rt -s __program_start                            #
#                            "C:\Program Files (x86)\IAR Systems\Embedded Work #
#                            bench 8.0\8051\LIB\DLIB\dl-pli-blxd-1e16x01n.r51" #
#                            -D_IDATA_STACK_SIZE=0x40 -D?ESP=0 -D?ESP_MASK=0   #
#                            -D_EXTENDED_STACK_START=0                         #
#                            -D_EXTENDED_STACK_SIZE=0                          #
#                            -D_PDATA_STACK_SIZE=0x80                          #
#                            -D_XDATA_STACK_SIZE=0x800                         #
#                            -D_XDATA_HEAP_SIZE=0x00 -D_FAR_HEAP_SIZE=0xFFF    #
#                            -D_HUGE_HEAP_SIZE=0xFFF                           #
#                            -D_FAR22_HEAP_SIZE=0xFFF)                         #
#                                                                              #
#                           Copyright (C) 1987-2016 IAR Systems AB.            #
################################################################################





                ****************************************
                *                                      *
                *           CROSS REFERENCE            *
                *                                      *
                ****************************************

       Program entry at : CODE      00000085  Relocatable, from module : CSTARTUP




                ****************************************
                *                                      *
                *            RUNTIME MODEL             *
                *                                      *
                ****************************************

  __Heap_Handler             = Basic
  __SystemLibrary            = DLib
  __calling_convention       = xdata_reentrant
  __code_model               = banked
  __core                     = plain
  __data_model               = large
  __dlib_file_descriptor     = 0
  __dlib_full_locale_support = 0
  __dptr_size                = 16
  __extended_stack           = disabled
  __location_for_constants   = data
  __number_of_dptrs          = 1
  __register_banks           = *
  __rt_version               = 1

                ****************************************
                *                                      *
                *    AUTOMATIC SYMBOL REDIRECTIONS     *
                *                                      *
                ****************************************

       All references to: _Printf
         were redirected to: _PrintfSmallNoMb
       All references to: _Printf::?relay
         were redirected to: _PrintfSmallNoMb::?relay



                ****************************************
                *                                      *
                *              MODULE MAP              *
                *                                      *
                ****************************************


  DEFINED ABSOLUTE ENTRIES
    *************************************************************************

  DEFINED ABSOLUTE ENTRIES
  PROGRAM MODULE, NAME : ?ABS_ENTRY_MOD

Absolute parts
           ENTRY                   ADDRESS         REF BY
           =====                   =======         ======
           _FAR22_HEAP_SIZE        00000FFF 
           _HUGE_HEAP_SIZE         00000FFF 
           _FAR_HEAP_SIZE          00000FFF 
           _XDATA_HEAP_SIZE        00000000 
           _XDATA_STACK_SIZE       00000800 
           _PDATA_STACK_SIZE       00000080 
           _EXTENDED_STACK_SIZE    00000000 
           _EXTENDED_STACK_START   00000000 
           ?ESP_MASK               00000000 
           ?ESP                    00000000 
           _IDATA_STACK_SIZE       00000040 
           _NR_OF_BANKS            00000007 
           _CODEBANK_END           0000FFFF 
           _CODEBANK_START         00008000 
           ?CBANK_MASK             000000FF 
           ?CBANK                  0000009F        ?LONGJMP_XDATA (?LONGJMP_XDATA)
                                                   ?RESET_CODE_BANK (CSTARTUP)
                                                   ?SETJMP_XDATA (?SETJMP_XDATA)
                                                   Segment part 0 (?BANKED_CODE_SUPPORT)
           ?PBANK                  00000093        ?RESET_PDATA_BANK (CSTARTUP)
           _NR_OF_VIRTUAL_REGISTERS
                                   00000008 
           _FLASH_LOCK_BITS_END    0003FFFF 
           _FLASH_LOCK_BITS_START
                                   0003FFF0 
           _BANK7_END              0003FFFF 
           _BANK7_START            00038000 
           _BANK6_END              00037FFF 
           _BANK6_START            00030000 
           _BANK5_END              0002FFFF 
           _BANK5_START            00028000 
           _BANK4_END              00027FFF 
           _BANK4_START            00020000 
           _BANK3_END              0001FFFF 
           _BANK3_START            00018000 
           _BANK2_END              00017FFF 
           _BANK2_START            00010000 
           _BANK1_END              0000FFFF 
           _BANK1_START            00008000 
           _BANK0_END              00007FFF 
           _BANK0_START            00000000 
           ?VB                     00000020        ?BANKED_ENTER_XDATA (?BANKED_ENTER_XDATA)
                                                   ?BANKED_LEAVE_XDATA (?BANKED_LEAVE_XDATA)
                                                   ?INTERRUPT_ENTER_XSP (?INTERRUPT_ENTER_XSP)
                                                   ?INTERRUPT_LEAVE_XSP (?INTERRUPT_LEAVE_XSP)
                                                   ?LONGJMP_XDATA (?LONGJMP_XDATA)
                                                   ?SETJMP_XDATA (?SETJMP_XDATA)
                                                   BF_push_rx (action_manager)
                                                   BF_push_tx (action_manager)
                                                   SL_free (action_manager)
                                                   test1 (action_manager)
                                                   test2 (action_manager)
           _BREG_START             00000000 
           _REGISTER_BANK_START    00000000 
           ?REGISTER_BANK          00000000        Segment part 6 (CSTARTUP)
           _FIRST_BANK_ADDR        00010000 
           _NEAR_CODE_START        00000000 
           _XDATA0_END             00001EFF 
           _XDATA0_START           00000001 
           _IXDATA0_END            00001EFF 
           _IXDATA0_START          00000001 
           _PDATA0_END             00001EFF 
           _PDATA0_START           00001E00 
           _IDATA0_END             000000FF 
           _IDATA0_START           00000000 
    *************************************************************************

  FILE NAME : E:\WMNU\IAR_new_arch\PRJ Test\Debug\Obj\action_manager.r51
  PROGRAM MODULE, NAME : action_manager

  SEGMENTS IN THE MODULE
  ======================
SFR_AN
  Relative segment, address: DATA 00000095 - 00000095 (0x1 bytes), align: 0
  Segment part 1. ROOT        Intra module refs:   ReadTimer
           ENTRY                   ADDRESS         REF BY
           =====                   =======         ======
           ST0                     00000095 
    -------------------------------------------------------------------------
SFR_AN
  Relative segment, address: DATA 00000096 - 00000096 (0x1 bytes), align: 0
  Segment part 2. ROOT        Intra module refs:   ReadTimer
           ENTRY                   ADDRESS         REF BY
           =====                   =======         ======
           ST1                     00000096 
    -------------------------------------------------------------------------
SFR_AN
  Relative segment, address: DATA 00000097 - 00000097 (0x1 bytes), align: 0
  Segment part 3. ROOT        Intra module refs:   ReadTimer
           ENTRY                   ADDRESS         REF BY
           =====                   =======         ======
           ST2                     00000097 
    -------------------------------------------------------------------------
SFR_AN
  Relative segment, address: DATA 0000009D - 0000009D (0x1 bytes), align: 0
  Segment part 4. ROOT        Intra module refs:   ReadTimer
           ENTRY                   ADDRESS         REF BY
           =====                   =======         ======
           SLEEPSTA                0000009D 
    -------------------------------------------------------------------------
SFR_AN
  Relative segment, address: DATA 0000009E - 0000009E (0x1 bytes), align: 0
  Segment part 5. ROOT 
           ENTRY                   ADDRESS         REF BY
           =====                   =======         ======
           CLKCONSTA               0000009E 
    -------------------------------------------------------------------------
SFR_AN
  Relative segment, address: DATA 000000A8 - 000000A8 (0x1 bytes), align: 0
  Segment part 6. ROOT        Intra module refs:   BF_cursor_next
                                                   BF_cursor_rx
                                                   BF_cursor_tx
                                                   BF_push_rx
                                                   BF_push_tx
                                                   BF_remove
                                                   IRQEnable
                                                   SL_alloc
                                                   SL_free
                                                   TimerCompareInterrupt
                                                   __cli
           ENTRY                   ADDRESS         REF BY
           =====                   =======         ======
           _A_IEN0                 000000A8 
           LOCAL                   ADDRESS         
           =====                   =======         
           IEN0                    000000A8 
    -------------------------------------------------------------------------
SFR_AN
  Relative segment, address: DATA 000000AD - 000000AD (0x1 bytes), align: 0
  Segment part 7. ROOT 
           ENTRY                   ADDRESS         REF BY
           =====                   =======         ======
           STLOAD                  000000AD 
    -------------------------------------------------------------------------
SFR_AN
  Relative segment, address: DATA 000000C0 - 000000C0 (0x1 bytes), align: 0
  Segment part 8. ROOT        Intra module refs:   TimerCompareInterrupt
           ENTRY                   ADDRESS         REF BY
           =====                   =======         ======
           _A_IRCON                000000C0 
           LOCAL                   ADDRESS         
           =====                   =======         
           IRCON                   000000C0 
    -------------------------------------------------------------------------
SFR_AN
  Relative segment, address: DATA 000000C6 - 000000C6 (0x1 bytes), align: 0
  Segment part 9. ROOT 
           ENTRY                   ADDRESS         REF BY
           =====                   =======         ======
           CLKCONCMD               000000C6 
    -------------------------------------------------------------------------
XDATA_Z
  Relative segment, address: XDATA 00000801 - 00000802 (0x2 bytes), align: 0
  Segment part 73.            Intra module refs:   AM_Hot_start
           LOCAL                   ADDRESS         
           =====                   =======         
           HOT_MOD                 00000801 
    -------------------------------------------------------------------------
XDATA_I
  Relative segment, address: XDATA 0000147F - 00001488 (0xa bytes), align: 0
  Segment part 76.            Intra module refs:   AM_SW_Init
           LOCAL                   ADDRESS         
           =====                   =======         
           SW_MOD                  0000147F 
    -------------------------------------------------------------------------
<BANKED_CODE> 1 (was BANKED_CODE)
  Relative segment, address: CODE 000009B3 - 00000A75 (0xc3 bytes), align: 0
  Segment part 152.           Intra module refs:   AM_Hot_start::?relay
           ENTRY                   ADDRESS         REF BY
           =====                   =======         ======
           AM_Hot_start            000009B3 
               calls direct
               XSTACK = 00000009 ( 00000010 )
    -------------------------------------------------------------------------
<BANKED_CODE> 1 (was BANKED_CODE)
  Relative segment, address: CODE 00000A76 - 00000B33 (0xbe bytes), align: 0
  Segment part 156.           Intra module refs:   AM_SW_Init::?relay
           ENTRY                   ADDRESS         REF BY
           =====                   =======         ======
           AM_SW_Init              00000A76 
               calls direct
               XSTACK = 0000000A ( 00000010 )
    -------------------------------------------------------------------------
<BANKED_CODE> 1 (was BANKED_CODE)
  Relative segment, address: CODE 00000B34 - 00000B3A (0x7 bytes), align: 0
  Segment part 162.           Intra module refs:   __cli::?relay
           LOCAL                   ADDRESS         
           =====                   =======         
           __cli                   00000B34 
               XSTACK = 0000000F ( 00000000 )
    -------------------------------------------------------------------------
XDATA_Z
  Relative segment, address: XDATA 00000803 - 00000804 (0x2 bytes), align: 0
  Segment part 82.            Intra module refs:   AT_time
           LOCAL                   ADDRESS         
           =====                   =======         
           TOFFSET                 00000803 
    -------------------------------------------------------------------------
<BANKED_CODE> 1 (was BANKED_CODE)
  Relative segment, address: CODE 00000B3B - 00000B71 (0x37 bytes), align: 0
  Segment part 168.           Intra module refs:   AT_time::?relay
           ENTRY                   ADDRESS         REF BY
           =====                   =======         ======
           AT_time                 00000B3B 
               calls direct
               XSTACK = 0000000F ( 00000010 )
    -------------------------------------------------------------------------
<BANKED_CODE> 1 (was BANKED_CODE)
  Relative segment, address: CODE 00000B72 - 00000B82 (0x11 bytes), align: 0
  Segment part 172.           Intra module refs:   IRQEnable::?relay
           LOCAL                   ADDRESS         
           =====                   =======         
           IRQEnable               00000B72 
               XSTACK = 0000000F ( 00000000 )
    -------------------------------------------------------------------------
<BANKED_CODE> 1 (was BANKED_CODE)
  Relative segment, address: CODE 00000B83 - 00000BBD (0x3b bytes), align: 0
  Segment part 178.           Intra module refs:   ReadTimer::?relay
           LOCAL                   ADDRESS         
           =====                   =======         
           ReadTimer               00000B83 
               XSTACK = 00000016 ( 00000000 )
               ISTACK = 00000000 ( 00000002 )
    -------------------------------------------------------------------------
XDATA_Z
  Relative segment, address: XDATA 00000805 - 00000808 (0x4 bytes), align: 0
  Segment part 85.            Intra module refs:   ReadTimer
           LOCAL                   ADDRESS         
           =====                   =======         
           ReadTimer::ret_val      00000805 
    -------------------------------------------------------------------------
NEAR_CODE
  Relative segment, address: CODE 00000982 - 000009B2 (0x31 bytes), align: 0
  Segment part 340.           Intra module refs:   TimerCompareInterrupt::??INTVEC 43
           ENTRY                   ADDRESS         REF BY
           =====                   =======         ======
           TimerCompareInterrupt   00000982 
               interrupt function
               calls direct
               XSTACK = 00000000 ( 0000000F )
    -------------------------------------------------------------------------
<BANKED_CODE> 1 (was BANKED_CODE)
  Relative segment, address: CODE 00000BBE - 00000BC4 (0x7 bytes), align: 0
  Segment part 184.           Intra module refs:   __cli::?relay
           LOCAL                   ADDRESS         
           =====                   =======         
           __cli                   00000BBE 
               XSTACK = 0000000B ( 00000000 )
    -------------------------------------------------------------------------
<BANKED_CODE> 1 (was BANKED_CODE)
  Relative segment, address: CODE 00000BC5 - 00000BE3 (0x1f bytes), align: 0
  Segment part 186.           Intra module refs:   INIT_LIST_HEAD::?relay
           LOCAL                   ADDRESS         
           =====                   =======         
           INIT_LIST_HEAD          00000BC5 
               XSTACK = 00000009 ( 00000000 )
               ISTACK = 00000000 ( 00000002 )
    -------------------------------------------------------------------------
<BANKED_CODE> 1 (was BANKED_CODE)
  Relative segment, address: CODE 00000BE4 - 00000BE7 (0x4 bytes), align: 0
  Segment part 188.           Intra module refs:   __list_add_valid::?relay
           LOCAL                   ADDRESS         
           =====                   =======         
           __list_add_valid        00000BE4 
               XSTACK = 0000000E ( 00000000 )
    -------------------------------------------------------------------------
<BANKED_CODE> 1 (was BANKED_CODE)
  Relative segment, address: CODE 00000BE8 - 00000BEB (0x4 bytes), align: 0
  Segment part 190.           Intra module refs:   __list_del_entry_valid::?relay
           LOCAL                   ADDRESS         
           =====                   =======         
           __list_del_entry_valid
                                   00000BE8 
               XSTACK = 00000009 ( 00000000 )
    -------------------------------------------------------------------------
<BANKED_CODE> 1 (was BANKED_CODE)
  Relative segment, address: CODE 00000BEC - 00000C50 (0x65 bytes), align: 0
  Segment part 192.           Intra module refs:   __list_add::?relay
           LOCAL                   ADDRESS         
           =====                   =======         
           __list_add              00000BEC 
               calls direct
               XSTACK = 0000000C ( 0000000E )
    -------------------------------------------------------------------------
<BANKED_CODE> 1 (was BANKED_CODE)
  Relative segment, address: CODE 00000C51 - 00000C79 (0x29 bytes), align: 0
  Segment part 194.           Intra module refs:   list_add::?relay
           LOCAL                   ADDRESS         
           =====                   =======         
           list_add                00000C51 
               calls direct
               XSTACK = 0000000E ( 0000000C )
    -------------------------------------------------------------------------
<BANKED_CODE> 1 (was BANKED_CODE)
  Relative segment, address: CODE 00000C7A - 00000C98 (0x1f bytes), align: 0
  Segment part 196.           Intra module refs:   __list_del::?relay
           LOCAL                   ADDRESS         
           =====                   =======         
           __list_del              00000C7A 
               XSTACK = 00000009 ( 00000000 )
               ISTACK = 00000000 ( 00000002 )
    -------------------------------------------------------------------------
<BANKED_CODE> 1 (was BANKED_CODE)
  Relative segment, address: CODE 00000C99 - 00000CC6 (0x2e bytes), align: 0
  Segment part 198.           Intra module refs:   __list_del_entry::?relay
           LOCAL                   ADDRESS         
           =====                   =======         
           __list_del_entry        00000C99 
               calls direct
               XSTACK = 00000009 ( 00000009 )
    -------------------------------------------------------------------------
<BANKED_CODE> 1 (was BANKED_CODE)
  Relative segment, address: CODE 00000CC7 - 00000CF3 (0x2d bytes), align: 0
  Segment part 200.           Intra module refs:   list_del::?relay
           LOCAL                   ADDRESS         
           =====                   =======         
           list_del                00000CC7 
               calls direct
               XSTACK = 0000000B ( 00000009 )
    -------------------------------------------------------------------------
<BANKED_CODE> 1 (was BANKED_CODE)
  Relative segment, address: CODE 00000CF4 - 00000D1C (0x29 bytes), align: 0
  Segment part 202.           Intra module refs:   list_empty::?relay
           LOCAL                   ADDRESS         
           =====                   =======         
           list_empty              00000CF4 
               XSTACK = 0000000A ( 00000000 )
               ISTACK = 00000000 ( 00000002 )
    -------------------------------------------------------------------------
XDATA_I
  Relative segment, address: XDATA 00001489 - 00001494 (0xc bytes), align: 0
  Segment part 86.            Intra module refs:   Segment part 77
           ENTRY                   ADDRESS         REF BY
           =====                   =======         ======
           BF_MODULE               00001489 
    -------------------------------------------------------------------------
XDATA_Z
  Relative segment, address: XDATA 00000809 - 00000880 (0x78 bytes), align: 0
  Segment part 88.            Intra module refs:   SW_Init
                                                   find_free_node
           LOCAL                   ADDRESS         
           =====                   =======         
           NODE_LIST               00000809 
    -------------------------------------------------------------------------
XDATA_I
  Relative segment, address: XDATA 00001495 - 00001498 (0x4 bytes), align: 0
  Segment part 89.            Intra module refs:   BF_cursor_tx
                                                   BF_push_tx
                                                   SW_Init
                                                   Segment part 90
           ENTRY                   ADDRESS         REF BY
           =====                   =======         ======
           TX_LIST_HEAD            00001495 
    -------------------------------------------------------------------------
XDATA_I
  Relative segment, address: XDATA 00001499 - 0000149C (0x4 bytes), align: 0
  Segment part 91.            Intra module refs:   BF_cursor_rx
                                                   BF_push_rx
                                                   SW_Init
                                                   Segment part 92
           ENTRY                   ADDRESS         REF BY
           =====                   =======         ======
           RX_LIST_HEAD            00001499 
    -------------------------------------------------------------------------
XDATA_Z
  Relative segment, address: XDATA 00000881 - 00000882 (0x2 bytes), align: 0
  Segment part 93.            Intra module refs:   BF_available
                                                   BF_push_tx
                                                   BF_remove
                                                   BF_tx_busy
                                                   SW_Init
           LOCAL                   ADDRESS         
           =====                   =======         
           TX_BUFF_FRAME_COUNT     00000881 
    -------------------------------------------------------------------------
XDATA_Z
  Relative segment, address: XDATA 00000883 - 00000884 (0x2 bytes), align: 0
  Segment part 94.            Intra module refs:   BF_available
                                                   BF_push_rx
                                                   BF_rx_busy
                                                   SW_Init
           LOCAL                   ADDRESS         
           =====                   =======         
           RX_BUFF_FRAME_COUNT     00000883 
    -------------------------------------------------------------------------
<BANKED_CODE> 1 (was BANKED_CODE)
  Relative segment, address: CODE 00000D1D - 00000D73 (0x57 bytes), align: 0
  Segment part 204.           Intra module refs:   SW_Init::?relay
           LOCAL                   ADDRESS         
           =====                   =======         
           SW_Init                 00000D1D 
               calls direct, is indirectly called
               XSTACK = 00000000 ( 00000009 )
    -------------------------------------------------------------------------
<BANKED_CODE> 1 (was BANKED_CODE)
  Relative segment, address: CODE 00000D74 - 00000D86 (0x13 bytes), align: 0
  Segment part 206.           Intra module refs:   BF_rx_busy::?relay
           ENTRY                   ADDRESS         REF BY
           =====                   =======         ======
           BF_rx_busy              00000D74 
               XSTACK = 0000003A ( 00000000 )
               ISTACK = 00000000 ( 00000002 )
    -------------------------------------------------------------------------
<BANKED_CODE> 1 (was BANKED_CODE)
  Relative segment, address: CODE 00000D87 - 00000D99 (0x13 bytes), align: 0
  Segment part 208.           Intra module refs:   BF_tx_busy::?relay
           ENTRY                   ADDRESS         REF BY
           =====                   =======         ======
           BF_tx_busy              00000D87 
               XSTACK = 0000003A ( 00000000 )
               ISTACK = 00000000 ( 00000002 )
    -------------------------------------------------------------------------
<BANKED_CODE> 1 (was BANKED_CODE)
  Relative segment, address: CODE 00000D9A - 00000E03 (0x6a bytes), align: 0
  Segment part 210.           Intra module refs:   BF_available::?relay
           ENTRY                   ADDRESS         REF BY
           =====                   =======         ======
           BF_available            00000D9A 
               calls direct
               XSTACK = 0000003A ( 00000010 )
    -------------------------------------------------------------------------
<BANKED_CODE> 1 (was BANKED_CODE)
  Relative segment, address: CODE 00000E04 - 00000E44 (0x41 bytes), align: 0
  Segment part 212.           Intra module refs:   find_free_node::?relay
           LOCAL                   ADDRESS         
           =====                   =======         
           find_free_node          00000E04 
               calls direct
               XSTACK = 0000000E ( 00000009 )
    -------------------------------------------------------------------------
<BANKED_CODE> 1 (was BANKED_CODE)
  Relative segment, address: CODE 00000E45 - 00000EBF (0x7b bytes), align: 0
  Segment part 214.           Intra module refs:   _push::?relay
           LOCAL                   ADDRESS         
           =====                   =======         
           _push                   00000E45 
               calls direct
               XSTACK = 00000009 ( 00000014 )
    -------------------------------------------------------------------------
<BANKED_CODE> 1 (was BANKED_CODE)
  Relative segment, address: CODE 00000EC0 - 00000F04 (0x45 bytes), align: 0
  Segment part 216.           Intra module refs:   BF_push_tx::?relay
           ENTRY                   ADDRESS         REF BY
           =====                   =======         ======
           BF_push_tx              00000EC0 
               calls direct
               XSTACK = 0000003A ( 00000009 )
    -------------------------------------------------------------------------
<BANKED_CODE> 1 (was BANKED_CODE)
  Relative segment, address: CODE 00000F05 - 00000F49 (0x45 bytes), align: 0
  Segment part 218.           Intra module refs:   BF_push_rx::?relay
           ENTRY                   ADDRESS         REF BY
           =====                   =======         ======
           BF_push_rx              00000F05 
               calls direct
               XSTACK = 0000003A ( 00000009 )
    -------------------------------------------------------------------------
<BANKED_CODE> 1 (was BANKED_CODE)
  Relative segment, address: CODE 00000F4A - 00000F96 (0x4d bytes), align: 0
  Segment part 220.           Intra module refs:   BF_cursor_rx::?relay
           ENTRY                   ADDRESS         REF BY
           =====                   =======         ======
           BF_cursor_rx            00000F4A 
               calls direct
               XSTACK = 0000003A ( 0000000A )
    -------------------------------------------------------------------------
<BANKED_CODE> 1 (was BANKED_CODE)
  Relative segment, address: CODE 00000F97 - 00000FE3 (0x4d bytes), align: 0
  Segment part 222.           Intra module refs:   BF_cursor_tx::?relay
           ENTRY                   ADDRESS         REF BY
           =====                   =======         ======
           BF_cursor_tx            00000F97 
               calls direct
               XSTACK = 0000003A ( 0000000A )
    -------------------------------------------------------------------------
<BANKED_CODE> 1 (was BANKED_CODE)
  Relative segment, address: CODE 00000FE4 - 0000103E (0x5b bytes), align: 0
  Segment part 224.           Intra module refs:   BF_cursor_next::?relay
           ENTRY                   ADDRESS         REF BY
           =====                   =======         ======
           BF_cursor_next          00000FE4 
               calls direct
               XSTACK = 0000003A ( 0000000B )
    -------------------------------------------------------------------------
<BANKED_CODE> 1 (was BANKED_CODE)
  Relative segment, address: CODE 0000103F - 00001093 (0x55 bytes), align: 0
  Segment part 226.           Intra module refs:   BF_remove::?relay
           ENTRY                   ADDRESS         REF BY
           =====                   =======         ======
           BF_remove               0000103F 
               calls direct
               XSTACK = 0000003A ( 0000000B )
    -------------------------------------------------------------------------
<BANKED_CODE> 1 (was BANKED_CODE)
  Relative segment, address: CODE 00001094 - 000010B5 (0x22 bytes), align: 0
  Segment part 228.           Intra module refs:   BF_content::?relay
           ENTRY                   ADDRESS         REF BY
           =====                   =======         ======
           BF_content              00001094 
               XSTACK = 0000003A ( 00000000 )
               ISTACK = 00000000 ( 00000002 )
    -------------------------------------------------------------------------
<BANKED_CODE> 1 (was BANKED_CODE)
  Relative segment, address: CODE 000010B6 - 000010B7 (0x2 bytes), align: 0
  Segment part 234.           Intra module refs:   DBG_CORE_HALT::?relay
           ENTRY                   ADDRESS         REF BY
           =====                   =======         ======
           DBG_CORE_HALT           000010B6 
               XSTACK = 00000029 ( 00000000 )
    -------------------------------------------------------------------------
XDATA_I
  Relative segment, address: XDATA 0000149D - 000014A8 (0xc bytes), align: 0
  Segment part 99.            Intra module refs:   Segment part 77
           ENTRY                   ADDRESS         REF BY
           =====                   =======         ======
           FR_MODULE               0000149D 
    -------------------------------------------------------------------------
<BANKED_CODE> 1 (was BANKED_CODE)
  Relative segment, address: CODE 000010B8 - 000010BA (0x3 bytes), align: 0
  Segment part 238.           Intra module refs:   SW_Init::?relay
           LOCAL                   ADDRESS         
           =====                   =======         
           SW_Init                 000010B8 
               is indirectly called
    -------------------------------------------------------------------------
<BANKED_CODE> 1 (was BANKED_CODE)
  Relative segment, address: CODE 000010BB - 000010C8 (0xe bytes), align: 0
  Segment part 240.           Intra module refs:   FR_create::?relay
           ENTRY                   ADDRESS         REF BY
           =====                   =======         ======
           FR_create               000010BB 
               calls direct
               XSTACK = 0000003A ( 00000000 )
               ISTACK = 00000000 ( 00000002 )
    -------------------------------------------------------------------------
<BANKED_CODE> 1 (was BANKED_CODE)
  Relative segment, address: CODE 000010C9 - 000010DD (0x15 bytes), align: 0
  Segment part 242.           Intra module refs:   FR_delete::?relay
           ENTRY                   ADDRESS         REF BY
           =====                   =======         ======
           FR_delete               000010C9 
               calls direct
               XSTACK = 0000003A ( 00000009 )
    -------------------------------------------------------------------------
<BANKED_CODE> 1 (was BANKED_CODE)
  Relative segment, address: CODE 000010DE - 000011B0 (0xd3 bytes), align: 0
  Segment part 244.           Intra module refs:   FR_add_header::?relay
           ENTRY                   ADDRESS         REF BY
           =====                   =======         ======
           FR_add_header           000010DE 
               calls direct
               XSTACK = 00000016 ( 00000017 )
               ISTACK = 00000000 ( 00000001 )
    -------------------------------------------------------------------------
<BANKED_CODE> 1 (was BANKED_CODE)
  Relative segment, address: CODE 000011B1 - 00001263 (0xb3 bytes), align: 0
  Segment part 246.           Intra module refs:   FR_del_header::?relay
           ENTRY                   ADDRESS         REF BY
           =====                   =======         ======
           FR_del_header           000011B1 
               calls direct
               XSTACK = 00000016 ( 00000012 )
               ISTACK = 00000000 ( 00000001 )
    -------------------------------------------------------------------------
XDATA_ROM_C
  Relative segment, address: XDATA 00001668 - 0000166B (0x4 bytes), align: 0
  Segment part 101.           Intra module refs:   FR_del_header
    -------------------------------------------------------------------------
<BANKED_CODE> 1 (was BANKED_CODE)
  Relative segment, address: CODE 00001264 - 00001271 (0xe bytes), align: 0
  Segment part 248.           Intra module refs:   FR_busy::?relay
           ENTRY                   ADDRESS         REF BY
           =====                   =======         ======
           FR_busy                 00001264 
               calls direct
               XSTACK = 00000034 ( 00000000 )
               ISTACK = 00000000 ( 00000002 )
    -------------------------------------------------------------------------
<BANKED_CODE> 1 (was BANKED_CODE)
  Relative segment, address: CODE 00001272 - 0000127F (0xe bytes), align: 0
  Segment part 250.           Intra module refs:   FR_available::?relay
           ENTRY                   ADDRESS         REF BY
           =====                   =======         ======
           FR_available            00001272 
               calls direct
               XSTACK = 00000034 ( 00000000 )
               ISTACK = 00000000 ( 00000002 )
    -------------------------------------------------------------------------
<BANKED_CODE> 1 (was BANKED_CODE)
  Relative segment, address: CODE 00001280 - 00001284 (0x5 bytes), align: 0
  Segment part 252.
           ENTRY                   ADDRESS         REF BY
           =====                   =======         ======
           main                    00001280        ?call_main (?cmain)
               calls direct
    -------------------------------------------------------------------------
<BANKED_CODE> 1 (was BANKED_CODE)
  Relative segment, address: CODE 00001285 - 000012C0 (0x3c bytes), align: 0
  Segment part 254.           Intra module refs:   is_array_ptr::?relay
           LOCAL                   ADDRESS         
           =====                   =======         
           is_array_ptr            00001285 
               XSTACK = 0000000E ( 0000000C )
    -------------------------------------------------------------------------
<BANKED_CODE> 1 (was BANKED_CODE)
  Relative segment, address: CODE 000012C1 - 000012F0 (0x30 bytes), align: 0
  Segment part 256.           Intra module refs:   array_index::?relay
           LOCAL                   ADDRESS         
           =====                   =======         
           array_index             000012C1 
               XSTACK = 0000000E ( 0000000C )
    -------------------------------------------------------------------------
<BANKED_CODE> 1 (was BANKED_CODE)
  Relative segment, address: CODE 000012F1 - 000012F7 (0x7 bytes), align: 0
  Segment part 258.           Intra module refs:   __cli::?relay
           LOCAL                   ADDRESS         
           =====                   =======         
           __cli                   000012F1 
               XSTACK = 0000000D ( 00000000 )
    -------------------------------------------------------------------------
XDATA_I
  Relative segment, address: XDATA 000014A9 - 000014B4 (0xc bytes), align: 0
  Segment part 102.           Intra module refs:   Segment part 77
           ENTRY                   ADDRESS         REF BY
           =====                   =======         ======
           MS_MODULE               000014A9 
    -------------------------------------------------------------------------
XDATA_Z
  Relative segment, address: XDATA 00000885 - 00001478 (0xbf4 bytes), align: 0
  Segment part 104.           Intra module refs:   SL_alloc
                                                   SL_zone_check
                                                   SW_Init
                                                   _free
           LOCAL                   ADDRESS         
           =====                   =======         
           SLOT_POOL               00000885 
    -------------------------------------------------------------------------
XDATA_Z
  Relative segment, address: XDATA 00001479 - 0000147A (0x2 bytes), align: 0
  Segment part 105.           Intra module refs:   SL_alloc
                                                   SL_available
                                                   SL_busy
                                                   SW_Init
                                                   _free
           LOCAL                   ADDRESS         
           =====                   =======         
           slot_busy               00001479 
    -------------------------------------------------------------------------
<BANKED_CODE> 1 (was BANKED_CODE)
  Relative segment, address: CODE 000012F8 - 0000136C (0x75 bytes), align: 0
  Segment part 260.           Intra module refs:   SW_Init::?relay
           LOCAL                   ADDRESS         
           =====                   =======         
           SW_Init                 000012F8 
               calls direct, is indirectly called
               XSTACK = 00000000 ( 0000000D )
    -------------------------------------------------------------------------
XDATA_ROM_C
  Relative segment, address: XDATA 0000166C - 0000166F (0x4 bytes), align: 0
  Segment part 106.           Intra module refs:   SW_Init
    -------------------------------------------------------------------------
<BANKED_CODE> 1 (was BANKED_CODE)
  Relative segment, address: CODE 0000136D - 000013FD (0x91 bytes), align: 0
  Segment part 262.           Intra module refs:   SL_alloc::?relay
           ENTRY                   ADDRESS         REF BY
           =====                   =======         ======
           SL_alloc                0000136D 
               calls direct
               XSTACK = 00000034 ( 0000000D )
    -------------------------------------------------------------------------
XDATA_ROM_C
  Relative segment, address: XDATA 00001670 - 00001673 (0x4 bytes), align: 0
  Segment part 107.           Intra module refs:   SL_alloc
    -------------------------------------------------------------------------
<BANKED_CODE> 1 (was BANKED_CODE)
  Relative segment, address: CODE 000013FE - 00001485 (0x88 bytes), align: 0
  Segment part 264.           Intra module refs:   _free::?relay
           LOCAL                   ADDRESS         
           =====                   =======         
           _free                   000013FE 
               calls direct
               XSTACK = 00000009 ( 0000000E )
    -------------------------------------------------------------------------
<BANKED_CODE> 1 (was BANKED_CODE)
  Relative segment, address: CODE 00001486 - 000014B6 (0x31 bytes), align: 0
  Segment part 266.           Intra module refs:   SL_free::?relay
           ENTRY                   ADDRESS         REF BY
           =====                   =======         ======
           SL_free                 00001486 
               calls direct
               XSTACK = 00000034 ( 00000009 )
    -------------------------------------------------------------------------
<BANKED_CODE> 1 (was BANKED_CODE)
  Relative segment, address: CODE 000014B7 - 00001511 (0x5b bytes), align: 0
  Segment part 268.           Intra module refs:   SL_busy::?relay
           ENTRY                   ADDRESS         REF BY
           =====                   =======         ======
           SL_busy                 000014B7 
               calls direct
               XSTACK = 00000034 ( 00000010 )
    -------------------------------------------------------------------------
<BANKED_CODE> 1 (was BANKED_CODE)
  Relative segment, address: CODE 00001512 - 00001575 (0x64 bytes), align: 0
  Segment part 270.           Intra module refs:   SL_available::?relay
           ENTRY                   ADDRESS         REF BY
           =====                   =======         ======
           SL_available            00001512 
               calls direct
               XSTACK = 00000034 ( 00000010 )
    -------------------------------------------------------------------------
<BANKED_CODE> 1 (was BANKED_CODE)
  Relative segment, address: CODE 00001576 - 000015C1 (0x4c bytes), align: 0
  Segment part 272.           Intra module refs:   SL_zone_check::?relay
           ENTRY                   ADDRESS         REF BY
           =====                   =======         ======
           SL_zone_check           00001576 
               XSTACK = 00000010 ( 00000000 )
               ISTACK = 00000000 ( 00000002 )
    -------------------------------------------------------------------------
<BANKED_CODE> 1 (was BANKED_CODE)
  Relative segment, address: CODE 000015C2 - 00001635 (0x74 bytes), align: 0
  Segment part 274.           Intra module refs:   MEM_memcpy::?relay
           ENTRY                   ADDRESS         REF BY
           =====                   =======         ======
           MEM_memcpy              000015C2 
               XSTACK = 00000029 ( 00000000 )
               ISTACK = 00000000 ( 00000003 )
    -------------------------------------------------------------------------
<BANKED_CODE> 1 (was BANKED_CODE)
  Relative segment, address: CODE 00001636 - 00001684 (0x4f bytes), align: 0
  Segment part 276.           Intra module refs:   MEM_memset::?relay
           ENTRY                   ADDRESS         REF BY
           =====                   =======         ======
           MEM_memset              00001636 
               XSTACK = 00000029 ( 00000000 )
               ISTACK = 00000000 ( 00000003 )
    -------------------------------------------------------------------------
XDATA_I
  Relative segment, address: XDATA 000014B5 - 000014C0 (0xc bytes), align: 0
  Segment part 109.           Intra module refs:   Segment part 77
           ENTRY                   ADDRESS         REF BY
           =====                   =======         ======
           MD_MODULE               000014B5 
    -------------------------------------------------------------------------
<BANKED_CODE> 1 (was BANKED_CODE)
  Relative segment, address: CODE 00001685 - 00001687 (0x3 bytes), align: 0
  Segment part 278.           Intra module refs:   HW_Init::?relay
           LOCAL                   ADDRESS         
           =====                   =======         
           HW_Init                 00001685 
               is indirectly called
    -------------------------------------------------------------------------
<BANKED_CODE> 1 (was BANKED_CODE)
  Relative segment, address: CODE 00001688 - 0000168A (0x3 bytes), align: 0
  Segment part 280.           Intra module refs:   SW_Init::?relay
           LOCAL                   ADDRESS         
           =====                   =======         
           SW_Init                 00001688 
               is indirectly called
    -------------------------------------------------------------------------
<BANKED_CODE> 1 (was BANKED_CODE)
  Relative segment, address: CODE 0000168B - 0000168D (0x3 bytes), align: 0
  Segment part 282.           Intra module refs:   Sleep::?relay
           LOCAL                   ADDRESS         
           =====                   =======         
           Sleep                   0000168B 
               is indirectly called
    -------------------------------------------------------------------------
<BANKED_CODE> 1 (was BANKED_CODE)
  Relative segment, address: CODE 0000168E - 00001690 (0x3 bytes), align: 0
  Segment part 284.           Intra module refs:   Wakeup::?relay
           LOCAL                   ADDRESS         
           =====                   =======         
           Wakeup                  0000168E 
               is indirectly called
    -------------------------------------------------------------------------
<BANKED_CODE> 1 (was BANKED_CODE)
  Relative segment, address: CODE 00001691 - 00001693 (0x3 bytes), align: 0
  Segment part 286.           Intra module refs:   Cold_Start::?relay
           LOCAL                   ADDRESS         
           =====                   =======         
           Cold_Start              00001691 
               is indirectly called
    -------------------------------------------------------------------------
<BANKED_CODE> 1 (was BANKED_CODE)
  Relative segment, address: CODE 00001694 - 00001696 (0x3 bytes), align: 0
  Segment part 288.           Intra module refs:   Hot_Start::?relay
           LOCAL                   ADDRESS         
           =====                   =======         
           Hot_Start               00001694 
               is indirectly called
    -------------------------------------------------------------------------
XDATA_I
  Relative segment, address: XDATA 000014C1 - 000014CC (0xc bytes), align: 0
  Segment part 113.           Intra module refs:   Segment part 77
           ENTRY                   ADDRESS         REF BY
           =====                   =======         ======
           TM_MODULE               000014C1 
    -------------------------------------------------------------------------
<BANKED_CODE> 1 (was BANKED_CODE)
  Relative segment, address: CODE 00001697 - 00001699 (0x3 bytes), align: 0
  Segment part 292.           Intra module refs:   SW_Init::?relay
           LOCAL                   ADDRESS         
           =====                   =======         
           SW_Init                 00001697 
               is indirectly called
    -------------------------------------------------------------------------
<BANKED_CODE> 1 (was BANKED_CODE)
  Relative segment, address: CODE 0000169A - 000016AA (0x11 bytes), align: 0
  Segment part 300.           Intra module refs:   TM_IRQ::?relay
           ENTRY                   ADDRESS         REF BY
           =====                   =======         ======
           TM_IRQ                  0000169A 
               calls direct
               XSTACK = 0000000F ( 00000009 )
    -------------------------------------------------------------------------
XDATA_I
  Relative segment, address: XDATA 000014CD - 000014EE (0x22 bytes), align: 0
  Segment part 116.           Intra module refs:   Segment part 143
           ENTRY                   ADDRESS         REF BY
           =====                   =======         ======
           UT_BF_1                 000014CD 
    -------------------------------------------------------------------------
XDATA_I
  Relative segment, address: XDATA 000014EF - 00001510 (0x22 bytes), align: 0
  Segment part 118.           Intra module refs:   Segment part 143
           ENTRY                   ADDRESS         REF BY
           =====                   =======         ======
           UT_BF_2                 000014EF 
    -------------------------------------------------------------------------
XDATA_I
  Relative segment, address: XDATA 00001511 - 00001532 (0x22 bytes), align: 0
  Segment part 120.           Intra module refs:   Segment part 143
           ENTRY                   ADDRESS         REF BY
           =====                   =======         ======
           UT_BF_3                 00001511 
    -------------------------------------------------------------------------
<BANKED_CODE> 1 (was BANKED_CODE)
  Relative segment, address: CODE 000016AB - 00001AA8 (0x3fe bytes), align: 0
  Segment part 304.           Intra module refs:   test3::?relay
           LOCAL                   ADDRESS         
           =====                   =======         
           test3                   000016AB 
               calls direct, is indirectly called
               XSTACK = 00000000 ( 0000003A )
    -------------------------------------------------------------------------
<BANKED_CODE> 1 (was BANKED_CODE)
  Relative segment, address: CODE 00001AA9 - 00001C85 (0x1dd bytes), align: 0
  Segment part 306.           Intra module refs:   test2::?relay
           LOCAL                   ADDRESS         
           =====                   =======         
           test2                   00001AA9 
               calls direct, is indirectly called
               XSTACK = 00000000 ( 0000003A )
    -------------------------------------------------------------------------
<BANKED_CODE> 1 (was BANKED_CODE)
  Relative segment, address: CODE 00001C86 - 00001DB8 (0x133 bytes), align: 0
  Segment part 308.           Intra module refs:   test1::?relay
           LOCAL                   ADDRESS         
           =====                   =======         
           test1                   00001C86 
               calls direct, is indirectly called
               XSTACK = 00000000 ( 00000012 )
    -------------------------------------------------------------------------
XDATA_I
  Relative segment, address: XDATA 00001533 - 00001554 (0x22 bytes), align: 0
  Segment part 124.           Intra module refs:   Segment part 143
           ENTRY                   ADDRESS         REF BY
           =====                   =======         ======
           UT_FR_1                 00001533 
    -------------------------------------------------------------------------
XDATA_I
  Relative segment, address: XDATA 00001555 - 00001576 (0x22 bytes), align: 0
  Segment part 126.           Intra module refs:   Segment part 143
           ENTRY                   ADDRESS         REF BY
           =====                   =======         ======
           UT_FR_2                 00001555 
    -------------------------------------------------------------------------
XDATA_I
  Relative segment, address: XDATA 00001577 - 00001598 (0x22 bytes), align: 0
  Segment part 128.           Intra module refs:   Segment part 143
           ENTRY                   ADDRESS         REF BY
           =====                   =======         ======
           UT_FR_3                 00001577 
    -------------------------------------------------------------------------
<BANKED_CODE> 1 (was BANKED_CODE)
  Relative segment, address: CODE 00001DB9 - 00001DEE (0x36 bytes), align: 0
  Segment part 310.           Intra module refs:   ch_cmp::?relay
           LOCAL                   ADDRESS         
           =====                   =======         
           ch_cmp                  00001DB9 
               XSTACK = 00000018 ( 00000009 )
    -------------------------------------------------------------------------
<BANKED_CODE> 1 (was BANKED_CODE)
  Relative segment, address: CODE 00001DEF - 00001E14 (0x26 bytes), align: 0
  Segment part 312.           Intra module refs:   ch_cmp_val::?relay
           LOCAL                   ADDRESS         
           =====                   =======         
           ch_cmp_val              00001DEF 
               XSTACK = 00000016 ( 00000009 )
    -------------------------------------------------------------------------
<BANKED_CODE> 1 (was BANKED_CODE)
  Relative segment, address: CODE 00001E15 - 00001F37 (0x123 bytes), align: 0
  Segment part 314.           Intra module refs:   test3::?relay
           LOCAL                   ADDRESS         
           =====                   =======         
           test3                   00001E15 
               calls direct, is indirectly called
               XSTACK = 00000000 ( 00000018 )
    -------------------------------------------------------------------------
<BANKED_CODE> 1 (was BANKED_CODE)
  Relative segment, address: CODE 00001F38 - 000021E2 (0x2ab bytes), align: 0
  Segment part 316.           Intra module refs:   test2::?relay
           LOCAL                   ADDRESS         
           =====                   =======         
           test2                   00001F38 
               calls direct, is indirectly called
               XSTACK = 00000000 ( 00000034 )
    -------------------------------------------------------------------------
<BANKED_CODE> 1 (was BANKED_CODE)
  Relative segment, address: CODE 000021E3 - 00002296 (0xb4 bytes), align: 0
  Segment part 318.           Intra module refs:   test1::?relay
           LOCAL                   ADDRESS         
           =====                   =======         
           test1                   000021E3 
               calls direct, is indirectly called
               XSTACK = 00000000 ( 0000000C )
    -------------------------------------------------------------------------
XDATA_I
  Relative segment, address: XDATA 00001599 - 000015BA (0x22 bytes), align: 0
  Segment part 130.           Intra module refs:   Segment part 143
           ENTRY                   ADDRESS         REF BY
           =====                   =======         ======
           UT_MACR_1               00001599 
    -------------------------------------------------------------------------
XDATA_I
  Relative segment, address: XDATA 000015BB - 000015DC (0x22 bytes), align: 0
  Segment part 132.           Intra module refs:   Segment part 143
           ENTRY                   ADDRESS         REF BY
           =====                   =======         ======
           UT_MACR_2               000015BB 
    -------------------------------------------------------------------------
<BANKED_CODE> 1 (was BANKED_CODE)
  Relative segment, address: CODE 00002297 - 00002302 (0x6c bytes), align: 0
  Segment part 320.           Intra module refs:   test2::?relay
           LOCAL                   ADDRESS         
           =====                   =======         
           test2                   00002297 
               is indirectly called
               XSTACK = 00000000 ( 0000003B )
    -------------------------------------------------------------------------
<BANKED_CODE> 1 (was BANKED_CODE)
  Relative segment, address: CODE 00002303 - 0000236E (0x6c bytes), align: 0
  Segment part 322.           Intra module refs:   test1::?relay
           LOCAL                   ADDRESS         
           =====                   =======         
           test1                   00002303 
               is indirectly called
               XSTACK = 00000000 ( 0000003B )
    -------------------------------------------------------------------------
XDATA_I
  Relative segment, address: XDATA 000015DD - 000015FE (0x22 bytes), align: 0
  Segment part 134.           Intra module refs:   Segment part 143
           ENTRY                   ADDRESS         REF BY
           =====                   =======         ======
           UT_MS_1                 000015DD 
    -------------------------------------------------------------------------
XDATA_I
  Relative segment, address: XDATA 000015FF - 00001620 (0x22 bytes), align: 0
  Segment part 136.           Intra module refs:   Segment part 143
           ENTRY                   ADDRESS         REF BY
           =====                   =======         ======
           UT_MS_2                 000015FF 
    -------------------------------------------------------------------------
XDATA_I
  Relative segment, address: XDATA 00001621 - 00001642 (0x22 bytes), align: 0
  Segment part 138.           Intra module refs:   Segment part 143
           ENTRY                   ADDRESS         REF BY
           =====                   =======         ======
           UT_MS_3                 00001621 
    -------------------------------------------------------------------------
<BANKED_CODE> 1 (was BANKED_CODE)
  Relative segment, address: CODE 0000236F - 000023F5 (0x87 bytes), align: 0
  Segment part 324.           Intra module refs:   test3::?relay
           LOCAL                   ADDRESS         
           =====                   =======         
           test3                   0000236F 
               calls direct, is indirectly called
               XSTACK = 00000000 ( 00000010 )
    -------------------------------------------------------------------------
<BANKED_CODE> 1 (was BANKED_CODE)
  Relative segment, address: CODE 000023F6 - 000026A3 (0x2ae bytes), align: 0
  Segment part 326.           Intra module refs:   test2::?relay
           LOCAL                   ADDRESS         
           =====                   =======         
           test2                   000023F6 
               calls direct, is indirectly called
               XSTACK = 00000000 ( 00000034 )
    -------------------------------------------------------------------------
<BANKED_CODE> 1 (was BANKED_CODE)
  Relative segment, address: CODE 000026A4 - 0000273A (0x97 bytes), align: 0
  Segment part 328.           Intra module refs:   test1::?relay
           LOCAL                   ADDRESS         
           =====                   =======         
           test1                   000026A4 
               calls direct, is indirectly called
               XSTACK = 00000000 ( 0000000A )
    -------------------------------------------------------------------------
XDATA_I
  Relative segment, address: XDATA 00001643 - 00001658 (0x16 bytes), align: 0
  Segment part 142.           Intra module refs:   run_tests
           ENTRY                   ADDRESS         REF BY
           =====                   =======         ======
           TEST_FUN                00001643 
    -------------------------------------------------------------------------
XDATA_Z
  Relative segment, address: XDATA 0000147B - 0000147C (0x2 bytes), align: 0
  Segment part 144.           Intra module refs:   run_unit_fun
                                                   show_statistic
           LOCAL                   ADDRESS         
           =====                   =======         
           passed                  0000147B 
    -------------------------------------------------------------------------
XDATA_Z
  Relative segment, address: XDATA 0000147D - 0000147E (0x2 bytes), align: 0
  Segment part 145.           Intra module refs:   run_unit_fun
                                                   show_statistic
           LOCAL                   ADDRESS         
           =====                   =======         
           common_count            0000147D 
    -------------------------------------------------------------------------
<BANKED_CODE> 1 (was BANKED_CODE)
  Relative segment, address: CODE 0000273B - 000027CE (0x94 bytes), align: 0
  Segment part 332.           Intra module refs:   run_unit_fun::?relay
           LOCAL                   ADDRESS         
           =====                   =======         
           run_unit_fun            0000273B 
               calls direct
               XSTACK = 0000000A ( 00000010 )
    -------------------------------------------------------------------------
<BANKED_CODE> 1 (was BANKED_CODE)
  Relative segment, address: CODE 000027CF - 000027E0 (0x12 bytes), align: 0
  Segment part 334.           Intra module refs:   show_grating::?relay
           LOCAL                   ADDRESS         
           =====                   =======         
           show_grating            000027CF 
               calls direct
               XSTACK = 0000000A ( 00000000 )
               ISTACK = 00000000 ( 00000002 )
    -------------------------------------------------------------------------
<BANKED_CODE> 1 (was BANKED_CODE)
  Relative segment, address: CODE 000027E1 - 0000283A (0x5a bytes), align: 0
  Segment part 336.           Intra module refs:   show_statistic::?relay
           LOCAL                   ADDRESS         
           =====                   =======         
           show_statistic          000027E1 
               calls direct
               XSTACK = 0000000A ( 00000002 )
               ISTACK = 00000000 ( 00000002 )
    -------------------------------------------------------------------------
<BANKED_CODE> 1 (was BANKED_CODE)
  Relative segment, address: CODE 0000283B - 00002894 (0x5a bytes), align: 0
  Segment part 338.           Intra module refs:   run_tests::?relay
           ENTRY                   ADDRESS         REF BY
           =====                   =======         ======
           run_tests               0000283B 
               calls direct
               XSTACK = 00000000 ( 0000000A )
    -------------------------------------------------------------------------
INTVEC
  Common segment, address: CODE 00000000 - 0000002D (0x2e bytes), align: 0
  Segment part 10. ROOT 
           ENTRY                   ADDRESS         REF BY
           =====                   =======         ======
           TimerCompareInterrupt::??INTVEC 43
                                   0000002B 
    -------------------------------------------------------------------------
XDATA_ID
  Relative segment, address: CODE 000000BB - 000000C4 (0xa bytes), align: 0
  Segment part 77.            Intra module refs:   SW_MOD
    -------------------------------------------------------------------------
XDATA_ID
  Relative segment, address: CODE 000000C5 - 000000D0 (0xc bytes), align: 0
  Segment part 87.            Intra module refs:   BF_MODULE
    -------------------------------------------------------------------------
XDATA_ID
  Relative segment, address: CODE 000000D1 - 000000D4 (0x4 bytes), align: 0
  Segment part 90.            Intra module refs:   TX_LIST_HEAD
    -------------------------------------------------------------------------
XDATA_ID
  Relative segment, address: CODE 000000D5 - 000000D8 (0x4 bytes), align: 0
  Segment part 92.            Intra module refs:   RX_LIST_HEAD
    -------------------------------------------------------------------------
XDATA_ID
  Relative segment, address: CODE 000000D9 - 000000E4 (0xc bytes), align: 0
  Segment part 100.           Intra module refs:   FR_MODULE
    -------------------------------------------------------------------------
XDATA_ID
  Relative segment, address: CODE 000000E5 - 000000F0 (0xc bytes), align: 0
  Segment part 103.           Intra module refs:   MS_MODULE
    -------------------------------------------------------------------------
XDATA_ID
  Relative segment, address: CODE 000000F1 - 000000FC (0xc bytes), align: 0
  Segment part 110.           Intra module refs:   MD_MODULE
    -------------------------------------------------------------------------
XDATA_ID
  Relative segment, address: CODE 000000FD - 00000108 (0xc bytes), align: 0
  Segment part 114.           Intra module refs:   TM_MODULE
    -------------------------------------------------------------------------
XDATA_ID
  Relative segment, address: CODE 00000109 - 0000012A (0x22 bytes), align: 0
  Segment part 117.           Intra module refs:   UT_BF_1
    -------------------------------------------------------------------------
XDATA_ID
  Relative segment, address: CODE 0000012B - 0000014C (0x22 bytes), align: 0
  Segment part 119.           Intra module refs:   UT_BF_2
    -------------------------------------------------------------------------
XDATA_ID
  Relative segment, address: CODE 0000014D - 0000016E (0x22 bytes), align: 0
  Segment part 121.           Intra module refs:   UT_BF_3
    -------------------------------------------------------------------------
XDATA_ID
  Relative segment, address: CODE 0000016F - 00000190 (0x22 bytes), align: 0
  Segment part 125.           Intra module refs:   UT_FR_1
    -------------------------------------------------------------------------
XDATA_ID
  Relative segment, address: CODE 00000191 - 000001B2 (0x22 bytes), align: 0
  Segment part 127.           Intra module refs:   UT_FR_2
    -------------------------------------------------------------------------
XDATA_ID
  Relative segment, address: CODE 000001B3 - 000001D4 (0x22 bytes), align: 0
  Segment part 129.           Intra module refs:   UT_FR_3
    -------------------------------------------------------------------------
XDATA_ID
  Relative segment, address: CODE 000001D5 - 000001F6 (0x22 bytes), align: 0
  Segment part 131.           Intra module refs:   UT_MACR_1
    -------------------------------------------------------------------------
XDATA_ID
  Relative segment, address: CODE 000001F7 - 00000218 (0x22 bytes), align: 0
  Segment part 133.           Intra module refs:   UT_MACR_2
    -------------------------------------------------------------------------
XDATA_ID
  Relative segment, address: CODE 00000219 - 0000023A (0x22 bytes), align: 0
  Segment part 135.           Intra module refs:   UT_MS_1
    -------------------------------------------------------------------------
XDATA_ID
[...]
<BANKED_CODE> 1 (was BANKED_CODE)
  Relative segment, address: CODE 0000304C - 0000304F (0x4 bytes), align: 0
  Segment part 32.            Intra module refs:   _PrintfSmallNoMb
    -------------------------------------------------------------------------
<BANKED_CODE> 1 (was BANKED_CODE)
  Relative segment, address: CODE 00003050 - 00003059 (0xa bytes), align: 0
  Segment part 33.            Intra module refs:   Segment part 32
                                                   Segment part 35
    -------------------------------------------------------------------------
<BANKED_CODE> 1 (was BANKED_CODE)
  Relative segment, address: CODE 0000305A - 00003063 (0xa bytes), align: 0
  Segment part 34.            Intra module refs:   Segment part 31
                                                   Segment part 33
    -------------------------------------------------------------------------
<BANKED_CODE> 1 (was BANKED_CODE)
  Relative segment, address: CODE 00003064 - 0000306C (0x9 bytes), align: 0
  Segment part 35.            Intra module refs:   _PrintfSmallNoMb
    -------------------------------------------------------------------------
<BANKED_CODE> 1 (was BANKED_CODE)
  Relative segment, address: CODE 0000306D - 000030E5 (0x79 bytes), align: 0
  Segment part 36.            Intra module refs:   pad::?relay
           LOCAL                   ADDRESS         
           =====                   =======         
           pad                     0000306D 
               calls direct
               XSTACK = 00000044 ( 00000015 )
               ISTACK = 00000000 ( 00000001 )
    -------------------------------------------------------------------------
<BANKED_CODE> 1 (was BANKED_CODE)
  Relative segment, address: CODE 000030E6 - 000030E8 (0x3 bytes), align: 0
  Segment part 38.            Intra module refs:   _LitobSmallNoMb
                                                   pad
    -------------------------------------------------------------------------
<BANKED_CODE> 1 (was BANKED_CODE)
  Relative segment, address: CODE 000030E9 - 000030ED (0x5 bytes), align: 0
  Segment part 39.            Intra module refs:   Segment part 38
                                                   _PutcharsSmallNoMb
    -------------------------------------------------------------------------
<BANKED_CODE> 1 (was BANKED_CODE)
  Relative segment, address: CODE 000030EE - 0000342D (0x340 bytes), align: 0
  Segment part 40.            Intra module refs:   _LitobSmallNoMb::?relay
           LOCAL                   ADDRESS         
           =====                   =======         
           _LitobSmallNoMb         000030EE 
               XSTACK = 00000042 ( 00000023 )
               ISTACK = 00000000 ( 00000002 )
    -------------------------------------------------------------------------
<BANKED_CODE> 1 (was BANKED_CODE)
  Relative segment, address: CODE 0000342E - 0000342F (0x2 bytes), align: 0
  Segment part 42.            Intra module refs:   _PrintfSmallNoMb
                                                   _PutcharsSmallNoMb
    -------------------------------------------------------------------------
<BANKED_CODE> 1 (was BANKED_CODE)
  Relative segment, address: CODE 00003430 - 00003437 (0x8 bytes), align: 0
  Segment part 43.            Intra module refs:   Segment part 42
                                                   _LitobSmallNoMb
                                                   _PrintfSmallNoMb
    -------------------------------------------------------------------------
<BANKED_CODE> 1 (was BANKED_CODE)
  Relative segment, address: CODE 00003438 - 0000343C (0x5 bytes), align: 0
  Segment part 44.            Intra module refs:   _LitobSmallNoMb
    -------------------------------------------------------------------------
<BANKED_CODE> 1 (was BANKED_CODE)
  Relative segment, address: CODE 0000343D - 00003440 (0x4 bytes), align: 0
  Segment part 45.            Intra module refs:   _LitobSmallNoMb
    -------------------------------------------------------------------------
<BANKED_CODE> 1 (was BANKED_CODE)
  Relative segment, address: CODE 00003441 - 00003449 (0x9 bytes), align: 0
  Segment part 46.            Intra module refs:   Segment part 45
                                                   Segment part 54
    -------------------------------------------------------------------------
<BANKED_CODE> 1 (was BANKED_CODE)
  Relative segment, address: CODE 0000344A - 0000344F (0x6 bytes), align: 0
  Segment part 47.            Intra module refs:   _LitobSmallNoMb
                                                   _PrintfSmallNoMb
    -------------------------------------------------------------------------
<BANKED_CODE> 1 (was BANKED_CODE)
  Relative segment, address: CODE 00003450 - 00003453 (0x4 bytes), align: 0
  Segment part 48.            Intra module refs:   _LitobSmallNoMb
                                                   _PrintfSmallNoMb
    -------------------------------------------------------------------------
<BANKED_CODE> 1 (was BANKED_CODE)
  Relative segment, address: CODE 00003454 - 00003457 (0x4 bytes), align: 0
  Segment part 49.            Intra module refs:   Segment part 48
                                                   Segment part 62
    -------------------------------------------------------------------------
<BANKED_CODE> 1 (was BANKED_CODE)
  Relative segment, address: CODE 00003458 - 00003460 (0x9 bytes), align: 0
  Segment part 50.            Intra module refs:   Segment part 22
                                                   Segment part 49
    -------------------------------------------------------------------------
<BANKED_CODE> 1 (was BANKED_CODE)
  Relative segment, address: CODE 00003461 - 00003466 (0x6 bytes), align: 0
  Segment part 51.            Intra module refs:   _LitobSmallNoMb
                                                   _PrintfSmallNoMb
                                                   _PutcharSmallNoMb
    -------------------------------------------------------------------------
<BANKED_CODE> 1 (was BANKED_CODE)
  Relative segment, address: CODE 00003467 - 0000346A (0x4 bytes), align: 0
  Segment part 52.            Intra module refs:   _LitobSmallNoMb
    -------------------------------------------------------------------------
<BANKED_CODE> 1 (was BANKED_CODE)
  Relative segment, address: CODE 0000346B - 0000346E (0x4 bytes), align: 0
  Segment part 53.            Intra module refs:   Segment part 26
                                                   Segment part 27
                                                   Segment part 52
                                                   Segment part 55
    -------------------------------------------------------------------------
<BANKED_CODE> 1 (was BANKED_CODE)
  Relative segment, address: CODE 0000346F - 00003473 (0x5 bytes), align: 0
  Segment part 54.            Intra module refs:   Segment part 29
                                                   Segment part 53
    -------------------------------------------------------------------------
<BANKED_CODE> 1 (was BANKED_CODE)
  Relative segment, address: CODE 00003474 - 00003479 (0x6 bytes), align: 0
  Segment part 55.            Intra module refs:   _LitobSmallNoMb
    -------------------------------------------------------------------------
<BANKED_CODE> 1 (was BANKED_CODE)
  Relative segment, address: CODE 0000347A - 0000348C (0x13 bytes), align: 0
  Segment part 56.            Intra module refs:   _LitobSmallNoMb
    -------------------------------------------------------------------------
<BANKED_CODE> 1 (was BANKED_CODE)
  Relative segment, address: CODE 0000348D - 00003491 (0x5 bytes), align: 0
  Segment part 57.            Intra module refs:   _LitobSmallNoMb
                                                   _PrintfSmallNoMb
    -------------------------------------------------------------------------
<BANKED_CODE> 1 (was BANKED_CODE)
  Relative segment, address: CODE 00003492 - 00003494 (0x3 bytes), align: 0
  Segment part 58.            Intra module refs:   _LitobSmallNoMb
                                                   _PrintfSmallNoMb
    -------------------------------------------------------------------------
<BANKED_CODE> 1 (was BANKED_CODE)
  Relative segment, address: CODE 00003495 - 0000349A (0x6 bytes), align: 0
  Segment part 59.            Intra module refs:   Segment part 58
                                                   _LitobSmallNoMb
                                                   _PrintfSmallNoMb
    -------------------------------------------------------------------------
<BANKED_CODE> 1 (was BANKED_CODE)
  Relative segment, address: CODE 0000349B - 0000349E (0x4 bytes), align: 0
  Segment part 60.            Intra module refs:   Segment part 31
                                                   Segment part 58
    -------------------------------------------------------------------------
<BANKED_CODE> 1 (was BANKED_CODE)
  Relative segment, address: CODE 0000349F - 000034A7 (0x9 bytes), align: 0
  Segment part 61.            Intra module refs:   Segment part 33
                                                   Segment part 60
    -------------------------------------------------------------------------
<BANKED_CODE> 1 (was BANKED_CODE)
  Relative segment, address: CODE 000034A8 - 000034AA (0x3 bytes), align: 0
  Segment part 62.            Intra module refs:   _PrintfSmallNoMb
    -------------------------------------------------------------------------
<BANKED_CODE> 1 (was BANKED_CODE)
  Relative segment, address: CODE 000034AB - 000034B0 (0x6 bytes), align: 0
  Segment part 63.            Intra module refs:   Segment part 62
                                                   _LitobSmallNoMb
                                                   _PrintfSmallNoMb
                                                   _PutcharSmallNoMb
    -------------------------------------------------------------------------
<BANKED_CODE> 1 (was BANKED_CODE)
  Relative segment, address: CODE 000034B1 - 00003504 (0x54 bytes), align: 0
  Segment part 64.            Intra module refs:   _PutcharSmallNoMb::?relay
           LOCAL                   ADDRESS         
           =====                   =======         
           _PutcharSmallNoMb       000034B1 
               XSTACK = 00000042 ( 0000000E )
    -------------------------------------------------------------------------
<BANKED_CODE> 1 (was BANKED_CODE)
  Relative segment, address: CODE 00003505 - 0000350D (0x9 bytes), align: 0
  Segment part 66.            Intra module refs:   _PrintfSmallNoMb
                                                   _PutcharSmallNoMb
    -------------------------------------------------------------------------
<BANKED_CODE> 1 (was BANKED_CODE)
  Relative segment, address: CODE 0000350E - 00003568 (0x5b bytes), align: 0
  Segment part 67.            Intra module refs:   _PutcharsSmallNoMb::?relay
           LOCAL                   ADDRESS         
           =====                   =======         
           _PutcharsSmallNoMb      0000350E 
               calls direct
               XSTACK = 00000046 ( 00000010 )
    -------------------------------------------------------------------------
XDATA_ID
  Relative segment, address: CODE 00000295 - 0000029B (0x7 bytes), align: 0
  Segment part 7.             Intra module refs:   Segment part 6
    -------------------------------------------------------------------------
XDATA_ID
  Relative segment, address: CODE 0000029C - 0000029F (0x4 bytes), align: 0
  Segment part 9.             Intra module refs:   __Constant_ffff
    -------------------------------------------------------------------------
XDATA_ID
  Relative segment, address: CODE 000002A0 - 000002A3 (0x4 bytes), align: 0
  Segment part 11.            Intra module refs:   __Constant_0
    -------------------------------------------------------------------------
BANK_RELAYS
  Relative segment, address: CODE 00000496 - 0000049B (0x6 bytes), align: 0
  Segment part 13.
           ENTRY                   ADDRESS         REF BY
           =====                   =======         ======
           _PrintfSmallNoMb::?relay
                                   00000496        printf (?printf)
    -------------------------------------------------------------------------
BANK_RELAYS
  Relative segment, address: CODE 0000049C - 000004A1 (0x6 bytes), align: 0
  Segment part 37.            Intra module refs:   _PrintfSmallNoMb
           LOCAL                   ADDRESS         
           =====                   =======         
           pad::?relay             0000049C 
    -------------------------------------------------------------------------
BANK_RELAYS
  Relative segment, address: CODE 000004A2 - 000004A7 (0x6 bytes), align: 0
  Segment part 41.            Intra module refs:   _PrintfSmallNoMb
           LOCAL                   ADDRESS         
           =====                   =======         
           _LitobSmallNoMb::?relay
                                   000004A2 
    -------------------------------------------------------------------------
BANK_RELAYS
  Relative segment, address: CODE 000004A8 - 000004AD (0x6 bytes), align: 0
  Segment part 65.            Intra module refs:   _PrintfSmallNoMb
                                                   _PutcharsSmallNoMb
           LOCAL                   ADDRESS         
           =====                   =======         
           _PutcharSmallNoMb::?relay
                                   000004A8 
    -------------------------------------------------------------------------
BANK_RELAYS
  Relative segment, address: CODE 000004AE - 000004B3 (0x6 bytes), align: 0
  Segment part 68.            Intra module refs:   _PrintfSmallNoMb
                                                   pad
           LOCAL                   ADDRESS         
           =====                   =======         
           _PutcharsSmallNoMb::?relay
                                   000004AE 
    -------------------------------------------------------------------------
XDATA_I
  Relative segment, address: XDATA 00001659 - 0000165F (0x7 bytes), align: 0
  Segment part 6.             Intra module refs:   _PrintfSmallNoMb
    -------------------------------------------------------------------------
XDATA_I
  Relative segment, address: XDATA 00001660 - 00001663 (0x4 bytes), align: 0
  Segment part 8.             Intra module refs:   _PrintfSmallNoMb
           ENTRY                   ADDRESS         REF BY
           =====                   =======         ======
           __Constant_ffff         00001660 
    -------------------------------------------------------------------------
XDATA_I
  Relative segment, address: XDATA 00001664 - 00001667 (0x4 bytes), align: 0
  Segment part 10.            Intra module refs:   _LitobSmallNoMb
                                                   _PrintfSmallNoMb
           ENTRY                   ADDRESS         REF BY
           =====                   =======         ======
           __Constant_0            00001664 

    -------------------------------------------------------------------------
  LIBRARY MODULE, NAME : ?xprout

  SEGMENTS IN THE MODULE
  ======================
<BANKED_CODE> 1 (was BANKED_CODE)
  Relative segment, address: CODE 00003695 - 000036BF (0x2b bytes), align: 0
  Segment part 6.             Intra module refs:   _Prout::?relay
           ENTRY                   ADDRESS         REF BY
           =====                   =======         ======
           _Prout                  00003695 
               calls direct
               XSTACK = 00000000 ( 0000000E )
    -------------------------------------------------------------------------
BANK_RELAYS
  Relative segment, address: CODE 000004B4 - 000004B9 (0x6 bytes), align: 0
  Segment part 7.
           ENTRY                   ADDRESS         REF BY
           =====                   =======         ======
           _Prout::?relay          000004B4        printf (?printf)




                ****************************************
                *                                      *
                *      SEGMENTS IN ADDRESS ORDER       *
                *                                      *
                ****************************************


SEGMENT              SPACE    START ADDRESS   END ADDRESS     SIZE  TYPE  ALIGN
=======              =====    =============   ===========     ====  ====  =====
INTVEC               CODE          00000000 - 0000002D          2E   com    0
CSTART               CODE          0000002E - 000000BA          8D   rel    0
BDATA_ID             CODE               000000BB                     dse    0
BIT_ID               CODE               000000BB                     dse    0
DATA_ID              CODE               000000BB                     dse    0
IDATA_ID             CODE               000000BB                     dse    0
IXDATA_ID            CODE               000000BB                     dse    0
PDATA_ID             CODE               000000BB                     dse    0
XDATA_ID             CODE          000000BB - 000002A3         1E9   rel    0
BANK_RELAYS          CODE          000002A4 - 000004B9         216   rel    0
RCODE                CODE          000004BA - 00000981         4C8   rel    0
CODE_N               CODE               00000982                     dse    0
DIFUNCT              CODE               00000982                     rel    0
CODE_C               CODE               00000982                     dse    0
NEAR_CODE            CODE          00000982 - 000009B2          31   rel    0
<BANKED_CODE> 1      CODE          000009B3 - 0000375D        2DAB   rel    0
REGISTERS            DATA          00000000 - 00000007           8   rel    0
VREG                 DATA          00000008 - 0000000F           8   rel    0
PSP                  DATA          00000010 - 00000010           1   rel    0
XSP                  DATA          00000011 - 00000012           2   rel    0
BREG                 BIT        00000020.0  -  00000020.7        8   rel    0
SFR_AN               DATA          00000095 - 00000097           3   rel    0
                     DATA          0000009D - 0000009E           2 
                     DATA          000000A8 - 000000A8           1 
                     DATA          000000AD - 000000AD           1 
                     DATA          000000C0 - 000000C0           1 
                     DATA          000000C6 - 000000C6           1 
XSTACK               XDATA         00000001 - 00000800         800   rel    0
XDATA_Z              XDATA         00000801 - 0000147E         C7E   rel    0
XDATA_I              XDATA         0000147F - 00001667         1E9   rel    0
XDATA_ROM_C          XDATA         00001668 - 0000189F         238   rel    0
PDATA_Z              XDATA              00001E00                     dse    0
PSTACK               XDATA         00001E00 - 00001E7F          80   rel    0
ISTACK               IDATA         000000C0 - 000000FF          40   rel    0

                ****************************************
                *                                      *
                *        END OF CROSS REFERENCE        *
                *                                      *
                ****************************************

 14 174 bytes of CODE  memory
     19 bytes of DATA  memory (+ 9 absolute )
  5 863 bytes of XDATA memory
     64 bytes of IDATA memory
      8 bits  of BIT   memory
    568 bytes of CONST memory

Errors: none
Warnings: none

