Warning[w35]: There is more than one definition for the struct/union type with tag 'property'; class/struct/union field names do not match: taken vs 
  struct property /* Elements: 1, Bytes: 1 */
                  /* First seen in action_manager */
  { 
    char taken : 1 /* disp: 0 */;
  };
  struct property /* Elements: 1, Bytes: 1 */
                  /* First seen in action_manager */
  { 
    union /* Elements: 2, Bytes: 1 */
          /* First seen in action_manager */
    { 
      struct /* Elements: 2, Bytes: 1 */
             /* First seen in action_manager */
      { 
        char tx_ready : 1 /* disp: 0 */;
        char rx_ready : 1 /* disp: 1 */;
      } ;
      char val;
    } ;
  };
################################################################################
#                                                                              #
#      IAR Universal Linker V6.4.6.89                                          #
#                                                                              #
#           Link time     =  09/Feb/2020  20:45:52                             #
#           Target CPU    =  x51                                               #
#           List file     =  "E:\WMNU\IAR_new_arch\PRJ Test\Debug\List\tests.m #
#                            ap"                                               #
#           Output file 1 =  "E:\WMNU\IAR_new_arch\PRJ Test\Debug\Exe\tests.d5 #
#                            1"                                                #
#                            Format: ubrof10                                   #
#                            UBROF version 10.0.6                              #
#                            Using library modules for C-SPY (-rt)             #
#           Command line  =  -f                                                #
#                            C:\Users\08A4~1\AppData\Local\Temp\EWCC76.tmp     #
#                            ("E:\WMNU\IAR_new_arch\PRJ Test\Debug\Obj\action_ #
#                            manager.r51"                                      #
#                            "E:\WMNU\IAR_new_arch\PRJ Test\Debug\Obj\alarm_ti #
#                            mer.r51"                                          #
#                            "E:\WMNU\IAR_new_arch\PRJ Test\Debug\Obj\buffer.r #
#                            51"                                               #
#                            "E:\WMNU\IAR_new_arch\PRJ Test\Debug\Obj\cpu.r51" #
#                            "E:\WMNU\IAR_new_arch\PRJ Test\Debug\Obj\debug.r5 #
#                            1"                                                #
#                            "E:\WMNU\IAR_new_arch\PRJ Test\Debug\Obj\frame.r5 #
#                            1"                                                #
#                            "E:\WMNU\IAR_new_arch\PRJ Test\Debug\Obj\main.r51 #
#                            "                                                 #
#                            "E:\WMNU\IAR_new_arch\PRJ Test\Debug\Obj\mem_slot #
#                            s.r51"                                            #
#                            "E:\WMNU\IAR_new_arch\PRJ Test\Debug\Obj\mem_util #
#                            s.r51"                                            #
#                            "E:\WMNU\IAR_new_arch\PRJ Test\Debug\Obj\model.r5 #
#                            1"                                                #
#                            "E:\WMNU\IAR_new_arch\PRJ Test\Debug\Obj\rtc.r51" #
#                            "E:\WMNU\IAR_new_arch\PRJ Test\Debug\Obj\time_man #
#                            ager.r51"                                         #
#                            "E:\WMNU\IAR_new_arch\PRJ Test\Debug\Obj\u_alarm_ #
#                            timer.r51"                                        #
#                            "E:\WMNU\IAR_new_arch\PRJ Test\Debug\Obj\u_debug. #
#                            r51"                                              #
#                            "E:\WMNU\IAR_new_arch\PRJ Test\Debug\Obj\u_frame. #
#                            r51"                                              #
#                            "E:\WMNU\IAR_new_arch\PRJ Test\Debug\Obj\u_macros #
#                            .r51"                                             #
#                            "E:\WMNU\IAR_new_arch\PRJ Test\Debug\Obj\u_mem_sl #
#                            ots.r51"                                          #
#                            "E:\WMNU\IAR_new_arch\PRJ Test\Debug\Obj\u_mem_ut #
#                            ils.r51"                                          #
#                            "E:\WMNU\IAR_new_arch\PRJ Test\Debug\Obj\ustimer. #
#                            r51"                                              #
#                            -o                                                #
#                            "E:\WMNU\IAR_new_arch\PRJ Test\Debug\Exe\tests.d5 #
#                            1"                                                #
#                            -l                                                #
#                            "E:\WMNU\IAR_new_arch\PRJ Test\Debug\List\tests.m #
#                            ap"                                               #
#                            -xms                                              #
#                            "-IC:\Program Files (x86)\IAR Systems\Embedded Wo #
#                            rkbench 8.0\8051\LIB\"                            #
#                            -f                                                #
#                            "C:\Program Files (x86)\IAR Systems\Embedded Work #
#                            bench 8.0\8051\config\devices\Texas Instruments\l #
#                            nk51ew_CC2530F256_banked.xcl"                     #
#                            (-D_IDATA0_START=0x00 -D_IDATA0_END=0xFF          #
#                            -D_PDATA0_START=0x1E00 -D_PDATA0_END=0x1EFF       #
#                            -D_IXDATA0_START=0x0001 -D_IXDATA0_END=0x1EFF     #
#                            -D_XDATA0_START=_IXDATA0_START                    #
#                            -D_XDATA0_END=_IXDATA0_END                        #
#                            -D_NEAR_CODE_START=0x0000                         #
#                            -D_FIRST_BANK_ADDR=0x10000 -D?REGISTER_BANK=0x0   #
#                            -D_REGISTER_BANK_START=0x0 -D_BREG_START=0x00     #
#                            -D?VB=0x20 -Z(BIT)BREG=_BREG_START                #
#                            -Z(BIT)BIT_N=0-7F                                 #
#                            -Z(DATA)REGISTERS+8=_REGISTER_BANK_START          #
#                            -Z(DATA)BDATA_Z,BDATA_N,BDATA_I=20-2F             #
#                            -Z(DATA)VREG=08-7F -Z(DATA)PSP,XSP=08-7F          #
#                            -Z(DATA)DOVERLAY=08-7F                            #
#                            -Z(DATA)DATA_I,DATA_Z,DATA_N=08-7F                #
#                            -U(IDATA)0-7F=(DATA)0-7F                          #
#                            -Z(IDATA)IDATA_I,IDATA_Z,IDATA_N=08-_IDATA0_END   #
#                            -Z(IDATA)ISTACK+_IDATA_STACK_SIZE#08-_IDATA0_END  #
#                            -Z(IDATA)IOVERLAY=08-FF -Z(CODE)INTVEC=0          #
#                            -Z(CODE)CSTART=_NEAR_CODE_START-(_CODEBANK_START- #
#                            1)                                                #
#                            -Z(CODE)BIT_ID,BDATA_ID,DATA_ID,IDATA_ID,IXDATA_I #
#                            D,PDATA_ID,XDATA_ID=_NEAR_CODE_START-(_CODEBANK_S #
#                            TART-1)                                           #
#                            -Z(CODE)BANK_RELAYS,RCODE,DIFUNCT,CODE_C,CODE_N,N #
#                            EAR_CODE=_NEAR_CODE_START-(_CODEBANK_START-1)     #
#                            -P(CODE)BANKED_CODE=_NEAR_CODE_START-(_CODEBANK_S #
#                            TART-1),[(_CODEBANK_START+_FIRST_BANK_ADDR)-(_COD #
#                            EBANK_END+_FIRST_BANK_ADDR)]*_NR_OF_BANKS+10000   #
#                            -Z(CODE)CHECKSUM#(_CODEBANK_START-1)              #
#                            -Z(XDATA)PDATA_Z,PDATA_I=_PDATA0_START-_PDATA0_EN #
#                            D                                                 #
#                            -P(XDATA)PDATA_N=_PDATA0_START-_PDATA0_END        #
#                            -Z(XDATA)PSTACK+_PDATA_STACK_SIZE=_PDATA0_START-_ #
#                            PDATA0_END                                        #
#                            -Z(XDATA)EXT_STACK+_EXTENDED_STACK_SIZE=_EXTENDED #
#                            _STACK_START                                      #
#                            -Z(XDATA)XSTACK+_XDATA_STACK_SIZE=_XDATA0_START-_ #
#                            XDATA0_END                                        #
#                            -Z(XDATA)IXDATA_Z,IXDATA_I=_IXDATA0_START-_IXDATA #
#                            0_END                                             #
#                            -P(XDATA)IXDATA_N=_IXDATA0_START-_IXDATA0_END     #
#                            -Z(XDATA)XDATA_Z,XDATA_I=_XDATA0_START-_XDATA0_EN #
#                            D                                                 #
#                            -P(XDATA)XDATA_N=_XDATA0_START-_XDATA0_END        #
#                            -Z(XDATA)XDATA_HEAP+_XDATA_HEAP_SIZE=_XDATA0_STAR #
#                            T-_XDATA0_END                                     #
#                            -Z(CONST)XDATA_ROM_C=_XDATA0_START-_XDATA0_END    #
#                            -cx51                                             #
#                            -M(CODE)[(_CODEBANK_START+_FIRST_BANK_ADDR)-(_COD #
#                            EBANK_END+_FIRST_BANK_ADDR)]*_NR_OF_BANKS+0x10000 #
#                            =0x8000                                           #
#                            -ww69=i -D_BANK0_START=0x00000                    #
#                            -D_BANK0_END=0x07FFF -D_BANK1_START=0x18000       #
#                            -D_BANK1_END=0x1FFFF -D_BANK2_START=0x28000       #
#                            -D_BANK2_END=0x2FFFF -D_BANK3_START=0x38000       #
#                            -D_BANK3_END=0x3FFFF -D_BANK4_START=0x48000       #
#                            -D_BANK4_END=0x4FFFF -D_BANK5_START=0x58000       #
#                            -D_BANK5_END=0x5FFFF -D_BANK6_START=0x68000       #
#                            -D_BANK6_END=0x6FFFF -D_BANK7_START=0x78000       #
#                            -D_BANK7_END=0x7FFFF                              #
#                            -P(CODE)BANK0=_BANK0_START-_BANK0_END             #
#                            -P(CODE)BANK1=_BANK1_START-_BANK1_END             #
#                            -P(CODE)BANK2=_BANK2_START-_BANK2_END             #
#                            -P(CODE)BANK3=_BANK3_START-_BANK3_END             #
#                            -P(CODE)BANK4=_BANK4_START-_BANK4_END             #
#                            -P(CODE)BANK5=_BANK5_START-_BANK5_END             #
#                            -P(CODE)BANK6=_BANK6_START-_BANK6_END             #
#                            -P(CODE)BANK7=_BANK7_START-_BANK7_END             #
#                            -D_FLASH_LOCK_BITS_START=0x7FFF0                  #
#                            -D_FLASH_LOCK_BITS_END=0x7FFFF                    #
#                            -Z(CODE)FLASH_LOCK_BITS=_FLASH_LOCK_BITS_START-_F #
#                            LASH_LOCK_BITS_END                                #
#                            -U(CODE)0x0000=(CODE)_FLASH_LOCK_BITS_START-_FLAS #
#                            H_LOCK_BITS_END)                                  #
#                            -D_NR_OF_VIRTUAL_REGISTERS=8 -D?PBANK=0x93        #
#                            -D?CBANK=0x9F -D?CBANK_MASK=0xFF                  #
#                            -e?BCALL_FF=?BCALL -e?BRET_FF=?BRET               #
#                            -e?BDISPATCH_FF=?BDISPATCH                        #
#                            -D_CODEBANK_START=0x8000 -D_CODEBANK_END=0xFFFF   #
#                            -D_NR_OF_BANKS=0x07                               #
#                            "-IC:\Program Files (x86)\IAR Systems\Embedded Wo #
#                            rkbench 8.0\8051\CONFIG\"                         #
#                            -rt -s __program_start                            #
#                            "C:\Program Files (x86)\IAR Systems\Embedded Work #
#                            bench 8.0\8051\LIB\DLIB\dl-pli-blxd-1e16x01n.r51" #
#                            -D_IDATA_STACK_SIZE=0x40 -D?ESP=0 -D?ESP_MASK=0   #
#                            -D_EXTENDED_STACK_START=0                         #
#                            -D_EXTENDED_STACK_SIZE=0                          #
#                            -D_PDATA_STACK_SIZE=0x80                          #
#                            -D_XDATA_STACK_SIZE=0xEFF                         #
#                            -D_XDATA_HEAP_SIZE=0x00 -D_FAR_HEAP_SIZE=0xFFF    #
#                            -D_HUGE_HEAP_SIZE=0xFFF                           #
#                            -D_FAR22_HEAP_SIZE=0xFFF)                         #
#                                                                              #
#                           Copyright (C) 1987-2016 IAR Systems AB.            #
################################################################################





                ****************************************
                *                                      *
                *           CROSS REFERENCE            *
                *                                      *
                ****************************************

       Program entry at : CODE      00000085  Relocatable, from module : CSTARTUP




                ****************************************
                *                                      *
                *            RUNTIME MODEL             *
                *                                      *
                ****************************************

  __Heap_Handler             = Basic
  __SystemLibrary            = DLib
  __calling_convention       = xdata_reentrant
  __code_model               = banked
  __core                     = plain
  __data_model               = large
  __dlib_file_descriptor     = 0
  __dlib_full_locale_support = 0
  __dptr_size                = 16
  __extended_stack           = disabled
  __location_for_constants   = data
  __number_of_dptrs          = 1
  __register_banks           = *
  __rt_version               = 1

                ****************************************
                *                                      *
                *    AUTOMATIC SYMBOL REDIRECTIONS     *
                *                                      *
                ****************************************

       All references to: _Printf
         were redirected to: _PrintfTiny
       All references to: _Printf::?relay
         were redirected to: _PrintfTiny::?relay



                ****************************************
                *                                      *
                *              MODULE MAP              *
                *                                      *
                ****************************************


  DEFINED ABSOLUTE ENTRIES
    *************************************************************************

  DEFINED ABSOLUTE ENTRIES
  PROGRAM MODULE, NAME : ?ABS_ENTRY_MOD

Absolute parts
           ENTRY                   ADDRESS         REF BY
           =====                   =======         ======
           _FAR22_HEAP_SIZE        00000FFF 
           _HUGE_HEAP_SIZE         00000FFF 
           _FAR_HEAP_SIZE          00000FFF 
           _XDATA_HEAP_SIZE        00000000 
           _XDATA_STACK_SIZE       00000EFF 
           _PDATA_STACK_SIZE       00000080 
           _EXTENDED_STACK_SIZE    00000000 
           _EXTENDED_STACK_START   00000000 
           ?ESP_MASK               00000000 
           ?ESP                    00000000 
           _IDATA_STACK_SIZE       00000040 
           _NR_OF_BANKS            00000007 
           _CODEBANK_END           0000FFFF 
           _CODEBANK_START         00008000 
           ?CBANK_MASK             000000FF 
           ?CBANK                  0000009F        ?RESET_CODE_BANK (CSTARTUP)
                                                   Segment part 0 (?BANKED_CODE_SUPPORT)
           ?PBANK                  00000093 
           _NR_OF_VIRTUAL_REGISTERS
                                   00000008 
           _FLASH_LOCK_BITS_END    0003FFFF 
           _FLASH_LOCK_BITS_START
                                   0003FFF0 
           _BANK7_END              0003FFFF 
           _BANK7_START            00038000 
           _BANK6_END              00037FFF 
           _BANK6_START            00030000 
           _BANK5_END              0002FFFF 
           _BANK5_START            00028000 
           _BANK4_END              00027FFF 
           _BANK4_START            00020000 
           _BANK3_END              0001FFFF 
           _BANK3_START            00018000 
           _BANK2_END              00017FFF 
           _BANK2_START            00010000 
           _BANK1_END              0000FFFF 
           _BANK1_START            00008000 
           _BANK0_END              00007FFF 
           _BANK0_START            00000000 
           ?VB                     00000020        ?BANKED_ENTER_XDATA (?BANKED_ENTER_XDATA)
                                                   ?BANKED_LEAVE_XDATA (?BANKED_LEAVE_XDATA)
                                                   ?INTERRUPT_ENTER_XSP (?INTERRUPT_ENTER_XSP)
                                                   ?INTERRUPT_LEAVE_XSP (?INTERRUPT_LEAVE_XSP)
           _BREG_START             00000000 
           _REGISTER_BANK_START    00000000 
           ?REGISTER_BANK          00000000        Segment part 6 (CSTARTUP)
           _FIRST_BANK_ADDR        00010000 
           _NEAR_CODE_START        00000000 
           _XDATA0_END             00001EFF 
           _XDATA0_START           00000001 
           _IXDATA0_END            00001EFF 
           _IXDATA0_START          00000001 
           _PDATA0_END             00001EFF 
           _PDATA0_START           00001E00 
           _IDATA0_END             000000FF 
           _IDATA0_START           00000000 
    *************************************************************************

  FILE NAME : E:\WMNU\IAR_new_arch\PRJ Test\Debug\Obj\action_manager.r51
  PROGRAM MODULE, NAME : action_manager

  SEGMENTS IN THE MODULE
  ======================
SFR_AN
  Relative segment, address: DATA 00000095 - 00000095 (0x1 bytes), align: 0
  Segment part 1. ROOT        Intra module refs:   ReadTimer
           ENTRY                   ADDRESS         REF BY
           =====                   =======         ======
           ST0                     00000095 
    -------------------------------------------------------------------------
SFR_AN
  Relative segment, address: DATA 00000096 - 00000096 (0x1 bytes), align: 0
  Segment part 2. ROOT        Intra module refs:   ReadTimer
           ENTRY                   ADDRESS         REF BY
           =====                   =======         ======
           ST1                     00000096 
    -------------------------------------------------------------------------
SFR_AN
  Relative segment, address: DATA 00000097 - 00000097 (0x1 bytes), align: 0
  Segment part 3. ROOT        Intra module refs:   ReadTimer
           ENTRY                   ADDRESS         REF BY
           =====                   =======         ======
           ST2                     00000097 
    -------------------------------------------------------------------------
SFR_AN
  Relative segment, address: DATA 0000009D - 0000009D (0x1 bytes), align: 0
  Segment part 4. ROOT        Intra module refs:   ReadTimer
           ENTRY                   ADDRESS         REF BY
           =====                   =======         ======
           SLEEPSTA                0000009D 
    -------------------------------------------------------------------------
SFR_AN
  Relative segment, address: DATA 0000009E - 0000009E (0x1 bytes), align: 0
  Segment part 5. ROOT 
           ENTRY                   ADDRESS         REF BY
           =====                   =======         ======
           CLKCONSTA               0000009E 
    -------------------------------------------------------------------------
SFR_AN
  Relative segment, address: DATA 000000A8 - 000000A8 (0x1 bytes), align: 0
  Segment part 6. ROOT        Intra module refs:   IRQEnable
                                                   TimerCompareInterrupt
           ENTRY                   ADDRESS         REF BY
           =====                   =======         ======
           _A_IEN0                 000000A8 
           LOCAL                   ADDRESS         
           =====                   =======         
           IEN0                    000000A8 
    -------------------------------------------------------------------------
SFR_AN
  Relative segment, address: DATA 000000AD - 000000AD (0x1 bytes), align: 0
  Segment part 7. ROOT 
           ENTRY                   ADDRESS         REF BY
           =====                   =======         ======
           STLOAD                  000000AD 
    -------------------------------------------------------------------------
SFR_AN
  Relative segment, address: DATA 000000C0 - 000000C0 (0x1 bytes), align: 0
  Segment part 8. ROOT        Intra module refs:   TimerCompareInterrupt
           ENTRY                   ADDRESS         REF BY
           =====                   =======         ======
           _A_IRCON                000000C0 
           LOCAL                   ADDRESS         
           =====                   =======         
           IRCON                   000000C0 
    -------------------------------------------------------------------------
SFR_AN
  Relative segment, address: DATA 000000C6 - 000000C6 (0x1 bytes), align: 0
  Segment part 9. ROOT 
           ENTRY                   ADDRESS         REF BY
           =====                   =======         ======
           CLKCONCMD               000000C6 
    -------------------------------------------------------------------------
XDATA_Z
  Relative segment, address: XDATA 00000F00 - 00000F01 (0x2 bytes), align: 0
  Segment part 171.           Intra module refs:   AM_Hot_start
           LOCAL                   ADDRESS         
           =====                   =======         
           HOT_MOD                 00000F00 
    -------------------------------------------------------------------------
XDATA_I
  Relative segment, address: XDATA 00001B14 - 00001B20 (0xd bytes), align: 0
  Segment part 18.            Intra module refs:   AM_Hot_start
                                                   AM_SW_Init
    -------------------------------------------------------------------------
XDATA_I
  Relative segment, address: XDATA 00001B21 - 00001B31 (0x11 bytes), align: 0
  Segment part 20.            Intra module refs:   AM_Hot_start
                                                   AM_SW_Init
    -------------------------------------------------------------------------
XDATA_I
  Relative segment, address: XDATA 00001B32 - 00001B3E (0xd bytes), align: 0
  Segment part 24.            Intra module refs:   AM_Hot_start
           LOCAL                   ADDRESS         
           =====                   =======         
           AM_Hot_start::__FUNCTION__
                                   00001B32 
    -------------------------------------------------------------------------
XDATA_I
  Relative segment, address: XDATA 00001B3F - 00001B68 (0x2a bytes), align: 0
  Segment part 26.            Intra module refs:   AM_Hot_start
    -------------------------------------------------------------------------
XDATA_I
  Relative segment, address: XDATA 00001B69 - 00001B73 (0xb bytes), align: 0
  Segment part 32.            Intra module refs:   AM_SW_Init
           LOCAL                   ADDRESS         
           =====                   =======         
           AM_SW_Init::__FUNCTION__
                                   00001B69 
    -------------------------------------------------------------------------
XDATA_I
  Relative segment, address: XDATA 00001B74 - 00001B9A (0x27 bytes), align: 0
  Segment part 34.            Intra module refs:   AM_SW_Init
    -------------------------------------------------------------------------
XDATA_I
  Relative segment, address: XDATA 00001B9B - 00001BA8 (0xe bytes), align: 0
  Segment part 72.            Intra module refs:   FR_add_header
           LOCAL                   ADDRESS         
           =====                   =======         
           FR_add_header::__FUNCTION__
                                   00001B9B 
    -------------------------------------------------------------------------
XDATA_I
  Relative segment, address: XDATA 00001BA9 - 00001BB5 (0xd bytes), align: 0
  Segment part 74.            Intra module refs:   FR_add_header
                                                   FR_del_header
    -------------------------------------------------------------------------
XDATA_I
  Relative segment, address: XDATA 00001BB6 - 00001BBD (0x8 bytes), align: 0
  Segment part 76.            Intra module refs:   FR_add_header
                                                   FR_del_header
    -------------------------------------------------------------------------
XDATA_I
  Relative segment, address: XDATA 00001BBE - 00001BE4 (0x27 bytes), align: 0
  Segment part 78.            Intra module refs:   FR_add_header
    -------------------------------------------------------------------------
XDATA_I
  Relative segment, address: XDATA 00001BE5 - 00001BF2 (0xe bytes), align: 0
  Segment part 80.            Intra module refs:   FR_del_header
           LOCAL                   ADDRESS         
           =====                   =======         
           FR_del_header::__FUNCTION__
                                   00001BE5 
    -------------------------------------------------------------------------
XDATA_I
  Relative segment, address: XDATA 00001BF3 - 00001C10 (0x1e bytes), align: 0
  Segment part 82.            Intra module refs:   FR_del_header
    -------------------------------------------------------------------------
XDATA_I
  Relative segment, address: XDATA 00001C11 - 00001C18 (0x8 bytes), align: 0
  Segment part 84.            Intra module refs:   SL_free
           LOCAL                   ADDRESS         
           =====                   =======         
           SL_free::__FUNCTION__   00001C11 
    -------------------------------------------------------------------------
XDATA_I
  Relative segment, address: XDATA 00001C19 - 00001C25 (0xd bytes), align: 0
  Segment part 86.            Intra module refs:   SL_available
                                                   SL_busy
                                                   SL_free
    -------------------------------------------------------------------------
XDATA_I
  Relative segment, address: XDATA 00001C26 - 00001C31 (0xc bytes), align: 0
  Segment part 88.            Intra module refs:   SL_available
                                                   SL_busy
                                                   SL_free
    -------------------------------------------------------------------------
XDATA_I
  Relative segment, address: XDATA 00001C32 - 00001C56 (0x25 bytes), align: 0
  Segment part 90.            Intra module refs:   SL_free
    -------------------------------------------------------------------------
XDATA_I
  Relative segment, address: XDATA 00001C57 - 00001C6E (0x18 bytes), align: 0
  Segment part 92.            Intra module refs:   SL_free
    -------------------------------------------------------------------------
XDATA_I
  Relative segment, address: XDATA 00001C6F - 00001C97 (0x29 bytes), align: 0
  Segment part 94.            Intra module refs:   SL_free
    -------------------------------------------------------------------------
XDATA_I
  Relative segment, address: XDATA 00001C98 - 00001C9F (0x8 bytes), align: 0
  Segment part 96.            Intra module refs:   SL_busy
           LOCAL                   ADDRESS         
           =====                   =======         
           SL_busy::__FUNCTION__   00001C98 
    -------------------------------------------------------------------------
XDATA_I
  Relative segment, address: XDATA 00001CA0 - 00001CC7 (0x28 bytes), align: 0
  Segment part 98.            Intra module refs:   SL_available
                                                   SL_busy
    -------------------------------------------------------------------------
XDATA_I
  Relative segment, address: XDATA 00001CC8 - 00001CD4 (0xd bytes), align: 0
  Segment part 100.           Intra module refs:   SL_available
           LOCAL                   ADDRESS         
           =====                   =======         
           SL_available::__FUNCTION__
                                   00001CC8 
    -------------------------------------------------------------------------
XDATA_I
  Relative segment, address: XDATA 00001CD5 - 00001CE2 (0xe bytes), align: 0
  Segment part 124.           Intra module refs:   create
    -------------------------------------------------------------------------
XDATA_I
  Relative segment, address: XDATA 00001CE3 - 00001CF5 (0x13 bytes), align: 0
  Segment part 126.           Intra module refs:   create
    -------------------------------------------------------------------------
XDATA_I
  Relative segment, address: XDATA 00001CF6 - 00001CFF (0xa bytes), align: 0
  Segment part 128.           Intra module refs:   create
    -------------------------------------------------------------------------
XDATA_I
  Relative segment, address: XDATA 00001D00 - 00001D09 (0xa bytes), align: 0
  Segment part 174.           Intra module refs:   AM_SW_Init
           LOCAL                   ADDRESS         
           =====                   =======         
           SW_MOD                  00001D00 
    -------------------------------------------------------------------------
<BANKED_CODE> 1 (was BANKED_CODE)
  Relative segment, address: CODE 000007D0 - 00000892 (0xc3 bytes), align: 0
  Segment part 225.           Intra module refs:   AM_Hot_start::?relay
           ENTRY                   ADDRESS         REF BY
           =====                   =======         ======
           AM_Hot_start            000007D0 
               calls direct
               XSTACK = 00000009 ( 00000010 )
    -------------------------------------------------------------------------
<BANKED_CODE> 1 (was BANKED_CODE)
  Relative segment, address: CODE 00000893 - 00000950 (0xbe bytes), align: 0
  Segment part 229.           Intra module refs:   AM_SW_Init::?relay
           ENTRY                   ADDRESS         REF BY
           =====                   =======         ======
           AM_SW_Init              00000893 
               calls direct
               XSTACK = 00000000 ( 00000010 )
    -------------------------------------------------------------------------
XDATA_Z
  Relative segment, address: XDATA 00000F02 - 00000F03 (0x2 bytes), align: 0
  Segment part 180.           Intra module refs:   AT_time
           LOCAL                   ADDRESS         
           =====                   =======         
           TOFFSET                 00000F02 
    -------------------------------------------------------------------------
<BANKED_CODE> 1 (was BANKED_CODE)
  Relative segment, address: CODE 00000951 - 00000987 (0x37 bytes), align: 0
  Segment part 239.           Intra module refs:   AT_time::?relay
           ENTRY                   ADDRESS         REF BY
           =====                   =======         ======
           AT_time                 00000951 
               calls direct
               XSTACK = 0000000F ( 00000010 )
    -------------------------------------------------------------------------
<BANKED_CODE> 1 (was BANKED_CODE)
  Relative segment, address: CODE 00000988 - 00000998 (0x11 bytes), align: 0
  Segment part 243.           Intra module refs:   IRQEnable::?relay
           LOCAL                   ADDRESS         
           =====                   =======         
           IRQEnable               00000988 
               XSTACK = 0000000F ( 00000000 )
    -------------------------------------------------------------------------
<BANKED_CODE> 1 (was BANKED_CODE)
  Relative segment, address: CODE 00000999 - 000009D3 (0x3b bytes), align: 0
  Segment part 249.           Intra module refs:   ReadTimer::?relay
           LOCAL                   ADDRESS         
           =====                   =======         
           ReadTimer               00000999 
               XSTACK = 00000016 ( 00000000 )
               ISTACK = 00000000 ( 00000002 )
    -------------------------------------------------------------------------
XDATA_Z
  Relative segment, address: XDATA 00000F04 - 00000F07 (0x4 bytes), align: 0
  Segment part 183.           Intra module refs:   ReadTimer
           LOCAL                   ADDRESS         
           =====                   =======         
           ReadTimer::ret_val      00000F04 
    -------------------------------------------------------------------------
NEAR_CODE
  Relative segment, address: CODE 000007A7 - 000007CF (0x29 bytes), align: 0
  Segment part 361.           Intra module refs:   TimerCompareInterrupt::??INTVEC 43
           ENTRY                   ADDRESS         REF BY
           =====                   =======         ======
           TimerCompareInterrupt   000007A7 
               interrupt function
               calls direct
               XSTACK = 00000000 ( 0000000F )
    -------------------------------------------------------------------------
XDATA_I
  Relative segment, address: XDATA 00001D0A - 00001D15 (0xc bytes), align: 0
  Segment part 184.           Intra module refs:   Segment part 175
           ENTRY                   ADDRESS         REF BY
           =====                   =======         ======
           BF_MODULE               00001D0A 
    -------------------------------------------------------------------------
XDATA_Z
  Relative segment, address: XDATA 00000F08 - 00000F1B (0x14 bytes), align: 0
  Segment part 186.           Intra module refs:   SW_Init
           LOCAL                   ADDRESS         
           =====                   =======         
           BUFFER_PROP             00000F08 
    -------------------------------------------------------------------------
<BANKED_CODE> 1 (was BANKED_CODE)
  Relative segment, address: CODE 000009D4 - 000009F5 (0x22 bytes), align: 0
  Segment part 255.           Intra module refs:   SW_Init::?relay
           LOCAL                   ADDRESS         
           =====                   =======         
           SW_Init                 000009D4 
               is indirectly called
               ISTACK = 00000000 ( 00000002 )
    -------------------------------------------------------------------------
<BANKED_CODE> 1 (was BANKED_CODE)
  Relative segment, address: CODE 000009F6 - 000009F7 (0x2 bytes), align: 0
  Segment part 273.           Intra module refs:   DBG_CORE_HALT::?relay
           ENTRY                   ADDRESS         REF BY
           =====                   =======         ======
           DBG_CORE_HALT           000009F6 
               XSTACK = 00000029 ( 00000000 )
    -------------------------------------------------------------------------
XDATA_I
  Relative segment, address: XDATA 00001D16 - 00001D21 (0xc bytes), align: 0
  Segment part 192.           Intra module refs:   Segment part 175
           ENTRY                   ADDRESS         REF BY
           =====                   =======         ======
           FR_MODULE               00001D16 
    -------------------------------------------------------------------------
<BANKED_CODE> 1 (was BANKED_CODE)
  Relative segment, address: CODE 000009F8 - 000009FA (0x3 bytes), align: 0
  Segment part 277.           Intra module refs:   SW_Init::?relay
           LOCAL                   ADDRESS         
           =====                   =======         
           SW_Init                 000009F8 
               is indirectly called
    -------------------------------------------------------------------------
<BANKED_CODE> 1 (was BANKED_CODE)
  Relative segment, address: CODE 000009FB - 00000A08 (0xe bytes), align: 0
  Segment part 279.           Intra module refs:   FR_create::?relay
           ENTRY                   ADDRESS         REF BY
           =====                   =======         ======
           FR_create               000009FB 
               calls direct
               XSTACK = 00000016 ( 00000000 )
               ISTACK = 00000000 ( 00000002 )
    -------------------------------------------------------------------------
<BANKED_CODE> 1 (was BANKED_CODE)
  Relative segment, address: CODE 00000A09 - 00000A1D (0x15 bytes), align: 0
  Segment part 281.           Intra module refs:   FR_delete::?relay
           ENTRY                   ADDRESS         REF BY
           =====                   =======         ======
           FR_delete               00000A09 
               calls direct
               XSTACK = 00000016 ( 00000009 )
    -------------------------------------------------------------------------
<BANKED_CODE> 1 (was BANKED_CODE)
  Relative segment, address: CODE 00000A1E - 00000B19 (0xfc bytes), align: 0
  Segment part 283.           Intra module refs:   FR_add_header::?relay
           ENTRY                   ADDRESS         REF BY
           =====                   =======         ======
           FR_add_header           00000A1E 
               calls direct
               XSTACK = 00000016 ( 00000020 )
               ISTACK = 00000000 ( 00000001 )
    -------------------------------------------------------------------------
<BANKED_CODE> 1 (was BANKED_CODE)
  Relative segment, address: CODE 00000B1A - 00000BFA (0xe1 bytes), align: 0
  Segment part 285.           Intra module refs:   FR_del_header::?relay
           ENTRY                   ADDRESS         REF BY
           =====                   =======         ======
           FR_del_header           00000B1A 
               calls direct
               XSTACK = 00000016 ( 0000001B )
               ISTACK = 00000000 ( 00000001 )
    -------------------------------------------------------------------------
XDATA_I
  Relative segment, address: XDATA 00001D22 - 00001D25 (0x4 bytes), align: 0
  Segment part 194.           Intra module refs:   FR_del_header
    -------------------------------------------------------------------------
<BANKED_CODE> 1 (was BANKED_CODE)
  Relative segment, address: CODE 00000BFB - 00000C08 (0xe bytes), align: 0
  Segment part 287.           Intra module refs:   FR_busy::?relay
           ENTRY                   ADDRESS         REF BY
           =====                   =======         ======
           FR_busy                 00000BFB 
               calls direct
               XSTACK = 00000016 ( 00000000 )
               ISTACK = 00000000 ( 00000002 )
    -------------------------------------------------------------------------
<BANKED_CODE> 1 (was BANKED_CODE)
  Relative segment, address: CODE 00000C09 - 00000C16 (0xe bytes), align: 0
  Segment part 289.           Intra module refs:   FR_available::?relay
           ENTRY                   ADDRESS         REF BY
           =====                   =======         ======
           FR_available            00000C09 
               calls direct
               XSTACK = 00000016 ( 00000000 )
               ISTACK = 00000000 ( 00000002 )
    -------------------------------------------------------------------------
<BANKED_CODE> 1 (was BANKED_CODE)
  Relative segment, address: CODE 00000C17 - 00000C22 (0xc bytes), align: 0
  Segment part 291.
           ENTRY                   ADDRESS         REF BY
           =====                   =======         ======
           main                    00000C17        ?call_main (?cmain)
               calls direct
    -------------------------------------------------------------------------
XDATA_I
  Relative segment, address: XDATA 00001D26 - 00001D31 (0xc bytes), align: 0
  Segment part 196.           Intra module refs:   Segment part 175
           ENTRY                   ADDRESS         REF BY
           =====                   =======         ======
           MS_MODULE               00001D26 
    -------------------------------------------------------------------------
XDATA_Z
  Relative segment, address: XDATA 00000F1C - 00001B0F (0xbf4 bytes), align: 0
  Segment part 198.           Intra module refs:   SL_free
                                                   SW_Init
                                                   alloc
                                                   protect_alloc
           LOCAL                   ADDRESS         
           =====                   =======         
           SLOT_POOL               00000F1C 
    -------------------------------------------------------------------------
XDATA_Z
  Relative segment, address: XDATA 00001B10 - 00001B11 (0x2 bytes), align: 0
  Segment part 199.           Intra module refs:   SL_alloc
                                                   SW_Init
                                                   alloc
                                                   protect_alloc
           LOCAL                   ADDRESS         
           =====                   =======         
           slot_ptr                00001B10 
    -------------------------------------------------------------------------
XDATA_Z
  Relative segment, address: XDATA 00001B12 - 00001B13 (0x2 bytes), align: 0
  Segment part 200.           Intra module refs:   SL_alloc
                                                   SL_available
                                                   SL_busy
                                                   SL_free
                                                   SW_Init
           LOCAL                   ADDRESS         
           =====                   =======         
           slot_busy               00001B12 
    -------------------------------------------------------------------------
<BANKED_CODE> 1 (was BANKED_CODE)
  Relative segment, address: CODE 00000C23 - 00000C73 (0x51 bytes), align: 0
  Segment part 293.           Intra module refs:   SW_Init::?relay
           LOCAL                   ADDRESS         
           =====                   =======         
           SW_Init                 00000C23 
               is indirectly called
               ISTACK = 00000000 ( 00000002 )
    -------------------------------------------------------------------------
<BANKED_CODE> 1 (was BANKED_CODE)
  Relative segment, address: CODE 00000C74 - 00000CD8 (0x65 bytes), align: 0
  Segment part 295.           Intra module refs:   alloc::?relay
           LOCAL                   ADDRESS         
           =====                   =======         
           alloc                   00000C74 
               XSTACK = 0000000A ( 00000000 )
               ISTACK = 00000000 ( 00000002 )
    -------------------------------------------------------------------------
<BANKED_CODE> 1 (was BANKED_CODE)
  Relative segment, address: CODE 00000CD9 - 00000D15 (0x3d bytes), align: 0
  Segment part 297.           Intra module refs:   fill_zero_slot::?relay
           LOCAL                   ADDRESS         
           =====                   =======         
           fill_zero_slot          00000CD9 
               calls direct
               XSTACK = 0000000A ( 0000000D )
    -------------------------------------------------------------------------
XDATA_I
  Relative segment, address: XDATA 00001D32 - 00001D35 (0x4 bytes), align: 0
  Segment part 201.           Intra module refs:   fill_zero_slot
    -------------------------------------------------------------------------
<BANKED_CODE> 1 (was BANKED_CODE)
  Relative segment, address: CODE 00000D16 - 00000D5D (0x48 bytes), align: 0
  Segment part 299.           Intra module refs:   protect_alloc::?relay
           LOCAL                   ADDRESS         
           =====                   =======         
           protect_alloc           00000D16 
               XSTACK = 0000000A ( 00000000 )
               ISTACK = 00000000 ( 00000002 )
    -------------------------------------------------------------------------
<BANKED_CODE> 1 (was BANKED_CODE)
  Relative segment, address: CODE 00000D5E - 00000DB9 (0x5c bytes), align: 0
  Segment part 301.           Intra module refs:   SL_alloc::?relay
           ENTRY                   ADDRESS         REF BY
           =====                   =======         ======
           SL_alloc                00000D5E 
               calls direct
               XSTACK = 00000040 ( 0000000A )
    -------------------------------------------------------------------------
<BANKED_CODE> 1 (was BANKED_CODE)
  Relative segment, address: CODE 00000DBA - 00000ED8 (0x11f bytes), align: 0
  Segment part 303.           Intra module refs:   SL_free::?relay
           ENTRY                   ADDRESS         REF BY
           =====                   =======         ======
           SL_free                 00000DBA 
               calls direct
               XSTACK = 00000040 ( 00000016 )
    -------------------------------------------------------------------------
<BANKED_CODE> 1 (was BANKED_CODE)
  Relative segment, address: CODE 00000ED9 - 00000F33 (0x5b bytes), align: 0
  Segment part 305.           Intra module refs:   SL_busy::?relay
           ENTRY                   ADDRESS         REF BY
           =====                   =======         ======
           SL_busy                 00000ED9 
               calls direct
               XSTACK = 00000040 ( 00000010 )
    -------------------------------------------------------------------------
<BANKED_CODE> 1 (was BANKED_CODE)
  Relative segment, address: CODE 00000F34 - 00000F97 (0x64 bytes), align: 0
  Segment part 307.           Intra module refs:   SL_available::?relay
           ENTRY                   ADDRESS         REF BY
           =====                   =======         ======
           SL_available            00000F34 
               calls direct
               XSTACK = 0000000E ( 00000010 )
    -------------------------------------------------------------------------
<BANKED_CODE> 1 (was BANKED_CODE)
  Relative segment, address: CODE 00000F98 - 0000100B (0x74 bytes), align: 0
  Segment part 311.           Intra module refs:   MEM_memcpy::?relay
           ENTRY                   ADDRESS         REF BY
           =====                   =======         ======
           MEM_memcpy              00000F98 
               XSTACK = 00000029 ( 00000000 )
               ISTACK = 00000000 ( 00000003 )
    -------------------------------------------------------------------------
<BANKED_CODE> 1 (was BANKED_CODE)
  Relative segment, address: CODE 0000100C - 0000105A (0x4f bytes), align: 0
  Segment part 313.           Intra module refs:   MEM_memset::?relay
           ENTRY                   ADDRESS         REF BY
           =====                   =======         ======
           MEM_memset              0000100C 
               XSTACK = 00000029 ( 00000000 )
               ISTACK = 00000000 ( 00000003 )
    -------------------------------------------------------------------------
XDATA_I
  Relative segment, address: XDATA 00001D36 - 00001D41 (0xc bytes), align: 0
  Segment part 204.           Intra module refs:   Segment part 175
           ENTRY                   ADDRESS         REF BY
           =====                   =======         ======
           MD_MODULE               00001D36 
    -------------------------------------------------------------------------
<BANKED_CODE> 1 (was BANKED_CODE)
  Relative segment, address: CODE 0000105B - 0000105D (0x3 bytes), align: 0
  Segment part 315.           Intra module refs:   HW_Init::?relay
           LOCAL                   ADDRESS         
           =====                   =======         
           HW_Init                 0000105B 
               is indirectly called
    -------------------------------------------------------------------------
<BANKED_CODE> 1 (was BANKED_CODE)
  Relative segment, address: CODE 0000105E - 00001060 (0x3 bytes), align: 0
  Segment part 317.           Intra module refs:   SW_Init::?relay
           LOCAL                   ADDRESS         
           =====                   =======         
           SW_Init                 0000105E 
               is indirectly called
    -------------------------------------------------------------------------
<BANKED_CODE> 1 (was BANKED_CODE)
  Relative segment, address: CODE 00001061 - 00001063 (0x3 bytes), align: 0
  Segment part 319.           Intra module refs:   Sleep::?relay
           LOCAL                   ADDRESS         
           =====                   =======         
           Sleep                   00001061 
               is indirectly called
    -------------------------------------------------------------------------
<BANKED_CODE> 1 (was BANKED_CODE)
  Relative segment, address: CODE 00001064 - 00001066 (0x3 bytes), align: 0
  Segment part 321.           Intra module refs:   Wakeup::?relay
           LOCAL                   ADDRESS         
           =====                   =======         
           Wakeup                  00001064 
               is indirectly called
    -------------------------------------------------------------------------
<BANKED_CODE> 1 (was BANKED_CODE)
  Relative segment, address: CODE 00001067 - 00001069 (0x3 bytes), align: 0
  Segment part 323.           Intra module refs:   Cold_Start::?relay
           LOCAL                   ADDRESS         
           =====                   =======         
           Cold_Start              00001067 
               is indirectly called
    -------------------------------------------------------------------------
<BANKED_CODE> 1 (was BANKED_CODE)
  Relative segment, address: CODE 0000106A - 0000106C (0x3 bytes), align: 0
  Segment part 325.           Intra module refs:   Hot_Start::?relay
           LOCAL                   ADDRESS         
           =====                   =======         
           Hot_Start               0000106A 
               is indirectly called
    -------------------------------------------------------------------------
XDATA_I
  Relative segment, address: XDATA 00001D42 - 00001D4D (0xc bytes), align: 0
  Segment part 208.           Intra module refs:   Segment part 175
           ENTRY                   ADDRESS         REF BY
           =====                   =======         ======
           TM_MODULE               00001D42 
    -------------------------------------------------------------------------
<BANKED_CODE> 1 (was BANKED_CODE)
  Relative segment, address: CODE 0000106D - 0000106F (0x3 bytes), align: 0
  Segment part 329.           Intra module refs:   SW_Init::?relay
           LOCAL                   ADDRESS         
           =====                   =======         
           SW_Init                 0000106D 
               is indirectly called
    -------------------------------------------------------------------------
<BANKED_CODE> 1 (was BANKED_CODE)
  Relative segment, address: CODE 00001070 - 00001080 (0x11 bytes), align: 0
  Segment part 337.           Intra module refs:   TM_IRQ::?relay
           ENTRY                   ADDRESS         REF BY
           =====                   =======         ======
           TM_IRQ                  00001070 
               calls direct
               XSTACK = 0000000F ( 00000009 )
    -------------------------------------------------------------------------
<BANKED_CODE> 1 (was BANKED_CODE)
  Relative segment, address: CODE 00001081 - 0000118E (0x10e bytes), align: 0
  Segment part 343.           Intra module refs:   create::?relay
           ENTRY                   ADDRESS         REF BY
           =====                   =======         ======
           create                  00001081 
               calls direct
               XSTACK = 00000000 ( 00000018 )
    -------------------------------------------------------------------------
<BANKED_CODE> 1 (was BANKED_CODE)
  Relative segment, address: CODE 0000118F - 0000119C (0xe bytes), align: 0
  Segment part 345.           Intra module refs:   u_frame::?relay
           ENTRY                   ADDRESS         REF BY
           =====                   =======         ======
           u_frame                 0000118F 
               calls direct
               ISTACK = 00000000 ( 00000002 )
    -------------------------------------------------------------------------
XDATA_I
  Relative segment, address: XDATA 00001D4E - 00001D51 (0x4 bytes), align: 0
  Segment part 215.           Intra module refs:   AT_time
           ENTRY                   ADDRESS         REF BY
           =====                   =======         ======
           __Constant_7fff         00001D4E 
    -------------------------------------------------------------------------
INTVEC
  Common segment, address: CODE 00000000 - 0000002D (0x2e bytes), align: 0
  Segment part 10. ROOT 
           ENTRY                   ADDRESS         REF BY
           =====                   =======         ======
           TimerCompareInterrupt::??INTVEC 43
                                   0000002B 
    -------------------------------------------------------------------------
XDATA_ID
  Relative segment, address: CODE 000000B5 - 000000C1 (0xd bytes), align: 0
  Segment part 19.            Intra module refs:   Segment part 18
    -------------------------------------------------------------------------
XDATA_ID
  Relative segment, address: CODE 000000C2 - 000000D2 (0x11 bytes), align: 0
  Segment part 21.            Intra module refs:   Segment part 20
    -------------------------------------------------------------------------
XDATA_ID
  Relative segment, address: CODE 000000D3 - 000000DF (0xd bytes), align: 0
  Segment part 25.            Intra module refs:   AM_Hot_start::__FUNCTION__
    -------------------------------------------------------------------------
XDATA_ID
  Relative segment, address: CODE 000000E0 - 00000109 (0x2a bytes), align: 0
  Segment part 27.            Intra module refs:   Segment part 26
    -------------------------------------------------------------------------
XDATA_ID
  Relative segment, address: CODE 0000010A - 00000114 (0xb bytes), align: 0
  Segment part 33.            Intra module refs:   AM_SW_Init::__FUNCTION__
    -------------------------------------------------------------------------
XDATA_ID
  Relative segment, address: CODE 00000115 - 0000013B (0x27 bytes), align: 0
  Segment part 35.            Intra module refs:   Segment part 34
    -------------------------------------------------------------------------
XDATA_ID
  Relative segment, address: CODE 0000013C - 00000149 (0xe bytes), align: 0
  Segment part 73.            Intra module refs:   FR_add_header::__FUNCTION__
    -------------------------------------------------------------------------
XDATA_ID
  Relative segment, address: CODE 0000014A - 00000156 (0xd bytes), align: 0
  Segment part 75.            Intra module refs:   Segment part 74
    -------------------------------------------------------------------------
XDATA_ID
  Relative segment, address: CODE 00000157 - 0000015E (0x8 bytes), align: 0
  Segment part 77.            Intra module refs:   Segment part 76
    -------------------------------------------------------------------------
XDATA_ID
  Relative segment, address: CODE 0000015F - 00000185 (0x27 bytes), align: 0
  Segment part 79.            Intra module refs:   Segment part 78
    -------------------------------------------------------------------------
XDATA_ID
  Relative segment, address: CODE 00000186 - 00000193 (0xe bytes), align: 0
  Segment part 81.            Intra module refs:   FR_del_header::__FUNCTION__
    -------------------------------------------------------------------------
XDATA_ID
  Relative segment, address: CODE 00000194 - 000001B1 (0x1e bytes), align: 0
  Segment part 83.            Intra module refs:   Segment part 82
    -------------------------------------------------------------------------
XDATA_ID
  Relative segment, address: CODE 000001B2 - 000001B9 (0x8 bytes), align: 0
  Segment part 85.            Intra module refs:   SL_free::__FUNCTION__
    -------------------------------------------------------------------------
XDATA_ID
  Relative segment, address: CODE 000001BA - 000001C6 (0xd bytes), align: 0
  Segment part 87.            Intra module refs:   Segment part 86
    -------------------------------------------------------------------------
XDATA_ID
  Relative segment, address: CODE 000001C7 - 000001D2 (0xc bytes), align: 0
  Segment part 89.            Intra module refs:   Segment part 88
    -------------------------------------------------------------------------
XDATA_ID
  Relative segment, address: CODE 000001D3 - 000001F7 (0x25 bytes), align: 0
  Segment part 91.            Intra module refs:   Segment part 90
    -------------------------------------------------------------------------
XDATA_ID
  Relative segment, address: CODE 000001F8 - 0000020F (0x18 bytes), align: 0
  Segment part 93.            Intra module refs:   Segment part 92
    -------------------------------------------------------------------------
XDATA_ID
  Relative segment, address: CODE 00000210 - 00000238 (0x29 bytes), align: 0
  Segment part 95.            Intra module refs:   Segment part 94
    -------------------------------------------------------------------------
XDATA_ID
  Relative segment, address: CODE 00000239 - 00000240 (0x8 bytes), align: 0
  Segment part 97.            Intra module refs:   SL_busy::__FUNCTION__
    -------------------------------------------------------------------------
XDATA_ID
  Relative segment, address: CODE 00000241 - 00000268 (0x28 bytes), align: 0
  Segment part 99.            Intra module refs:   Segment part 98
    -------------------------------------------------------------------------
XDATA_ID
  Relative segment, address: CODE 00000269 - 00000275 (0xd bytes), align: 0
  Segment part 101.           Intra module refs:   SL_available::__FUNCTION__
    -------------------------------------------------------------------------
XDATA_ID
  Relative segment, address: CODE 00000276 - 00000283 (0xe bytes), align: 0
  Segment part 125.           Intra module refs:   Segment part 124
    -------------------------------------------------------------------------
XDATA_ID
  Relative segment, address: CODE 00000284 - 00000296 (0x13 bytes), align: 0
  Segment part 127.           Intra module refs:   Segment part 126
    -------------------------------------------------------------------------
XDATA_ID
  Relative segment, address: CODE 00000297 - 000002A0 (0xa bytes), align: 0
  Segment part 129.           Intra module refs:   Segment part 128
    -------------------------------------------------------------------------
XDATA_ID
  Relative segment, address: CODE 000002A1 - 000002AA (0xa bytes), align: 0
  Segment part 175.           Intra module refs:   SW_MOD
    -------------------------------------------------------------------------
XDATA_ID
  Relative segment, address: CODE 000002AB - 000002B6 (0xc bytes), align: 0
  Segment part 185.           Intra module refs:   BF_MODULE
    -------------------------------------------------------------------------
XDATA_ID
  Relative segment, address: CODE 000002B7 - 000002C2 (0xc bytes), align: 0
  Segment part 193.           Intra module refs:   FR_MODULE
    -------------------------------------------------------------------------
XDATA_ID
  Relative segment, address: CODE 000002C3 - 000002C6 (0x4 bytes), align: 0
  Segment part 195.           Intra module refs:   Segment part 194
    -------------------------------------------------------------------------
XDATA_ID
  Relative segment, address: CODE 000002C7 - 000002D2 (0xc bytes), align: 0
  Segment part 197.           Intra module refs:   MS_MODULE
    -------------------------------------------------------------------------
XDATA_ID
  Relative segment, address: CODE 000002D3 - 000002D6 (0x4 bytes), align: 0
  Segment part 202.           Intra module refs:   Segment part 201
    -------------------------------------------------------------------------
XDATA_ID
  Relative segment, address: CODE 000002D7 - 000002E2 (0xc bytes), align: 0
  Segment part 205.           Intra module refs:   MD_MODULE
    -------------------------------------------------------------------------
XDATA_ID
  Relative segment, address: CODE 000002E3 - 000002EE (0xc bytes), align: 0
  Segment part 209.           Intra module refs:   TM_MODULE
    -------------------------------------------------------------------------
XDATA_ID
  Relative segment, address: CODE 000002EF - 000002F2 (0x4 bytes), align: 0
  Segment part 216.           Intra module refs:   __Constant_7fff
    -------------------------------------------------------------------------
BANK_RELAYS
  Relative segment, address: CODE 000002FF - 00000304 (0x6 bytes), align: 0
  Segment part 226.           Intra module refs:   TM_IRQ
           ENTRY                   ADDRESS         REF BY
           =====                   =======         ======
           AM_Hot_start::?relay    000002FF 
    -------------------------------------------------------------------------
BANK_RELAYS
  Relative segment, address: CODE 00000305 - 0000030A (0x6 bytes), align: 0
  Segment part 230.           Intra module refs:   main
           ENTRY                   ADDRESS         REF BY
           =====                   =======         ======
           AM_SW_Init::?relay      00000305 
    -------------------------------------------------------------------------
BANK_RELAYS
  Relative segment, address: CODE 0000030B - 00000310 (0x6 bytes), align: 0
  Segment part 240.           Intra module refs:   TimerCompareInterrupt
           ENTRY                   ADDRESS         REF BY
           =====                   =======         ======
           AT_time::?relay         0000030B 
    -------------------------------------------------------------------------
BANK_RELAYS
  Relative segment, address: CODE 00000311 - 00000316 (0x6 bytes), align: 0
  Segment part 244.           Intra module refs:   TimerCompareInterrupt
           LOCAL                   ADDRESS         
           =====                   =======         
           IRQEnable::?relay       00000311 
    -------------------------------------------------------------------------
BANK_RELAYS
  Relative segment, address: CODE 00000317 - 0000031C (0x6 bytes), align: 0
  Segment part 250.           Intra module refs:   AT_time
           LOCAL                   ADDRESS         
           =====                   =======         
           ReadTimer::?relay       00000317 
    -------------------------------------------------------------------------
BANK_RELAYS
  Relative segment, address: CODE 0000031D - 00000322 (0x6 bytes), align: 0
  Segment part 256.           Intra module refs:   Segment part 185
           LOCAL                   ADDRESS         
           =====                   =======         
           SW_Init::?relay         0000031D 
    -------------------------------------------------------------------------
BANK_RELAYS
  Relative segment, address: CODE 00000323 - 00000328 (0x6 bytes), align: 0
  Segment part 274.           Intra module refs:   AM_Hot_start
                                                   AM_SW_Init
                                                   FR_add_header
                                                   FR_del_header
                                                   SL_available
                                                   SL_busy
                                                   SL_free
                                                   main
           ENTRY                   ADDRESS         REF BY
           =====                   =======         ======
           DBG_CORE_HALT::?relay   00000323 
    -------------------------------------------------------------------------
BANK_RELAYS
  Relative segment, address: CODE 00000329 - 0000032E (0x6 bytes), align: 0
  Segment part 278.           Intra module refs:   Segment part 193
           LOCAL                   ADDRESS         
           =====                   =======         
           SW_Init::?relay         00000329 
    -------------------------------------------------------------------------
BANK_RELAYS
  Relative segment, address: CODE 0000032F - 00000334 (0x6 bytes), align: 0
  Segment part 280.           Intra module refs:   create
           ENTRY                   ADDRESS         REF BY
           =====                   =======         ======
           FR_create::?relay       0000032F 
    -------------------------------------------------------------------------
BANK_RELAYS
  Relative segment, address: CODE 00000335 - 0000033A (0x6 bytes), align: 0
  Segment part 282.           Intra module refs:   create
           ENTRY                   ADDRESS         REF BY
           =====                   =======         ======
           FR_delete::?relay       00000335 
    -------------------------------------------------------------------------
BANK_RELAYS
  Relative segment, address: CODE 0000033B - 00000340 (0x6 bytes), align: 0
  Segment part 284.           Intra module refs:   create
           ENTRY                   ADDRESS         REF BY
           =====                   =======         ======
           FR_add_header::?relay   0000033B 
    -------------------------------------------------------------------------
BANK_RELAYS
  Relative segment, address: CODE 00000341 - 00000346 (0x6 bytes), align: 0
  Segment part 286.           Intra module refs:   create
           ENTRY                   ADDRESS         REF BY
           =====                   =======         ======
           FR_del_header::?relay   00000341 
    -------------------------------------------------------------------------
BANK_RELAYS
  Relative segment, address: CODE 00000347 - 0000034C (0x6 bytes), align: 0
  Segment part 288.           Intra module refs:   create
           ENTRY                   ADDRESS         REF BY
           =====                   =======         ======
           FR_busy::?relay         00000347 
    -------------------------------------------------------------------------
BANK_RELAYS
  Relative segment, address: CODE 0000034D - 00000352 (0x6 bytes), align: 0
  Segment part 290.           Intra module refs:   create
           ENTRY                   ADDRESS         REF BY
           =====                   =======         ======
           FR_available::?relay    0000034D 
    -------------------------------------------------------------------------
BANK_RELAYS
  Relative segment, address: CODE 00000353 - 00000358 (0x6 bytes), align: 0
  Segment part 294.           Intra module refs:   Segment part 197
           LOCAL                   ADDRESS         
           =====                   =======         
           SW_Init::?relay         00000353 
    -------------------------------------------------------------------------
BANK_RELAYS
  Relative segment, address: CODE 00000359 - 0000035E (0x6 bytes), align: 0
  Segment part 296.           Intra module refs:   SL_alloc
           LOCAL                   ADDRESS         
           =====                   =======         
           alloc::?relay           00000359 
    -------------------------------------------------------------------------
BANK_RELAYS
  Relative segment, address: CODE 0000035F - 00000364 (0x6 bytes), align: 0
  Segment part 298.           Intra module refs:   SL_alloc
           LOCAL                   ADDRESS         
           =====                   =======         
           fill_zero_slot::?relay
                                   0000035F 
    -------------------------------------------------------------------------
BANK_RELAYS
  Relative segment, address: CODE 00000365 - 0000036A (0x6 bytes), align: 0
  Segment part 300.           Intra module refs:   SL_alloc
           LOCAL                   ADDRESS         
           =====                   =======         
           protect_alloc::?relay   00000365 
    -------------------------------------------------------------------------
BANK_RELAYS
  Relative segment, address: CODE 0000036B - 00000370 (0x6 bytes), align: 0
  Segment part 302.           Intra module refs:   FR_create
           ENTRY                   ADDRESS         REF BY
           =====                   =======         ======
           SL_alloc::?relay        0000036B 
    -------------------------------------------------------------------------
BANK_RELAYS
  Relative segment, address: CODE 00000371 - 00000376 (0x6 bytes), align: 0
  Segment part 304.           Intra module refs:   FR_delete
           ENTRY                   ADDRESS         REF BY
           =====                   =======         ======
           SL_free::?relay         00000371 
    -------------------------------------------------------------------------
BANK_RELAYS
  Relative segment, address: CODE 00000377 - 0000037C (0x6 bytes), align: 0
  Segment part 306.           Intra module refs:   FR_busy
           ENTRY                   ADDRESS         REF BY
           =====                   =======         ======
           SL_busy::?relay         00000377 
    -------------------------------------------------------------------------
BANK_RELAYS
  Relative segment, address: CODE 0000037D - 00000382 (0x6 bytes), align: 0
  Segment part 308.           Intra module refs:   FR_available
           ENTRY                   ADDRESS         REF BY
           =====                   =======         ======
           SL_available::?relay    0000037D 
    -------------------------------------------------------------------------
BANK_RELAYS
  Relative segment, address: CODE 00000383 - 00000388 (0x6 bytes), align: 0
  Segment part 312.           Intra module refs:   FR_add_header
                                                   FR_del_header
           ENTRY                   ADDRESS         REF BY
           =====                   =======         ======
           MEM_memcpy::?relay      00000383 
    -------------------------------------------------------------------------
BANK_RELAYS
  Relative segment, address: CODE 00000389 - 0000038E (0x6 bytes), align: 0
  Segment part 314.           Intra module refs:   FR_del_header
                                                   fill_zero_slot
           ENTRY                   ADDRESS         REF BY
           =====                   =======         ======
           MEM_memset::?relay      00000389 
    -------------------------------------------------------------------------
BANK_RELAYS
  Relative segment, address: CODE 0000038F - 00000394 (0x6 bytes), align: 0
  Segment part 316.           Intra module refs:   Segment part 205
           LOCAL                   ADDRESS         
           =====                   =======         
           HW_Init::?relay         0000038F 
    -------------------------------------------------------------------------
BANK_RELAYS
  Relative segment, address: CODE 00000395 - 0000039A (0x6 bytes), align: 0
  Segment part 318.           Intra module refs:   Segment part 205
           LOCAL                   ADDRESS         
           =====                   =======         
           SW_Init::?relay         00000395 
    -------------------------------------------------------------------------
BANK_RELAYS
  Relative segment, address: CODE 0000039B - 000003A0 (0x6 bytes), align: 0
  Segment part 320.           Intra module refs:   Segment part 205
           LOCAL                   ADDRESS         
           =====                   =======         
           Sleep::?relay           0000039B 
    -------------------------------------------------------------------------
BANK_RELAYS
  Relative segment, address: CODE 000003A1 - 000003A6 (0x6 bytes), align: 0
  Segment part 322.           Intra module refs:   Segment part 205
           LOCAL                   ADDRESS         
           =====                   =======         
           Wakeup::?relay          000003A1 
    -------------------------------------------------------------------------
BANK_RELAYS
  Relative segment, address: CODE 000003A7 - 000003AC (0x6 bytes), align: 0
  Segment part 324.           Intra module refs:   Segment part 205
           LOCAL                   ADDRESS         
           =====                   =======         
           Cold_Start::?relay      000003A7 
    -------------------------------------------------------------------------
BANK_RELAYS
  Relative segment, address: CODE 000003AD - 000003B2 (0x6 bytes), align: 0
  Segment part 326.           Intra module refs:   Segment part 205
           LOCAL                   ADDRESS         
           =====                   =======         
           Hot_Start::?relay       000003AD 
    -------------------------------------------------------------------------
BANK_RELAYS
  Relative segment, address: CODE 000003B3 - 000003B8 (0x6 bytes), align: 0
  Segment part 330.           Intra module refs:   Segment part 209
           LOCAL                   ADDRESS         
           =====                   =======         
           SW_Init::?relay         000003B3 
    -------------------------------------------------------------------------
BANK_RELAYS
  Relative segment, address: CODE 000003B9 - 000003BE (0x6 bytes), align: 0
  Segment part 338.           Intra module refs:   TimerCompareInterrupt
           ENTRY                   ADDRESS         REF BY
           =====                   =======         ======
           TM_IRQ::?relay          000003B9 
    -------------------------------------------------------------------------
BANK_RELAYS
  Relative segment, address: CODE 000003BF - 000003C4 (0x6 bytes), align: 0
  Segment part 344.           Intra module refs:   u_frame
           ENTRY                   ADDRESS         REF BY
           =====                   =======         ======
           create::?relay          000003BF 
    -------------------------------------------------------------------------
BANK_RELAYS
  Relative segment, address: CODE 000003C5 - 000003CA (0x6 bytes), align: 0
  Segment part 346.           Intra module refs:   main
           ENTRY                   ADDRESS         REF BY
           =====                   =======         ======
           u_frame::?relay         000003C5 

    *************************************************************************

  FILE NAME : E:\WMNU\IAR_new_arch\PRJ Test\Debug\Obj\alarm_timer.r51
    *************************************************************************

  FILE NAME : E:\WMNU\IAR_new_arch\PRJ Test\Debug\Obj\buffer.r51
    *************************************************************************

  FILE NAME : E:\WMNU\IAR_new_arch\PRJ Test\Debug\Obj\cpu.r51
    *************************************************************************

  FILE NAME : E:\WMNU\IAR_new_arch\PRJ Test\Debug\Obj\debug.r51
    *************************************************************************

  FILE NAME : E:\WMNU\IAR_new_arch\PRJ Test\Debug\Obj\frame.r51
    *************************************************************************

  FILE NAME : E:\WMNU\IAR_new_arch\PRJ Test\Debug\Obj\main.r51
    *************************************************************************

  FILE NAME : E:\WMNU\IAR_new_arch\PRJ Test\Debug\Obj\mem_slots.r51
    *************************************************************************

  FILE NAME : E:\WMNU\IAR_new_arch\PRJ Test\Debug\Obj\mem_utils.r51
    *************************************************************************

  FILE NAME : E:\WMNU\IAR_new_arch\PRJ Test\Debug\Obj\model.r51
    *************************************************************************

  FILE NAME : E:\WMNU\IAR_new_arch\PRJ Test\Debug\Obj\rtc.r51
    *************************************************************************

  FILE NAME : E:\WMNU\IAR_new_arch\PRJ Test\Debug\Obj\time_manager.r51
    *************************************************************************

  FILE NAME : E:\WMNU\IAR_new_arch\PRJ Test\Debug\Obj\u_alarm_timer.r51
    *************************************************************************

  FILE NAME : E:\WMNU\IAR_new_arch\PRJ Test\Debug\Obj\u_debug.r51
    *************************************************************************

  FILE NAME : E:\WMNU\IAR_new_arch\PRJ Test\Debug\Obj\u_frame.r51
    *************************************************************************

  FILE NAME : E:\WMNU\IAR_new_arch\PRJ Test\Debug\Obj\u_macros.r51
    *************************************************************************

  FILE NAME : E:\WMNU\IAR_new_arch\PRJ Test\Debug\Obj\u_mem_slots.r51
    *************************************************************************

  FILE NAME : E:\WMNU\IAR_new_arch\PRJ Test\Debug\Obj\u_mem_utils.r51
    *************************************************************************

  FILE NAME : E:\WMNU\IAR_new_arch\PRJ Test\Debug\Obj\ustimer.r51
    *************************************************************************

  FILE NAME : C:\Program Files (x86)\IAR Systems\Embedded Workbench 8.0\8051\LIB\DLIB\dl-pli-blxd-1e16x01n.r51
  LIBRARY MODULE, NAME : ?__dbg_break

  SEGMENTS IN THE MODULE
  ======================
<BANKED_CODE> 1 (was BANKED_CODE)
  Relative segment, address: CODE 00001763 - 00001765 (0x3 bytes), align: 0
  Segment part 6.             Intra module refs:   __DebugBreak::?relay
           ENTRY                   ADDRESS         REF BY
[...]
                                                   AT_time (action_manager)
                                                   FR_add_header (action_manager)
                                                   FR_del_header (action_manager)
                                                   FR_delete (action_manager)
                                                   SL_alloc (action_manager)
                                                   SL_available (action_manager)
                                                   SL_busy (action_manager)
                                                   SL_free (action_manager)
                                                   TM_IRQ (action_manager)
                                                   _PrintfTiny (?xprintftiny)
                                                   _Prout (?xprout)
                                                   create (action_manager)
                                                   fill_zero_slot (action_manager)
                                                   out (?xprintftiny)
                                                   printf (?printf)
                                                   putchar (?putchar)

    -------------------------------------------------------------------------
  LIBRARY MODULE, NAME : ?INTERRUPT_ENTER_XSP

  SEGMENTS IN THE MODULE
  ======================
RCODE
  Relative segment, address: CODE 000006B2 - 00000710 (0x5f bytes), align: 0
  Segment part 1.
           ENTRY                   ADDRESS         REF BY
           =====                   =======         ======
           ?INTERRUPT_ENTER_XSP    000006B2        TimerCompareInterrupt (action_manager)

    -------------------------------------------------------------------------
  LIBRARY MODULE, NAME : ?INTERRUPT_LEAVE_XSP

  SEGMENTS IN THE MODULE
  ======================
RCODE
  Relative segment, address: CODE 00000711 - 00000768 (0x58 bytes), align: 0
  Segment part 1.
           ENTRY                   ADDRESS         REF BY
           =====                   =======         ======
           ?INTERRUPT_LEAVE_XSP    00000711        TimerCompareInterrupt (action_manager)

    -------------------------------------------------------------------------
  LIBRARY MODULE, NAME : ?PUSH_XSTACK_I

  SEGMENTS IN THE MODULE
  ======================
RCODE
  Relative segment, address: CODE 00000769 - 0000076C (0x4 bytes), align: 0
  Segment part 2.
           ENTRY                   ADDRESS         REF BY
           =====                   =======         ======
           ?PUSH_XSTACK_I_TWO      00000769        AM_Hot_start (action_manager)
                                                   AM_SW_Init (action_manager)
                                                   FR_add_header (action_manager)
                                                   FR_del_header (action_manager)
                                                   SL_available (action_manager)
                                                   SL_busy (action_manager)
                                                   SL_free (action_manager)
                                                   _PrintfTiny (?xprintftiny)
                                                   create (action_manager)
                                                   printf (?printf)
                                                   putchar (?putchar)
    -------------------------------------------------------------------------
RCODE
  Relative segment, address: CODE 0000076D - 00000779 (0xd bytes), align: 0
  Segment part 4.             Intra module refs:   ?PUSH_XSTACK_I_TWO
           ENTRY                   ADDRESS         REF BY
           =====                   =======         ======
           ?PUSH_XSTACK_I          0000076D 

    -------------------------------------------------------------------------
  LIBRARY MODULE, NAME : ?PUSH_XSTACK8_X

  SEGMENTS IN THE MODULE
  ======================
RCODE
  Relative segment, address: CODE 0000077A - 0000077D (0x4 bytes), align: 0
  Segment part 3.
           ENTRY                   ADDRESS         REF BY
           =====                   =======         ======
           ?PUSH_XSTACK8_X_TWO     0000077A        _PrintfTiny (?xprintftiny)
                                                   __write (?__write)
    -------------------------------------------------------------------------
RCODE
  Relative segment, address: CODE 0000077E - 000007A6 (0x29 bytes), align: 0
  Segment part 5.             Intra module refs:   ?PUSH_XSTACK8_X_TWO
           ENTRY                   ADDRESS         REF BY
           =====                   =======         ======
           ?PUSH_XSTACK8_X         0000077E 

    -------------------------------------------------------------------------
  LIBRARY MODULE, NAME : ?printf

  SEGMENTS IN THE MODULE
  ======================
<BANKED_CODE> 1 (was BANKED_CODE)
  Relative segment, address: CODE 00001678 - 000016C1 (0x4a bytes), align: 0
  Segment part 6.             Intra module refs:   printf::?relay
           ENTRY                   ADDRESS         REF BY
           =====                   =======         ======
           printf                  00001678 
               calls direct
               XSTACK = 00000000 ( 00000010 )
    -------------------------------------------------------------------------
BANK_RELAYS
  Relative segment, address: CODE 000003E3 - 000003E8 (0x6 bytes), align: 0
  Segment part 7.
           ENTRY                   ADDRESS         REF BY
           =====                   =======         ======
           printf::?relay          000003E3        AM_Hot_start (action_manager)
                                                   AM_SW_Init (action_manager)
                                                   FR_add_header (action_manager)
                                                   FR_del_header (action_manager)
                                                   SL_available (action_manager)
                                                   SL_busy (action_manager)
                                                   SL_free (action_manager)
                                                   create (action_manager)

    -------------------------------------------------------------------------
  LIBRARY MODULE, NAME : ?putchar

  SEGMENTS IN THE MODULE
  ======================
<BANKED_CODE> 1 (was BANKED_CODE)
  Relative segment, address: CODE 000015CE - 00001626 (0x59 bytes), align: 0
  Segment part 6.             Intra module refs:   putchar::?relay
           ENTRY                   ADDRESS         REF BY
           =====                   =======         ======
           putchar                 000015CE 
               calls direct
               XSTACK = 00000000 ( 0000000D )
               ISTACK = 00000000 ( 00000001 )
    -------------------------------------------------------------------------
BANK_RELAYS
  Relative segment, address: CODE 000003E9 - 000003EE (0x6 bytes), align: 0
  Segment part 7.
           ENTRY                   ADDRESS         REF BY
           =====                   =======         ======
           putchar::?relay         000003E9        _Prout (?xprout)

    -------------------------------------------------------------------------
  LIBRARY MODULE, NAME : ?strlen

  SEGMENTS IN THE MODULE
  ======================
<BANKED_CODE> 1 (was BANKED_CODE)
  Relative segment, address: CODE 00001737 - 00001754 (0x1e bytes), align: 0
  Segment part 6.             Intra module refs:   strlen::?relay
           ENTRY                   ADDRESS         REF BY
           =====                   =======         ======
           strlen                  00001737 
               is indirectly called
               ISTACK = 00000000 ( 00000002 )
    -------------------------------------------------------------------------
BANK_RELAYS
  Relative segment, address: CODE 000003EF - 000003F4 (0x6 bytes), align: 0
  Segment part 7.
           ENTRY                   ADDRESS         REF BY
           =====                   =======         ======
           strlen::?relay          000003EF        _PrintfTiny (?xprintftiny)

    -------------------------------------------------------------------------
  LIBRARY MODULE, NAME : ?xprintftiny

  SEGMENTS IN THE MODULE
  ======================
<BANKED_CODE> 1 (was BANKED_CODE)
  Relative segment, address: CODE 0000119D - 000011EE (0x52 bytes), align: 0
  Segment part 14.            Intra module refs:   out::?relay
           LOCAL                   ADDRESS         
           =====                   =======         
           out                     0000119D 
               XSTACK = 0000002F ( 0000000E )
    -------------------------------------------------------------------------
<BANKED_CODE> 1 (was BANKED_CODE)
  Relative segment, address: CODE 000011EF - 0000156F (0x381 bytes), align: 0
  Segment part 16.            Intra module refs:   _PrintfTiny::?relay
           ENTRY                   ADDRESS         REF BY
           =====                   =======         ======
           _PrintfTiny             000011EF 
               calls direct
               XSTACK = 00000004 ( 0000002F )
               ISTACK = 00000000 ( 00000001 )
    -------------------------------------------------------------------------
<BANKED_CODE> 1 (was BANKED_CODE)
  Relative segment, address: CODE 00001570 - 00001578 (0x9 bytes), align: 0
  Segment part 18.            Intra module refs:   _PrintfTiny
    -------------------------------------------------------------------------
<BANKED_CODE> 1 (was BANKED_CODE)
  Relative segment, address: CODE 00001579 - 0000157E (0x6 bytes), align: 0
  Segment part 19.            Intra module refs:   _PrintfTiny
    -------------------------------------------------------------------------
<BANKED_CODE> 1 (was BANKED_CODE)
  Relative segment, address: CODE 0000157F - 00001582 (0x4 bytes), align: 0
  Segment part 20.            Intra module refs:   Segment part 19
                                                   Segment part 27
                                                   _PrintfTiny
    -------------------------------------------------------------------------
<BANKED_CODE> 1 (was BANKED_CODE)
  Relative segment, address: CODE 00001583 - 0000158B (0x9 bytes), align: 0
  Segment part 21.            Intra module refs:   Segment part 20
                                                   Segment part 23
    -------------------------------------------------------------------------
<BANKED_CODE> 1 (was BANKED_CODE)
  Relative segment, address: CODE 0000158C - 0000158F (0x4 bytes), align: 0
  Segment part 22.            Intra module refs:   _PrintfTiny
    -------------------------------------------------------------------------
<BANKED_CODE> 1 (was BANKED_CODE)
  Relative segment, address: CODE 00001590 - 00001597 (0x8 bytes), align: 0
  Segment part 23.            Intra module refs:   Segment part 22
                                                   Segment part 24
    -------------------------------------------------------------------------
<BANKED_CODE> 1 (was BANKED_CODE)
  Relative segment, address: CODE 00001598 - 000015A8 (0x11 bytes), align: 0
  Segment part 24.            Intra module refs:   _PrintfTiny
    -------------------------------------------------------------------------
<BANKED_CODE> 1 (was BANKED_CODE)
  Relative segment, address: CODE 000015A9 - 000015AD (0x5 bytes), align: 0
  Segment part 25.            Intra module refs:   _PrintfTiny
    -------------------------------------------------------------------------
<BANKED_CODE> 1 (was BANKED_CODE)
  Relative segment, address: CODE 000015AE - 000015BA (0xd bytes), align: 0
  Segment part 26.            Intra module refs:   Segment part 25
                                                   _PrintfTiny
    -------------------------------------------------------------------------
<BANKED_CODE> 1 (was BANKED_CODE)
  Relative segment, address: CODE 000015BB - 000015C3 (0x9 bytes), align: 0
  Segment part 27.            Intra module refs:   _PrintfTiny
    -------------------------------------------------------------------------
<BANKED_CODE> 1 (was BANKED_CODE)
  Relative segment, address: CODE 000015C4 - 000015CD (0xa bytes), align: 0
  Segment part 28.            Intra module refs:   Segment part 27
                                                   _PrintfTiny
    -------------------------------------------------------------------------
XDATA_ID
  Relative segment, address: CODE 000002F3 - 000002F4 (0x2 bytes), align: 0
  Segment part 7.             Intra module refs:   Segment part 6
    -------------------------------------------------------------------------
XDATA_ID
  Relative segment, address: CODE 000002F5 - 000002F6 (0x2 bytes), align: 0
  Segment part 9.             Intra module refs:   Segment part 8
    -------------------------------------------------------------------------
XDATA_ID
  Relative segment, address: CODE 000002F7 - 000002FA (0x4 bytes), align: 0
  Segment part 11.            Intra module refs:   __Constant_0
    -------------------------------------------------------------------------
XDATA_ID
  Relative segment, address: CODE 000002FB - 000002FE (0x4 bytes), align: 0
  Segment part 13.            Intra module refs:   __Constant_ffff
    -------------------------------------------------------------------------
BANK_RELAYS
  Relative segment, address: CODE 000003F5 - 000003FA (0x6 bytes), align: 0
  Segment part 15.            Intra module refs:   _PrintfTiny
           LOCAL                   ADDRESS         
           =====                   =======         
           out::?relay             000003F5 
    -------------------------------------------------------------------------
BANK_RELAYS
  Relative segment, address: CODE 000003FB - 00000400 (0x6 bytes), align: 0
  Segment part 17.
           ENTRY                   ADDRESS         REF BY
           =====                   =======         ======
           _PrintfTiny::?relay     000003FB        printf (?printf)
    -------------------------------------------------------------------------
XDATA_I
  Relative segment, address: XDATA 00001D52 - 00001D53 (0x2 bytes), align: 0
  Segment part 6.             Intra module refs:   _PrintfTiny
    -------------------------------------------------------------------------
XDATA_I
  Relative segment, address: XDATA 00001D54 - 00001D55 (0x2 bytes), align: 0
  Segment part 8.             Intra module refs:   _PrintfTiny
    -------------------------------------------------------------------------
XDATA_I
  Relative segment, address: XDATA 00001D56 - 00001D59 (0x4 bytes), align: 0
  Segment part 10.            Intra module refs:   _PrintfTiny
           ENTRY                   ADDRESS         REF BY
           =====                   =======         ======
           __Constant_0            00001D56 
    -------------------------------------------------------------------------
XDATA_I
  Relative segment, address: XDATA 00001D5A - 00001D5D (0x4 bytes), align: 0
  Segment part 12.            Intra module refs:   _PrintfTiny
           ENTRY                   ADDRESS         REF BY
           =====                   =======         ======
           __Constant_ffff         00001D5A 

    -------------------------------------------------------------------------
  LIBRARY MODULE, NAME : ?xprout

  SEGMENTS IN THE MODULE
  ======================
<BANKED_CODE> 1 (was BANKED_CODE)
  Relative segment, address: CODE 000016C2 - 000016EC (0x2b bytes), align: 0
  Segment part 6.             Intra module refs:   _Prout::?relay
           ENTRY                   ADDRESS         REF BY
           =====                   =======         ======
           _Prout                  000016C2 
               calls direct
               XSTACK = 00000000 ( 0000000E )
    -------------------------------------------------------------------------
BANK_RELAYS
  Relative segment, address: CODE 00000401 - 00000406 (0x6 bytes), align: 0
  Segment part 7.
           ENTRY                   ADDRESS         REF BY
           =====                   =======         ======
           _Prout::?relay          00000401        printf (?printf)




                ****************************************
                *                                      *
                *      SEGMENTS IN ADDRESS ORDER       *
                *                                      *
                ****************************************


SEGMENT              SPACE    START ADDRESS   END ADDRESS     SIZE  TYPE  ALIGN
=======              =====    =============   ===========     ====  ====  =====
INTVEC               CODE          00000000 - 0000002D          2E   com    0
CSTART               CODE          0000002E - 000000B4          87   rel    0
BDATA_ID             CODE               000000B5                     dse    0
BIT_ID               CODE               000000B5                     dse    0
DATA_ID              CODE               000000B5                     dse    0
IDATA_ID             CODE               000000B5                     dse    0
IXDATA_ID            CODE               000000B5                     dse    0
PDATA_ID             CODE               000000B5                     dse    0
XDATA_ID             CODE          000000B5 - 000002FE         24A   rel    0
BANK_RELAYS          CODE          000002FF - 00000406         108   rel    0
RCODE                CODE          00000407 - 000007A6         3A0   rel    0
CODE_N               CODE               000007A7                     dse    0
CODE_C               CODE               000007A7                     dse    0
DIFUNCT              CODE               000007A7                     rel    0
NEAR_CODE            CODE          000007A7 - 000007CF          29   rel    0
<BANKED_CODE> 1      CODE          000007D0 - 00001765         F96   rel    0
REGISTERS            DATA          00000000 - 00000007           8   rel    0
VREG                 DATA          00000008 - 0000000F           8   rel    0
PSP                  DATA               00000010                     dse    0
XSP                  DATA          00000010 - 00000011           2   rel    0
BREG                 BIT        00000020.0  -  00000020.7        8   rel    0
SFR_AN               DATA          00000095 - 00000097           3   rel    0
                     DATA          0000009D - 0000009E           2 
                     DATA          000000A8 - 000000A8           1 
                     DATA          000000AD - 000000AD           1 
                     DATA          000000C0 - 000000C0           1 
                     DATA          000000C6 - 000000C6           1 
XSTACK               XDATA         00000001 - 00000EFF         EFF   rel    0
XDATA_Z              XDATA         00000F00 - 00001B13         C14   rel    0
XDATA_I              XDATA         00001B14 - 00001D5D         24A   rel    0
ISTACK               IDATA         000000C0 - 000000FF          40   rel    0

                ****************************************
                *                                      *
                *        END OF CROSS REFERENCE        *
                *                                      *
                ****************************************

 5 990 bytes of CODE  memory
    18 bytes of DATA  memory (+ 9 absolute )
 7 517 bytes of XDATA memory
    64 bytes of IDATA memory
     8 bits  of BIT   memory

Errors: none
Warnings: 1

