###############################################################################
#
# IAR C/C++ Compiler V10.10.1.4655 for 8051               06/Feb/2020  00:48:57
# Copyright 2004-2017 IAR Systems AB.
# PC-locked license - IAR Embedded Workbench for 8051
#
#    Core               =  plain
#    Code model         =  banked
#    Data model         =  large
#    Calling convention =  xdata reentrant
#    Constant location  =  data
#    Dptr setup         =  1,16
#                          
#    Source file        =  E:\WMNU\IAR_NEW_ARCH\STACK_CORE_SRC\ustimer.c
#    Command line       =  
#        -f C:\Users\08A4~1\AppData\Local\Temp\EW7C86.tmp
#        (E:\WMNU\IAR_NEW_ARCH\STACK_CORE_SRC\ustimer.c -lC
#        "E:\WMNU\IAR_new_arch\PRJ Test\Debug\List" -o
#        "E:\WMNU\IAR_new_arch\PRJ Test\Debug\Obj" -e --debug --core=plain
#        --dptr=16,1 --data_model=large --code_model=banked
#        --calling_convention=xdata_reentrant --place_constants=data
#        --nr_virtual_regs 8 --dlib_config "C:\Program Files (x86)\IAR
#        Systems\Embedded Workbench 8.0\8051\LIB\DLIB\dl8051Normal.h" -I
#        E:\WMNU\IAR_new_arch\Stack_core_src\ -On --no_cse --no_unroll
#        --no_inline --no_code_motion --no_tbaa --no_cross_call)
#    Locale             =  Russian_Russia.1251
#    List file          =  E:\WMNU\IAR_new_arch\PRJ Test\Debug\List\ustimer.lst
#    Object file        =  E:\WMNU\IAR_new_arch\PRJ Test\Debug\Obj\ustimer.r51
#
###############################################################################



 

 


Errors: none
Warnings: none
