################################################################################
#                                                                              #
#      IAR Universal Linker V6.4.6.89                                          #
#                                                                              #
#           Link time     =  31/Jan/2020  10:13:58                             #
#           Target CPU    =  x51                                               #
#           List file     =  E:\WMNU\IAR\NeocoreGateway\Debug\List\neocoregw.m #
#                            ap                                                #
#           Output file 1 =  E:\WMNU\IAR\NeocoreGateway\Debug\Exe\neocoregw.d5 #
#                            1                                                 #
#                            Format: ubrof10                                   #
#                            UBROF version 10.0.6                              #
#                            Using library modules for C-SPY (-rt)             #
#           Command line  =  -f                                                #
#                            C:\Users\08A4~1\AppData\Local\Temp\EW1878.tmp     #
#                            (E:\WMNU\IAR\NeocoreGateway\Debug\Obj\cmd_0x00.r5 #
#                            1                                                 #
#                            E:\WMNU\IAR\NeocoreGateway\Debug\Obj\cmd_0x01.r51 #
#                            E:\WMNU\IAR\NeocoreGateway\Debug\Obj\cmd_0x02.r51 #
#                            E:\WMNU\IAR\NeocoreGateway\Debug\Obj\cmd_0x03.r51 #
#                            E:\WMNU\IAR\NeocoreGateway\Debug\Obj\cmd_0x04.r51 #
#                            E:\WMNU\IAR\NeocoreGateway\Debug\Obj\cmd_0x05.r51 #
#                            E:\WMNU\IAR\NeocoreGateway\Debug\Obj\cmd_0x06.r51 #
#                            E:\WMNU\IAR\NeocoreGateway\Debug\Obj\cmd_0x07.r51 #
#                            E:\WMNU\IAR\NeocoreGateway\Debug\Obj\cmd_0x08.r51 #
#                            E:\WMNU\IAR\NeocoreGateway\Debug\Obj\cmd_0x09.r51 #
#                            E:\WMNU\IAR\NeocoreGateway\Debug\Obj\cmd_0x0A.r51 #
#                            E:\WMNU\IAR\NeocoreGateway\Debug\Obj\cmd_0x0B.r51 #
#                            E:\WMNU\IAR\NeocoreGateway\Debug\Obj\cmd_0x0C.r51 #
#                            E:\WMNU\IAR\NeocoreGateway\Debug\Obj\cmd_0x0D.r51 #
#                            E:\WMNU\IAR\NeocoreGateway\Debug\Obj\cmd_0x0E.r51 #
#                            E:\WMNU\IAR\NeocoreGateway\Debug\Obj\cmd_parser.r #
#                            51                                                #
#                            E:\WMNU\IAR\NeocoreGateway\Debug\Obj\coder.r51    #
#                            E:\WMNU\IAR\NeocoreGateway\Debug\Obj\config.r51   #
#                            E:\WMNU\IAR\NeocoreGateway\Debug\Obj\delays.r51   #
#                            E:\WMNU\IAR\NeocoreGateway\Debug\Obj\dma.r51      #
#                            E:\WMNU\IAR\NeocoreGateway\Debug\Obj\frame.r51    #
#                            E:\WMNU\IAR\NeocoreGateway\Debug\Obj\LLC.r51      #
#                            E:\WMNU\IAR\NeocoreGateway\Debug\Obj\MAC.r51      #
#                            E:\WMNU\IAR\NeocoreGateway\Debug\Obj\main.r51     #
#                            E:\WMNU\IAR\NeocoreGateway\Debug\Obj\manager.r51  #
#                            E:\WMNU\IAR\NeocoreGateway\Debug\Obj\mem.r51      #
#                            E:\WMNU\IAR\NeocoreGateway\Debug\Obj\NTMR.r51     #
#                            E:\WMNU\IAR\NeocoreGateway\Debug\Obj\nwdebuger.r5 #
#                            1                                                 #
#                            E:\WMNU\IAR\NeocoreGateway\Debug\Obj\RADIO.r51    #
#                            E:\WMNU\IAR\NeocoreGateway\Debug\Obj\rx_buff.r51  #
#                            E:\WMNU\IAR\NeocoreGateway\Debug\Obj\sync.r51     #
#                            E:\WMNU\IAR\NeocoreGateway\Debug\Obj\TIC.r51      #
#                            E:\WMNU\IAR\NeocoreGateway\Debug\Obj\uart_comm.r5 #
#                            1                                                 #
#                            -o                                                #
#                            E:\WMNU\IAR\NeocoreGateway\Debug\Exe\neocoregw.d5 #
#                            1                                                 #
#                            -l                                                #
#                            E:\WMNU\IAR\NeocoreGateway\Debug\List\neocoregw.m #
#                            ap                                                #
#                            -xms                                              #
#                            "-IC:\Program Files (x86)\IAR Systems\Embedded Wo #
#                            rkbench 8.0\8051\LIB\"                            #
#                            -f                                                #
#                            "C:\Program Files (x86)\IAR Systems\Embedded Work #
#                            bench 8.0\8051\config\devices\Texas Instruments\l #
#                            nk51ew_CC2530F256_banked.xcl"                     #
#                            (-D_IDATA0_START=0x00 -D_IDATA0_END=0xFF          #
#                            -D_PDATA0_START=0x1E00 -D_PDATA0_END=0x1EFF       #
#                            -D_IXDATA0_START=0x0001 -D_IXDATA0_END=0x1EFF     #
#                            -D_XDATA0_START=_IXDATA0_START                    #
#                            -D_XDATA0_END=_IXDATA0_END                        #
#                            -D_NEAR_CODE_START=0x0000                         #
#                            -D_FIRST_BANK_ADDR=0x10000 -D?REGISTER_BANK=0x0   #
#                            -D_REGISTER_BANK_START=0x0 -D_BREG_START=0x00     #
#                            -D?VB=0x20 -Z(BIT)BREG=_BREG_START                #
#                            -Z(BIT)BIT_N=0-7F                                 #
#                            -Z(DATA)REGISTERS+8=_REGISTER_BANK_START          #
#                            -Z(DATA)BDATA_Z,BDATA_N,BDATA_I=20-2F             #
#                            -Z(DATA)VREG=08-7F -Z(DATA)PSP,XSP=08-7F          #
#                            -Z(DATA)DOVERLAY=08-7F                            #
#                            -Z(DATA)DATA_I,DATA_Z,DATA_N=08-7F                #
#                            -U(IDATA)0-7F=(DATA)0-7F                          #
#                            -Z(IDATA)IDATA_I,IDATA_Z,IDATA_N=08-_IDATA0_END   #
#                            -Z(IDATA)ISTACK+_IDATA_STACK_SIZE#08-_IDATA0_END  #
#                            -Z(IDATA)IOVERLAY=08-FF -Z(CODE)INTVEC=0          #
#                            -Z(CODE)CSTART=_NEAR_CODE_START-(_CODEBANK_START- #
#                            1)                                                #
#                            -Z(CODE)BIT_ID,BDATA_ID,DATA_ID,IDATA_ID,IXDATA_I #
#                            D,PDATA_ID,XDATA_ID=_NEAR_CODE_START-(_CODEBANK_S #
#                            TART-1)                                           #
#                            -Z(CODE)BANK_RELAYS,RCODE,DIFUNCT,CODE_C,CODE_N,N #
#                            EAR_CODE=_NEAR_CODE_START-(_CODEBANK_START-1)     #
#                            -P(CODE)BANKED_CODE=_NEAR_CODE_START-(_CODEBANK_S #
#                            TART-1),[(_CODEBANK_START+_FIRST_BANK_ADDR)-(_COD #
#                            EBANK_END+_FIRST_BANK_ADDR)]*_NR_OF_BANKS+10000   #
#                            -Z(CODE)CHECKSUM#(_CODEBANK_START-1)              #
#                            -Z(XDATA)PDATA_Z,PDATA_I=_PDATA0_START-_PDATA0_EN #
#                            D                                                 #
#                            -P(XDATA)PDATA_N=_PDATA0_START-_PDATA0_END        #
#                            -Z(XDATA)PSTACK+_PDATA_STACK_SIZE=_PDATA0_START-_ #
#                            PDATA0_END                                        #
#                            -Z(XDATA)EXT_STACK+_EXTENDED_STACK_SIZE=_EXTENDED #
#                            _STACK_START                                      #
#                            -Z(XDATA)XSTACK+_XDATA_STACK_SIZE=_XDATA0_START-_ #
#                            XDATA0_END                                        #
#                            -Z(XDATA)IXDATA_Z,IXDATA_I=_IXDATA0_START-_IXDATA #
#                            0_END                                             #
#                            -P(XDATA)IXDATA_N=_IXDATA0_START-_IXDATA0_END     #
#                            -Z(XDATA)XDATA_Z,XDATA_I=_XDATA0_START-_XDATA0_EN #
#                            D                                                 #
#                            -P(XDATA)XDATA_N=_XDATA0_START-_XDATA0_END        #
#                            -Z(XDATA)XDATA_HEAP+_XDATA_HEAP_SIZE=_XDATA0_STAR #
#                            T-_XDATA0_END                                     #
#                            -Z(CONST)XDATA_ROM_C=_XDATA0_START-_XDATA0_END    #
#                            -cx51                                             #
#                            -M(CODE)[(_CODEBANK_START+_FIRST_BANK_ADDR)-(_COD #
#                            EBANK_END+_FIRST_BANK_ADDR)]*_NR_OF_BANKS+0x10000 #
#                            =0x8000                                           #
#                            -ww69=i -D_BANK0_START=0x00000                    #
#                            -D_BANK0_END=0x07FFF -D_BANK1_START=0x18000       #
#                            -D_BANK1_END=0x1FFFF -D_BANK2_START=0x28000       #
#                            -D_BANK2_END=0x2FFFF -D_BANK3_START=0x38000       #
#                            -D_BANK3_END=0x3FFFF -D_BANK4_START=0x48000       #
#                            -D_BANK4_END=0x4FFFF -D_BANK5_START=0x58000       #
#                            -D_BANK5_END=0x5FFFF -D_BANK6_START=0x68000       #
#                            -D_BANK6_END=0x6FFFF -D_BANK7_START=0x78000       #
#                            -D_BANK7_END=0x7FFFF                              #
#                            -P(CODE)BANK0=_BANK0_START-_BANK0_END             #
#                            -P(CODE)BANK1=_BANK1_START-_BANK1_END             #
#                            -P(CODE)BANK2=_BANK2_START-_BANK2_END             #
#                            -P(CODE)BANK3=_BANK3_START-_BANK3_END             #
#                            -P(CODE)BANK4=_BANK4_START-_BANK4_END             #
#                            -P(CODE)BANK5=_BANK5_START-_BANK5_END             #
#                            -P(CODE)BANK6=_BANK6_START-_BANK6_END             #
#                            -P(CODE)BANK7=_BANK7_START-_BANK7_END             #
#                            -D_FLASH_LOCK_BITS_START=0x7FFF0                  #
#                            -D_FLASH_LOCK_BITS_END=0x7FFFF                    #
#                            -Z(CODE)FLASH_LOCK_BITS=_FLASH_LOCK_BITS_START-_F #
#                            LASH_LOCK_BITS_END                                #
#                            -U(CODE)0x0000=(CODE)_FLASH_LOCK_BITS_START-_FLAS #
#                            H_LOCK_BITS_END)                                  #
#                            -D_NR_OF_VIRTUAL_REGISTERS=8 -D?PBANK=0x93        #
#                            -D?CBANK=0x9F -D?CBANK_MASK=0xFF                  #
#                            -e?BCALL_FF=?BCALL -e?BRET_FF=?BRET               #
#                            -e?BDISPATCH_FF=?BDISPATCH                        #
#                            -D_CODEBANK_START=0x8000 -D_CODEBANK_END=0xFFFF   #
#                            -D_NR_OF_BANKS=0x03                               #
#                            "-IC:\Program Files (x86)\IAR Systems\Embedded Wo #
#                            rkbench 8.0\8051\CONFIG\"                         #
#                            -rt -s __program_start                            #
#                            "C:\Program Files (x86)\IAR Systems\Embedded Work #
#                            bench 8.0\8051\LIB\DLIB\dl-pli-blxd-1e16x01n.r51" #
#                            -D_IDATA_STACK_SIZE=0x40 -D?ESP=0 -D?ESP_MASK=0   #
#                            -D_EXTENDED_STACK_START=0                         #
#                            -D_EXTENDED_STACK_SIZE=0                          #
#                            -D_PDATA_STACK_SIZE=0x80                          #
#                            -D_XDATA_STACK_SIZE=0x12c                         #
#                            -D_XDATA_HEAP_SIZE=0x900 -D_FAR_HEAP_SIZE=0xFFF   #
#                            -D_HUGE_HEAP_SIZE=0xFFF                           #
#                            -D_FAR22_HEAP_SIZE=0xFFF)                         #
#                                                                              #
#                           Copyright (C) 1987-2016 IAR Systems AB.            #
################################################################################





                ****************************************
                *                                      *
                *           CROSS REFERENCE            *
                *                                      *
                ****************************************

       Program entry at : CODE      00000085  Relocatable, from module : CSTARTUP




                ****************************************
                *                                      *
                *            RUNTIME MODEL             *
                *                                      *
                ****************************************

  __Heap_Handler             = Basic
  __SystemLibrary            = DLib
  __calling_convention       = xdata_reentrant
  __code_model               = banked
  __core                     = plain
  __data_model               = large
  __dlib_file_descriptor     = 0
  __dlib_full_locale_support = 0
  __dptr_size                = 16
  __extended_stack           = disabled
  __location_for_constants   = data
  __number_of_dptrs          = 1
  __register_banks           = *
  __rt_version               = 1

                ****************************************
                *                                      *
                *    AUTOMATIC SYMBOL REDIRECTIONS     *
                *                                      *
                ****************************************

       All references to: _Printf
         were redirected to: _PrintfTiny
       All references to: _Printf::?relay
         were redirected to: _PrintfTiny::?relay



                ****************************************
                *                                      *
                *              MODULE MAP              *
                *                                      *
                ****************************************


  DEFINED ABSOLUTE ENTRIES
    *************************************************************************

  DEFINED ABSOLUTE ENTRIES
  PROGRAM MODULE, NAME : ?ABS_ENTRY_MOD

Absolute parts
           ENTRY                   ADDRESS         REF BY
           =====                   =======         ======
           _FAR22_HEAP_SIZE        00000FFF 
           _HUGE_HEAP_SIZE         00000FFF 
           _FAR_HEAP_SIZE          00000FFF 
           _XDATA_HEAP_SIZE        00000900 
           _XDATA_STACK_SIZE       0000012C 
           _PDATA_STACK_SIZE       00000080 
           _EXTENDED_STACK_SIZE    00000000 
           _EXTENDED_STACK_START   00000000 
           ?ESP_MASK               00000000 
           ?ESP                    00000000 
           _IDATA_STACK_SIZE       00000040 
           _NR_OF_BANKS            00000003 
           _CODEBANK_END           0000FFFF 
           _CODEBANK_START         00008000 
           ?CBANK_MASK             000000FF 
           ?CBANK                  0000009F        ?RESET_CODE_BANK (CSTARTUP)
                                                   Segment part 0 (?BANKED_CODE_SUPPORT)
           ?PBANK                  00000093 
           _NR_OF_VIRTUAL_REGISTERS
                                   00000008 
           _FLASH_LOCK_BITS_END    0007FFFF 
           _FLASH_LOCK_BITS_START
                                   0007FFF0 
           _BANK7_END              0007FFFF 
           _BANK7_START            00078000 
           _BANK6_END              0006FFFF 
           _BANK6_START            00068000 
           _BANK5_END              0005FFFF 
           _BANK5_START            00058000 
           _BANK4_END              0004FFFF 
           _BANK4_START            00048000 
           _BANK3_END              0001FFFF 
           _BANK3_START            00018000 
           _BANK2_END              00017FFF 
           _BANK2_START            00010000 
           _BANK1_END              0000FFFF 
           _BANK1_START            00008000 
           _BANK0_END              00007FFF 
           _BANK0_START            00000000 
           ?VB                     00000020        ?BANKED_ENTER_XDATA (?BANKED_ENTER_XDATA)
                                                   ?BANKED_LEAVE_XDATA (?BANKED_LEAVE_XDATA)
                                                   ?INTERRUPT_ENTER_XSP (?INTERRUPT_ENTER_XSP)
                                                   ?INTERRUPT_LEAVE_XSP (?INTERRUPT_LEAVE_XSP)
                                                   AES_StreamCoder (?__write)
                                                   MAC_ACK_Send (?__write)
                                                   MAC_RX_HNDL (?__write)
                                                   MAC_TX_HNDL (?__write)
                                                   RI_Receive (?__write)
                                                   RI_Send (?__write)
                                                   RecvData (?__write)
                                                   SendData (?__write)
                                                   TIC_SetRXState (?__write)
                                                   TIC_SetTXState (?__write)
                                                   cmd_0x03 (?__write)
                                                   cmd_0x0B (?__write)
                                                   cmd_0x0D (?__write)
                                                   network_seed_enable (?__write)
                                                   send_sync (?__write)
           _BREG_START             00000000 
           _REGISTER_BANK_START    00000000 
           ?REGISTER_BANK          00000000        Segment part 6 (CSTARTUP)
           _FIRST_BANK_ADDR        00010000 
           _NEAR_CODE_START        00000000 
           _XDATA0_END             00001EFF 
           _XDATA0_START           00000001 
           _IXDATA0_END            00001EFF 
           _IXDATA0_START          00000001 
           _PDATA0_END             00001EFF 
           _PDATA0_START           00001E00 
           _IDATA0_END             000000FF 
           _IDATA0_START           00000000 
    *************************************************************************

  FILE NAME : E:\WMNU\IAR\NeocoreGateway\Debug\Obj\cmd_0x00.r51
  PROGRAM MODULE, NAME : ?__write

  SEGMENTS IN THE MODULE
  ======================
<BANKED_CODE> 1 (was BANKED_CODE)
  Relative segment, address: CODE 00001571 - 000015AF (0x3f bytes), align: 0
  Segment part 273.           Intra module refs:   cmd_0x00::?relay
           ENTRY                   ADDRESS         REF BY
           =====                   =======         ======
           cmd_0x00                00001571 
               calls direct, is indirectly called
               XSTACK = 00000000 ( 0000000A )
    -------------------------------------------------------------------------
<BANKED_CODE> 1 (was BANKED_CODE)
  Relative segment, address: CODE 000015B0 - 000015FC (0x4d bytes), align: 0
  Segment part 275.           Intra module refs:   cmd_0x01::?relay
           ENTRY                   ADDRESS         REF BY
           =====                   =======         ======
           cmd_0x01                000015B0 
               calls direct, is indirectly called
               XSTACK = 00000000 ( 0000000C )
    -------------------------------------------------------------------------
<BANKED_CODE> 1 (was BANKED_CODE)
  Relative segment, address: CODE 000015FD - 00001648 (0x4c bytes), align: 0
  Segment part 277.           Intra module refs:   cmd_0x02::?relay
           ENTRY                   ADDRESS         REF BY
           =====                   =======         ======
           cmd_0x02                000015FD 
               calls direct, is indirectly called
               XSTACK = 00000000 ( 0000000C )
    -------------------------------------------------------------------------
<BANKED_CODE> 1 (was BANKED_CODE)
  Relative segment, address: CODE 00001649 - 00001705 (0xbd bytes), align: 0
  Segment part 279.           Intra module refs:   cmd_0x03::?relay
           ENTRY                   ADDRESS         REF BY
           =====                   =======         ======
           cmd_0x03                00001649 
               calls direct, is indirectly called
               XSTACK = 00000000 ( 00000014 )
    -------------------------------------------------------------------------
<BANKED_CODE> 1 (was BANKED_CODE)
  Relative segment, address: CODE 00001706 - 00001760 (0x5b bytes), align: 0
  Segment part 281.           Intra module refs:   cmd_0x04::?relay
           ENTRY                   ADDRESS         REF BY
           =====                   =======         ======
           cmd_0x04                00001706 
               calls direct, is indirectly called
               XSTACK = 00000000 ( 00000010 )
    -------------------------------------------------------------------------
<BANKED_CODE> 1 (was BANKED_CODE)
  Relative segment, address: CODE 00001761 - 000017BB (0x5b bytes), align: 0
  Segment part 283.           Intra module refs:   cmd_0x05::?relay
           ENTRY                   ADDRESS         REF BY
           =====                   =======         ======
           cmd_0x05                00001761 
               calls direct, is indirectly called
               XSTACK = 00000000 ( 00000010 )
    -------------------------------------------------------------------------
<BANKED_CODE> 1 (was BANKED_CODE)
  Relative segment, address: CODE 000017BC - 000017E7 (0x2c bytes), align: 0
  Segment part 285.           Intra module refs:   cmd_0x06::?relay
           ENTRY                   ADDRESS         REF BY
           =====                   =======         ======
           cmd_0x06                000017BC 
               calls direct, is indirectly called
               XSTACK = 00000000 ( 00000009 )
    -------------------------------------------------------------------------
<BANKED_CODE> 1 (was BANKED_CODE)
  Relative segment, address: CODE 000017E8 - 00001836 (0x4f bytes), align: 0
  Segment part 287.           Intra module refs:   cmd_0x07::?relay
           ENTRY                   ADDRESS         REF BY
           =====                   =======         ======
           cmd_0x07                000017E8 
               calls direct, is indirectly called
               XSTACK = 00000000 ( 0000000C )
    -------------------------------------------------------------------------
<BANKED_CODE> 1 (was BANKED_CODE)
  Relative segment, address: CODE 00001837 - 0000187E (0x48 bytes), align: 0
  Segment part 289.           Intra module refs:   cmd_0x08::?relay
           ENTRY                   ADDRESS         REF BY
           =====                   =======         ======
           cmd_0x08                00001837 
               calls direct, is indirectly called
               XSTACK = 00000000 ( 0000000C )
    -------------------------------------------------------------------------
<BANKED_CODE> 1 (was BANKED_CODE)
  Relative segment, address: CODE 0000187F - 000018C3 (0x45 bytes), align: 0
  Segment part 291.           Intra module refs:   cmd_0x09::?relay
           ENTRY                   ADDRESS         REF BY
           =====                   =======         ======
           cmd_0x09                0000187F 
               calls direct, is indirectly called
               XSTACK = 00000000 ( 0000000A )
               ISTACK = 00000000 ( 00000001 )
    -------------------------------------------------------------------------
<BANKED_CODE> 1 (was BANKED_CODE)
  Relative segment, address: CODE 000018C4 - 00001908 (0x45 bytes), align: 0
  Segment part 293.           Intra module refs:   cmd_0x0A::?relay
           ENTRY                   ADDRESS         REF BY
           =====                   =======         ======
           cmd_0x0A                000018C4 
               calls direct, is indirectly called
               XSTACK = 00000000 ( 0000000A )
               ISTACK = 00000000 ( 00000001 )
    -------------------------------------------------------------------------
<BANKED_CODE> 1 (was BANKED_CODE)
  Relative segment, address: CODE 00001909 - 000019FA (0xf2 bytes), align: 0
  Segment part 295.           Intra module refs:   cmd_0x0B::?relay
           ENTRY                   ADDRESS         REF BY
           =====                   =======         ======
           cmd_0x0B                00001909 
               calls direct, is indirectly called
               XSTACK = 00000000 ( 00000012 )
    -------------------------------------------------------------------------
XDATA_Z
  Relative segment, address: XDATA 0000012D - 000001C1 (0x95 bytes), align: 0
  Segment part 175.           Intra module refs:   upload_frame
           LOCAL                   ADDRESS         
           =====                   =======         
           upload                  0000012D 
    -------------------------------------------------------------------------
<BANKED_CODE> 1 (was BANKED_CODE)
  Relative segment, address: CODE 000019FB - 00001A55 (0x5b bytes), align: 0
  Segment part 297.           Intra module refs:   cmd_0x0C::?relay
           ENTRY                   ADDRESS         REF BY
           =====                   =======         ======
           cmd_0x0C                000019FB 
               calls direct, is indirectly called
               XSTACK = 00000000 ( 0000000E )
    -------------------------------------------------------------------------
<BANKED_CODE> 1 (was BANKED_CODE)
  Relative segment, address: CODE 00001A56 - 00001AAC (0x57 bytes), align: 0
  Segment part 299.           Intra module refs:   upload_frame::?relay
           LOCAL                   ADDRESS         
           =====                   =======         
           upload_frame            00001A56 
               calls direct
               XSTACK = 0000000E ( 00000009 )
    -------------------------------------------------------------------------
<BANKED_CODE> 1 (was BANKED_CODE)
  Relative segment, address: CODE 00001AAD - 00001ADE (0x32 bytes), align: 0
  Segment part 301.           Intra module refs:   mem_move::?relay
           LOCAL                   ADDRESS         
           =====                   =======         
           mem_move                00001AAD 
               XSTACK = 00000009 ( 00000009 )
               ISTACK = 00000000 ( 00000001 )
    -------------------------------------------------------------------------
<BANKED_CODE> 1 (was BANKED_CODE)
  Relative segment, address: CODE 00001ADF - 00001B45 (0x67 bytes), align: 0
  Segment part 303.           Intra module refs:   cmd_0x0D::?relay
           ENTRY                   ADDRESS         REF BY
           =====                   =======         ======
           cmd_0x0D                00001ADF 
               calls direct, is indirectly called
               XSTACK = 00000000 ( 0000000D )
    -------------------------------------------------------------------------
<BANKED_CODE> 1 (was BANKED_CODE)
  Relative segment, address: CODE 00001B46 - 00001B8D (0x48 bytes), align: 0
  Segment part 305.           Intra module refs:   cmd_0x0E::?relay
           ENTRY                   ADDRESS         REF BY
           =====                   =======         ======
           cmd_0x0E                00001B46 
               calls direct, is indirectly called
               XSTACK = 00000000 ( 0000000C )
    -------------------------------------------------------------------------
XDATA_I
  Relative segment, address: XDATA 000005B4 - 000005BC (0x9 bytes), align: 0
  Segment part 45.            Intra module refs:   cmd_0x03
           LOCAL                   ADDRESS         
           =====                   =======         
           cmd_0x03::__FUNCTION__
                                   000005B4 
    -------------------------------------------------------------------------
XDATA_I
  Relative segment, address: XDATA 000005BD - 000005D2 (0x16 bytes), align: 0
  Segment part 47.            Intra module refs:   cmd_0x03
    -------------------------------------------------------------------------
XDATA_I
  Relative segment, address: XDATA 000005D3 - 000005FC (0x2a bytes), align: 0
  Segment part 49.            Intra module refs:   cmd_0x03
    -------------------------------------------------------------------------
XDATA_I
  Relative segment, address: XDATA 000005FD - 000005FF (0x3 bytes), align: 0
  Segment part 51.            Intra module refs:   cmd_0x03
    -------------------------------------------------------------------------
XDATA_I
  Relative segment, address: XDATA 00000600 - 0000060C (0xd bytes), align: 0
  Segment part 53.            Intra module refs:   stream_write
           LOCAL                   ADDRESS         
           =====                   =======         
           stream_write::__FUNCTION__
                                   00000600 
    -------------------------------------------------------------------------
XDATA_I
  Relative segment, address: XDATA 0000060D - 00000622 (0x16 bytes), align: 0
  Segment part 55.            Intra module refs:   stream_write
    -------------------------------------------------------------------------
XDATA_I
  Relative segment, address: XDATA 00000623 - 0000064E (0x2c bytes), align: 0
  Segment part 57.            Intra module refs:   stream_write
    -------------------------------------------------------------------------
XDATA_I
  Relative segment, address: XDATA 0000064F - 00000651 (0x3 bytes), align: 0
  Segment part 59.            Intra module refs:   stream_write
    -------------------------------------------------------------------------
XDATA_I
  Relative segment, address: XDATA 00000652 - 00000661 (0x10 bytes), align: 0
  Segment part 61.            Intra module refs:   frame_addHeader
           LOCAL                   ADDRESS         
           =====                   =======         
           frame_addHeader::__FUNCTION__
                                   00000652 
    -------------------------------------------------------------------------
XDATA_I
  Relative segment, address: XDATA 00000662 - 00000677 (0x16 bytes), align: 0
  Segment part 63.            Intra module refs:   frame_addHeader
                                                   frame_create
    -------------------------------------------------------------------------
XDATA_I
  Relative segment, address: XDATA 00000678 - 00000699 (0x22 bytes), align: 0
  Segment part 65.            Intra module refs:   frame_addHeader
                                                   frame_create
    -------------------------------------------------------------------------
XDATA_I
  Relative segment, address: XDATA 0000069A - 0000069C (0x3 bytes), align: 0
  Segment part 67.            Intra module refs:   frame_addHeader
                                                   frame_create
    -------------------------------------------------------------------------
XDATA_I
  Relative segment, address: XDATA 0000069D - 000006A9 (0xd bytes), align: 0
  Segment part 71.            Intra module refs:   frame_create
           LOCAL                   ADDRESS         
           =====                   =======         
           frame_create::__FUNCTION__
                                   0000069D 
    -------------------------------------------------------------------------
XDATA_I
  Relative segment, address: XDATA 000006AA - 000006BB (0x12 bytes), align: 0
  Segment part 73.            Intra module refs:   LLC_SetRXCallback
           LOCAL                   ADDRESS         
           =====                   =======         
           LLC_SetRXCallback::__FUNCTION__
                                   000006AA 
    -------------------------------------------------------------------------
XDATA_I
  Relative segment, address: XDATA 000006BC - 000006D1 (0x16 bytes), align: 0
  Segment part 75.            Intra module refs:   LLC_AddTask
                                                   LLC_RX_HNDL
                                                   LLC_SetRXCallback
                                                   LLC_Shelduler
    -------------------------------------------------------------------------
XDATA_I
  Relative segment, address: XDATA 000006D2 - 000006F1 (0x20 bytes), align: 0
  Segment part 77.            Intra module refs:   LLC_AddTask
                                                   LLC_RX_HNDL
                                                   LLC_SetRXCallback
                                                   LLC_Shelduler
    -------------------------------------------------------------------------
XDATA_I
  Relative segment, address: XDATA 000006F2 - 000006F4 (0x3 bytes), align: 0
  Segment part 79.            Intra module refs:   LLC_AddTask
                                                   LLC_RX_HNDL
                                                   LLC_SetRXCallback
                                                   LLC_Shelduler
    -------------------------------------------------------------------------
XDATA_I
  Relative segment, address: XDATA 000006F5 - 00000700 (0xc bytes), align: 0
  Segment part 83.            Intra module refs:   LLC_AddTask
           LOCAL                   ADDRESS         
           =====                   =======         
           LLC_AddTask::__FUNCTION__
                                   000006F5 
    -------------------------------------------------------------------------
XDATA_I
  Relative segment, address: XDATA 00000701 - 0000070E (0xe bytes), align: 0
  Segment part 85.            Intra module refs:   LLC_Shelduler
           LOCAL                   ADDRESS         
           =====                   =======         
           LLC_Shelduler::__FUNCTION__
                                   00000701 
    -------------------------------------------------------------------------
XDATA_I
  Relative segment, address: XDATA 0000070F - 0000071A (0xc bytes), align: 0
  Segment part 87.            Intra module refs:   LLC_RX_HNDL
           LOCAL                   ADDRESS         
           =====                   =======         
           LLC_RX_HNDL::__FUNCTION__
                                   0000070F 
    -------------------------------------------------------------------------
XDATA_I
  Relative segment, address: XDATA 0000071B - 00000729 (0xf bytes), align: 0
  Segment part 89.            Intra module refs:   MAC_OpenRXSlot
           LOCAL                   ADDRESS         
           =====                   =======         
           MAC_OpenRXSlot::__FUNCTION__
                                   0000071B 
    -------------------------------------------------------------------------
XDATA_I
  Relative segment, address: XDATA 0000072A - 0000073F (0x16 bytes), align: 0
  Segment part 91.            Intra module refs:   MAC_CloseRXSlot
                                                   MAC_GetTXState
                                                   MAC_OpenRXSlot
                                                   MAC_RX_HNDL
                                                   MAC_Send
                                                   MAC_TX_HNDL
    -------------------------------------------------------------------------
XDATA_I
  Relative segment, address: XDATA 00000740 - 0000075F (0x20 bytes), align: 0
  Segment part 93.            Intra module refs:   MAC_CloseRXSlot
                                                   MAC_GetTXState
                                                   MAC_OpenRXSlot
                                                   MAC_RX_HNDL
                                                   MAC_Send
                                                   MAC_TX_HNDL
    -------------------------------------------------------------------------
XDATA_I
  Relative segment, address: XDATA 00000760 - 00000762 (0x3 bytes), align: 0
  Segment part 95.            Intra module refs:   MAC_CloseRXSlot
                                                   MAC_GetTXState
                                                   MAC_OpenRXSlot
                                                   MAC_RX_HNDL
                                                   MAC_Send
                                                   MAC_TX_HNDL
    -------------------------------------------------------------------------
XDATA_I
  Relative segment, address: XDATA 00000763 - 00000772 (0x10 bytes), align: 0
  Segment part 97.            Intra module refs:   MAC_CloseRXSlot
           LOCAL                   ADDRESS         
           =====                   =======         
           MAC_CloseRXSlot::__FUNCTION__
                                   00000763 
    -------------------------------------------------------------------------
XDATA_I
  Relative segment, address: XDATA 00000773 - 0000077B (0x9 bytes), align: 0
  Segment part 99.            Intra module refs:   MAC_Send
           LOCAL                   ADDRESS         
           =====                   =======         
           MAC_Send::__FUNCTION__
                                   00000773 
    -------------------------------------------------------------------------
XDATA_I
  Relative segment, address: XDATA 0000077C - 0000078A (0xf bytes), align: 0
  Segment part 101.           Intra module refs:   MAC_GetTXState
           LOCAL                   ADDRESS         
           =====                   =======         
           MAC_GetTXState::__FUNCTION__
                                   0000077C 
    -------------------------------------------------------------------------
XDATA_I
  Relative segment, address: XDATA 0000078B - 00000796 (0xc bytes), align: 0
  Segment part 105.           Intra module refs:   MAC_RX_HNDL
           LOCAL                   ADDRESS         
           =====                   =======         
           MAC_RX_HNDL::__FUNCTION__
                                   0000078B 
    -------------------------------------------------------------------------
XDATA_I
  Relative segment, address: XDATA 00000797 - 000007A2 (0xc bytes), align: 0
  Segment part 107.           Intra module refs:   MAC_TX_HNDL
           LOCAL                   ADDRESS         
           =====                   =======         
           MAC_TX_HNDL::__FUNCTION__
                                   00000797 
    -------------------------------------------------------------------------
XDATA_I
  Relative segment, address: XDATA 000007A3 - 000007B6 (0x14 bytes), align: 0
  Segment part 109.           Intra module refs:   neocore_stack_reset
           LOCAL                   ADDRESS         
           =====                   =======         
           neocore_stack_reset::__FUNCTION__
                                   000007A3 
    -------------------------------------------------------------------------
XDATA_I
  Relative segment, address: XDATA 000007B7 - 000007CC (0x16 bytes), align: 0
  Segment part 111.           Intra module refs:   neocore_stack_reset
    -------------------------------------------------------------------------
XDATA_I
  Relative segment, address: XDATA 000007CD - 000007F0 (0x24 bytes), align: 0
  Segment part 113.           Intra module refs:   neocore_stack_reset
    -------------------------------------------------------------------------
XDATA_I
  Relative segment, address: XDATA 000007F1 - 000007F3 (0x3 bytes), align: 0
  Segment part 115.           Intra module refs:   neocore_stack_reset
    -------------------------------------------------------------------------
XDATA_I
  Relative segment, address: XDATA 000007F4 - 000007FE (0xb bytes), align: 0
  Segment part 117.           Intra module refs:   NT_SetTime
           LOCAL                   ADDRESS         
           =====                   =======         
           NT_SetTime::__FUNCTION__
                                   000007F4 
    -------------------------------------------------------------------------
XDATA_I
  Relative segment, address: XDATA 000007FF - 00000814 (0x16 bytes), align: 0
  Segment part 119.           Intra module refs:   NT_SetCompare
                                                   NT_SetTime
    -------------------------------------------------------------------------
XDATA_I
  Relative segment, address: XDATA 00000815 - 00000835 (0x21 bytes), align: 0
  Segment part 121.           Intra module refs:   NT_SetCompare
                                                   NT_SetTime
    -------------------------------------------------------------------------
XDATA_I
  Relative segment, address: XDATA 00000836 - 00000838 (0x3 bytes), align: 0
  Segment part 123.           Intra module refs:   NT_SetCompare
                                                   NT_SetTime
    -------------------------------------------------------------------------
XDATA_I
  Relative segment, address: XDATA 00000839 - 00000846 (0xe bytes), align: 0
  Segment part 125.           Intra module refs:   NT_SetCompare
           LOCAL                   ADDRESS         
           =====                   =======         
           NT_SetCompare::__FUNCTION__
                                   00000839 
    -------------------------------------------------------------------------
XDATA_I
  Relative segment, address: XDATA 00000847 - 0000084E (0x8 bytes), align: 0
  Segment part 127.           Intra module refs:   RI_Send
           LOCAL                   ADDRESS         
           =====                   =======         
           RI_Send::__FUNCTION__   00000847 
    -------------------------------------------------------------------------
XDATA_I
  Relative segment, address: XDATA 0000084F - 00000864 (0x16 bytes), align: 0
  Segment part 129.           Intra module refs:   RI_Send
                                                   setFreq
    -------------------------------------------------------------------------
XDATA_I
  Relative segment, address: XDATA 00000865 - 00000886 (0x22 bytes), align: 0
  Segment part 131.           Intra module refs:   RI_Send
                                                   setFreq
    -------------------------------------------------------------------------
XDATA_I
  Relative segment, address: XDATA 00000887 - 00000889 (0x3 bytes), align: 0
  Segment part 133.           Intra module refs:   RI_Send
                                                   setFreq
    -------------------------------------------------------------------------
XDATA_I
  Relative segment, address: XDATA 0000088A - 00000891 (0x8 bytes), align: 0
  Segment part 135.           Intra module refs:   setFreq
           LOCAL                   ADDRESS         
           =====                   =======         
           setFreq::__FUNCTION__   0000088A 
    -------------------------------------------------------------------------
XDATA_I
  Relative segment, address: XDATA 00000892 - 0000089F (0xe bytes), align: 0
  Segment part 137.           Intra module refs:   RXB_del_frame
           LOCAL                   ADDRESS         
           =====                   =======         
           RXB_del_frame::__FUNCTION__
                                   00000892 
    -------------------------------------------------------------------------
XDATA_I
  Relative segment, address: XDATA 000008A0 - 000008B5 (0x16 bytes), align: 0
  Segment part 139.           Intra module refs:   Delete_frame
                                                   RXB_del_frame
    -------------------------------------------------------------------------
XDATA_I
  Relative segment, address: XDATA 000008B6 - 000008D9 (0x24 bytes), align: 0
  Segment part 141.           Intra module refs:   Delete_frame
                                                   RXB_del_frame
    -------------------------------------------------------------------------
XDATA_I
  Relative segment, address: XDATA 000008DA - 000008DC (0x3 bytes), align: 0
  Segment part 143.           Intra module refs:   Delete_frame
                                                   RXB_del_frame
    -------------------------------------------------------------------------
XDATA_I
  Relative segment, address: XDATA 000008DD - 000008E9 (0xd bytes), align: 0
  Segment part 145.           Intra module refs:   Delete_frame
           LOCAL                   ADDRESS         
           =====                   =======         
           Delete_frame::__FUNCTION__
                                   000008DD 
    -------------------------------------------------------------------------
XDATA_I
  Relative segment, address: XDATA 000008EA - 000008F6 (0xd bytes), align: 0
  Segment part 147.           Intra module refs:   TIC_SetTimer
           LOCAL                   ADDRESS         
           =====                   =======         
           TIC_SetTimer::__FUNCTION__
                                   000008EA 
    -------------------------------------------------------------------------
XDATA_I
  Relative segment, address: XDATA 000008F7 - 0000090C (0x16 bytes), align: 0
  Segment part 149.           Intra module refs:   Callback_execution
                                                   TIC_GetTXState
                                                   TIC_SetRXCallback
                                                   TIC_SetRXState
                                                   TIC_SetSECallback
                                                   TIC_SetSyncTimeAllocCallback
                                                   TIC_SetTS1Callback
                                                   TIC_SetTXCallback
                                                   TIC_SetTXState
                                                   TIC_SetTimer
    -------------------------------------------------------------------------
XDATA_I
  Relative segment, address: XDATA 0000090D - 0000092C (0x20 bytes), align: 0
  Segment part 151.           Intra module refs:   Callback_execution
                                                   TIC_GetTXState
                                                   TIC_SetRXCallback
                                                   TIC_SetRXState
                                                   TIC_SetSECallback
                                                   TIC_SetSyncTimeAllocCallback
                                                   TIC_SetTS1Callback
                                                   TIC_SetTXCallback
                                                   TIC_SetTXState
                                                   TIC_SetTimer
    -------------------------------------------------------------------------
XDATA_I
  Relative segment, address: XDATA 0000092D - 0000092F (0x3 bytes), align: 0
  Segment part 153.           Intra module refs:   Callback_execution
                                                   TIC_GetTXState
                                                   TIC_SetRXCallback
                                                   TIC_SetRXState
                                                   TIC_SetSECallback
                                                   TIC_SetSyncTimeAllocCallback
                                                   TIC_SetTS1Callback
                                                   TIC_SetTXCallback
                                                   TIC_SetTXState
                                                   TIC_SetTimer
    -------------------------------------------------------------------------
XDATA_I
  Relative segment, address: XDATA 00000930 - 0000093E (0xf bytes), align: 0
  Segment part 155.           Intra module refs:   TIC_SetTXState
           LOCAL                   ADDRESS         
           =====                   =======         
           TIC_SetTXState::__FUNCTION__
                                   00000930 
    -------------------------------------------------------------------------
XDATA_I
  Relative segment, address: XDATA 0000093F - 0000094D (0xf bytes), align: 0
  Segment part 157.           Intra module refs:   TIC_SetRXState
           LOCAL                   ADDRESS         
           =====                   =======         
           TIC_SetRXState::__FUNCTION__
                                   0000093F 
    -------------------------------------------------------------------------
XDATA_I
  Relative segment, address: XDATA 0000094E - 0000095C (0xf bytes), align: 0
  Segment part 159.           Intra module refs:   TIC_GetTXState
           LOCAL                   ADDRESS         
           =====                   =======         
           TIC_GetTXState::__FUNCTION__
                                   0000094E 
    -------------------------------------------------------------------------
XDATA_I
  Relative segment, address: XDATA 0000095D - 0000096F (0x13 bytes), align: 0
  Segment part 163.           Intra module refs:   TIC_SetTS1Callback
           LOCAL                   ADDRESS         
           =====                   =======         
           TIC_SetTS1Callback::__FUNCTION__
                                   0000095D 
    -------------------------------------------------------------------------
XDATA_I
  Relative segment, address: XDATA 00000970 - 00000981 (0x12 bytes), align: 0
  Segment part 165.           Intra module refs:   TIC_SetRXCallback
           LOCAL                   ADDRESS         
           =====                   =======         
           TIC_SetRXCallback::__FUNCTION__
                                   00000970 
    -------------------------------------------------------------------------
XDATA_I
  Relative segment, address: XDATA 00000982 - 0000099E (0x1d bytes), align: 0
  Segment part 167.           Intra module refs:   TIC_SetSyncTimeAllocCallback
           LOCAL                   ADDRESS         
           =====                   =======         
           TIC_SetSyncTimeAllocCallback::__FUNCTION__
                                   00000982 
    -------------------------------------------------------------------------
XDATA_I
  Relative segment, address: XDATA 0000099F - 000009B0 (0x12 bytes), align: 0
  Segment part 169.           Intra module refs:   TIC_SetTXCallback
           LOCAL                   ADDRESS         
           =====                   =======         
           TIC_SetTXCallback::__FUNCTION__
                                   0000099F 
    -------------------------------------------------------------------------
XDATA_I
  Relative segment, address: XDATA 000009B1 - 000009C2 (0x12 bytes), align: 0
  Segment part 171.           Intra module refs:   TIC_SetSECallback
           LOCAL                   ADDRESS         
           =====                   =======         
           TIC_SetSECallback::__FUNCTION__
                                   000009B1 
    -------------------------------------------------------------------------
XDATA_I
  Relative segment, address: XDATA 000009C3 - 000009D5 (0x13 bytes), align: 0
  Segment part 173.           Intra module refs:   Callback_execution
           LOCAL                   ADDRESS         
           =====                   =======         
           Callback_execution::__FUNCTION__
                                   000009C3 
    -------------------------------------------------------------------------
XDATA_I
  Relative segment, address: XDATA 000009D6 - 000009F3 (0x1e bytes), align: 0
  Segment part 176.           Intra module refs:   parse_uart_stream
           LOCAL                   ADDRESS         
           =====                   =======         
           CMD_LIST                000009D6 
    -------------------------------------------------------------------------
<BANKED_CODE> 1 (was BANKED_CODE)
  Relative segment, address: CODE 00001B8E - 00001C21 (0x94 bytes), align: 0
  Segment part 307.           Intra module refs:   parse_uart_stream::?relay
           ENTRY                   ADDRESS         REF BY
           =====                   =======         ======
           parse_uart_stream       00001B8E 
               calls direct
               XSTACK = 00000000 ( 0000000D )
    -------------------------------------------------------------------------
<BANKED_CODE> 1 (was BANKED_CODE)
  Relative segment, address: CODE 00001C22 - 00001C89 (0x68 bytes), align: 0
  Segment part 309.           Intra module refs:   cmd_answer::?relay
           ENTRY                   ADDRESS         REF BY
           =====                   =======         ======
           cmd_answer              00001C22 
               calls direct
               XSTACK = 00000010 ( 00000012 )
               ISTACK = 00000000 ( 00000001 )
    -------------------------------------------------------------------------
<BANKED_CODE> 1 (was BANKED_CODE)
  Relative segment, address: CODE 00001C8A - 00001CC1 (0x38 bytes), align: 0
  Segment part 311.           Intra module refs:   cmd_answer_err::?relay
           ENTRY                   ADDRESS         REF BY
           =====                   =======         ======
           cmd_answer_err          00001C8A 
               calls direct
               XSTACK = 00000010 ( 0000000B )
               ISTACK = 00000000 ( 00000001 )
    -------------------------------------------------------------------------
<BANKED_CODE> 1 (was BANKED_CODE)
  Relative segment, address: CODE 00001CC2 - 00001D5D (0x9c bytes), align: 0
  Segment part 313.           Intra module refs:   stream_write::?relay
           ENTRY                   ADDRESS         REF BY
           =====                   =======         ======
           stream_write            00001CC2 
               calls direct
               XSTACK = 0000000B ( 00000015 )
               ISTACK = 00000000 ( 00000001 )
    -------------------------------------------------------------------------
<BANKED_CODE> 1 (was BANKED_CODE)
  Relative segment, address: CODE 00001D5E - 00001D6A (0xd bytes), align: 0
  Segment part 315.           Intra module refs:   check_cmd_frame::?relay
           LOCAL                   ADDRESS         
           =====                   =======         
           check_cmd_frame         00001D5E 
               XSTACK = 0000000D ( 00000000 )
    -------------------------------------------------------------------------
<BANKED_CODE> 1 (was BANKED_CODE)
  Relative segment, address: CODE 00001D6B - 00001DC7 (0x5d bytes), align: 0
  Segment part 317.           Intra module refs:   crc16::?relay
           LOCAL                   ADDRESS         
           =====                   =======         
           crc16                   00001D6B 
               XSTACK = 00000012 ( 00000009 )
    -------------------------------------------------------------------------
SFR_AN
  Relative segment, address: DATA 00000086 - 00000086 (0x1 bytes), align: 0
  Segment part 1. ROOT        Intra module refs:   MyLowLevelPutchar
           ENTRY                   ADDRESS         REF BY
           =====                   =======         ======
           U0CSR                   00000086 
    -------------------------------------------------------------------------
SFR_AN
  Relative segment, address: DATA 00000090 - 00000090 (0x1 bytes), align: 0
  Segment part 2. ROOT        Intra module refs:   SY_TS1_HNDL_MASTER
           ENTRY                   ADDRESS         REF BY
           =====                   =======         ======
           _A_P1                   00000090 
           LOCAL                   ADDRESS         
           =====                   =======         
           P1                      00000090 
    -------------------------------------------------------------------------
SFR_AN
  Relative segment, address: DATA 00000091 - 00000091 (0x1 bytes), align: 0
  Segment part 3. ROOT        Intra module refs:   SendData
           ENTRY                   ADDRESS         REF BY
           =====                   =======         ======
           RFIRQF1                 00000091 
    -------------------------------------------------------------------------
SFR_AN
  Relative segment, address: DATA 00000094 - 00000094 (0x1 bytes), align: 0
  Segment part 4. ROOT        Intra module refs:   TIM_init
           ENTRY                   ADDRESS         REF BY
           =====                   =======         ======
           T2CTRL                  00000094 
    -------------------------------------------------------------------------
SFR_AN
  Relative segment, address: DATA 00000095 - 00000095 (0x1 bytes), align: 0
  Segment part 5. ROOT        Intra module refs:   NT_WaitTime
                                                   ReadTimer
                                                   loadTimerCompare
           ENTRY                   ADDRESS         REF BY
           =====                   =======         ======
           ST0                     00000095 
    -------------------------------------------------------------------------
SFR_AN
  Relative segment, address: DATA 00000096 - 00000096 (0x1 bytes), align: 0
  Segment part 6. ROOT        Intra module refs:   NT_WaitTime
                                                   ReadTimer
                                                   loadTimerCompare
           ENTRY                   ADDRESS         REF BY
           =====                   =======         ======
           ST1                     00000096 
    -------------------------------------------------------------------------
SFR_AN
  Relative segment, address: DATA 00000097 - 00000097 (0x1 bytes), align: 0
  Segment part 7. ROOT        Intra module refs:   NT_WaitTime
                                                   ReadTimer
                                                   loadTimerCompare
           ENTRY                   ADDRESS         REF BY
           =====                   =======         ======
           ST2                     00000097 
    -------------------------------------------------------------------------
SFR_AN
  Relative segment, address: DATA 0000009D - 0000009D (0x1 bytes), align: 0
  Segment part 8. ROOT        Intra module refs:   NT_WaitTime
                                                   ReadTimer
           ENTRY                   ADDRESS         REF BY
           =====                   =======         ======
           SLEEPSTA                0000009D 
    -------------------------------------------------------------------------
SFR_AN
  Relative segment, address: DATA 0000009E - 0000009E (0x1 bytes), align: 0
  Segment part 9. ROOT        Intra module refs:   NT_Init
           ENTRY                   ADDRESS         REF BY
           =====                   =======         ======
           CLKCONSTA               0000009E 
    -------------------------------------------------------------------------
SFR_AN
  Relative segment, address: DATA 000000A2 - 000000A2 (0x1 bytes), align: 0
  Segment part 10. ROOT       Intra module refs:   TIM_TimeStamp
           ENTRY                   ADDRESS         REF BY
           =====                   =======         ======
           T2M0                    000000A2 
    -------------------------------------------------------------------------
SFR_AN
  Relative segment, address: DATA 000000A3 - 000000A3 (0x1 bytes), align: 0
  Segment part 11. ROOT       Intra module refs:   TIM_TimeStamp
           ENTRY                   ADDRESS         REF BY
           =====                   =======         ======
           T2M1                    000000A3 
    -------------------------------------------------------------------------
SFR_AN
  Relative segment, address: DATA 000000A4 - 000000A4 (0x1 bytes), align: 0
  Segment part 12. ROOT       Intra module refs:   TIM_TimeStamp
           ENTRY                   ADDRESS         REF BY
           =====                   =======         ======
           T2MOVF0                 000000A4 
    -------------------------------------------------------------------------
SFR_AN
  Relative segment, address: DATA 000000A5 - 000000A5 (0x1 bytes), align: 0
  Segment part 13. ROOT       Intra module refs:   TIM_TimeStamp
           ENTRY                   ADDRESS         REF BY
           =====                   =======         ======
           T2MOVF1                 000000A5 
    -------------------------------------------------------------------------
SFR_AN
  Relative segment, address: DATA 000000A8 - 000000A8 (0x1 bytes), align: 0
  Segment part 14. ROOT       Intra module refs:   NT_IRQEnable
                                                   NT_Init
                                                   frame_addHeader
                                                   frame_create
                                                   frame_delete
                                                   isIRQEnable
                                                   re_free
                                                   re_malloc
                                                   re_memcpy
           ENTRY                   ADDRESS         REF BY
           =====                   =======         ======
           _A_IEN0                 000000A8 
           LOCAL                   ADDRESS         
           =====                   =======         
           IEN0                    000000A8 
    -------------------------------------------------------------------------
SFR_AN
  Relative segment, address: DATA 000000AD - 000000AD (0x1 bytes), align: 0
  Segment part 15. ROOT       Intra module refs:   loadTimerCompare
           ENTRY                   ADDRESS         REF BY
           =====                   =======         ======
           STLOAD                  000000AD 
    -------------------------------------------------------------------------
SFR_AN
  Relative segment, address: DATA 000000B3 - 000000B3 (0x1 bytes), align: 0
  Segment part 16. ROOT       Intra module refs:   AES_StreamCoder
           ENTRY                   ADDRESS         REF BY
           =====                   =======         ======
           ENCCS                   000000B3 
    -------------------------------------------------------------------------
SFR_AN
  Relative segment, address: DATA 000000C0 - 000000C0 (0x1 bytes), align: 0
  Segment part 17. ROOT       Intra module refs:   NT_IRQEnable
                                                   TimerCompareInterrupt
           ENTRY                   ADDRESS         REF BY
           =====                   =======         ======
           _A_IRCON                000000C0 
           LOCAL                   ADDRESS         
           =====                   =======         
           IRCON                   000000C0 
    -------------------------------------------------------------------------
SFR_AN
  Relative segment, address: DATA 000000C1 - 000000C1 (0x1 bytes), align: 0
  Segment part 18. ROOT       Intra module refs:   MyLowLevelPutchar
           ENTRY                   ADDRESS         REF BY
           =====                   =======         ======
           U0DBUF                  000000C1 
    -------------------------------------------------------------------------
SFR_AN
  Relative segment, address: DATA 000000C2 - 000000C2 (0x1 bytes), align: 0
  Segment part 19. ROOT 
           ENTRY                   ADDRESS         REF BY
           =====                   =======         ======
           U0BAUD                  000000C2 
    -------------------------------------------------------------------------
SFR_AN
  Relative segment, address: DATA 000000C5 - 000000C5 (0x1 bytes), align: 0
  Segment part 20. ROOT 
           ENTRY                   ADDRESS         REF BY
           =====                   =======         ======
           U0GCR                   000000C5 
    -------------------------------------------------------------------------
SFR_AN
  Relative segment, address: DATA 000000C6 - 000000C6 (0x1 bytes), align: 0
  Segment part 21. ROOT       Intra module refs:   NT_Init
           ENTRY                   ADDRESS         REF BY
           =====                   =======         ======
           CLKCONCMD               000000C6 
    -------------------------------------------------------------------------
SFR_AN
  Relative segment, address: DATA 000000D2 - 000000D2 (0x1 bytes), align: 0
  Segment part 22. ROOT       Intra module refs:   DMA_init
           ENTRY                   ADDRESS         REF BY
           =====                   =======         ======
           DMA1CFGL                000000D2 
    -------------------------------------------------------------------------
SFR_AN
  Relative segment, address: DATA 000000D3 - 000000D3 (0x1 bytes), align: 0
  Segment part 23. ROOT       Intra module refs:   DMA_init
           ENTRY                   ADDRESS         REF BY
           =====                   =======         ======
           DMA1CFGH                000000D3 
    -------------------------------------------------------------------------
SFR_AN
  Relative segment, address: DATA 000000D4 - 000000D4 (0x1 bytes), align: 0
  Segment part 24. ROOT       Intra module refs:   DMA_init
           ENTRY                   ADDRESS         REF BY
           =====                   =======         ======
           DMA0CFGL                000000D4 
    -------------------------------------------------------------------------
SFR_AN
  Relative segment, address: DATA 000000D5 - 000000D5 (0x1 bytes), align: 0
  Segment part 25. ROOT       Intra module refs:   DMA_init
           ENTRY                   ADDRESS         REF BY
           =====                   =======         ======
           DMA0CFGH                000000D5 
    -------------------------------------------------------------------------
SFR_AN
  Relative segment, address: DATA 000000D6 - 000000D6 (0x1 bytes), align: 0
  Segment part 26. ROOT       Intra module refs:   AES_StreamCoder
                                                   uart_recv_cmd
           ENTRY                   ADDRESS         REF BY
           =====                   =======         ======
           DMAARM                  000000D6 
    -------------------------------------------------------------------------
SFR_AN
  Relative segment, address: DATA 000000D7 - 000000D7 (0x1 bytes), align: 0
  Segment part 27. ROOT       Intra module refs:   AES_StreamCoder
           ENTRY                   ADDRESS         REF BY
           =====                   =======         ======
           DMAREQ                  000000D7 
    -------------------------------------------------------------------------
SFR_AN
  Relative segment, address: DATA 000000D9 - 000000D9 (0x1 bytes), align: 0
  Segment part 28. ROOT       Intra module refs:   LoadTXData
                                                   UnLoadRXData
           ENTRY                   ADDRESS         REF BY
           =====                   =======         ======
           RFD                     000000D9 
    -------------------------------------------------------------------------
SFR_AN
  Relative segment, address: DATA 000000E1 - 000000E1 (0x1 bytes), align: 0
  Segment part 29. ROOT       Intra module refs:   LoadTXData
                                                   RI_Measure_POW
                                                   RecvData
                                                   SendData
                                                   random_core_init
           ENTRY                   ADDRESS         REF BY
           =====                   =======         ======
           RFST                    000000E1 
    -------------------------------------------------------------------------
SFR_AN
  Relative segment, address: DATA 000000E9 - 000000E9 (0x1 bytes), align: 0
  Segment part 30. ROOT       Intra module refs:   RecvData
                                                   SendData
           ENTRY                   ADDRESS         REF BY
           =====                   =======         ======
           RFIRQF0                 000000E9 
    -------------------------------------------------------------------------
SFR_AN
  Relative segment, address: DATA 000000F1 - 000000F1 (0x1 bytes), align: 0
  Segment part 31. ROOT       Intra module refs:   com_uart_init
           ENTRY                   ADDRESS         REF BY
           =====                   =======         ======
           PERCFG                  000000F1 
    -------------------------------------------------------------------------
SFR_AN
  Relative segment, address: DATA 000000F3 - 000000F3 (0x1 bytes), align: 0
  Segment part 32. ROOT 
           ENTRY                   ADDRESS         REF BY
           =====                   =======         ======
           P0SEL                   000000F3 
    -------------------------------------------------------------------------
SFR_AN
  Relative segment, address: DATA 000000F4 - 000000F4 (0x1 bytes), align: 0
  Segment part 33. ROOT       Intra module refs:   com_uart_init
           ENTRY                   ADDRESS         REF BY
           =====                   =======         ======
           P1SEL                   000000F4 
    -------------------------------------------------------------------------
SFR_AN
  Relative segment, address: DATA 000000F8 - 000000F8 (0x1 bytes), align: 0
  Segment part 34. ROOT       Intra module refs:   com_uart_init
                                                   uart_putchar
           ENTRY                   ADDRESS         REF BY
           =====                   =======         ======
           _A_U1CSR                000000F8 
           LOCAL                   ADDRESS         
           =====                   =======         
           U1CSR                   000000F8 
    -------------------------------------------------------------------------
SFR_AN
  Relative segment, address: DATA 000000F9 - 000000F9 (0x1 bytes), align: 0
  Segment part 35. ROOT       Intra module refs:   uart_putchar
           ENTRY                   ADDRESS         REF BY
           =====                   =======         ======
           U1DBUF                  000000F9 
    -------------------------------------------------------------------------
SFR_AN
  Relative segment, address: DATA 000000FA - 000000FA (0x1 bytes), align: 0
  Segment part 36. ROOT       Intra module refs:   com_uart_init
           ENTRY                   ADDRESS         REF BY
           =====                   =======         ======
           U1BAUD                  000000FA 
    -------------------------------------------------------------------------
SFR_AN
  Relative segment, address: DATA 000000FC - 000000FC (0x1 bytes), align: 0
  Segment part 37. ROOT       Intra module refs:   com_uart_init
           ENTRY                   ADDRESS         REF BY
           =====                   =======         ======
           U1GCR                   000000FC 
    -------------------------------------------------------------------------
SFR_AN
  Relative segment, address: DATA 000000FE - 000000FE (0x1 bytes), align: 0
  Segment part 38. ROOT       Intra module refs:   main
           ENTRY                   ADDRESS         REF BY
           =====                   =======         ======
           P1DIR                   000000FE 
    -------------------------------------------------------------------------
<BANKED_CODE> 1 (was BANKED_CODE)
  Relative segment, address: CODE 00001DC8 - 00001E94 (0xcd bytes), align: 0
  Segment part 319.           Intra module refs:   AES_init::?relay
           ENTRY                   ADDRESS         REF BY
           =====                   =======         ======
           AES_init                00001DC8 
               ISTACK = 00000000 ( 00000002 )
    -------------------------------------------------------------------------
<BANKED_CODE> 1 (was BANKED_CODE)
  Relative segment, address: CODE 00001E95 - 000020F4 (0x260 bytes), align: 0
  Segment part 321.           Intra module refs:   AES_StreamCoder::?relay
           ENTRY                   ADDRESS         REF BY
           =====                   =======         ======
           AES_StreamCoder         00001E95 
               calls direct
               XSTACK = 00000010 ( 00000027 )
    -------------------------------------------------------------------------
XDATA_I
  Relative segment, address: XDATA 000009F4 - 00000A03 (0x10 bytes), align: 0
  Segment part 179.           Intra module refs:   CF_init
           LOCAL                   ADDRESS         
           =====                   =======         
           default_key             000009F4 
    -------------------------------------------------------------------------
XDATA_I
  Relative segment, address: XDATA 00000A04 - 00000A13 (0x10 bytes), align: 0
  Segment part 181.           Intra module refs:   CF_init
           LOCAL                   ADDRESS         
           =====                   =======         
           default_iv              00000A04 
    -------------------------------------------------------------------------
XDATA_Z
  Relative segment, address: XDATA 000001C2 - 000001E5 (0x24 bytes), align: 0
  Segment part 183.           Intra module refs:   CF_init
                                                   MG_Init
                                                   cmd_0x01
                                                   cmd_0x04
                                                   cmd_0x05
                                                   cmd_0x0E
                                                   network_seed_enable
                                                   send_sync
           ENTRY                   ADDRESS         REF BY
           =====                   =======         ======
           CONFIG                  000001C2 
    -------------------------------------------------------------------------
<BANKED_CODE> 1 (was BANKED_CODE)
  Relative segment, address: CODE 000020F5 - 0000214C (0x58 bytes), align: 0
  Segment part 333.           Intra module refs:   CF_init::?relay
           ENTRY                   ADDRESS         REF BY
           =====                   =======         ======
           CF_init                 000020F5 
               calls direct
               XSTACK = 00000000 ( 0000000C )
    -------------------------------------------------------------------------
XDATA_I
  Relative segment, address: XDATA 00000A14 - 00000A17 (0x4 bytes), align: 0
  Segment part 184.           Intra module refs:   Interval
           LOCAL                   ADDRESS         
           =====                   =======         
           MAC_TIMER_MAX           00000A14 
    -------------------------------------------------------------------------
XDATA_Z
  Relative segment, address: XDATA 000001E6 - 000001E9 (0x4 bytes), align: 0
  Segment part 186.           Intra module refs:   DelayCalibrate
                                                   TIM_delay
           LOCAL                   ADDRESS         
           =====                   =======         
           DELAY_CALIBRATE_TICS    000001E6 
    -------------------------------------------------------------------------
<BANKED_CODE> 1 (was BANKED_CODE)
  Relative segment, address: CODE 0000214D - 0000215D (0x11 bytes), align: 0
  Segment part 335.           Intra module refs:   TIM_init::?relay
           ENTRY                   ADDRESS         REF BY
           =====                   =======         ======
           TIM_init                0000214D 
               calls direct
               ISTACK = 00000000 ( 00000002 )
    -------------------------------------------------------------------------
<BANKED_CODE> 1 (was BANKED_CODE)
  Relative segment, address: CODE 0000215E - 0000219A (0x3d bytes), align: 0
  Segment part 337.           Intra module refs:   TIM_TimeStamp::?relay
           ENTRY                   ADDRESS         REF BY
           =====                   =======         ======
           TIM_TimeStamp           0000215E 
               XSTACK = 0000002C ( 00000000 )
               ISTACK = 00000000 ( 00000003 )
    -------------------------------------------------------------------------
<BANKED_CODE> 1 (was BANKED_CODE)
  Relative segment, address: CODE 0000219B - 0000222D (0x93 bytes), align: 0
  Segment part 339.           Intra module refs:   DelayCalibrate::?relay
           LOCAL                   ADDRESS         
           =====                   =======         
           DelayCalibrate          0000219B 
               calls direct
               XSTACK = 00000000 ( 00000028 )
    -------------------------------------------------------------------------
<BANKED_CODE> 1 (was BANKED_CODE)
  Relative segment, address: CODE 0000222E - 000022D0 (0xa3 bytes), align: 0
  Segment part 341.           Intra module refs:   Interval::?relay
           LOCAL                   ADDRESS         
           =====                   =======         
           Interval                0000222E 
               XSTACK = 00000024 ( 00000012 )
    -------------------------------------------------------------------------
<BANKED_CODE> 1 (was BANKED_CODE)
  Relative segment, address: CODE 000022D1 - 0000232E (0x5e bytes), align: 0
  Segment part 343.           Intra module refs:   TIM_passedTime::?relay
           ENTRY                   ADDRESS         REF BY
[...]
  Segment part 6.             Intra module refs:   srand::?relay
           ENTRY                   ADDRESS         REF BY
           =====                   =======         ======
           srand                   000057CB 
               XSTACK = 00000000 ( 0000000C )
    -------------------------------------------------------------------------
BANK_RELAYS
  Relative segment, address: CODE 0000094B - 00000950 (0x6 bytes), align: 0
  Segment part 7.
           ENTRY                   ADDRESS         REF BY
           =====                   =======         ======
           srand::?relay           0000094B        random_core_init (?__write)

    -------------------------------------------------------------------------
  LIBRARY MODULE, NAME : ?strlen

  SEGMENTS IN THE MODULE
  ======================
<BANKED_CODE> 1 (was BANKED_CODE)
  Relative segment, address: CODE 00005908 - 00005925 (0x1e bytes), align: 0
  Segment part 6.             Intra module refs:   strlen::?relay
           ENTRY                   ADDRESS         REF BY
           =====                   =======         ======
           strlen                  00005908 
               is indirectly called
               ISTACK = 00000000 ( 00000002 )
    -------------------------------------------------------------------------
BANK_RELAYS
  Relative segment, address: CODE 00000951 - 00000956 (0x6 bytes), align: 0
  Segment part 7.
           ENTRY                   ADDRESS         REF BY
           =====                   =======         ======
           strlen::?relay          00000951        _PrintfTiny (?xprintftiny)

    -------------------------------------------------------------------------
  LIBRARY MODULE, NAME : ?xgetmemchunk

  SEGMENTS IN THE MODULE
  ======================
<BANKED_CODE> 1 (was BANKED_CODE)
  Relative segment, address: CODE 00005813 - 0000584F (0x3d bytes), align: 0
  Segment part 7.             Intra module refs:   __xdata_GetMemChunk::?relay
           ENTRY                   ADDRESS         REF BY
           =====                   =======         ======
           __xdata_GetMemChunk     00005813 
               ISTACK = 00000000 ( 00000002 )
    -------------------------------------------------------------------------
XDATA_Z
  Relative segment, address: XDATA 000005AE - 000005AF (0x2 bytes), align: 0
  Segment part 6.             Intra module refs:   __xdata_GetMemChunk
    -------------------------------------------------------------------------
BANK_RELAYS
  Relative segment, address: CODE 00000957 - 0000095C (0x6 bytes), align: 0
  Segment part 8.
           ENTRY                   ADDRESS         REF BY
           =====                   =======         ======
           __xdata_GetMemChunk::?relay
                                   00000957        __xdata_malloc (?xxmemxmalloc)

    -------------------------------------------------------------------------
  LIBRARY MODULE, NAME : ?xprintftiny

  SEGMENTS IN THE MODULE
  ======================
<BANKED_CODE> 1 (was BANKED_CODE)
  Relative segment, address: CODE 00004EAF - 00004F00 (0x52 bytes), align: 0
  Segment part 14.            Intra module refs:   out::?relay
           LOCAL                   ADDRESS         
           =====                   =======         
           out                     00004EAF 
               XSTACK = 0000002F ( 0000000E )
    -------------------------------------------------------------------------
<BANKED_CODE> 1 (was BANKED_CODE)
  Relative segment, address: CODE 00004F01 - 00005281 (0x381 bytes), align: 0
  Segment part 16.            Intra module refs:   _PrintfTiny::?relay
           ENTRY                   ADDRESS         REF BY
           =====                   =======         ======
           _PrintfTiny             00004F01 
               calls direct
               XSTACK = 00000004 ( 0000002F )
               ISTACK = 00000000 ( 00000001 )
    -------------------------------------------------------------------------
<BANKED_CODE> 1 (was BANKED_CODE)
  Relative segment, address: CODE 00005282 - 0000528A (0x9 bytes), align: 0
  Segment part 18.            Intra module refs:   _PrintfTiny
    -------------------------------------------------------------------------
<BANKED_CODE> 1 (was BANKED_CODE)
  Relative segment, address: CODE 0000528B - 00005290 (0x6 bytes), align: 0
  Segment part 19.            Intra module refs:   _PrintfTiny
    -------------------------------------------------------------------------
<BANKED_CODE> 1 (was BANKED_CODE)
  Relative segment, address: CODE 00005291 - 00005294 (0x4 bytes), align: 0
  Segment part 20.            Intra module refs:   Segment part 19
                                                   Segment part 27
                                                   _PrintfTiny
    -------------------------------------------------------------------------
<BANKED_CODE> 1 (was BANKED_CODE)
  Relative segment, address: CODE 00005295 - 0000529D (0x9 bytes), align: 0
  Segment part 21.            Intra module refs:   Segment part 20
                                                   Segment part 23
    -------------------------------------------------------------------------
<BANKED_CODE> 1 (was BANKED_CODE)
  Relative segment, address: CODE 0000529E - 000052A1 (0x4 bytes), align: 0
  Segment part 22.            Intra module refs:   _PrintfTiny
    -------------------------------------------------------------------------
<BANKED_CODE> 1 (was BANKED_CODE)
  Relative segment, address: CODE 000052A2 - 000052A9 (0x8 bytes), align: 0
  Segment part 23.            Intra module refs:   Segment part 22
                                                   Segment part 24
    -------------------------------------------------------------------------
<BANKED_CODE> 1 (was BANKED_CODE)
  Relative segment, address: CODE 000052AA - 000052BA (0x11 bytes), align: 0
  Segment part 24.            Intra module refs:   _PrintfTiny
    -------------------------------------------------------------------------
<BANKED_CODE> 1 (was BANKED_CODE)
  Relative segment, address: CODE 000052BB - 000052BF (0x5 bytes), align: 0
  Segment part 25.            Intra module refs:   _PrintfTiny
    -------------------------------------------------------------------------
<BANKED_CODE> 1 (was BANKED_CODE)
  Relative segment, address: CODE 000052C0 - 000052CC (0xd bytes), align: 0
  Segment part 26.            Intra module refs:   Segment part 25
                                                   _PrintfTiny
    -------------------------------------------------------------------------
<BANKED_CODE> 1 (was BANKED_CODE)
  Relative segment, address: CODE 000052CD - 000052D5 (0x9 bytes), align: 0
  Segment part 27.            Intra module refs:   _PrintfTiny
    -------------------------------------------------------------------------
<BANKED_CODE> 1 (was BANKED_CODE)
  Relative segment, address: CODE 000052D6 - 000052DF (0xa bytes), align: 0
  Segment part 28.            Intra module refs:   Segment part 27
                                                   _PrintfTiny
    -------------------------------------------------------------------------
XDATA_ID
  Relative segment, address: CODE 000005A9 - 000005AA (0x2 bytes), align: 0
  Segment part 7.             Intra module refs:   Segment part 6
    -------------------------------------------------------------------------
XDATA_ID
  Relative segment, address: CODE 000005AB - 000005AC (0x2 bytes), align: 0
  Segment part 9.             Intra module refs:   Segment part 8
    -------------------------------------------------------------------------
XDATA_ID
  Relative segment, address: CODE 000005AD - 000005B0 (0x4 bytes), align: 0
  Segment part 11.            Intra module refs:   __Constant_0
    -------------------------------------------------------------------------
XDATA_ID
  Relative segment, address: CODE 000005B1 - 000005B4 (0x4 bytes), align: 0
  Segment part 13.            Intra module refs:   __Constant_ffff
    -------------------------------------------------------------------------
BANK_RELAYS
  Relative segment, address: CODE 0000095D - 00000962 (0x6 bytes), align: 0
  Segment part 15.            Intra module refs:   _PrintfTiny
           LOCAL                   ADDRESS         
           =====                   =======         
           out::?relay             0000095D 
    -------------------------------------------------------------------------
BANK_RELAYS
  Relative segment, address: CODE 00000963 - 00000968 (0x6 bytes), align: 0
  Segment part 17.
           ENTRY                   ADDRESS         REF BY
           =====                   =======         ======
           _PrintfTiny::?relay     00000963        printf (?printf)
    -------------------------------------------------------------------------
XDATA_I
  Relative segment, address: XDATA 00000AA8 - 00000AA9 (0x2 bytes), align: 0
  Segment part 6.             Intra module refs:   _PrintfTiny
    -------------------------------------------------------------------------
XDATA_I
  Relative segment, address: XDATA 00000AAA - 00000AAB (0x2 bytes), align: 0
  Segment part 8.             Intra module refs:   _PrintfTiny
    -------------------------------------------------------------------------
XDATA_I
  Relative segment, address: XDATA 00000AAC - 00000AAF (0x4 bytes), align: 0
  Segment part 10.            Intra module refs:   _PrintfTiny
           ENTRY                   ADDRESS         REF BY
           =====                   =======         ======
           __Constant_0            00000AAC 
    -------------------------------------------------------------------------
XDATA_I
  Relative segment, address: XDATA 00000AB0 - 00000AB3 (0x4 bytes), align: 0
  Segment part 12.            Intra module refs:   _PrintfTiny
           ENTRY                   ADDRESS         REF BY
           =====                   =======         ======
           __Constant_ffff         00000AB0 

    -------------------------------------------------------------------------
  LIBRARY MODULE, NAME : ?xprout

  SEGMENTS IN THE MODULE
  ======================
<BANKED_CODE> 1 (was BANKED_CODE)
  Relative segment, address: CODE 000058B9 - 000058E3 (0x2b bytes), align: 0
  Segment part 6.             Intra module refs:   _Prout::?relay
           ENTRY                   ADDRESS         REF BY
           =====                   =======         ======
           _Prout                  000058B9 
               calls direct
               XSTACK = 00000000 ( 0000000E )
    -------------------------------------------------------------------------
BANK_RELAYS
  Relative segment, address: CODE 00000969 - 0000096E (0x6 bytes), align: 0
  Segment part 7.
           ENTRY                   ADDRESS         REF BY
           =====                   =======         ======
           _Prout::?relay          00000969        printf (?printf)

    -------------------------------------------------------------------------
  LIBRARY MODULE, NAME : ?xxmemxfree

  SEGMENTS IN THE MODULE
  ======================
<BANKED_CODE> 1 (was BANKED_CODE)
  Relative segment, address: CODE 000055E8 - 0000571F (0x138 bytes), align: 0
  Segment part 6.             Intra module refs:   __xdata_free::?relay
           ENTRY                   ADDRESS         REF BY
           =====                   =======         ======
           __xdata_free            000055E8 
               XSTACK = 0000000A ( 0000000E )
    -------------------------------------------------------------------------
<BANKED_CODE> 1 (was BANKED_CODE)
  Relative segment, address: CODE 00005720 - 00005727 (0x8 bytes), align: 0
  Segment part 8.             Intra module refs:   __xdata_free
    -------------------------------------------------------------------------
BANK_RELAYS
  Relative segment, address: CODE 0000096F - 00000974 (0x6 bytes), align: 0
  Segment part 7.
           ENTRY                   ADDRESS         REF BY
           =====                   =======         ======
           __xdata_free::?relay    0000096F        __xdata_malloc (?xxmemxmalloc)
                                                   free (?__write)

    -------------------------------------------------------------------------
  LIBRARY MODULE, NAME : ?xxmemxmalloc

  SEGMENTS IN THE MODULE
  ======================
XDATA_Z
  Relative segment, address: XDATA 000005B0 - 000005B3 (0x4 bytes), align: 0
  Segment part 6.             Intra module refs:   __xdata_malloc
           ENTRY                   ADDRESS         REF BY
           =====                   =======         ======
           __xdata_Aldata          000005B0        __xdata_free (?xxmemxfree)
    -------------------------------------------------------------------------
<BANKED_CODE> 1 (was BANKED_CODE)
  Relative segment, address: CODE 000052E0 - 00005452 (0x173 bytes), align: 0
  Segment part 8.             Intra module refs:   __xdata_malloc::?relay
           ENTRY                   ADDRESS         REF BY
           =====                   =======         ======
           __xdata_malloc          000052E0 
               calls direct
               XSTACK = 0000000A ( 0000000F )
    -------------------------------------------------------------------------
<BANKED_CODE> 1 (was BANKED_CODE)
  Relative segment, address: CODE 00005453 - 0000545B (0x9 bytes), align: 0
  Segment part 10.            Intra module refs:   __xdata_malloc
    -------------------------------------------------------------------------
<BANKED_CODE> 1 (was BANKED_CODE)
  Relative segment, address: CODE 0000545C - 0000545F (0x4 bytes), align: 0
  Segment part 11.            Intra module refs:   __xdata_malloc
    -------------------------------------------------------------------------
<BANKED_CODE> 1 (was BANKED_CODE)
  Relative segment, address: CODE 00005460 - 00005465 (0x6 bytes), align: 0
  Segment part 12.            Intra module refs:   Segment part 11
                                                   __xdata_malloc
    -------------------------------------------------------------------------
<BANKED_CODE> 1 (was BANKED_CODE)
  Relative segment, address: CODE 00005466 - 00005469 (0x4 bytes), align: 0
  Segment part 13.            Intra module refs:   __xdata_malloc
    -------------------------------------------------------------------------
<BANKED_CODE> 1 (was BANKED_CODE)
  Relative segment, address: CODE 0000546A - 0000546F (0x6 bytes), align: 0
  Segment part 14.            Intra module refs:   Segment part 12
                                                   Segment part 13
                                                   __xdata_malloc
    -------------------------------------------------------------------------
<BANKED_CODE> 1 (was BANKED_CODE)
  Relative segment, address: CODE 00005470 - 00005477 (0x8 bytes), align: 0
  Segment part 15.            Intra module refs:   __xdata_malloc
    -------------------------------------------------------------------------
BANK_RELAYS
  Relative segment, address: CODE 00000975 - 0000097A (0x6 bytes), align: 0
  Segment part 9.
           ENTRY                   ADDRESS         REF BY
           =====                   =======         ======
           __xdata_malloc::?relay
                                   00000975        malloc (?__write)




                ****************************************
                *                                      *
                *      SEGMENTS IN ADDRESS ORDER       *
                *                                      *
                ****************************************


SEGMENT              SPACE    START ADDRESS   END ADDRESS     SIZE  TYPE  ALIGN
=======              =====    =============   ===========     ====  ====  =====
INTVEC               CODE          00000000 - 0000002D          2E   com    0
CSTART               CODE          0000002E - 000000B4          87   rel    0
IDATA_ID             CODE               000000B5                     dse    0
BIT_ID               CODE               000000B5                     dse    0
BDATA_ID             CODE               000000B5                     dse    0
IXDATA_ID            CODE               000000B5                     dse    0
PDATA_ID             CODE               000000B5                     dse    0
DATA_ID              CODE               000000B5                     dse    0
XDATA_ID             CODE          000000B5 - 000005B4         500   rel    0
BANK_RELAYS          CODE          000005B5 - 0000097A         3C6   rel    0
RCODE                CODE          0000097B - 00001534         BBA   rel    0
DIFUNCT              CODE               00001535                     rel    0
CODE_C               CODE               00001535                     dse    0
CODE_N               CODE               00001535                     dse    0
NEAR_CODE            CODE          00001535 - 00001570          3C   rel    0
<BANKED_CODE> 1      CODE          00001571 - 00005936        43C6   rel    0
REGISTERS            DATA          00000000 - 00000007           8   rel    0
VREG                 DATA          00000008 - 0000000F           8   rel    0
PSP                  DATA               00000010                     dse    0
XSP                  DATA          00000010 - 00000011           2   rel    0
BREG                 BIT        00000020.0  -  00000020.7        8   rel    0
SFR_AN               DATA          00000086 - 00000086           1   rel    0
                     DATA          00000090 - 00000091           2 
                     DATA          00000094 - 00000097           4 
                     DATA          0000009D - 0000009E           2 
                     DATA          000000A2 - 000000A5           4 
                     DATA          000000A8 - 000000A8           1 
                     DATA          000000AD - 000000AD           1 
                     DATA          000000B3 - 000000B3           1 
                     DATA          000000C0 - 000000C2           3 
                     DATA          000000C5 - 000000C6           2 
                     DATA          000000D2 - 000000D7           6 
                     DATA          000000D9 - 000000D9           1 
                     DATA          000000E1 - 000000E1           1 
                     DATA          000000E9 - 000000E9           1 
                     DATA          000000F1 - 000000F1           1 
                     DATA          000000F3 - 000000F4           2 
                     DATA          000000F8 - 000000FA           3 
                     DATA          000000FC - 000000FC           1 
                     DATA          000000FE - 000000FE           1 
XSTACK               XDATA         00000001 - 0000012C         12C   rel    0
XDATA_Z              XDATA         0000012D - 000005B3         487   rel    0
XDATA_I              XDATA         000005B4 - 00000AB3         500   rel    0
XDATA_HEAP           XDATA         00000AB4 - 000013B3         900   dse    0
ISTACK               IDATA         000000C0 - 000000FF          40   rel    0

                ****************************************
                *                                      *
                *        END OF CROSS REFERENCE        *
                *                                      *
                ****************************************

 22 839 bytes of CODE  memory
     18 bytes of DATA  memory (+ 38 absolute )
  5 043 bytes of XDATA memory
     64 bytes of IDATA memory
      8 bits  of BIT   memory

Errors: none
Warnings: none

